2026-07-15 16:52:31 [INFO] idaes.core.surrogate.pysmo_surrogate: Decode surrogate. type=poly

===========================Polynomial Regression===============================================

The number of cross-validation cases (3) is used.
The default training/cross-validation split of 0.75 is used.
No iterations will be run.
Default parameter estimation method is used.
Parameter estimation method:  pyomo 

2026-07-15 16:52:31 [INFO] idaes.core.surrogate.pysmo_surrogate: Decode surrogate. type=poly

===========================Polynomial Regression===============================================

The number of cross-validation cases (3) is used.
The default training/cross-validation split of 0.75 is used.
No iterations will be run.
Default parameter estimation method is used.
Parameter estimation method:  pyomo 

2026-07-15 16:52:31 [INFO] idaes.core.surrogate.pysmo_surrogate: Decode surrogate. type=poly

===========================Polynomial Regression===============================================

The number of cross-validation cases (3) is used.
The default training/cross-validation split of 0.75 is used.
No iterations will be run.
Default parameter estimation method is used.
Parameter estimation method:  pyomo 

2026-07-15 16:52:31 [INFO] idaes.core.surrogate.pysmo_surrogate: Decode surrogate. type=poly

===========================Polynomial Regression===============================================

The number of cross-validation cases (3) is used.
The default training/cross-validation split of 0.75 is used.
No iterations will be run.
Default parameter estimation method is used.
Parameter estimation method:  pyomo 

2026-07-15 16:52:33 [INFO] idaes.apps.grid_integration.pricetaker.price_taker_model: Found minimum uptime/downtime data for pretreatment.uf_pumps[1] - Adding minimum uptime/downtime constraints.
2026-07-15 16:52:33 [INFO] idaes.apps.grid_integration.pricetaker.price_taker_model: Created startup/shutdown constraints for operation model  pretreatment.uf_pumps[1] at uf_pumps_1_startup_shutdown.
2026-07-15 16:52:33 [INFO] idaes.apps.grid_integration.pricetaker.price_taker_model: Found minimum uptime/downtime data for pretreatment.uf_pumps[2] - Adding minimum uptime/downtime constraints.
2026-07-15 16:52:33 [INFO] idaes.apps.grid_integration.pricetaker.price_taker_model: Created startup/shutdown constraints for operation model  pretreatment.uf_pumps[2] at uf_pumps_2_startup_shutdown.
2026-07-15 16:52:33 [INFO] idaes.apps.grid_integration.pricetaker.price_taker_model: Found minimum uptime/downtime data for pretreatment.uf_pumps[3] - Adding minimum uptime/downtime constraints.
2026-07-15 16:52:33 [INFO] idaes.apps.grid_integration.pricetaker.price_taker_model: Created startup/shutdown constraints for operation model  pretreatment.uf_pumps[3] at uf_pumps_3_startup_shutdown.
2026-07-15 16:52:33 [INFO] idaes.apps.grid_integration.pricetaker.price_taker_model: Found minimum uptime/downtime data for reverse_osmosis.ro_skid[1] - Adding minimum uptime/downtime constraints.
2026-07-15 16:52:33 [INFO] idaes.apps.grid_integration.pricetaker.price_taker_model: Created startup/shutdown constraints for operation model  reverse_osmosis.ro_skid[1] at ro_skid_1_startup_shutdown.
2026-07-15 16:52:33 [INFO] idaes.apps.grid_integration.pricetaker.price_taker_model: Found minimum uptime/downtime data for reverse_osmosis.ro_skid[2] - Adding minimum uptime/downtime constraints.
2026-07-15 16:52:33 [INFO] idaes.apps.grid_integration.pricetaker.price_taker_model: Created startup/shutdown constraints for operation model  reverse_osmosis.ro_skid[2] at ro_skid_2_startup_shutdown.
2026-07-15 16:52:33 [INFO] idaes.apps.grid_integration.pricetaker.price_taker_model: Found minimum uptime/downtime data for reverse_osmosis.ro_skid[3] - Adding minimum uptime/downtime constraints.
2026-07-15 16:52:33 [INFO] idaes.apps.grid_integration.pricetaker.price_taker_model: Created startup/shutdown constraints for operation model  reverse_osmosis.ro_skid[3] at ro_skid_3_startup_shutdown.
2026-07-15 16:52:33 [INFO] idaes.apps.grid_integration.pricetaker.price_taker_model: Found minimum uptime/downtime data for reverse_osmosis.ro_skid[4] - Adding minimum uptime/downtime constraints.
2026-07-15 16:52:33 [INFO] idaes.apps.grid_integration.pricetaker.price_taker_model: Created startup/shutdown constraints for operation model  reverse_osmosis.ro_skid[4] at ro_skid_4_startup_shutdown.
2258
Set parameter TokenServer to value "10.60.1.73"
Set parameter LogToConsole to value 1
Set parameter MIPGap to value 0.004
Gurobi Optimizer version 12.0.3 build v12.0.3rc0 (linux64 - "Red Hat Enterprise Linux 8.8 (Ootpa)")

CPU model: Intel(R) Xeon(R) Platinum 8470QL, instruction set [SSE2|AVX|AVX2|AVX512]
Thread count: 104 physical cores, 104 logical processors, using up to 32 threads

Non-default parameters:
MIPGap  0.004

Optimize a model with 18623 rows, 14357 columns and 44581 nonzeros
Model fingerprint: 0x4825288c
Model has 168 quadratic objective terms
Model has 1680 quadratic constraints
Variable types: 10587 continuous, 3770 integer (3770 binary)
Coefficient statistics:
  Matrix range     [5e-04, 2e+03]
  QMatrix range    [2e-07, 1e+00]
  QLMatrix range   [3e-04, 1e+00]
  Objective range  [1e-05, 1e-03]
  QObjective range [2e-04, 2e-04]
  Bounds range     [1e+00, 1e+03]
  RHS range        [9e-02, 3e+05]
  QRHS range       [3e-01, 3e-01]
Presolve removed 14063 rows and 9808 columns
Presolve time: 0.06s
Presolved: 10104 rows, 4550 columns, 27565 nonzeros
Presolved model has 1512 bilinear constraint(s)

Solving non-convex MIQCP

Variable types: 3220 continuous, 1330 integer (1330 binary)
Found heuristic solution: objective 12.0903182

Root relaxation: objective 1.138266e+01, 15090 iterations, 1.73 seconds (2.76 work units)

    Nodes    |    Current Node    |     Objective Bounds      |     Work
 Expl Unexpl |  Obj  Depth IntInf | Incumbent    BestBd   Gap | It/Node Time

     0     0   11.38266    0 1342   12.09032   11.38266  5.85%     -    1s
H    0     0                      12.0903180   11.38266  5.85%     -    1s
     0     0   11.86436    0 1325   12.09032   11.86436  1.87%     -    2s
H    0     0                      12.0687846   11.86436  1.69%     -    2s
     0     0   11.86436    0 1334   12.06878   11.86436  1.69%     -    2s
     0     0   11.86748    0 1525   12.06878   11.86748  1.67%     -    2s
H    0     0                      12.0678149   11.86751  1.66%     -    2s
     0     0   11.86761    0 1526   12.06781   11.86761  1.66%     -    2s
     0     0   11.87697    0 1470   12.06781   11.87697  1.58%     -    3s
     0     0   11.87864    0 1541   12.06781   11.87864  1.57%     -    3s
     0     0   11.88436    0 1597   12.06781   11.88436  1.52%     -    3s
     0     0   11.88669    0 1582   12.06781   11.88669  1.50%     -    3s
     0     0   11.88672    0 1583   12.06781   11.88672  1.50%     -    3s
     0     0   11.93862    0 1631   12.06781   11.93862  1.07%     -    4s
H    0     0                      12.0149469   11.93862  0.64%     -    6s
     0     2   11.93862    0 1673   12.01495   11.93862  0.64%     -    6s
   830   816   11.99573   27 1379   12.01495   11.94786  0.56%   246   10s
  2835  2734   12.00033   67 1454   12.01495   11.94790  0.56%   172   15s
  3837  3466   12.00771  127  260   12.01495   11.94888  0.55%   161   20s

Cutting planes:
  MIR: 9
  Flow cover: 14
  RLT: 1013

Explored 3838 nodes (663320 simplex iterations) in 21.74 seconds (37.27 work units)
Thread count was 32 (of 104 available processors)

Solution count 4: 12.0149 12.0678 12.0688 12.0903 

Optimal solution found (tolerance 4.00e-03)
Warning: max constraint violation (2.9377e-06) exceeds tolerance
Warning: max bound violation (1.8101e-06) exceeds tolerance
Best objective 1.201494687062e+01, best bound 1.196924258598e+01, gap 0.3804%
m.flow_changes_penalty(): 0.0
Total operational cost: 120149.47
Maximum power (kW): 1103.31
Discharge energy capacity (kWh): 0.00
Charge energy capacity (kWh): 388.68
Levelized Cost of Flexibility ($/kWh): nan
{'fixed_demand_cost': 4938.188461889497, 'variable_demand_cost': 9108.654545049936, 'fixed_monthly_cost': 171938.17204301074, 'total_water_production': 282179.6712328767, 'total_energy_cost': 20658.112818549744, 'total_demand_cost': 14046.843006939434, 'total_customer_cost': 0.0, 'total_feed_cost': 50843.184005821735, 'total_brine_cost': 15303.79838551091, 'total_chemical_cost': 19297.530489427307, 'total_water_revenue': 0.0, 'total_demand_response_revenue': -0.0, 'total_emissions_cost': 0.0, 'total_op_cost': 120149.46870624911, 'fixed_cost': 121551.98252688172, 'total_cost': 241701.45123313082, 'LCOW': 0.8565516083320541, 'degree_of_flex': 0.0, 'total_replacement_cost': 1409.837429595494, 'maximum_power': 1103.3135985293413, 'energy_capacity': 0.0, 'power_capacity': nan, 'round_trip_efficiency': 0, 'LVOF': nan}
Saved operation variable results to: /home/rchurchi/watertap_test/watertap/tutorials/flex_ro/wrd_result_summer_flow_0_flexible_trains.csv
2026-07-15 16:52:57 [INFO] idaes.core.surrogate.pysmo_surrogate: Decode surrogate. type=poly

===========================Polynomial Regression===============================================

The number of cross-validation cases (3) is used.
The default training/cross-validation split of 0.75 is used.
No iterations will be run.
Default parameter estimation method is used.
Parameter estimation method:  pyomo 

2026-07-15 16:52:57 [INFO] idaes.core.surrogate.pysmo_surrogate: Decode surrogate. type=poly

===========================Polynomial Regression===============================================

The number of cross-validation cases (3) is used.
The default training/cross-validation split of 0.75 is used.
No iterations will be run.
Default parameter estimation method is used.
Parameter estimation method:  pyomo 

2026-07-15 16:52:57 [INFO] idaes.core.surrogate.pysmo_surrogate: Decode surrogate. type=poly

===========================Polynomial Regression===============================================

The number of cross-validation cases (3) is used.
The default training/cross-validation split of 0.75 is used.
No iterations will be run.
Default parameter estimation method is used.
Parameter estimation method:  pyomo 

2026-07-15 16:52:57 [INFO] idaes.core.surrogate.pysmo_surrogate: Decode surrogate. type=poly

===========================Polynomial Regression===============================================

The number of cross-validation cases (3) is used.
The default training/cross-validation split of 0.75 is used.
No iterations will be run.
Default parameter estimation method is used.
Parameter estimation method:  pyomo 

2026-07-15 16:52:59 [INFO] idaes.apps.grid_integration.pricetaker.price_taker_model: Found minimum uptime/downtime data for pretreatment.uf_pumps[1] - Adding minimum uptime/downtime constraints.
2026-07-15 16:52:59 [INFO] idaes.apps.grid_integration.pricetaker.price_taker_model: Created startup/shutdown constraints for operation model  pretreatment.uf_pumps[1] at uf_pumps_1_startup_shutdown.
2026-07-15 16:52:59 [INFO] idaes.apps.grid_integration.pricetaker.price_taker_model: Found minimum uptime/downtime data for pretreatment.uf_pumps[2] - Adding minimum uptime/downtime constraints.
2026-07-15 16:52:59 [INFO] idaes.apps.grid_integration.pricetaker.price_taker_model: Created startup/shutdown constraints for operation model  pretreatment.uf_pumps[2] at uf_pumps_2_startup_shutdown.
2026-07-15 16:52:59 [INFO] idaes.apps.grid_integration.pricetaker.price_taker_model: Found minimum uptime/downtime data for pretreatment.uf_pumps[3] - Adding minimum uptime/downtime constraints.
2026-07-15 16:52:59 [INFO] idaes.apps.grid_integration.pricetaker.price_taker_model: Created startup/shutdown constraints for operation model  pretreatment.uf_pumps[3] at uf_pumps_3_startup_shutdown.
2026-07-15 16:52:59 [INFO] idaes.apps.grid_integration.pricetaker.price_taker_model: Found minimum uptime/downtime data for reverse_osmosis.ro_skid[1] - Adding minimum uptime/downtime constraints.
2026-07-15 16:52:59 [INFO] idaes.apps.grid_integration.pricetaker.price_taker_model: Created startup/shutdown constraints for operation model  reverse_osmosis.ro_skid[1] at ro_skid_1_startup_shutdown.
2026-07-15 16:52:59 [INFO] idaes.apps.grid_integration.pricetaker.price_taker_model: Found minimum uptime/downtime data for reverse_osmosis.ro_skid[2] - Adding minimum uptime/downtime constraints.
2026-07-15 16:52:59 [INFO] idaes.apps.grid_integration.pricetaker.price_taker_model: Created startup/shutdown constraints for operation model  reverse_osmosis.ro_skid[2] at ro_skid_2_startup_shutdown.
2026-07-15 16:52:59 [INFO] idaes.apps.grid_integration.pricetaker.price_taker_model: Found minimum uptime/downtime data for reverse_osmosis.ro_skid[3] - Adding minimum uptime/downtime constraints.
2026-07-15 16:52:59 [INFO] idaes.apps.grid_integration.pricetaker.price_taker_model: Created startup/shutdown constraints for operation model  reverse_osmosis.ro_skid[3] at ro_skid_3_startup_shutdown.
2026-07-15 16:52:59 [INFO] idaes.apps.grid_integration.pricetaker.price_taker_model: Found minimum uptime/downtime data for reverse_osmosis.ro_skid[4] - Adding minimum uptime/downtime constraints.
2026-07-15 16:52:59 [INFO] idaes.apps.grid_integration.pricetaker.price_taker_model: Created startup/shutdown constraints for operation model  reverse_osmosis.ro_skid[4] at ro_skid_4_startup_shutdown.
2930
Set parameter LogToConsole to value 1
Set parameter MIPGap to value 0.004
Gurobi Optimizer version 12.0.3 build v12.0.3rc0 (linux64 - "Red Hat Enterprise Linux 8.8 (Ootpa)")

CPU model: Intel(R) Xeon(R) Platinum 8470QL, instruction set [SSE2|AVX|AVX2|AVX512]
Thread count: 104 physical cores, 104 logical processors, using up to 32 threads

Non-default parameters:
MIPGap  0.004

Optimize a model with 17951 rows, 15029 columns and 43909 nonzeros
Model fingerprint: 0xb60e4bbc
Model has 168 quadratic objective terms
Model has 2352 quadratic constraints
Variable types: 11259 continuous, 3770 integer (3770 binary)
Coefficient statistics:
  Matrix range     [5e-04, 2e+03]
  QMatrix range    [2e-07, 1e+00]
  QLMatrix range   [3e-04, 1e+00]
  Objective range  [1e-05, 1e-03]
  QObjective range [2e-04, 2e-04]
  Bounds range     [9e-01, 1e+03]
  RHS range        [5e-02, 3e+05]
  QRHS range       [3e-01, 3e-01]
Presolve removed 13055 rows and 9640 columns
Presolve time: 0.04s
Presolved: 12456 rows, 5390 columns, 35461 nonzeros
Presolved model has 2016 bilinear constraint(s)

Solving non-convex MIQCP

Variable types: 4060 continuous, 1330 integer (1330 binary)
Found heuristic solution: objective 12.0903187

Root relaxation: objective 1.129216e+01, 19083 iterations, 2.84 seconds (4.40 work units)

    Nodes    |    Current Node    |     Objective Bounds      |     Work
 Expl Unexpl |  Obj  Depth IntInf | Incumbent    BestBd   Gap | It/Node Time

     0     0   11.29216    0 1573   12.09032   11.29216  6.60%     -    3s
H    0     0                      12.0903185   11.29216  6.60%     -    3s
     0     0   11.74491    0 1615   12.09032   11.74491  2.86%     -    3s
     0     0   11.74491    0 1615   12.09032   11.74491  2.86%     -    3s
     0     0   11.75502    0 1774   12.09032   11.75502  2.77%     -    4s
     0     0   11.75524    0 1774   12.09032   11.75524  2.77%     -    4s
     0     0   11.75835    0 1830   12.09032   11.75835  2.75%     -    4s
     0     0   11.75841    0 1792   12.09032   11.75841  2.75%     -    4s
     0     0   11.75868    0 1774   12.09032   11.75868  2.74%     -    4s
     0     0   11.75979    0 1772   12.09032   11.75979  2.73%     -    4s
     0     0   11.75988    0 1771   12.09032   11.75988  2.73%     -    4s
     0     0   11.80177    0 1699   12.09032   11.80177  2.39%     -    5s
     0     2   11.80182    0 1668   12.09032   11.80182  2.39%     -    6s
   659   726   11.81836   16 1800   12.09032   11.80529  2.36%   130   11s
  1054  1101   11.81930   23 1809   12.09032   11.80529  2.36%   126   15s
H 3620  3683                      12.0656348   11.80529  2.16%  89.4   19s
H 3951  4140                      12.0656280   11.80529  2.16%  87.8   20s
H 3970  4140                      12.0641358   11.80529  2.15%  87.7   20s
H 3992  4140                      12.0384211   11.80529  1.94%  88.0   20s
H 4042  4140                      12.0319579   11.80529  1.88%  87.9   20s
H 4326  4394                      12.0319386   11.80529  1.88%  87.7   20s
H 4405  4657                      12.0319330   11.80529  1.88%  90.4   21s
H 4544  4657                      12.0319286   11.80529  1.88%  89.2   21s
H 4565  4657                      12.0308610   11.80529  1.87%  88.9   21s
H 4625  4657                      12.0222188   11.80529  1.80%  88.9   21s
H 4982  5301                      12.0222188   11.80529  1.80%  89.1   25s
H 5034  5301                      12.0222184   11.80529  1.80%  89.8   25s
H 5053  5301                      12.0222132   11.80529  1.80%  89.7   25s
H 5091  5301                      12.0143219   11.80529  1.74%  92.2   25s
H 5287  5301                      12.0129543   11.80529  1.73%  90.6   25s
H 5714  6003                      12.0128550   11.80529  1.73%  88.5   26s
H 5781  6003                      12.0128550   11.80529  1.73%  88.0   26s
H 5866  6003                      12.0103107   11.80529  1.71%  88.1   26s
H 5919  6003                      12.0095774   11.80529  1.70%  88.1   26s
H 6033  6323                      12.0079544   11.80529  1.69%  88.3   26s
H 6423  6820                      12.0078123   11.80529  1.69%  86.9   27s
H 7070  7240                      12.0078123   11.80529  1.69%  83.7   27s
H 7098  7240                      12.0077136   11.80529  1.69%  83.6   27s
H 7233  7240                      12.0040539   11.80529  1.66%  83.1   27s
H 7767  8035                      12.0032933   11.80529  1.65%  80.8   29s
H 7849  8035                      12.0023814   11.80529  1.64%  80.4   29s
H 7900  8035                      11.9998566   11.80529  1.62%  81.5   29s
H 7929  8035                      11.9943122   11.80529  1.58%  81.3   29s
H 7953  8035                      11.9883631   11.80529  1.53%  81.2   29s
H 8278  8528                      11.9882735   11.80529  1.53%  80.6   29s
H 8705  9051                      11.9882732   11.80529  1.53%  79.3   29s
  9076  9482   11.86035  214 1733   11.98827   11.80529  1.53%  78.9   30s
H10001 10110                      11.9874814   11.80529  1.52%  81.6   33s
H10002  9971                      11.9689498   11.80529  1.37%  81.6   33s
H10032  9971                      11.9685960   11.80529  1.36%  81.5   33s
H10143 10306                      11.9585960   11.80529  1.28%  81.5   34s
 10627 10535   11.87372  223 1652   11.95860   11.80535  1.28%  85.2   36s
H10829 10496                      11.9567166   11.80556  1.26%  87.5   36s
H11154 10746                      11.9552460   11.80556  1.25%  95.8   37s
H11519 11119                      11.9552457   11.80556  1.25%   101   38s
H11608 11119                      11.9552457   11.80584  1.25%   102   38s
 11617 11763   11.87950  234 1534   11.95525   11.80584  1.25%   102   40s
H12307 12501                      11.9552457   11.80584  1.25%   103   42s
H12881 12465                      11.9545112   11.80603  1.24%   103   42s
 13005 13339   11.88498  280 1415   11.95451   11.80603  1.24%   103   58s
H13347 13249                      11.9524942   11.80603  1.23%   102   58s
 13881 14155   11.88665  324 1361   11.95249   11.80603  1.23%   102   60s
H13906 14073                      11.9510413   11.80603  1.21%   102   60s
H14051 14064                      11.9509712   11.80603  1.21%   102   60s
H14394 14064                      11.9509477   11.80603  1.21%   101   60s
H14569 14063                      11.9509367   11.80603  1.21%   101   60s
H14788 13488                      11.9297095   11.80603  1.04%   102   60s
H14788 13469                      11.9287095   11.80603  1.03%   102   60s
 14789 13466   11.84618   80  226   11.92871   11.80603  1.03%   102   65s
 14792 13468   11.84698   35  153   11.92871   11.84698  0.69%   102   70s
H14793 12795                      11.9287059   11.84848  0.67%   102   71s
 14810 12806   11.89917  202  199   11.92871   11.84937  0.67%   101   75s
 14816 12811   11.88033  178  159   11.92871   11.84937  0.67%   104   80s
H14823 12175                      11.9277060   11.84953  0.66%   104   83s
 14834 12182   11.88091  210  194   11.92771   11.84953  0.66%   104   85s
H14835 11573                      11.9276981   11.84953  0.66%   104   90s
 14837 11577   11.85087   29 1701   11.92770   11.84953  0.66%   106  131s
 14843 11587   11.85254   31 1818   11.92770   11.85150  0.64%   106  135s
H14898 11038                      11.9274127   11.85307  0.62%   108  138s
 14931 11138   11.85751   35 1862   11.92741   11.85307  0.62%   109  142s
H15104 10694                      11.9274108   11.85307  0.62%   117  143s
 15174 10736   11.85964   39 1858   11.92741   11.85307  0.62%   118  145s
H15254 10246                      11.9274071   11.85307  0.62%   119  146s
H15265  9746                      11.9264108   11.85307  0.61%   119  146s
H15419  9368                      11.9263635   11.85307  0.61%   121  147s
 15565  9508   11.86272   46 1822   11.92636   11.85307  0.61%   122  150s
H15667  9082                      11.9256368   11.85307  0.61%   123  150s
H16071  9044                      11.9256308   11.85340  0.61%   124  153s
 16220  9172   11.86656   57 1763   11.92563   11.85340  0.61%   125  155s
H16803  9105                      11.9247927   11.85340  0.60%   127  157s
 17102  9361   11.87525   75 1725   11.92479   11.85340  0.60%   128  160s
H17110  8974                      11.9246316   11.85340  0.60%   128  160s
H17203  8578                      11.9246245   11.85340  0.60%   129  160s
H17684  8625                      11.9244841   11.85340  0.60%   130  164s
H17709  8287                      11.9243675   11.85340  0.60%   132  164s
H17796  7945                      11.9242798   11.85340  0.59%   131  164s
 17849  8232   11.88118   93 1639   11.92428   11.85340  0.59%   131  165s
H17868  7929                      11.9242762   11.85340  0.59%   131  165s
H18737  8047                      11.9240466   11.85408  0.59%   132  168s
H19137  7993                      11.9240466   11.85408  0.59%   132  169s
 19238  8194   11.88480  114 1688   11.92405   11.85408  0.59%   131  172s
H19500  7852                      11.9240419   11.85408  0.59%   133  172s
H19978  7922                      11.9228177   11.85408  0.58%   132  173s
H19979  7631                      11.9210734   11.85408  0.56%   132  173s
 20010  8122   11.88722  129 1624   11.92107   11.85408  0.56%   132  177s
H21048  7970                      11.9203075   11.85458  0.55%   132  178s
H21080  8279                      11.9193075   11.85458  0.54%   132  179s
 22242  8727   11.89551  170 1610   11.91931   11.85458  0.54%   130  180s
 23317  9817   11.91073  208 1566   11.91931   11.85458  0.54%   128  186s
H25230 10233                      11.9193075   11.85458  0.54%   126  188s
H25235 10004                      11.9186062   11.85458  0.54%   126  188s
H25241  9845                      11.9173133   11.85458  0.53%   126  188s
 26052 11539   11.90931  250 1342   11.91731   11.85458  0.53%   125  190s
H27063 11896                      11.9169828   11.85458  0.52%   123  192s
H27098 11887                      11.9168447   11.85458  0.52%   123  192s
H27099 11886                      11.9167790   11.85458  0.52%   123  192s
H27102 11886                      11.9167737   11.85458  0.52%   123  192s
H27311 11838                      11.9162319   11.85458  0.52%   123  192s
H27449 11759                      11.9148882   11.85458  0.51%   123  192s
 28220 12831   11.91226  310 1308   11.91489   11.85458  0.51%   123  197s
 29603 15122   11.86039   37 1764   11.91489   11.85484  0.50%   123  201s
 31802 16583   11.86562   47 1738   11.91489   11.85504  0.50%   120  205s
H32581 16883                      11.9147055   11.85544  0.50%   120  206s
 35582 20281   11.87893   93 1581   11.91471   11.85571  0.50%   118  211s
 38384 22675   11.89103  136 1418   11.91471   11.85573  0.50%   117  217s
 40029 23288   11.90037  166 1376   11.91471   11.85591  0.49%   119  220s
H40033 23288                      11.9147048   11.85591  0.49%   119  220s
H40040 23220                      11.9144135   11.85591  0.49%   119  220s
H40053 23049                      11.9135041   11.85591  0.48%   119  220s
 41141 24155   11.90364  225 1361   11.91350   11.85595  0.48%   121  225s
H41326 23717                      11.9124989   11.85595  0.47%   122  225s
 42350 25406   11.91047  253 1340   11.91250   11.85595  0.47%   124  230s
 46175 29718   11.87054   51 1800   11.91250   11.85637  0.47%   123  237s
 47872 30890   11.90029  104 1447   11.91250   11.85637  0.47%   122  240s
H47903 30884                      11.9124760   11.85637  0.47%   122  240s
H47905 30867                      11.9124254   11.85637  0.47%   122  240s
H48902 30851                      11.9123861   11.85656  0.47%   121  240s
 51091 34857   11.87793   65 1592   11.91239   11.85656  0.47%   120  245s
 54666 37854   11.86457   39 1729   11.91239   11.85672  0.47%   118  250s
H57707 39592                      11.9123839   11.85672  0.47%   118  254s
 58491 39593   11.87195   61  226   11.91238   11.85672  0.47%   118  296s
 58494 39595   11.90855  354  183   11.91238   11.85672  0.47%   118  301s
 58497 39597   11.88399   84  250   11.91238   11.85672  0.47%   118  306s
 58499 39598   11.87701  220  253   11.91238   11.85672  0.47%   118  310s
 58503 39601   11.88675  398  241   11.91238   11.85672  0.47%   118  316s
 58506 39603   11.89987  220  244   11.91238   11.85672  0.47%   118  320s
 58510 39606   11.86425   46  251   11.91238   11.85672  0.47%   118  325s
 58514 39608   11.88357   78  253   11.91238   11.85672  0.47%   118  330s
 58517 39610   11.90292  430  245   11.91238   11.85672  0.47%   118  335s
 58519 39612   11.89761  327  245   11.91238   11.85672  0.47%   118  340s
 58523 39614   11.89500  254  254   11.91238   11.85672  0.47%   118  345s
 58526 39616   11.89065  100  249   11.91238   11.85672  0.47%   118  351s
 58529 39618   11.88356  169  245   11.91238   11.85672  0.47%   118  355s
 58533 39621   11.89249  138  253   11.91238   11.85672  0.47%   118  361s
 58535 39622   11.90298  210  261   11.91238   11.85672  0.47%   118  366s
 58538 39624   11.89372  288  261   11.91238   11.85672  0.47%   118  370s
 58539 39625   11.87367   78  261   11.91238   11.85672  0.47%   118  375s
 58540 39626   11.87714  233  261   11.91238   11.85672  0.47%   118  380s
 58541 39629   11.85672   43 1846   11.91238   11.85672  0.47%   119  428s
 58543 39633   11.85672   44 1790   11.91238   11.85672  0.47%   119  432s
 58555 39653   11.85722   46 1803   11.91238   11.85672  0.47%   119  436s
 58571 39679   11.85852   47 1833   11.91238   11.85672  0.47%   119  440s
H58572 37696                      11.9123831   11.85672  0.47%   119  440s
 58731 37868   11.86470   51 1690   11.91238   11.85672  0.47%   122  445s
 58889 37988   11.86573   53 1635   11.91238   11.85672  0.47%   124  451s
 59183 38148   11.86834   57 1620   11.91238   11.85672  0.47%   125  456s
 59675 38461   11.87130   64 1587   11.91238   11.85672  0.47%   125  460s
H59961 36788                      11.9123821   11.85672  0.47%   125  462s
 60192 36974   11.87462   68 1585   11.91238   11.85672  0.47%   125  467s
 60335 37106   11.87292   70 1595   11.91238   11.85672  0.47%   126  470s
 60784 37521   11.87425   73 1586   11.91238   11.85672  0.47%   126  475s
H62432 36712                      11.9123790   11.85672  0.47%   126  479s
 62701 37006   11.88347  104 1526   11.91238   11.85672  0.47%   126  480s
H63025 35198                      11.9123765   11.85672  0.47%   126  480s
H63428 33793                      11.9123765   11.85672  0.47%   126  483s
 63479 34158   11.88973  117 1577   11.91238   11.85672  0.47%   127  486s
H63887 32507                      11.9123764   11.85728  0.46%   128  488s
H63888 31050                      11.9123763   11.85728  0.46%   128  488s
H63921 29655                      11.9123751   11.85749  0.46%   128  488s
 64404 30448   11.88813  125 1574   11.91238   11.85762  0.46%   128  493s
 64911 30759   11.88897  128 1556   11.91238   11.85775  0.46%   129  497s
 65765 31214   11.89541  144 1410   11.91238   11.85781  0.46%   130  501s
H65998 29822                      11.9123622   11.85781  0.46%   130  501s
 67621 31199   11.89940  168 1486   11.91236   11.85781  0.46%   130  506s
 68973 32161   11.90167  193 1510   11.91236   11.85814  0.46%   131  511s
 69854 32423   11.90706  214 1511   11.91236   11.85814  0.46%   132  519s
H69886 31164                      11.9123622   11.85814  0.46%   132  519s
 70440 31703   11.90814  216 1491   11.91236   11.85814  0.46%   133  524s
 71262 32126     cutoff  214        11.91236   11.85846  0.45%   134  528s
H71296 30928                      11.9123596   11.85846  0.45%   134  528s
 72068 31236   11.86882   56 1755   11.91236   11.85853  0.45%   135  531s
 73626 32288   11.90623  108 1570   11.91236   11.85924  0.45%   136  538s
 74476 32572   11.91211  120 1645   11.91236   11.85938  0.44%   138  541s
 76100 33696   11.91209  119 1655   11.91236   11.85938  0.44%   141  547s
 76960 34163   11.86950   65 1615   11.91236   11.85945  0.44%   143  551s
 78931 35986   11.90612  176 1468   11.91236   11.85952  0.44%   146  559s
 80370 36635   11.86452   53 1682   11.91236   11.85952  0.44%   146  563s
 81583 37481   11.86879   59 1579   11.91236   11.85957  0.44%   148  567s
 82911 38610   11.88739   93 1369   11.91236   11.85957  0.44%   149  570s
 85739 39733     cutoff  165        11.91236   11.85957  0.44%   151  577s
 86879 40450     cutoff  164        11.91236   11.86010  0.44%   152  581s
 88122 41566   11.86367   53 1594   11.91236   11.86010  0.44%   154  586s
 89875 41871   11.91015  109 1374   11.91236   11.86023  0.44%   157  591s
 90998 42465     cutoff  114        11.91236   11.86056  0.43%   160  595s
 92160 43745     cutoff  115        11.91236   11.86070  0.43%   162  601s
 94035 44724   11.87011   65 1486   11.91236   11.86070  0.43%   164  606s
 95790 45158   11.90993  175 1405   11.91236   11.86075  0.43%   167  611s
 97039 46190   11.87087   60 1611   11.91236   11.86082  0.43%   171  616s
 98640 46527     cutoff  112        11.91236   11.86082  0.43%   174  622s
 99741 47929     cutoff  113        11.91236   11.86082  0.43%   178  629s
 101812 50084   11.87767   88 1444   11.91236   11.86098  0.43%   181  636s
 104770 52094   11.89121  187 1387   11.91236   11.86098  0.43%   181  641s
H107511 50051                      11.9123591   11.86098  0.43%   179  641s
 107866 54427   11.89591  308 1396   11.91236   11.86098  0.43%   179  647s
 112499 55299   11.90696  538 1289   11.91236   11.86098  0.43%   176  654s
 115155 56443     cutoff  544        11.91236   11.86098  0.43%   176  659s
 117482 58000     cutoff  546        11.91236   11.86178  0.42%   176  665s
 120159 58871   11.88038   65 1711   11.91236   11.86188  0.42%   179  672s
 122215 60942   11.91162  117 1539   11.91236   11.86199  0.42%   182  680s
 125286 62636   11.90687  128 1521   11.91236   11.86200  0.42%   185  687s
 127523 64856   11.87960   97 1361   11.91236   11.86200  0.42%   189  695s
 129920 72573   11.88820  150 1382   11.91236   11.86200  0.42%   190  704s
 137779 76875   11.89665  327 1248   11.91236   11.86200  0.42%   185  711s
 142506 78495   11.90489  344 1412   11.91236   11.86200  0.42%   185  717s
H143307 78495                      11.9123589   11.86200  0.42%   185  717s
 144492 80433   11.87246   54 1812   11.91236   11.86200  0.42%   186  724s
 146831 84263   11.91160  129 1526   11.91236   11.86253  0.42%   189  733s
 150883 88745   11.87289   59 1673   11.91236   11.86271  0.42%   189  741s
 155586 91820   11.86946   51 1867   11.91236   11.86271  0.42%   189  748s
 159030 93896     cutoff   71        11.91236   11.86281  0.42%   189  754s
 161416 95977   11.87527   70 1424   11.91236   11.86286  0.42%   190  761s
 163886 98134 infeasible  176        11.91236   11.86291  0.42%   192  768s
 166418 100115   11.91069   75 1592   11.91236   11.86306  0.41%   194  775s
 168556 106947   11.88679  118 1464   11.91236   11.86306  0.41%   195  783s
 175496 111081   11.89707  269 1392   11.91236   11.86306  0.41%   191  790s
H177684 111081                      11.9123588   11.86306  0.41%   189  790s
H178161 111081                      11.9123588   11.86306  0.41%   189  790s
 179738 116542   11.90078  354 1260   11.91236   11.86306  0.41%   188  799s
 185720 118871   11.91110  466 1239   11.91236   11.86318  0.41%   187  805s
 188303 120075   11.91116  476 1252   11.91236   11.86328  0.41%   187  812s
 189835 121442   11.91126  486 1240   11.91236   11.86328  0.41%   190  818s
 191587 123359   11.89555  115 1478   11.91236   11.86340  0.41%   192  825s
 193769 125604   11.86894   55 1748   11.91236   11.86340  0.41%   194  832s
 196297 127155   11.88595   75 1681   11.91236   11.86340  0.41%   195  840s
 198191 128744   11.90185  106 1486   11.91236   11.86344  0.41%   198  849s
 200185 131066   11.86893   58 1807   11.91236   11.86361  0.41%   201  858s
 202894 133645     cutoff  109        11.91236   11.86366  0.41%   204  868s
 205871 135825     cutoff  163        11.91236   11.86366  0.41%   206  877s
H208018 135825                      11.9123588   11.86383  0.41%   209  877s
 208394 138363   11.88436   67 1741   11.91236   11.86383  0.41%   209  888s
 211323 139489   11.86816   56 1775   11.91236   11.86383  0.41%   212  896s
H211443 139489                      11.9123587   11.86383  0.41%   212  896s
 212725 145308   11.88115   79 1633   11.91236   11.86383  0.41%   214  916s
 219337 148893   11.91218  226 1523   11.91236   11.86423  0.40%   220  927s
 223312 156822   11.88081   78 1526   11.91236   11.86424  0.40%   221  938s
 231394 163500   11.89699  197 1368   11.91236   11.86424  0.40%   217  948s
 238305 167780   11.90201  317 1225   11.91236   11.86432  0.40%   214  954s
 242878 170399   11.90719  494 1166   11.91236   11.86432  0.40%   212  963s
 246055 173695   11.89387  119 1597   11.91236   11.86433  0.40%   213  972s
 249794 177765   11.87773   70 1563   11.91236   11.86436  0.40%   214  979s
 253989 181925   11.90017  146 1506   11.91236   11.86440  0.40%   214  987s
 258403 185053   11.90728  216 1506   11.91236   11.86440  0.40%   213  995s
 261824 187757     cutoff  271        11.91236   11.86440  0.40%   214 1002s
 264851 189887 infeasible  269        11.91236   11.86449  0.40%   214 1010s
 267405 191141   11.88121   78 1562   11.91236   11.86451  0.40%   215 1019s
 269043 193591     cutoff  169        11.91236   11.86452  0.40%   218 1029s
 271833 194591     cutoff  172        11.91236   11.86460  0.40%   220 1037s
H271843 194589                      11.9123575   11.86460  0.40%   220 1037s
 273019 199134   11.86751   62 1600   11.91236   11.86461  0.40%   221 1057s

Cutting planes:
  Learned: 50
  Gomory: 19
  Cover: 163
  Implied bound: 64
  Projected implied bound: 1
  MIR: 111
  Mixing: 3
  Flow cover: 736
  GUB cover: 1
  Network: 1
  RLT: 1120
  Relax-and-lift: 14

Explored 278535 nodes (62407881 simplex iterations) in 1057.49 seconds (2302.41 work units)
Thread count was 32 (of 104 available processors)

Solution count 10: 11.9124 11.9124 11.9124 ... 11.9124

Optimal solution found (tolerance 4.00e-03)
Best objective 1.191235750457e+01, best bound 1.186476476672e+01, gap 0.3995%
m.flow_changes_penalty(): 510.0
Total operational cost: 118613.58
Maximum power (kW): 1143.95
Discharge energy capacity (kWh): 5396.99
Charge energy capacity (kWh): 6066.16
Levelized Cost of Flexibility ($/kWh): 0.41
{'fixed_demand_cost': 5120.073064563172, 'variable_demand_cost': 7307.352446110934, 'fixed_monthly_cost': 171938.17204301074, 'total_water_production': 282179.671232877, 'total_energy_cost': 20424.759069929285, 'total_demand_cost': 12427.425510674106, 'total_customer_cost': 0.0, 'total_feed_cost': 50924.53896970595, 'total_brine_cost': 15522.439850948069, 'total_chemical_cost': 19314.411644433203, 'total_water_revenue': 0.0, 'total_demand_response_revenue': 0.0, 'total_emissions_cost': 0.0, 'total_op_cost': 118613.57504569061, 'fixed_cost': 121551.98252688172, 'total_cost': 240165.55757257232, 'LCOW': 0.8511086447980467, 'degree_of_flex': 0.0, 'total_replacement_cost': 1409.837429595494, 'maximum_power': 1143.9511204866249, 'energy_capacity': 5396.985679515137, 'power_capacity': 215.8794271806055, 'round_trip_efficiency': 0, 'LVOF': 0.4110911128434619}
Saved operation variable results to: /home/rchurchi/watertap_test/watertap/tutorials/flex_ro/wrd_result_summer_rr_0_flexible_trains.csv
Saved summary results to: /home/rchurchi/watertap_test/watertap/tutorials/flex_ro/wrd_pricetaker_summary_results_20260715_171039.csv
