2026-07-17 11:50:00 [INFO] idaes.core.surrogate.pysmo_surrogate: Decode surrogate. type=poly

===========================Polynomial Regression===============================================

The number of cross-validation cases (3) is used.
The default training/cross-validation split of 0.75 is used.
No iterations will be run.
Default parameter estimation method is used.
Parameter estimation method:  pyomo 

2026-07-17 11:50:00 [INFO] idaes.core.surrogate.pysmo_surrogate: Decode surrogate. type=poly

===========================Polynomial Regression===============================================

The number of cross-validation cases (3) is used.
The default training/cross-validation split of 0.75 is used.
No iterations will be run.
Default parameter estimation method is used.
Parameter estimation method:  pyomo 

2026-07-17 11:50:00 [INFO] idaes.core.surrogate.pysmo_surrogate: Decode surrogate. type=poly

===========================Polynomial Regression===============================================

The number of cross-validation cases (3) is used.
The default training/cross-validation split of 0.75 is used.
No iterations will be run.
Default parameter estimation method is used.
Parameter estimation method:  pyomo 

2026-07-17 11:50:00 [INFO] idaes.core.surrogate.pysmo_surrogate: Decode surrogate. type=poly

===========================Polynomial Regression===============================================

The number of cross-validation cases (3) is used.
The default training/cross-validation split of 0.75 is used.
No iterations will be run.
Default parameter estimation method is used.
Parameter estimation method:  pyomo 

2026-07-17 11:50:02 [INFO] idaes.apps.grid_integration.pricetaker.price_taker_model: Found minimum uptime/downtime data for pretreatment.uf_pumps[1] - Adding minimum uptime/downtime constraints.
2026-07-17 11:50:02 [INFO] idaes.apps.grid_integration.pricetaker.price_taker_model: Created startup/shutdown constraints for operation model  pretreatment.uf_pumps[1] at uf_pumps_1_startup_shutdown.
2026-07-17 11:50:02 [INFO] idaes.apps.grid_integration.pricetaker.price_taker_model: Found minimum uptime/downtime data for pretreatment.uf_pumps[2] - Adding minimum uptime/downtime constraints.
2026-07-17 11:50:02 [INFO] idaes.apps.grid_integration.pricetaker.price_taker_model: Created startup/shutdown constraints for operation model  pretreatment.uf_pumps[2] at uf_pumps_2_startup_shutdown.
2026-07-17 11:50:02 [INFO] idaes.apps.grid_integration.pricetaker.price_taker_model: Found minimum uptime/downtime data for pretreatment.uf_pumps[3] - Adding minimum uptime/downtime constraints.
2026-07-17 11:50:02 [INFO] idaes.apps.grid_integration.pricetaker.price_taker_model: Created startup/shutdown constraints for operation model  pretreatment.uf_pumps[3] at uf_pumps_3_startup_shutdown.
2026-07-17 11:50:02 [INFO] idaes.apps.grid_integration.pricetaker.price_taker_model: Found minimum uptime/downtime data for reverse_osmosis.ro_skid[1] - Adding minimum uptime/downtime constraints.
2026-07-17 11:50:02 [INFO] idaes.apps.grid_integration.pricetaker.price_taker_model: Created startup/shutdown constraints for operation model  reverse_osmosis.ro_skid[1] at ro_skid_1_startup_shutdown.
2026-07-17 11:50:02 [INFO] idaes.apps.grid_integration.pricetaker.price_taker_model: Found minimum uptime/downtime data for reverse_osmosis.ro_skid[2] - Adding minimum uptime/downtime constraints.
2026-07-17 11:50:02 [INFO] idaes.apps.grid_integration.pricetaker.price_taker_model: Created startup/shutdown constraints for operation model  reverse_osmosis.ro_skid[2] at ro_skid_2_startup_shutdown.
2026-07-17 11:50:02 [INFO] idaes.apps.grid_integration.pricetaker.price_taker_model: Found minimum uptime/downtime data for reverse_osmosis.ro_skid[3] - Adding minimum uptime/downtime constraints.
2026-07-17 11:50:02 [INFO] idaes.apps.grid_integration.pricetaker.price_taker_model: Created startup/shutdown constraints for operation model  reverse_osmosis.ro_skid[3] at ro_skid_3_startup_shutdown.
2026-07-17 11:50:02 [INFO] idaes.apps.grid_integration.pricetaker.price_taker_model: Found minimum uptime/downtime data for reverse_osmosis.ro_skid[4] - Adding minimum uptime/downtime constraints.
2026-07-17 11:50:02 [INFO] idaes.apps.grid_integration.pricetaker.price_taker_model: Created startup/shutdown constraints for operation model  reverse_osmosis.ro_skid[4] at ro_skid_4_startup_shutdown.
4364
Set parameter TokenServer to value "10.60.1.73"
Set parameter LogToConsole to value 1
Set parameter MIPGap to value 0.01
Gurobi Optimizer version 12.0.3 build v12.0.3rc0 (linux64 - "Red Hat Enterprise Linux 8.8 (Ootpa)")

CPU model: Intel(R) Xeon(R) Platinum 8470QL, instruction set [SSE2|AVX|AVX2|AVX512]
Thread count: 104 physical cores, 104 logical processors, using up to 32 threads

Non-default parameters:
MIPGap  0.01

Optimize a model with 17951 rows, 16467 columns and 49337 nonzeros
Model fingerprint: 0xfa2b02ed
Model has 168 quadratic objective terms
Model has 2352 quadratic constraints
Variable types: 11259 continuous, 5208 integer (5208 binary)
Coefficient statistics:
  Matrix range     [5e-04, 2e+03]
  QMatrix range    [2e-07, 1e+00]
  QLMatrix range   [3e-04, 1e+00]
  Objective range  [9e-06, 1e-03]
  QObjective range [2e-04, 2e-04]
  Bounds range     [9e-01, 1e+03]
  RHS range        [5e-02, 3e+05]
  QRHS range       [3e-01, 3e-01]
Presolve removed 6884 rows and 7576 columns
Presolve time: 0.10s
Presolved: 20307 rows, 9396 columns, 53768 nonzeros
Presolved model has 336 SOS constraint(s)
Presolved model has 2352 bilinear constraint(s)

Solving non-convex MIQCP

Variable types: 5750 continuous, 3646 integer (3646 binary)
Found heuristic solution: objective 11.6268686

Root relaxation: unbounded, 0 iterations, 0.01 seconds (0.00 work units)

    Nodes    |    Current Node    |     Objective Bounds      |     Work
 Expl Unexpl |  Obj  Depth IntInf | Incumbent    BestBd   Gap | It/Node Time

     0     2  postponed    0        11.62687          -      -     -    2s
     3     8  postponed    2        11.62687          -      -  4164    5s
    27    34  postponed    5        11.62687          -      -  7729   11s
    79    84  postponed    7        11.62687          -      -  7353   16s
   119   157  postponed    8        11.62687          -      -  7801   20s
   192   470  postponed    9        11.62687          -      -  8721   25s
   641  1027 infeasible   15        11.62687          -      -  3058   33s
  1460  1778 infeasible   29        11.62687          -      -  1520   45s
  2583  2885 infeasible   42        11.62687          -      -  1014   65s
H 3469  2885                      11.6268685          -      -   875   65s
  4274  4115 infeasible   67        11.62687          -      -   796   83s
H 5484  4115                      11.6268685          -      -   824   83s
  6129  6142  postponed   80        11.62687          -      -   815  101s
H 7412  6142                      11.6268684          -      -   814  101s
  8750  7778 infeasible   98        11.62687          -      -   773  118s
 10875  9237  postponed  112        11.62687          -      -   751  133s
 12808 10889 infeasible  122        11.62687          -      -   766  148s
 14922 10890 -1.000e+100  118    0   11.62687          -      -   780  150s
 14924 10891   11.19821  346 2159   11.62687    9.18870  21.0%   780  170s
 14925 10892   11.42547  792 1488   11.62687   10.76995  7.37%   780  178s
 14926 10893   11.22904  418 1883   11.62687   10.90439  6.21%   780  183s
 14927 10893   11.24106   14 2043   11.62687   11.24106  3.32%   780  191s
 14928 10894   11.34148  240 2409   11.62687   11.34148  2.45%   780  199s
 14929 10895   11.37435  625 2419   11.62687   11.37435  2.17%   779  208s
 14930 10895   11.38338  104 2507   11.62687   11.38338  2.09%   779  214s
 14931 10896   11.39643   68 2549   11.62687   11.39643  1.98%   779  222s
 14932 10897   11.39776  151 2660   11.62687   11.39776  1.97%   779  227s
 14933 10897   11.40224   71 2575   11.62687   11.40224  1.93%   779  234s
 14934 10898   11.40244  366 2600   11.62687   11.40244  1.93%   779  239s
 14935 10899   11.40256  303 2540   11.62687   11.40256  1.93%   779  243s
 14936 10899   11.40281  660 2620   11.62687   11.40281  1.93%   779  250s
 14938 10901   11.40311  266 2604   11.62687   11.40311  1.92%   779  256s
 14939 10901   11.40327   19 2624   11.62687   11.40327  1.92%   779  262s
 14941 10903   11.40333   52 2521   11.62687   11.40333  1.92%   779  267s
 14942 10903   11.40333   49 2628   11.62687   11.40333  1.92%   779  275s
 14944 10905   11.40341  178 2555   11.62687   11.40341  1.92%   779  292s
H14944 10359                      11.5568679   11.40341  1.33%   779  313s
H14944  9841                      11.5568677   11.40341  1.33%   779  313s
 14946  9845   11.40355   15 4701   11.55687   11.40341  1.33%   796  549s
 14948  9846   11.40403   16 4755   11.55687   11.40355  1.33%   798  588s
 14952  9847   11.46266   17 4708   11.55687   11.40403  1.32%   800  611s
 14958  9849   11.47805   18 4585   11.55687   11.40407  1.32%   808  645s
 14966  9852   11.47916   19 4654   11.55687   11.40414  1.32%   811  681s
 14978  9849   11.47979   20 4650   11.55687   11.40451  1.32%   827  702s
 14996  9845   11.53196   21 4584   11.55687   11.40460  1.32%   843  728s
 15015  9852   11.53804   22 4498   11.55687   11.40572  1.31%   863  754s
 15045  9866     cutoff   24        11.55687   11.40573  1.31%   898  782s
 15095  9865   11.54369   23 4676   11.55687   11.40695  1.30%   951  806s
 15145  9847     cutoff   24        11.55687   11.40695  1.30%   999  832s
 15193  9819     cutoff   28        11.55687   11.40695  1.30%  1051  857s
 15237  9812   11.54722   26 4694   11.55687   11.40820  1.29%  1099  882s
 15291  9788     cutoff   27        11.55687   11.40820  1.29%  1144  910s
 15337  9755     cutoff   28        11.55687   11.40938  1.28%  1184  934s
 15377  9747   11.52149   26 4526   11.55687   11.40954  1.27%  1226  959s
 15414  9745   11.52165   27 4559   11.55687   11.40957  1.27%  1273  987s
 15456  9739     cutoff   28        11.55687   11.41235  1.25%  1316 1012s
 15507  9728     cutoff   30        11.55687   11.41354  1.24%  1360 1038s
 15549  9708     cutoff   32        11.55687   11.41354  1.24%  1396 1066s
 15592  9708   11.53468   35 4543   11.55687   11.41583  1.22%  1430 1092s
 15633  9719     cutoff   36        11.55687   11.41598  1.22%  1472 1122s
 15696  9707   11.52314   35 4513   11.55687   11.41651  1.21%  1520 1149s
 15753  9695   11.41913   41 4493   11.55687   11.41651  1.21%  1561 1177s
 15812  9678   11.45336   43 4339   11.55687   11.41651  1.21%  1610 1205s
 15873  9659     cutoff   45        11.55687   11.41651  1.21%  1675 1239s
 15930  9643   11.46082   46 4408   11.55687   11.41651  1.21%  1733 1271s
 15978  9624   11.47542   47 4463   11.55687   11.41651  1.21%  1777 1306s
 16040  9621   11.48892   48 4376   11.55687   11.41651  1.21%  1834 1337s
 16106  9620   11.53284   50 4152   11.55687   11.41651  1.21%  1884 1368s
 16183  9607     cutoff   51        11.55687   11.41656  1.21%  1951 1398s
 16269  9625   11.50203   43 4452   11.55687   11.41656  1.21%  2031 1432s
 16373  9624   11.50341   44 4338   11.55687   11.41656  1.21%  2101 1467s
 16479  9607   11.52450   47 4265   11.55687   11.41656  1.21%  2185 1504s
 16584  9593   11.55209   47 4218   11.55687   11.41844  1.20%  2266 1539s
 16716  9578     cutoff   50        11.55687   11.41844  1.20%  2354 1577s
 16838  9586 infeasible   51        11.55687   11.41844  1.20%  2436 1614s
 16984  9606   11.45769   50 4450   11.55687   11.41917  1.19%  2524 1656s
 17141  9626   11.48477   51 4276   11.55687   11.41917  1.19%  2609 1698s
 17324  9629   11.50103   52 4128   11.55687   11.42107  1.18%  2695 1744s
 17500  9664   11.51047   54 4350   11.55687   11.42107  1.18%  2797 1788s
 17676  9691   11.51431   54 4162   11.55687   11.42107  1.18%  2902 1840s
 17864  9717     cutoff   56        11.55687   11.42408  1.15%  3006 1891s
 18083  9746     cutoff   59        11.55687   11.42408  1.15%  3107 1937s
 18324  9720   11.53778   97 3432   11.55687   11.42408  1.15%  3208 1993s
 18530  9745   11.55362  108 3528   11.55687   11.43290  1.07%  3327 2044s
 18769  9740     cutoff   50        11.55687   11.44015  1.01%  3448 2097s

Cutting planes:
  Learned: 622
  Gomory: 47
  Cover: 1319
  Implied bound: 405
  Projected implied bound: 94
  Clique: 5
  MIR: 695
  StrongCG: 1
  Flow cover: 1045
  GUB cover: 42
  Zero half: 23
  Network: 34
  RLT: 1343
  Relax-and-lift: 622
  BQP: 4

Explored 19024 nodes (67585516 simplex iterations) in 2097.65 seconds (5377.08 work units)
Thread count was 32 (of 104 available processors)

Solution count 2: 11.5569 11.6269 

Optimal solution found (tolerance 1.00e-02)
Best objective 1.155686772536e+01, best bound 1.144301731449e+01, gap 0.9851%
m.flow_changes_penalty(): 0.0
Total operational cost: 115568.68
Maximum power (kW): 1101.67
Discharge energy capacity (kWh): 54.60
Charge energy capacity (kWh): 0.00
Levelized Cost of Flexibility ($/kWh): -106.83
{'fixed_demand_cost': 6483.801428671866, 'variable_demand_cost': 2465.42715927825, 'fixed_monthly_cost': 171938.17204301074, 'total_water_production': 282179.6712549224, 'total_energy_cost': 21174.93105034828, 'total_demand_cost': 8949.228587950116, 'total_customer_cost': 0.0, 'total_feed_cost': 50843.1852225122, 'total_brine_cost': 15303.801650172776, 'total_chemical_cost': 19297.53074257383, 'total_water_revenue': 0.0, 'total_demand_response_revenue': -0.0, 'total_emissions_cost': 0.0, 'total_op_cost': 115568.67725355721, 'fixed_cost': 121551.98252688172, 'total_cost': 237120.65978043893, 'LCOW': 0.8403180098903122, 'degree_of_flex': 0.0, 'total_replacement_cost': 1409.837429595494, 'maximum_power': 1101.6749710948511, 'discharge_energy_capacity': 54.60498340953109, 'charge_energy_capacity': 0.0, 'discharge_power_capacity': 0.32502966315197074, 'charge_power_capacity': nan, 'round_trip_efficiency': 0, 'LVOF': -106.83117764915322}
Saved operation variable results to: /home/rchurchi/watertap_test/watertap/tutorials/flex_ro/wrd_result_winter_both_4_flexible_trains_2026.csv
2026-07-17 12:25:02 [INFO] idaes.core.surrogate.pysmo_surrogate: Decode surrogate. type=poly

===========================Polynomial Regression===============================================

The number of cross-validation cases (3) is used.
The default training/cross-validation split of 0.75 is used.
No iterations will be run.
Default parameter estimation method is used.
Parameter estimation method:  pyomo 

2026-07-17 12:25:02 [INFO] idaes.core.surrogate.pysmo_surrogate: Decode surrogate. type=poly

===========================Polynomial Regression===============================================

The number of cross-validation cases (3) is used.
The default training/cross-validation split of 0.75 is used.
No iterations will be run.
Default parameter estimation method is used.
Parameter estimation method:  pyomo 

2026-07-17 12:25:02 [INFO] idaes.core.surrogate.pysmo_surrogate: Decode surrogate. type=poly

===========================Polynomial Regression===============================================

The number of cross-validation cases (3) is used.
The default training/cross-validation split of 0.75 is used.
No iterations will be run.
Default parameter estimation method is used.
Parameter estimation method:  pyomo 

2026-07-17 12:25:02 [INFO] idaes.core.surrogate.pysmo_surrogate: Decode surrogate. type=poly

===========================Polynomial Regression===============================================

The number of cross-validation cases (3) is used.
The default training/cross-validation split of 0.75 is used.
No iterations will be run.
Default parameter estimation method is used.
Parameter estimation method:  pyomo 

2026-07-17 12:25:04 [INFO] idaes.apps.grid_integration.pricetaker.price_taker_model: Found minimum uptime/downtime data for pretreatment.uf_pumps[1] - Adding minimum uptime/downtime constraints.
2026-07-17 12:25:04 [INFO] idaes.apps.grid_integration.pricetaker.price_taker_model: Created startup/shutdown constraints for operation model  pretreatment.uf_pumps[1] at uf_pumps_1_startup_shutdown.
2026-07-17 12:25:04 [INFO] idaes.apps.grid_integration.pricetaker.price_taker_model: Found minimum uptime/downtime data for pretreatment.uf_pumps[2] - Adding minimum uptime/downtime constraints.
2026-07-17 12:25:04 [INFO] idaes.apps.grid_integration.pricetaker.price_taker_model: Created startup/shutdown constraints for operation model  pretreatment.uf_pumps[2] at uf_pumps_2_startup_shutdown.
2026-07-17 12:25:04 [INFO] idaes.apps.grid_integration.pricetaker.price_taker_model: Found minimum uptime/downtime data for pretreatment.uf_pumps[3] - Adding minimum uptime/downtime constraints.
2026-07-17 12:25:04 [INFO] idaes.apps.grid_integration.pricetaker.price_taker_model: Created startup/shutdown constraints for operation model  pretreatment.uf_pumps[3] at uf_pumps_3_startup_shutdown.
2026-07-17 12:25:04 [INFO] idaes.apps.grid_integration.pricetaker.price_taker_model: Found minimum uptime/downtime data for reverse_osmosis.ro_skid[1] - Adding minimum uptime/downtime constraints.
2026-07-17 12:25:04 [INFO] idaes.apps.grid_integration.pricetaker.price_taker_model: Created startup/shutdown constraints for operation model  reverse_osmosis.ro_skid[1] at ro_skid_1_startup_shutdown.
2026-07-17 12:25:04 [INFO] idaes.apps.grid_integration.pricetaker.price_taker_model: Found minimum uptime/downtime data for reverse_osmosis.ro_skid[2] - Adding minimum uptime/downtime constraints.
2026-07-17 12:25:04 [INFO] idaes.apps.grid_integration.pricetaker.price_taker_model: Created startup/shutdown constraints for operation model  reverse_osmosis.ro_skid[2] at ro_skid_2_startup_shutdown.
2026-07-17 12:25:04 [INFO] idaes.apps.grid_integration.pricetaker.price_taker_model: Found minimum uptime/downtime data for reverse_osmosis.ro_skid[3] - Adding minimum uptime/downtime constraints.
2026-07-17 12:25:04 [INFO] idaes.apps.grid_integration.pricetaker.price_taker_model: Created startup/shutdown constraints for operation model  reverse_osmosis.ro_skid[3] at ro_skid_3_startup_shutdown.
2026-07-17 12:25:04 [INFO] idaes.apps.grid_integration.pricetaker.price_taker_model: Found minimum uptime/downtime data for reverse_osmosis.ro_skid[4] - Adding minimum uptime/downtime constraints.
2026-07-17 12:25:04 [INFO] idaes.apps.grid_integration.pricetaker.price_taker_model: Created startup/shutdown constraints for operation model  reverse_osmosis.ro_skid[4] at ro_skid_4_startup_shutdown.
4270
Set parameter LogToConsole to value 1
Set parameter MIPGap to value 0.01
Gurobi Optimizer version 12.0.3 build v12.0.3rc0 (linux64 - "Red Hat Enterprise Linux 8.8 (Ootpa)")

CPU model: Intel(R) Xeon(R) Platinum 8470QL, instruction set [SSE2|AVX|AVX2|AVX512]
Thread count: 104 physical cores, 104 logical processors, using up to 32 threads

Non-default parameters:
MIPGap  0.01

Optimize a model with 17951 rows, 16373 columns and 48595 nonzeros
Model fingerprint: 0xd550317d
Model has 168 quadratic objective terms
Model has 2352 quadratic constraints
Variable types: 11259 continuous, 5114 integer (5114 binary)
Coefficient statistics:
  Matrix range     [5e-04, 2e+03]
  QMatrix range    [2e-07, 1e+00]
  QLMatrix range   [3e-04, 1e+00]
  Objective range  [1e-05, 1e-03]
  QObjective range [2e-04, 2e-04]
  Bounds range     [9e-01, 1e+03]
  RHS range        [5e-02, 3e+05]
  QRHS range       [3e-01, 3e-01]
Presolve removed 8835 rows and 8481 columns
Presolve time: 0.09s
Presolved: 18048 rows, 8175 columns, 49077 nonzeros
Presolved model has 188 SOS constraint(s)
Presolved model has 2312 bilinear constraint(s)

Solving non-convex MIQCP

Variable types: 5336 continuous, 2839 integer (2839 binary)
Found heuristic solution: objective 12.5379720

Root relaxation: unbounded, 0 iterations, 0.00 seconds (0.00 work units)

    Nodes    |    Current Node    |     Objective Bounds      |     Work
 Expl Unexpl |  Obj  Depth IntInf | Incumbent    BestBd   Gap | It/Node Time

     0     2  postponed    0        12.53797          -      -     -    5s
    15    26  postponed    4        12.53797          -      -  7100   11s
    87   139  postponed    7        12.53797          -      -  6710   17s
   148   287  postponed    8        12.53797          -      -  8311   22s
   312   613 infeasible   11        12.53797          -      -  5863   31s
   748  1141  postponed   16        12.53797          -      -  2813   45s
  1704  2002  postponed   27        12.53797          -      -  1518   69s
H 2771  2002                      12.5379718          -      -  1168   69s
  3393  4195  postponed   41        12.53797          -      -  1060   95s
  6362  6947  postponed   59        12.53797          -      -   920  116s
  9574 10110  postponed   69        12.53797          -      -   828  134s
 13000 12472 infeasible   78        12.53797          -      -   764  149s
 15526 12473   12.35241  235    0   12.53797          -      -   754  150s
 15528 12474   12.52903  150 1170   12.53797    9.93232  20.8%   754  158s
 15529 12475   11.67140  262 1115   12.53797   10.58753  15.6%   754  160s
 15531 12476   12.36509  268 1450   12.53797   11.87477  5.29%   753  173s
 15532 12477   12.37624  221 1209   12.53797   11.89244  5.15%   753  176s
 15533 12478   11.91789  104  928   12.53797   11.91789  4.95%   753  181s
 15535 12479   12.19707  393  988   12.53797   11.92041  4.93%   753  185s
 15539 12482   12.42870  180 1007   12.53797   11.92229  4.91%   753  190s
 15545 12486   11.96521  411 1055   12.53797   11.92296  4.91%   753  195s
 15548 12488   11.92301   14 1059   12.53797   11.92301  4.90%   753  204s
 15549 12488   11.92301   81 1059   12.53797   11.92301  4.90%   753  217s
 15550 12492   11.95510   15 2949   12.53797   11.92301  4.90%   761  378s
 15552 12495   11.96470   16 3159   12.53797   11.92661  4.88%   763  392s
 15556 12502   11.96742   17 3186   12.53797   11.92924  4.86%   766  406s
 15564 12515   11.96855   18 3224   12.53797   11.93068  4.84%   771  421s
 15580 12542   11.98825   19 2994   12.53797   11.93102  4.84%   778  432s
 15612 12563   11.99165   20 2981   12.53797   11.93110  4.84%   799  436s
 15644 12595   11.99233   21 2924   12.53797   11.93110  4.84%   805  446s
 15686 12695   11.99737   22 2955   12.53797   11.93110  4.84%   828  457s
 15800 12756   12.02766   22 2856   12.53797   11.93110  4.84%   854  466s
 15899 12814   11.99737   24 2893   12.53797   11.93110  4.84%   872  474s
 15992 12860   11.99737   25 2882   12.53797   11.93110  4.84%   891  482s
 16075 12917   12.09418   26 2757   12.53797   11.93110  4.84%   909  490s
 16162 12979   12.00688   27 2855   12.53797   11.93110  4.84%   927  499s
 16255 13031   12.02599   28 2518   12.53797   11.93110  4.84%   936  508s
 16346 13090   12.02974   29 2488   12.53797   11.93110  4.84%   951  515s
 16437 13141   12.03042   30 2483   12.53797   11.93110  4.84%   961  523s
 16525 13216   12.06411   31 2476   12.53797   11.93110  4.84%   980  531s
 16631 13268   12.10896   31 2462   12.53797   11.93110  4.84%   995  538s
 16728 13317   12.08256   32 2511   12.53797   11.93110  4.84%  1006  546s
 16814 13373   12.14020   33 2315   12.53797   11.93110  4.84%  1028  554s
H16901 12719                      12.5379718   11.93110  4.84%  1040  554s
 16907 12806   12.29486   33 2583   12.53797   11.93110  4.84%  1041  564s
H16915 12209                      12.5379716   11.93110  4.84%  1042  564s
 17009 12287   12.14023   34 2329   12.53797   11.93110  4.84%  1058  571s
H17035 11714                      12.5379715   11.93110  4.84%  1063  571s
 17136 11787   12.14036   35 2299   12.53797   11.93110  4.84%  1075  579s
 17260 11835   12.14431   37 2212   12.53797   11.93110  4.84%  1097  591s
 17370 11901   12.14099   39 2201   12.53797   11.93110  4.84%  1121  601s
 17499 11963   12.14323   41 2189   12.53797   11.93112  4.84%  1147  611s
 17614 12010   12.14208   44 2331   12.53797   11.93112  4.84%  1173  622s
 17715 12119   12.14317   46 2267   12.53797   11.93112  4.84%  1204  632s
 17874 12204   12.14413   48 2258   12.53797   11.93136  4.84%  1224  649s
 18032 12301   12.14458   49 2257   12.53797   11.93136  4.84%  1248  661s
 18200 12328   12.15102   51 2213   12.53797   11.93138  4.84%  1267  676s
 18299 12446   12.15312   53 2155   12.53797   11.93138  4.84%  1283  691s
 18464 12571   12.15320   55 2184   12.53797   11.93139  4.84%  1305  704s
H18618 11984                      12.5379715   11.93139  4.84%  1320  704s
 18660 12108   12.15500   58 2226   12.53797   11.93139  4.84%  1326  717s
 18840 12196   12.17758   62 2115   12.53797   11.93139  4.84%  1351  728s
 19028 12321   12.17783   66 2045   12.53797   11.93139  4.84%  1374  738s
H19051 11804                      12.5379714   11.93139  4.84%  1378  738s
H19090 11307                      12.5379714   11.93139  4.84%  1384  738s
 19246 11485   12.17839   71 2141   12.53797   11.93155  4.84%  1404  752s
 19515 11627   12.18105   72 2042   12.53797   11.93155  4.84%  1431  765s
 19782 11637   12.18255   76 2000   12.53797   11.93155  4.84%  1456  778s
 19954 11689   12.22394   79 1955   12.53797   11.93155  4.84%  1498  792s
 20132 11764   12.42310   82 1798   12.53797   11.93155  4.84%  1541  804s
 20298 11876   12.22840   85 2061   12.53797   11.93166  4.84%  1566  815s
H20417 11378                      12.5379713   11.93166  4.84%  1569  815s
 20480 11641   12.22505   87 1991   12.53797   11.93166  4.84%  1572  832s
 20793 11611   12.22657   94 1938   12.53797   11.93166  4.84%  1594  847s
H20801  8409                      12.2739663   11.93166  2.79%  1595  847s
H20824  7986                      12.2395175   11.93166  2.52%  1596  847s
H20838  7587                      12.2318919   11.93166  2.45%  1597  847s
 20881  7451     cutoff   97        12.23189   11.93166  2.45%  1600  864s
 21130  7450     cutoff   96        12.23189   11.93186  2.45%  1630  880s
H21131  7076                      12.2318919   11.93186  2.45%  1630  880s
H21148  6715                      12.2318919   11.93186  2.45%  1633  880s
 21265  6665   12.07801   32 2585   12.23189   11.93186  2.45%  1673  905s
H21397  6344                      12.2317659   11.93186  2.45%  1723  924s
H21518  5983                      12.2317464   11.93186  2.45%  1748  924s
 21581  5997   12.12317   42 2537   12.23175   11.93186  2.45%  1766  942s
H21699  5653                      12.2317464   11.93186  2.45%  1785  942s
 21795  5628   12.12956   54 2479   12.23175   11.93186  2.45%  1814  961s
H21821  5330                      12.2317464   11.93186  2.45%  1814  961s
H21864  5040                      12.2317464   11.93545  2.42%  1829  961s
 22024  5071   12.13988   71 2357   12.23175   11.93545  2.42%  1860  981s
H22246  4900                      12.2317464   11.93545  2.42%  1917 1010s
H22336  4622                      12.2317249   11.93782  2.40%  1942 1010s
H22386  4369                      12.2316170   11.93782  2.40%  1965 1010s
 22476  4510   12.21665   92 2226   12.23162   11.93782  2.40%  1988 1031s
H22749  4378                      12.2316039   11.93782  2.40%  2050 1051s
H22824  4140                      12.2315937   11.93786  2.40%  2072 1051s
 23012  4273   12.23049  108 1869   12.23159   11.93786  2.40%  2109 1078s
H23043  4060                      12.2315801   11.93786  2.40%  2113 1078s
 23274  4134   12.10045   31 2712   12.23158   11.94453  2.35%  2173 1103s
H23276  3942                      12.2315696   11.94453  2.35%  2175 1103s
H23286  3754                      12.2311420   11.94453  2.34%  2179 1103s
 23499  3877     cutoff   33        12.23114   11.94453  2.34%  2247 1126s
 23782  3914   12.10533   37 2646   12.23114   11.94566  2.33%  2308 1151s
H23804  3733                      12.2311142   11.94566  2.33%  2316 1151s
 24034  3809   12.10714   43 2502   12.23111   11.94697  2.32%  2383 1177s
H24038  3644                      12.2311142   11.94697  2.32%  2383 1177s
H24063  3478                      12.2311142   11.94697  2.32%  2387 1177s
H24181  3353                      12.2311142   11.94697  2.32%  2420 1177s
H24242  3353                      12.2311076   11.94697  2.32%  2440 1177s
 24281  3541     cutoff   48        12.23111   11.94697  2.32%  2451 1205s
H24346  3541                      12.2311076   11.94903  2.31%  2477 1205s
 24578  3820     cutoff   49        12.23111   11.94903  2.31%  2524 1233s
H24950  4190                      12.2311076   11.94903  2.31%  2576 1261s
H25198  4190                      12.2311076   11.94903  2.31%  2620 1261s
 25430  4663     cutoff   52        12.23111   11.94903  2.31%  2633 1289s
H25903  4662                      12.2309845   11.94903  2.31%  2678 1289s
H26052  4973                      12.2309815   11.94903  2.31%  2685 1321s
H26055  2999                      12.1540623   11.94903  1.69%  2687 1321s
H26246  2806                      12.1473505   11.94903  1.63%  2706 1321s
H26330  2666                      12.1425664   11.94903  1.59%  2711 1321s
H26480  2658                      12.1415664   11.94903  1.59%  2713 1352s
H26480  2658                      12.1415645   11.94903  1.59%  2713 1352s
H26632  2629                      12.1402777   11.95328  1.54%  2749 1352s
 26824  3159   12.00233   49 2321   12.14028   11.95727  1.51%  2786 1383s
H27177  3159                      12.1402777   11.95740  1.51%  2819 1383s
 27527  3903   12.02023   67 2205   12.14028   11.95740  1.51%  2817 1417s
H27665  3903                      12.1402765   11.96914  1.41%  2828 1417s
H28370  3902                      12.1402761   11.97052  1.40%  2852 1417s
 28378  4681   12.03313   86 2058   12.14028   11.97052  1.40%  2854 1451s
H28705  4681                      12.1402761   11.97053  1.40%  2880 1451s
H28910  4670                      12.1397309   11.97053  1.39%  2902 1451s
 29323  5390   12.04010  102 1960   12.13973   11.97053  1.39%  2910 1491s
H29393  5390                      12.1397309   11.97053  1.39%  2912 1491s
H29914  5390                      12.1397299   11.97080  1.39%  2948 1491s
H30045  5385                      12.1394958   11.97080  1.39%  2948 1491s
 30287  6055   12.05374  129 1851   12.13950   11.97080  1.39%  2964 1523s
H30434  6055                      12.1394958   11.97080  1.39%  2963 1523s
H31003  6055                      12.1394949   11.97080  1.39%  2967 1523s
 31119  6987   12.09682  161 1700   12.13949   11.97080  1.39%  2982 1545s
H31198  6987                      12.1394947   11.97080  1.39%  2985 1545s
H31251  6986                      12.1394761   11.97080  1.39%  2985 1545s
H31435  6941                      12.1379693   11.97080  1.38%  2990 1545s
H31474  6941                      12.1379690   11.97080  1.38%  2995 1545s
H31771  6941                      12.1379688   11.97080  1.38%  2989 1545s
 32123  7337   12.12005  166 1604   12.13797   11.97080  1.38%  2989 1574s
H32203  7337                      12.1379676   11.97080  1.38%  2985 1574s
H32248  7322                      12.1375764   11.97080  1.37%  2986 1574s
H32256  7273                      12.1365540   11.97080  1.37%  2989 1574s
H32460  7160                      12.1348260   11.97080  1.35%  2998 1574s
 32589  7624   12.12468  199 1424   12.13483   11.97080  1.35%  2998 1605s
H32652  7623                      12.1348190   11.97080  1.35%  2998 1605s
 33243  8391   12.13099  220 1435   12.13482   11.97202  1.34%  3038 1638s
H33950  8391                      12.1348190   11.97202  1.34%  3047 1638s
 34181  9202     cutoff  226        12.13482   11.97202  1.34%  3056 1662s
H35126  9559                      12.1323933   11.97236  1.32%  3073 1690s
 35922 10078   12.09277   99 2011   12.13239   11.97236  1.32%  3109 1716s
H36685 10686                      12.1323933   11.97267  1.32%  3145 1742s
H36685 10686                      12.1323933   11.97267  1.32%  3145 1742s
H36746 10686                      12.1323932   11.97267  1.32%  3155 1742s
H36929 10685                      12.1323888   11.97267  1.32%  3156 1742s
H37429 10679                      12.1323575   11.97267  1.32%  3174 1742s
 37479 11277   12.13223  156 1658   12.13236   11.97267  1.32%  3177 1774s
 38299 11821   12.00645   44 2447   12.13236   11.97506  1.30%  3219 1804s
 38952 12584   12.00648   46 2456   12.13236   11.97506  1.30%  3227 1839s
H39653 12567                      12.1321773   11.97531  1.29%  3227 1839s
H39771 12567                      12.1321562   11.97531  1.29%  3236 1839s
 39963 13200   12.03124   63 2266   12.13216   11.97531  1.29%  3249 1874s
 40895 13977   12.05024   87 2061   12.13216   11.97643  1.28%  3282 1910s
 41873 14635   12.08106  107 1943   12.13216   11.97836  1.27%  3310 1945s
 42720 15722   12.09394  127 1826   12.13216   11.97841  1.27%  3339 1982s
 43975 16718   12.10784  166 1668   12.13216   11.97997  1.25%  3371 2022s
 45262 17988   12.11862  226 1499   12.13216   11.98066  1.25%  3415 2065s
 46767 19491   12.12478  252 1547   12.13216   11.98066  1.25%  3435 2105s
H47075 19490                      12.1321275   11.98066  1.25%  3435 2105s
 48511 20198   12.12860  267 1530   12.13213   11.98093  1.25%  3456 2149s
H48859 20198                      12.1321274   11.98093  1.25%  3448 2149s
H48990 20184                      12.1320278   11.98093  1.25%  3461 2149s
H49300 20182                      12.1320116   11.98093  1.25%  3477 2149s
 49678 21495     cutoff   21        12.13201   11.98093  1.25%  3500 2191s
 51256 22772   12.02268   42 2263   12.13201   11.98332  1.23%  3511 2238s
H51551 22772                      12.1320114   11.98332  1.23%  3498 2238s
H51582 22772                      12.1320099   11.98332  1.23%  3503 2238s
H52276 22763                      12.1319635   11.98332  1.23%  3522 2238s
 52938 24143   12.11246  109 1756   12.13196   11.98332  1.23%  3529 2281s
 54596 25414   12.02124   69 2320   12.13196   11.98332  1.23%  3540 2327s
H54804 25413                      12.1319539   11.98332  1.23%  3542 2327s
 56274 26291   12.11378  117 1832   12.13195   11.98332  1.23%  3567 2371s
 57630 27375     cutoff  154        12.13195   11.98790  1.19%  3599 2424s
 59174 29123   12.09195  101 1950   12.13195   11.98790  1.19%  3621 2491s
 61380 30792   12.09425   22 2987   12.13195   11.98790  1.19%  3660 2548s
 63368 32355     cutoff   27        12.13195   11.98790  1.19%  3692 2606s
 65325 33962   12.11188  140 1671   12.13195   11.98906  1.18%  3729 2664s
 67373 35711     cutoff   49        12.13195   11.99145  1.16%  3774 2727s
 69682 36706   12.10725  126 1754   12.13195   11.99145  1.16%  3812 2793s
 70972 38760   12.11934  150 1667   12.13195   11.99145  1.16%  3829 2862s
 73637 40849   11.99490   47 2412   12.13195   11.99221  1.15%  3853 2932s
 76266 42651   12.07795   82 2140   12.13195   11.99221  1.15%  3875 3003s
 78757 44039   12.03767   54 2426   12.13195   11.99330  1.14%  3903 3075s
 80842 45874     cutoff  118        12.13195   11.99342  1.14%  3944 3154s
 83400 47881   12.10905   95 1859   12.13195   11.99416  1.14%  3976 3238s
 85888 51355   12.05187   69 2048   12.13195   11.99470  1.13%  3990 3324s
 90059 54069   12.01644   67 2040   12.13195   11.99528  1.13%  3984 3422s
 93682 56665     cutoff   56        12.13195   11.99536  1.13%  4014 3510s
 96802 59107   12.12657  149 1673   12.13195   11.99582  1.12%  4024 3599s
 100025 61254   12.11294   98 1956   12.13195   11.99643  1.12%  4046 3689s
 102984 63276   12.00795   50 2358   12.13195   11.99672  1.11%  4084 3783s
 105976 65408     cutoff  148        12.13195   11.99708  1.11%  4112 3877s
 108651 68684   12.02811   67 2251   12.13195   11.99728  1.11%  4163 3973s
 112441 71190     cutoff   41        12.13195   11.99752  1.11%  4178 4070s
 115758 73786   12.09135   84 2006   12.13195   11.99773  1.11%  4205 4166s
 119202 75727   12.02363   56 2411   12.13195   11.99820  1.10%  4223 4268s
 121858 78926   12.08257  101 2018   12.13195   11.99835  1.10%  4248 4390s
 126240 82607   12.01665   50 2339   12.13195   11.99899  1.10%  4272 4494s
 130461 84775   12.08620   72 2133   12.13195   11.99899  1.10%  4282 4587s
 133455 86989   12.10538   95 2061   12.13195   11.99920  1.09%  4314 4688s
 136547 88930   12.10139   97 2011   12.13195   11.99942  1.09%  4345 4786s
 139338 91536     cutoff   58        12.13195   11.99942  1.09%  4372 4885s
 142799 94202   12.07439   65 2223   12.13195   11.99971  1.09%  4392 4985s
 146246 96926   12.04366   62 1980   12.13195   11.99997  1.09%  4409 5083s
 149848 100086   12.04076   69 2265   12.13195   12.00060  1.08%  4417 5184s
 153726 102566   12.02912   64 2274   12.13195   12.00060  1.08%  4424 5274s
 156610 104623   12.09357  129 1839   12.13195   12.00067  1.08%  4445 5364s
 159013 107017   12.10735  148 1877   12.13195   12.00067  1.08%  4464 5465s
 162259 109430   12.06642   79 2074   12.13195   12.00101  1.08%  4487 5566s
 165433 111362   12.13053  113 1676   12.13195   12.00114  1.08%  4505 5665s
 168209 113672   12.08026   74 2158   12.13195   12.00114  1.08%  4529 5767s
 171312 116010   12.10808   93 2019   12.13195   12.00159  1.07%  4550 5869s
 174611 118380   12.12783  117 1556   12.13195   12.00203  1.07%  4569 5970s
 177735 121198   12.13035  115 1832   12.13195   12.00203  1.07%  4591 6072s
 181311 123797   12.10436   92 2048   12.13195   12.00227  1.07%  4607 6175s
 184720 126464   12.12889  123 1648   12.13195   12.00262  1.07%  4622 6273s
 188138 128456   12.02340   57 2367   12.13195   12.00285  1.06%  4630 6368s
 190788 131255   12.09394   90 2114   12.13195   12.00289  1.06%  4638 6469s
 194350 133607   12.05431   74 2095   12.13195   12.00308  1.06%  4645 6567s
 197493 135960   12.10218  109 1844   12.13195   12.00342  1.06%  4657 6666s
 200735 138332     cutoff  112        12.13195   12.00358  1.06%  4669 6767s
 204030 140489   12.07145   62 2147   12.13195   12.00379  1.06%  4680 6866s
 206976 142355   12.11876   88 2118   12.13195   12.00379  1.06%  4695 6968s
 209558 144894   12.10643   98 2022   12.13195   12.00404  1.05%  4720 7072s
 213040 147345   12.06017   79 2162   12.13195   12.00439  1.05%  4726 7172s
 216096 149960   12.11615  102 2136   12.13195   12.00441  1.05%  4745 7281s
 219640 151916   12.01371   46 2303   12.13195   12.00450  1.05%  4761 7382s
 222376 154395     cutoff  101        12.13195   12.00450  1.05%  4772 7490s
 225781 156707   12.05976   70 2198   12.13195   12.00501  1.05%  4783 7601s
 229105 159533   12.06722   90 2063   12.13195   12.00520  1.04%  4797 7710s
 232746 162723   12.13026  121 1757   12.13195   12.00582  1.04%  4803 7814s
 236557 165063   12.09130   81 2121   12.13195   12.00586  1.04%  4806 7913s
 239800 167026   12.07983   77 2057   12.13195   12.00620  1.04%  4815 8013s
 242394 169979   12.12543  125 1685   12.13195   12.00624  1.04%  4834 8118s
 245902 172700     cutoff   47        12.13195   12.00633  1.04%  4844 8214s
 249272 175383     cutoff   61        12.13195   12.00659  1.03%  4851 8312s
 252752 177288     cutoff   72        12.13195   12.00700  1.03%  4853 8404s
 255286 179786   12.01989   75 2196   12.13195   12.00702  1.03%  4855 8501s
 258531 182053   12.08463   92 2039   12.13195   12.00753  1.03%  4862 8599s
 261758 184347   12.12116   49 2632   12.13195   12.00774  1.02%  4865 8697s
 264922 186448   12.09655   91 2096   12.13195   12.00780  1.02%  4866 8794s
 267740 187109   12.04094   68 2321   12.13195   12.00808  1.02%  4880 8937s
 268709 190265   12.10325   96 2147   12.13195   12.00808  1.02%  4886 9049s
 272644 194204   12.07927  108 2015   12.13195   12.00823  1.02%  4886 9152s
 277130 195746     cutoff  285        12.13195   12.00843  1.02%  4877 9230s
 279318 197566   12.10187  103 2040   12.13195   12.00860  1.02%  4882 9317s
 281724 200245   12.12829  140 1854   12.13195   12.00880  1.02%  4891 9411s
 284947 202783   12.11706  105 2014   12.13195   12.00881  1.02%  4895 9502s
 288191 205099   12.04133   59 2245   12.13195   12.00911  1.01%  4900 9592s
 291097 208631   12.02668   55 2478   12.13195   12.00927  1.01%  4895 9686s
 294894 212144   12.09055  106 2039   12.13195   12.00945  1.01%  4885 9777s
 298901 215064   12.12815  180 1733   12.13195   12.00949  1.01%  4879 9863s
 302482 218054   12.09966   79 2003   12.13195   12.00954  1.01%  4875 9964s
 306380 220513   12.05965   63 2248   12.13195   12.01007  1.00%  4875 10050s
 309569 223045   12.13036  153 1845   12.13195   12.01018  1.00%  4874 10135s
 312790 225087   12.09320  100 2086   12.13195   12.01022  1.00%  4872 10226s
 315732 227445     cutoff   47        12.13195   12.01022  1.00%  4872 10318s
 318626 229329 infeasible   71        12.13195   12.01050  1.00%  4877 10409s
 321079 231683   12.11723   97 2149   12.13195   12.01059  1.00%  4882 10505s
 324167 235092   12.09787  103 2077   12.13195   12.01059  1.00%  4887 10605s
 328178 238401   12.11657  104 1814   12.13195   12.01059  1.00%  4882 10696s
 332206 240906   12.13046  142 1502   12.13195   12.01059  1.00%  4872 10797s

Cutting planes:
  Learned: 452
  Gomory: 110
  Cover: 781
  Implied bound: 208
  Projected implied bound: 217
  Clique: 3
  MIR: 438
  Flow cover: 923
  GUB cover: 4
  Inf proof: 1
  Zero half: 42
  Network: 32
  RLT: 1427
  Relax-and-lift: 304
  BQP: 2

Explored 335702 nodes (1636695839 simplex iterations) in 10797.27 seconds (25520.92 work units)
Thread count was 32 (of 104 available processors)

Solution count 10: 12.132 12.132 12.132 ... 12.1322

Optimal solution found (tolerance 1.00e-02)
Best objective 1.213195393444e+01, best bound 1.201140375855e+01, gap 0.9937%
m.flow_changes_penalty(): 540.0
Total operational cost: 120779.54
Maximum power (kW): 1171.08
Discharge energy capacity (kWh): 13170.18
Charge energy capacity (kWh): 9733.91
Levelized Cost of Flexibility ($/kWh): -0.16
{'fixed_demand_cost': 6892.2829198738955, 'variable_demand_cost': 5063.392657354799, 'fixed_monthly_cost': 171938.17204301074, 'total_water_production': 282179.67123287695, 'total_energy_cost': 22232.995643715647, 'total_demand_cost': 11955.675577228694, 'total_customer_cost': 0.0, 'total_feed_cost': 51137.498573920064, 'total_brine_cost': 16094.76878727353, 'total_chemical_cost': 19358.600762307648, 'total_water_revenue': 0.0, 'total_demand_response_revenue': 0.0, 'total_emissions_cost': 0.0, 'total_op_cost': 120779.53934444557, 'fixed_cost': 121551.98252688172, 'total_cost': 242331.5218713273, 'LCOW': 0.858784478742043, 'degree_of_flex': 0.1437125748502994, 'total_replacement_cost': 1430.3939899298148, 'maximum_power': 1171.0808202107714, 'discharge_energy_capacity': 13170.183258303674, 'charge_energy_capacity': 9733.910275088438, 'discharge_power_capacity': 487.7845651223583, 'charge_power_capacity': 69.03482464601728, 'round_trip_efficiency': 0, 'LVOF': -0.16035717141929887}
Saved operation variable results to: /home/rchurchi/watertap_test/watertap/tutorials/flex_ro/wrd_result_summer_both_4_flexible_trains_2026.csv
Saved summary results to: /home/rchurchi/watertap_test/watertap/tutorials/flex_ro/wrd_pricetaker_summary_results_20260717_152504.csv
