2026-07-17 10:40:12 [INFO] idaes.core.surrogate.pysmo_surrogate: Decode surrogate. type=poly

===========================Polynomial Regression===============================================

The number of cross-validation cases (3) is used.
The default training/cross-validation split of 0.75 is used.
No iterations will be run.
Default parameter estimation method is used.
Parameter estimation method:  pyomo 

2026-07-17 10:40:12 [INFO] idaes.core.surrogate.pysmo_surrogate: Decode surrogate. type=poly

===========================Polynomial Regression===============================================

The number of cross-validation cases (3) is used.
The default training/cross-validation split of 0.75 is used.
No iterations will be run.
Default parameter estimation method is used.
Parameter estimation method:  pyomo 

2026-07-17 10:40:12 [INFO] idaes.core.surrogate.pysmo_surrogate: Decode surrogate. type=poly

===========================Polynomial Regression===============================================

The number of cross-validation cases (3) is used.
The default training/cross-validation split of 0.75 is used.
No iterations will be run.
Default parameter estimation method is used.
Parameter estimation method:  pyomo 

2026-07-17 10:40:12 [INFO] idaes.core.surrogate.pysmo_surrogate: Decode surrogate. type=poly

===========================Polynomial Regression===============================================

The number of cross-validation cases (3) is used.
The default training/cross-validation split of 0.75 is used.
No iterations will be run.
Default parameter estimation method is used.
Parameter estimation method:  pyomo 

2026-07-17 10:40:13 [INFO] idaes.apps.grid_integration.pricetaker.price_taker_model: Found minimum uptime/downtime data for pretreatment.uf_pumps[1] - Adding minimum uptime/downtime constraints.
2026-07-17 10:40:13 [INFO] idaes.apps.grid_integration.pricetaker.price_taker_model: Created startup/shutdown constraints for operation model  pretreatment.uf_pumps[1] at uf_pumps_1_startup_shutdown.
2026-07-17 10:40:13 [INFO] idaes.apps.grid_integration.pricetaker.price_taker_model: Found minimum uptime/downtime data for pretreatment.uf_pumps[2] - Adding minimum uptime/downtime constraints.
2026-07-17 10:40:13 [INFO] idaes.apps.grid_integration.pricetaker.price_taker_model: Created startup/shutdown constraints for operation model  pretreatment.uf_pumps[2] at uf_pumps_2_startup_shutdown.
2026-07-17 10:40:13 [INFO] idaes.apps.grid_integration.pricetaker.price_taker_model: Found minimum uptime/downtime data for pretreatment.uf_pumps[3] - Adding minimum uptime/downtime constraints.
2026-07-17 10:40:13 [INFO] idaes.apps.grid_integration.pricetaker.price_taker_model: Created startup/shutdown constraints for operation model  pretreatment.uf_pumps[3] at uf_pumps_3_startup_shutdown.
2026-07-17 10:40:13 [INFO] idaes.apps.grid_integration.pricetaker.price_taker_model: Found minimum uptime/downtime data for reverse_osmosis.ro_skid[1] - Adding minimum uptime/downtime constraints.
2026-07-17 10:40:13 [INFO] idaes.apps.grid_integration.pricetaker.price_taker_model: Created startup/shutdown constraints for operation model  reverse_osmosis.ro_skid[1] at ro_skid_1_startup_shutdown.
2026-07-17 10:40:13 [INFO] idaes.apps.grid_integration.pricetaker.price_taker_model: Found minimum uptime/downtime data for reverse_osmosis.ro_skid[2] - Adding minimum uptime/downtime constraints.
2026-07-17 10:40:13 [INFO] idaes.apps.grid_integration.pricetaker.price_taker_model: Created startup/shutdown constraints for operation model  reverse_osmosis.ro_skid[2] at ro_skid_2_startup_shutdown.
2026-07-17 10:40:13 [INFO] idaes.apps.grid_integration.pricetaker.price_taker_model: Found minimum uptime/downtime data for reverse_osmosis.ro_skid[3] - Adding minimum uptime/downtime constraints.
2026-07-17 10:40:13 [INFO] idaes.apps.grid_integration.pricetaker.price_taker_model: Created startup/shutdown constraints for operation model  reverse_osmosis.ro_skid[3] at ro_skid_3_startup_shutdown.
2026-07-17 10:40:13 [INFO] idaes.apps.grid_integration.pricetaker.price_taker_model: Found minimum uptime/downtime data for reverse_osmosis.ro_skid[4] - Adding minimum uptime/downtime constraints.
2026-07-17 10:40:13 [INFO] idaes.apps.grid_integration.pricetaker.price_taker_model: Created startup/shutdown constraints for operation model  reverse_osmosis.ro_skid[4] at ro_skid_4_startup_shutdown.
3598
Set parameter TokenServer to value "10.60.1.73"
Set parameter LogToConsole to value 1
Set parameter MIPGap to value 0.007
Gurobi Optimizer version 12.0.3 build v12.0.3rc0 (linux64 - "Red Hat Enterprise Linux 8.8 (Ootpa)")

CPU model: Intel(R) Xeon(R) Platinum 8470QL, instruction set [SSE2|AVX|AVX2|AVX512]
Thread count: 104 physical cores, 104 logical processors, using up to 32 threads

Non-default parameters:
MIPGap  0.007

Optimize a model with 18287 rows, 15701 columns and 45075 nonzeros
Model fingerprint: 0x40185f56
Model has 168 quadratic objective terms
Model has 2016 quadratic constraints
Variable types: 10587 continuous, 5114 integer (5114 binary)
Coefficient statistics:
  Matrix range     [5e-04, 2e+03]
  QMatrix range    [2e-07, 1e+00]
  QLMatrix range   [3e-04, 1e+00]
  Objective range  [1e-05, 1e-03]
  QObjective range [2e-04, 2e-04]
  Bounds range     [9e-01, 1e+03]
  RHS range        [5e-02, 3e+05]
  QRHS range       [3e-01, 3e-01]
Presolve removed 12831 rows and 10844 columns
Presolve time: 0.08s
Presolved: 11516 rows, 4864 columns, 30851 nonzeros
Presolved model has 4 SOS constraint(s)
Presolved model has 1640 bilinear constraint(s)

Solving non-convex MIQCP

Variable types: 3130 continuous, 1734 integer (1734 binary)
Found heuristic solution: objective 18.3260406

Root relaxation: unbounded, 0 iterations, 0.01 seconds (0.00 work units)

    Nodes    |    Current Node    |     Objective Bounds      |     Work
 Expl Unexpl |  Obj  Depth IntInf | Incumbent    BestBd   Gap | It/Node Time

     0     2  postponed    0        18.32604          -      -     -    1s
H    4     8                      15.2454981   10.89205  28.6%  9726    4s
    15    32   11.03589    4 1976   15.24550   11.03128  27.6%  4754    5s
H   32    64                      15.2075066   11.03479  27.4%  3528    6s
H   35    64                      15.2071866   11.03479  27.4%  3298    6s
H   59    64                      15.1321743   11.03700  27.1%  2396    6s
H   95   193                      15.1177949   11.03700  27.0%  2253    7s
H  100   193                      15.0677983   11.03700  26.8%  2344    7s
H  139   193                      14.7690167   11.03700  25.3%  1923    7s
H  297   385                      14.7509071   11.03700  25.2%  1209    8s
H  301   385                      14.7259619   11.03700  25.1%  1218    8s
H  305   385                      14.6894501   11.03700  24.9%  1216    8s
H  319   385                      14.6891764   11.03700  24.9%  1186    8s
H  331   385                      14.6847357   11.03700  24.8%  1189    8s
H  336   385                      14.6544999   11.03700  24.7%  1174    8s
H  359   385                      14.6531807   11.03700  24.7%  1134    8s
H  479   554                      14.6529408   11.03700  24.7%   981    9s
H  489   554                      14.3466637   11.03700  23.1%   981    9s
   553   643   11.21169   14 1897   14.34666   11.03700  23.1%   924   10s
H  644   717                      14.1387393   11.03700  21.9%   876   10s
H  651   717                      14.0594456   11.03700  21.5%   876   10s
H  815   901                      14.0589490   11.03700  21.5%   794   11s
H  819   901                      14.0588241   11.03700  21.5%   795   11s
H  823   901                      14.0585823   11.03700  21.5%   809   11s
H  838   901                      13.7066569   11.03700  19.5%   800   11s
H  869   901                      13.6546845   11.03700  19.2%   784   11s
H 1014  1107                      13.5770886   11.03700  18.7%   734   11s
H 1017  1107                      13.5463432   11.03700  18.5%   734   11s
H 1048  1107                      13.5354560   11.03700  18.5%   729   11s
H 1065  1107                      13.5176119   11.03700  18.4%   722   11s
H 1090  1107                      13.3126861   11.03700  17.1%   710   11s
H 1230  1335                      13.2283978   11.03700  16.6%   687   12s
H 1233  1335                      13.1720074   11.03700  16.2%   693   12s
H 1262  1335                      13.1702702   11.03700  16.2%   692   12s
H 1326  1335                      13.1638107   11.03700  16.2%   668   12s
H 1471  1612                      13.1631399   11.03700  16.2%   655   14s
H 1476  1612                      13.1627725   11.03700  16.1%   659   14s
H 1485  1612                      13.1613480   11.03700  16.1%   666   14s
H 1509  1612                      13.1563053   11.03700  16.1%   662   14s
H 1514  1612                      13.1536198   11.03700  16.1%   661   14s
H 1571  1612                      13.1494600   11.03700  16.1%   647   14s
H 1590  1612                      13.1433009   11.03700  16.0%   641   14s
H 1600  1612                      13.1276736   11.03700  15.9%   637   14s
  1611  1784   11.08598   24 2078   13.12767   11.03700  15.9%   636   15s
H 1783  1937                      13.1024444   11.03700  15.8%   613   15s
H 1785  1937                      13.0854556   11.03700  15.7%   614   15s
H 1789  1937                      13.0831754   11.03700  15.6%   616   15s
H 1791  1937                      13.0434653   11.03700  15.4%   616   15s
H 1824  1937                      13.0418291   11.03700  15.4%   620   15s
H 1830  1937                      13.0356636   11.03700  15.3%   619   15s
H 1855  1937                      13.0234481   11.03700  15.3%   614   15s
H 1895  1937                      13.0206428   11.03700  15.2%   606   15s
H 1936  2156                      13.0186428   11.03700  15.2%   602   16s
H 2158  2353                      12.9102726   11.03700  14.5%   576   16s
H 2190  2353                      12.9033391   11.03700  14.5%   578   16s
H 2280  2353                      12.9025391   11.03700  14.5%   562   16s
H 2318  2353                      12.8750030   11.03700  14.3%   554   16s
H 2431  2611                      12.7339602   11.03700  13.3%   551   17s
H 2870  3119                      12.6816521   11.03700  13.0%   505   18s
H 2873  3119                      12.6420109   11.03700  12.7%   508   18s
H 2895  3119                      12.6122659   11.03700  12.5%   511   18s
H 2985  3119                      12.5922962   11.03700  12.4%   503   18s
H 3104  3119                      12.5828911   11.03700  12.3%   489   18s
H 3413  3747                      12.5418805   11.03700  12.0%   476   19s
H 3423  3747                      12.5282104   11.03700  11.9%   480   19s
H 3427  3747                      12.5048943   11.03700  11.7%   481   19s
H 3516  3747                      12.4722070   11.03700  11.5%   479   19s
  3746  4120   11.11947   39 2005   12.47221   11.03700  11.5%   458   20s
H 3763  4120                      12.4003673   11.03700  11.0%   468   20s
H 3868  4120                      12.3832383   11.03700  10.9%   465   20s
H 4153  4530                      12.3829859   11.03700  10.9%   452   20s
H 4184  4530                      12.3828754   11.03700  10.9%   450   20s
H 4217  4530                      12.3765406   11.03700  10.8%   452   20s
H 4258  4530                      12.3420231   11.03700  10.6%   448   20s
H 4631  4971                      12.3189358   11.03700  10.4%   432   21s
H 4701  4971                      12.3014929   11.03700  10.3%   427   21s
H 4730  4971                      12.2940089   11.03700  10.2%   424   21s
H 4840  4971                      12.2869948   11.03700  10.2%   418   21s
H 4970  5261                      12.2250209   11.03700  9.72%   409   22s
H 5123  5258                      12.1888137   11.03700  9.45%   410   22s
H 5303  5718                      12.1888137   11.03700  9.45%   407   22s
H 5322  5718                      12.1796058   11.03700  9.38%   408   22s
H 5355  5715                      12.1640535   11.03700  9.27%   406   22s
H 5422  5714                      12.1637484   11.03700  9.26%   406   22s
H 5698  5714                      12.1628350   11.03700  9.26%   392   22s
H 5768  6289                      12.1478026   11.03700  9.14%   388   23s
H 5772  6284                      12.1422481   11.03700  9.10%   388   23s
H 5788  6281                      12.1360548   11.03700  9.06%   392   23s
H 5938  6278                      12.1334268   11.03700  9.04%   389   23s
H 5996  6270                      12.1262629   11.03700  8.98%   386   23s
H 6348  6715                      12.1262629   11.03700  8.98%   368   24s
H 6356  6715                      12.1260230   11.03700  8.98%   369   24s
H 6360  6695                      12.1193428   11.03700  8.93%   370   24s
H 6871  7088                      12.0998787   11.03706  8.78%   359   24s
  7364  7521   11.14282   47 1898   12.09988   11.03706  8.78%   348   25s
H 7415  7495                      12.0942947   11.03706  8.74%   352   25s
H 7447  7426                      12.0856923   11.03706  8.68%   350   25s
H 7473  7416                      12.0847173   11.03706  8.67%   349   25s
H 7856  7790                      12.0837173   11.03706  8.66%   341   25s
H 7856  7789                      12.0834781   11.03706  8.66%   341   25s
H 7862  7775                      12.0818660   11.03706  8.65%   344   25s
H 7868  7750                      12.0776065   11.03706  8.62%   345   25s
H 7938  7743                      12.0764924   11.03706  8.61%   345   25s
H 8312  8224                      12.0704924   11.03821  8.55%   346   26s
H 8456  8211                      12.0685599   11.03821  8.54%   345   26s
H 8710  8209                      12.0683457   11.03821  8.54%   339   26s
H 8731  8194                      12.0665247   11.03821  8.52%   338   26s
H 8783  8691                      12.0655247   11.03821  8.51%   338   27s
H 8951  8686                      12.0649404   11.03821  8.51%   341   27s
H 8997  8669                      12.0634062   11.03821  8.50%   341   27s
H 9470  9254                      12.0624899   11.03821  8.49%   340   27s
H 9701  9204                      12.0570838   11.03821  8.45%   335   27s
  9884  9818   11.16673   56 1930   12.05708   11.03821  8.45%   332   35s
H 9890  9808                      12.0558267   11.03821  8.44%   332   35s
H 9903  9793                      12.0538158   11.03821  8.43%   333   35s
H10559 10473                      12.0501502   11.03821  8.40%   333   35s
H11214 11279                      12.0491502   11.03821  8.39%   324   36s
H11746 11261                      12.0471072   11.03821  8.37%   322   36s
H11845 11253                      12.0463448   11.03821  8.37%   321   36s
H12649 12113                      12.0453018   11.03821  8.36%   316   37s
H12907 12984                      12.0443018   11.03821  8.35%   311   41s
H12937 12981                      12.0440717   11.03821  8.35%   313   41s
H13802 14238                      12.0430781   11.03821  8.34%   307   42s
H14238 14236                      12.0428771   11.03821  8.34%   304   42s
 15054 14238   11.61104  461  413   12.04288   11.36441  5.63%   292   46s
 15060 14242   11.47926  230  440   12.04288   11.47926  4.68%   292   50s
 15062 14247   11.47926   10 1585   12.04288   11.47926  4.68%   294   78s
 15068 14257   11.48250   12 1639   12.04288   11.48102  4.67%   295   80s
H15093 13583                      12.0423190   11.48467  4.63%   295   81s
H15166 13031                      12.0405044   11.48685  4.60%   299   83s
H15351 12471                      12.0398359   11.48685  4.59%   300   84s
H15366 11855                      12.0397731   11.48685  4.59%   300   84s
 15417 11918   11.49592   18 1699   12.03977   11.48685  4.59%   301   85s
H15504 11381                      12.0397731   11.48685  4.59%   301   85s
H15510 10828                      12.0397708   11.48685  4.59%   301   85s
H15773 10470                      12.0384024   11.48685  4.58%   304   86s
H15781  9970                      12.0360446   11.48685  4.56%   304   86s
H15889  9570                      12.0359610   11.48685  4.56%   304   87s
H15992  9201                      12.0347164   11.48685  4.55%   305   87s
H15996  8773                      12.0338967   11.48685  4.55%   305   87s
H16022  8359                      12.0337114   11.48685  4.54%   305   87s
H16108  8066                      12.0327114   11.48685  4.54%   307   89s
H16151  7686                      12.0302829   11.48685  4.52%   307   89s
H16256  7452                      12.0302829   11.48685  4.52%   308   89s
H16270  7117                      12.0301702   11.48685  4.52%   308   89s
H16276  6801                      12.0300762   11.48685  4.52%   308   89s
H16296  6496                      12.0289938   11.48685  4.51%   308   89s
 16313  6567   11.51212   25 1661   12.02899   11.48685  4.51%   308   90s
H16390  6334                      12.0289836   11.48685  4.51%   308   90s
H16394  6064                      12.0277779   11.48685  4.50%   308   90s
H16422  5799                      12.0262842   11.48685  4.49%   309   90s
H16753  5821                      12.0248131   11.48685  4.47%   311   92s
H16961  5756                      12.0245906   11.48685  4.47%   311   92s
H16980  5530                      12.0228307   11.48685  4.46%   311   92s
H17224  5506                      12.0228307   11.48685  4.46%   312   93s
H17290  5287                      12.0227424   11.48685  4.46%   312   93s
H17322  5088                      12.0227122   11.48685  4.46%   312   93s
H17515  5096                      12.0227122   11.48685  4.46%   314   94s
H17578  4905                      12.0216262   11.48685  4.45%   314   94s
 17639  5013   11.52680   32 1645   12.02163   11.48904  4.43%   314   95s
H18270  5161                      12.0215388   11.49595  4.37%   315   96s
H19048  5785                      12.0215026   11.50124  4.33%   317   98s
H19744  5761                      12.0212801   11.50124  4.33%   317   99s
 19790  6219   11.55465   42 1603   12.02128   11.50124  4.33%   318  100s
H20309  5953                      12.0195857   11.50124  4.31%   315  100s
H21292  6505                      12.0194952   11.50380  4.29%   310  103s
H21687  6834                      12.0194952   11.50673  4.27%   308  104s
H22335  7199                      12.0184940   11.50673  4.26%   304  104s
 22553  7867   11.57537   48 1552   12.01849   11.50673  4.26%   304  105s
H22681  7867                      12.0184940   11.50673  4.26%   304  105s
H22986  7867                      12.0184940   11.50673  4.26%   302  105s
H24760  9817                      12.0184940   11.50673  4.26%   294  107s
H24963  9817                      12.0184940   11.50673  4.26%   293  107s
H25001  9415                      11.9695100   11.50673  3.87%   293  107s
H25068  9415                      11.9695053   11.50673  3.87%   292  107s
H25136  9415                      11.9695014   11.50673  3.87%   293  107s
H25235  9590                      11.9635014   11.50673  3.82%   292  108s
H25535  9635                      11.9635014   11.51404  3.76%   294  109s
H25538  9627                      11.9610127   11.51404  3.74%   294  109s
 25588 10341   11.59309   54 1630   11.96101   11.51404  3.74%   294  110s
H25646 10341                      11.9610127   11.51404  3.74%   295  110s
H26339 11110                      11.9610127   11.51404  3.74%   292  111s
H26754 11110                      11.9610017   11.51404  3.74%   289  111s
H27874 12139                      11.9603803   11.51404  3.73%   286  113s
H28235 12932                      11.9583803   11.51404  3.72%   286  114s
H28954 12922                      11.9575193   11.51700  3.68%   284  114s
 29098 13721   11.65944   59 1604   11.95752   11.51700  3.68%   284  115s
H29940 14954                      11.9560558   11.51700  3.67%   282  116s
H31243 15268                      11.9466158   11.51700  3.60%   277  117s
H31742 15933                      11.9446158   11.51700  3.58%   275  118s
H33410 16922                      11.9446065   11.52078  3.55%   269  119s
H33434 16922                      11.9446061   11.52078  3.55%   269  119s
H33563 16921                      11.9445002   11.52078  3.55%   269  119s
 33578 17827   11.68344   67 1342   11.94450   11.52078  3.55%   269  121s
 38622 23071   11.79782  119 1161   11.94450   11.52828  3.48%   250  125s
H45963 29076                      11.9435083   11.54865  3.31%   225  128s
 47619 30802   11.83930  196  867   11.94351   11.54865  3.31%   220  130s
H47622 30802                      11.9435063   11.54865  3.31%   220  130s
H47904 32482                      11.9435063   11.54865  3.31%   219  131s
H48194 32482                      11.9435063   11.54865  3.31%   218  131s
H49784 34060                      11.9435063   11.54865  3.31%   215  132s
H51096 34060                      11.9435063   11.54865  3.31%   211  132s
H51932 35721                      11.9435063   11.54865  3.31%   209  133s
H54417 37374                      11.9435063   11.54865  3.31%   204  134s
 54946 39174   11.87232  266  925   11.94351   11.54865  3.31%   203  135s
H55471 39174                      11.9435063   11.54865  3.31%   201  135s
 60343 42436   11.83216  228    0   11.94351   11.55755  3.23%   192  181s
 60346 42438   11.64105   62  574   11.94351   11.60899  2.80%   192  185s
 60353 42443   11.84585  227  594   11.94351   11.61476  2.75%   192  191s
 60357 42445   11.90214  529  599   11.94351   11.61482  2.75%   192  195s
 60362 42449   11.88371  351  596   11.94351   11.61546  2.75%   192  205s
 60364 42453   11.61573   25 1797   11.94351   11.61546  2.75%   192  254s
 60366 42456   11.61871   26 1768   11.94351   11.61573  2.74%   192  256s
 60394 42503   11.62288   29 1827   11.94351   11.62164  2.69%   193  261s
H60398 40379                      11.9435062   11.62164  2.69%   193  261s
H60406 38359                      11.9425093   11.62164  2.69%   194  261s
H60469 36560                      11.9425093   11.62288  2.68%   195  264s
H60492 34732                      11.9425093   11.62288  2.68%   196  264s
H60522 32993                      11.9424771   11.62288  2.68%   196  264s
 60564 33062   11.62589   32 1807   11.94248   11.62288  2.68%   197  266s
H60848 31597                      11.9424771   11.62288  2.68%   199  268s
H60886 30023                      11.9424771   11.62288  2.68%   199  268s
 61079 30197   11.62864   35 1776   11.94248   11.62288  2.68%   201  270s
H61297 28850                      11.9424771   11.62288  2.68%   202  271s
H61328 27431                      11.9415363   11.62288  2.67%   202  271s
H61457 26197                      11.9415363   11.62288  2.67%   203  272s
H61512 24907                      11.9415362   11.62288  2.67%   203  272s
 61722 25098   11.63083   39 1678   11.94154   11.62288  2.67%   204  275s
H61843 23956                      11.9415362   11.62288  2.67%   204  275s
 62392 24339   11.69217   42 1753   11.94154   11.62288  2.67%   207  281s
 63099 24739   11.69380   46 1682   11.94154   11.62864  2.62%   211  285s
 63532 25043   11.69651   48 1672   11.94154   11.62864  2.62%   213  290s
H63713 23997                      11.9414448   11.62989  2.61%   214  291s
H63884 23051                      11.9404448   11.63106  2.59%   216  292s
H64096 22162                      11.9403146   11.63232  2.58%   216  293s
 64329 22397   11.74248   51 1546   11.94031   11.63300  2.57%   217  295s
H64664 21737                      11.9403146   11.63300  2.57%   218  296s
H65656 21004                      11.9403146   11.63300  2.57%   220  299s
H65664 20114                      11.9403114   11.63300  2.57%   220  299s
 65693 20768   11.70364   55 1577   11.94031   11.63300  2.57%   220  300s
H67083 20372                      11.9403114   11.63300  2.57%   221  303s
H67134 19554                      11.9403113   11.63300  2.57%   221  303s
 67849 20298   11.74986   60 1390   11.94031   11.63383  2.57%   223  305s
 70346 22037   11.71720   67 1535   11.94031   11.63383  2.57%   229  310s
H71150 20997                      11.9346397   11.63618  2.50%   230  312s
H71151 19585                      11.9090318   11.63618  2.29%   230  312s
H71243 19479                      11.9070318   11.63618  2.27%   230  313s
 71974 20035   11.71943   70 1546   11.90703   11.63741  2.26%   231  315s
H71982 19370                      11.9066800   11.63741  2.26%   231  315s
H72813 18471                      11.9065792   11.63837  2.25%   232  315s
H73178 18695                      11.9062274   11.63837  2.25%   232  316s
H73838 18962                      11.9052274   11.63977  2.23%   232  317s
H74906 18072                      11.9051266   11.64106  2.22%   232  317s
H74934 18588                      11.9041266   11.64106  2.21%   232  318s
H75758 17809                      11.9031268   11.64106  2.20%   233  318s
 76047 18734   11.75965   75 1496   11.90313   11.64106  2.20%   233  320s
H76516 18105                      11.9025764   11.64106  2.20%   233  320s
H77172 18384                      11.9024759   11.64106  2.20%   234  321s
H78324 18697                      11.9020443   11.64106  2.19%   234  323s
H80587 19273                      11.8983725   11.66317  1.98%   234  325s
H80684 18856                      11.8981147   11.66317  1.97%   234  325s
H81132 18575                      11.8979602   11.66317  1.97%   233  325s
H81321 18570                      11.8979028   11.66317  1.97%   233  325s
H81333 19539                      11.8949028   11.66317  1.95%   233  328s
 82593 20154   11.73934   88 1499   11.89490   11.66668  1.92%   233  330s
H82598 20154                      11.8948941   11.66668  1.92%   234  330s
H82613 20150                      11.8947589   11.66668  1.92%   234  330s
H82662 20150                      11.8947347   11.66668  1.92%   234  330s
H83566 21302                      11.8947347   11.66668  1.92%   234  331s
H84579 22218                      11.8943772   11.66668  1.91%   234  333s
H84582 22211                      11.8942343   11.66668  1.91%   234  333s
H85215 22207                      11.8941857   11.66668  1.91%   233  333s
H85466 22207                      11.8941745   11.66687  1.91%   233  333s
H85527 22207                      11.8941395   11.66687  1.91%   233  333s
H85823 23876                      11.8941394   11.66687  1.91%   233  334s
 87391 25679   11.77056   98 1327   11.89414   11.66715  1.91%   232  336s
H88188 25679                      11.8941393   11.66715  1.91%   231  336s
 92834 30398   11.80922  139 1193   11.89414   11.66717  1.91%   227  341s
H93210 30398                      11.8941393   11.66717  1.91%   226  341s
 97741 35171   11.83366  186 1072   11.89414   11.66726  1.91%   222  345s
 105014 41660     cutoff  296        11.89414   11.66798  1.90%   216  350s
H105189 41657                      11.8940565   11.66798  1.90%   216  350s
 110767 46813   11.89209  330  876   11.89406   11.66798  1.90%   211  355s
 117134 51110   11.68059   51 1581   11.89406   11.66814  1.90%   209  361s
 121966 53744   11.76471   64 1573   11.89406   11.66852  1.90%   210  367s
H122072 53586                      11.8930495   11.66852  1.89%   210  367s
 122082 54669   11.76552   63 1473   11.89305   11.66852  1.89%   210  370s
H122285 40681                      11.8641974   11.66852  1.65%   210  370s
H123314 40518                      11.8612584   11.66907  1.62%   210  374s
H123378 38976                      11.8576697   11.66907  1.59%   210  374s
H123433 38928                      11.8575594   11.66907  1.59%   210  374s
H123533 38661                      11.8569222   11.66907  1.58%   210  374s
H123734 38388                      11.8563455   11.66907  1.58%   210  374s
H123753 38387                      11.8563397   11.66907  1.58%   211  374s
 125195 41765   11.77674   80 1499   11.85634   11.66907  1.58%   213  378s
H127522 41319                      11.8553403   11.66914  1.57%   214  378s
 128793 44146   11.80008  140 1245   11.85534   11.66914  1.57%   214  382s
 131924 47370   11.81162  169 1056   11.85534   11.66914  1.57%   216  386s
 135412 50152   11.81749  201 1023   11.85534   11.66945  1.57%   217  390s
 142454 56506   11.82531  237  971   11.85534   11.66968  1.57%   221  397s
 146125 60270   11.82639  270  989   11.85534   11.66973  1.57%   222  401s
 150424 64138   11.82739  289  868   11.85534   11.66973  1.57%   221  405s
 158903 70866   11.83926  351  868   11.85534   11.66973  1.57%   219  411s
 165207 76278   11.84474  501  965   11.85534   11.66973  1.57%   219  417s
 168636 78780   11.84995  557  969   11.85534   11.67005  1.56%   218  420s
H170106 78163                      11.8543403   11.67005  1.55%   218  420s
 173927 82586   11.75088   48 1603   11.85434   11.67005  1.55%   219  425s
 180101 89964   11.77334  100 1374   11.85434   11.67020  1.55%   220  432s
 185327 92502   11.79448  153 1196   11.85434   11.67020  1.55%   219  435s
H188433 69979                      11.8347544   11.67020  1.39%   218  438s
H191280 59971                      11.8277544   11.67031  1.33%   217  440s
H193106 58016                      11.8257165   11.67031  1.31%   218  443s
H193183 57147                      11.8250041   11.67031  1.31%   218  443s
H193528 57134                      11.8249993   11.67031  1.31%   218  443s
 194554 58558   11.81149  279  908   11.82500   11.67031  1.31%   219  446s
H194899 58524                      11.8249770   11.67031  1.31%   219  446s
H195341 58499                      11.8249588   11.67031  1.31%   219  446s
 196141 60751   11.81418  340  947   11.82496   11.67031  1.31%   220  450s
H198870 62512                      11.8249588   11.67059  1.31%   222  454s
H200391 62492                      11.8249456   11.67059  1.31%   223  454s
 201016 64732   11.75092   49 1686   11.82495   11.67059  1.31%   223  457s
H201467 63029                      11.8239481   11.67059  1.30%   223  457s
 203835 64567   11.80385  129 1454   11.82395   11.67078  1.30%   225  461s
H204432 64563                      11.8239460   11.67078  1.30%   226  461s
 206001 66682   11.76306   65 1560   11.82395   11.67079  1.30%   227  465s
H206673 66670                      11.8239391   11.67079  1.30%   227  465s
H206717 66650                      11.8239297   11.67079  1.30%   227  465s
 208399 67067   11.78891  113 1340   11.82393   11.67096  1.29%   229  470s
H208408 56545                      11.8173293   11.67096  1.24%   229  470s
H208674 55079                      11.8163186   11.67096  1.23%   229  470s
H208713 53517                      11.8151400   11.67096  1.22%   229  470s
H208850 54384                      11.8133019   11.67096  1.20%   229  475s
H212749 56289                      11.8130890   11.67100  1.20%   230  479s
H212792 55804                      11.8128038   11.67100  1.20%   230  479s
H213064 55729                      11.8127464   11.67100  1.20%   230  479s
 215191 58663   11.81210  189 1032   11.81275   11.67109  1.20%   231  484s
 218602 61532   11.81250  127 1264   11.81275   11.67109  1.20%   234  489s
 222064 63818   11.81166  128 1343   11.81275   11.67123  1.20%   237  494s
H223114 63759                      11.8127109   11.67124  1.20%   237  494s
H224134 63747                      11.8127012   11.67124  1.20%   238  494s
 224961 66257   11.80792  129 1349   11.81270   11.67134  1.20%   239  499s
 228127 68842   11.77611   79 1550   11.81270   11.67147  1.20%   242  504s
 231292 70459   11.81181  126 1301   11.81270   11.67153  1.20%   245  509s
H231449 70459                      11.8127012   11.67153  1.20%   245  509s
H232274 70406                      11.8126683   11.67156  1.19%   246  509s
 233078 73799   11.75799   59 1604   11.81267   11.67161  1.19%   247  514s
H236972 76929                      11.8126645   11.67166  1.19%   249  519s
 240539 79482   11.81137  125 1389   11.81266   11.67166  1.19%   251  524s
H240643 79481                      11.8126642   11.67166  1.19%   251  524s
H243006 79481                      11.8126639   11.67172  1.19%   253  524s
 243632 81891   11.78218   88 1497   11.81266   11.67172  1.19%   254  528s
 246368 85039     cutoff  165        11.81266   11.67172  1.19%   256  533s
H247803 85039                      11.8126638   11.67172  1.19%   256  533s
 249996 87803   11.79885  103 1479   11.81266   11.67172  1.19%   256  538s
 253355 89903   11.78012   90 1502   11.81266   11.67182  1.19%   258  542s
H255585 89903                      11.8126638   11.67191  1.19%   260  542s
 255999 93109   11.75349   47 1644   11.81266   11.67191  1.19%   260  547s
 259480 96534   11.78960  117 1281   11.81266   11.67197  1.19%   262  551s
 263198 98762   11.80482  199 1071   11.81266   11.67198  1.19%   262  556s
 265727 101617   11.80637  221 1056   11.81266   11.67201  1.19%   263  560s
 269279 103801   11.80941  282  861   11.81266   11.67202  1.19%   264  565s
 275371 108927     cutoff  132        11.81266   11.67222  1.19%   268  574s
 278515 111118   11.79361   99 1488   11.81266   11.67225  1.19%   269  578s
 281500 113567   11.78059   93 1501   11.81266   11.67233  1.19%   271  582s
 284561 115945   11.76244   76 1586   11.81266   11.67233  1.19%   272  587s
 287537 118454   11.75248   44 1607   11.81266   11.67249  1.19%   274  591s
 290630 120971   11.78745   92 1470   11.81266   11.67249  1.19%   276  596s
 293848 123371   11.75483   47 1612   11.81266   11.67289  1.18%   277  601s
 296987 125791   11.75287   48 1582   11.81266   11.67297  1.18%   279  606s
 299994 128302   11.73866   36 1647   11.81266   11.67309  1.18%   281  610s
 303078 130453   11.75169   45 1594   11.81266   11.67322  1.18%   282  615s
 308711 135684   11.79414  101 1541   11.81266   11.67329  1.18%   285  624s
 312076 138112   11.80140  115 1420   11.81266   11.67329  1.18%   286  629s
 314998 140786   11.75813   53 1553   11.81266   11.67329  1.18%   288  633s
 317862 144944   11.78468   95 1446   11.81266   11.67374  1.18%   288  639s
 322336 148010   11.80609  183 1197   11.81266   11.67381  1.18%   288  643s
 325747 150704   11.80800  210 1091   11.81266   11.67381  1.18%   289  647s
 328876 153027   11.75309   43 1657   11.81266   11.67389  1.17%   290  651s
 331595 155851   11.76330   56 1595   11.81266   11.67389  1.17%   291  656s
 334906 158127   11.79625  130 1245   11.81266   11.67403  1.17%   292  660s
 337789 161103   11.80575  182 1113   11.81266   11.67408  1.17%   293  666s
 341353 164148   11.75535   44 1585   11.81266   11.67416  1.17%   294  671s
 344979 166630   11.78772   88 1489   11.81266   11.67416  1.17%   295  676s
 348287 169783     cutoff  119        11.81266   11.67437  1.17%   295  680s
 355339 175872   11.81183  127 1359   11.81266   11.67473  1.17%   296  689s
 358506 177520   11.79816  105 1475   11.81266   11.67478  1.17%   297  693s
H358668 175429                      11.8117775   11.67478  1.16%   297  693s
H358959 175425                      11.8117761   11.67479  1.16%   297  693s
 360479 177691   11.74555   36 1679   11.81178   11.67484  1.16%   298  698s
H360595 177691                      11.8117761   11.67484  1.16%   298  698s
H361158 177691                      11.8117761   11.67484  1.16%   298  698s
H361500 177688                      11.8117750   11.67484  1.16%   298  698s
 363376 180052   11.75808   47 1584   11.81177   11.67498  1.16%   299  703s
H365347 179908                      11.8117274   11.67498  1.16%   299  703s
H365417 179692                      11.8116572   11.67498  1.16%   299  703s
 366395 182005   11.74789   37 1697   11.81166   11.67498  1.16%   299  708s
 369181 184411   11.80655  115 1553   11.81166   11.67498  1.16%   301  713s
 372217 188327   11.76399   63 1593   11.81166   11.67541  1.15%   302  718s
 376331 191800   11.79308  124 1267   11.81166   11.67565  1.15%   303  723s
 380173 194650   11.80511  172 1167   11.81166   11.67569  1.15%   303  728s
 383537 196753   11.75312   43 1627   11.81166   11.67569  1.15%   304  733s
 386096 199289   11.75346   44 1695   11.81166   11.67569  1.15%   305  737s
 389337 201996   11.75235   43 1668   11.81166   11.67616  1.15%   306  742s
 392564 205792   11.78412   80 1585   11.81166   11.67632  1.15%   307  747s
 396651 208566   11.75291   43 1636   11.81166   11.67632  1.15%   307  752s
 399784 210476   11.74765   37 1707   11.81166   11.67642  1.14%   308  756s
 402004 214029   11.79212  102 1511   11.81166   11.67642  1.14%   309  761s
 405906 218223   11.77142   78 1480   11.81166   11.67642  1.14%   309  766s
 410451 221584   11.79005  132 1265   11.81166   11.67642  1.14%   309  771s
 414097 224073     cutoff  188        11.81166   11.67689  1.14%   309  775s
 417129 227072   11.78387   93 1466   11.81166   11.67689  1.14%   310  780s
 423748 232466   11.76904   64 1521   11.81166   11.67712  1.14%   311  789s
 426805 234953   11.76725   62 1573   11.81166   11.67733  1.14%   311  793s
 429838 237173   11.76054   54 1486   11.81166   11.67739  1.14%   312  798s
 432735 239976   11.74798   36 1594   11.81166   11.67746  1.14%   313  802s
 436153 240970     cutoff  133        11.81166   11.67746  1.14%   315  807s
H437010 240970                      11.8116569   11.67746  1.14%   315  807s
H437377 237517                      11.8108404   11.67746  1.13%   315  807s
 437500 240234   11.76929   65 1484   11.81084   11.67746  1.13%   316  812s
H440856 240234                      11.8108403   11.67860  1.12%   317  812s
H440967 242966                      11.8108403   11.67860  1.12%   317  818s
H442467 242966                      11.8108403   11.67860  1.12%   317  818s
 444351 245483   11.75718   45 1579   11.81084   11.67896  1.12%   318  823s
 447445 248684   11.75754   49 1668   11.81084   11.67899  1.12%   319  829s
 451318 251094   11.78617   91 1632   11.81084   11.67899  1.12%   320  833s
 454459 253895   11.81036  121 1477   11.81084   11.67947  1.11%   321  838s
 457863 256372     cutoff  131        11.81084   11.67948  1.11%   323  843s
 461025 258656   11.80083  106 1417   11.81084   11.67983  1.11%   323  848s
 463918 261359   11.76686   60 1630   11.81084   11.67995  1.11%   325  853s
 467221 264377   11.80359  147 1219   11.81084   11.67995  1.11%   325  858s
 470772 266789   11.80948  191 1121   11.81084   11.68030  1.11%   326  863s
 473751 269649   11.80892  197 1098   11.81084   11.68034  1.10%   327  868s
 477216 271921   11.76466   61 1545   11.81084   11.68088  1.10%   328  872s
 480220 274660   11.80954  113 1269   11.81084   11.68122  1.10%   329  877s
 483648 277482   11.81035  116 1314   11.81084   11.68122  1.10%   330  882s
 487223 279807     cutoff  117        11.81084   11.68189  1.09%   331  887s
 490070 282560   11.76871   58 1546   11.81084   11.68215  1.09%   332  892s
 493500 284599   11.77911   78 1490   11.81084   11.68285  1.08%   333  897s
 496055 287326   11.76415   59 1489   11.81084   11.68337  1.08%   334  902s
H497877 287326                      11.8108403   11.68337  1.08%   334  902s
 499525 289685     cutoff  130        11.81084   11.68345  1.08%   335  907s
H501861 289684                      11.8108400   11.68345  1.08%   336  907s
 502526 292184     cutoff  128        11.81084   11.68445  1.07%   336  912s
H504655 292184                      11.8108400   11.68445  1.07%   337  912s
 505850 293540   11.77678   68 1468   11.81084   11.68558  1.06%   338  918s
H505998 293540                      11.8108398   11.68558  1.06%   338  918s
H506120 290371                      11.8102785   11.68577  1.05%   338  918s
H507401 287892                      11.8099153   11.68577  1.05%   338  918s
 507547 290948   11.80315  110 1425   11.80992   11.68577  1.05%   338  924s
 511446 293023     cutoff  121        11.80992   11.68640  1.05%   339  930s
H511448 292529                      11.8098410   11.68640  1.05%   339  930s
H511736 292334                      11.8098106   11.68640  1.04%   340  930s
H511822 292077                      11.8097738   11.68640  1.04%   340  930s
H514129 288077                      11.8087738   11.68640  1.04%   340  936s
 518020 290150     cutoff  134        11.80877   11.68900  1.01%   341  940s
H518774 290059                      11.8087623   11.68900  1.01%   341  940s
H518840 288559                      11.8085855   11.68900  1.01%   341  940s
 520583 290812     cutoff  118        11.80859   11.69050  1.00%   341  946s
H520873 290541                      11.8085494   11.69050  1.00%   342  946s
H523154 290428                      11.8085371   11.69072  1.00%   343  946s
 523504 293507   11.76150   60 1523   11.80854   11.69072  1.00%   343  952s
H523636 293507                      11.8085371   11.69072  1.00%   343  952s
H524944 293507                      11.8085371   11.69072  1.00%   344  952s
 527430 296227   11.79065   83 1504   11.80854   11.69322  0.98%   344  958s
 530872 298381   11.80683  121 1432   11.80854   11.69420  0.97%   345  964s
 533816 300775   11.78235   91 1487   11.80854   11.69420  0.97%   347  969s
 536911 303324   11.76151   61 1558   11.80854   11.69682  0.95%   348  975s
 540182 305368   11.79900  110 1302   11.80854   11.69772  0.94%   350  981s
 542894 305496   11.71996   63 1637   11.80854   11.69772  0.94%   352  987s
H542998 305320                      11.8085134   11.70413  0.88%   352  987s
 543123 308158   11.72609   67 1607   11.80851   11.70413  0.88%   352  993s
 546678 310400   11.71873   57 1716   11.80851   11.70844  0.85%   354  999s
 549701 312915   11.74003   72 1685   11.80851   11.70971  0.84%   355 1004s
 552677 314471   11.75748   83 1623   11.80851   11.70971  0.84%   355 1009s
 555018 316439   11.78902  103 1456   11.80851   11.71323  0.81%   357 1015s
 557753 319239   11.78004   80 1505   11.80851   11.71610  0.78%   359 1022s
 561153 321609   11.78134   93 1308   11.80851   11.71947  0.75%   360 1028s
 564190 323128     cutoff  122        11.80851   11.71967  0.75%   362 1034s
 566465 325930   11.80709  148 1314   11.80851   11.71967  0.75%   364 1041s
 570089 327745   11.79137   96 1356   11.80851   11.72578  0.70%   366 1048s

Cutting planes:
  Learned: 353
  Gomory: 182
  Cover: 72
  Implied bound: 159
  Projected implied bound: 27
  MIR: 92
  Flow cover: 212
  Network: 2
  RLT: 147
  Relax-and-lift: 163

Explored 572998 nodes (210652566 simplex iterations) in 1048.33 seconds (2117.25 work units)
Thread count was 32 (of 104 available processors)

Solution count 10: 11.8085 11.8085 11.8085 ... 11.8098

Optimal solution found (tolerance 7.00e-03)
Best objective 1.180851357628e+01, best bound 1.172944568866e+01, gap 0.6696%
m.flow_changes_penalty(): 430.0
Total operational cost: 117655.14
Maximum power (kW): 1314.89
Discharge energy capacity (kWh): 10662.23
Charge energy capacity (kWh): 8728.41
Levelized Cost of Flexibility ($/kWh): 0.09
{'fixed_demand_cost': 5885.149669488609, 'variable_demand_cost': 6017.167953417015, 'fixed_monthly_cost': 171938.17204301074, 'total_water_production': 282179.6712328744, 'total_energy_cost': 19958.941677855502, 'total_demand_cost': 11902.317622905624, 'total_customer_cost': 0.0, 'total_feed_cost': 50932.87940515848, 'total_brine_cost': 15544.854772136849, 'total_chemical_cost': 19316.142284789446, 'total_water_revenue': 0.0, 'total_demand_response_revenue': 0.0, 'total_emissions_cost': 0.0, 'total_op_cost': 117655.13576284591, 'fixed_cost': 121551.98252688172, 'total_cost': 239207.11828972763, 'LCOW': 0.847712087992041, 'degree_of_flex': 0.1437125748502994, 'total_replacement_cost': 1430.3939899298148, 'maximum_power': 1314.8881804887985, 'discharge_energy_capacity': 10662.233342055937, 'charge_energy_capacity': 8728.406914918844, 'discharge_power_capacity': 83.95459324453493, 'charge_power_capacity': 212.88797353460595, 'round_trip_efficiency': 0, 'LVOF': 0.09495855274811028}
Saved operation variable results to: /home/rchurchi/watertap_test/watertap/tutorials/flex_ro/wrd_result_summer_both_2_flexible_trains.csv
Saved summary results to: /home/rchurchi/watertap_test/watertap/tutorials/flex_ro/wrd_pricetaker_summary_results_20260717_105745.csv
