2026-07-19 13:59:27 [INFO] idaes.core.surrogate.pysmo_surrogate: Decode surrogate. type=poly

===========================Polynomial Regression===============================================

The number of cross-validation cases (3) is used.
The default training/cross-validation split of 0.75 is used.
No iterations will be run.
Default parameter estimation method is used.
Parameter estimation method:  pyomo 

2026-07-19 13:59:27 [INFO] idaes.core.surrogate.pysmo_surrogate: Decode surrogate. type=poly

===========================Polynomial Regression===============================================

The number of cross-validation cases (3) is used.
The default training/cross-validation split of 0.75 is used.
No iterations will be run.
Default parameter estimation method is used.
Parameter estimation method:  pyomo 

2026-07-19 13:59:27 [INFO] idaes.core.surrogate.pysmo_surrogate: Decode surrogate. type=poly

===========================Polynomial Regression===============================================

The number of cross-validation cases (3) is used.
The default training/cross-validation split of 0.75 is used.
No iterations will be run.
Default parameter estimation method is used.
Parameter estimation method:  pyomo 

2026-07-19 13:59:27 [INFO] idaes.core.surrogate.pysmo_surrogate: Decode surrogate. type=poly

===========================Polynomial Regression===============================================

The number of cross-validation cases (3) is used.
The default training/cross-validation split of 0.75 is used.
No iterations will be run.
Default parameter estimation method is used.
Parameter estimation method:  pyomo 

2026-07-19 13:59:29 [INFO] idaes.apps.grid_integration.pricetaker.price_taker_model: Found minimum uptime/downtime data for pretreatment.uf_pumps[1] - Adding minimum uptime/downtime constraints.
2026-07-19 13:59:29 [INFO] idaes.apps.grid_integration.pricetaker.price_taker_model: Created startup/shutdown constraints for operation model  pretreatment.uf_pumps[1] at uf_pumps_1_startup_shutdown.
2026-07-19 13:59:29 [INFO] idaes.apps.grid_integration.pricetaker.price_taker_model: Found minimum uptime/downtime data for pretreatment.uf_pumps[2] - Adding minimum uptime/downtime constraints.
2026-07-19 13:59:29 [INFO] idaes.apps.grid_integration.pricetaker.price_taker_model: Created startup/shutdown constraints for operation model  pretreatment.uf_pumps[2] at uf_pumps_2_startup_shutdown.
2026-07-19 13:59:29 [INFO] idaes.apps.grid_integration.pricetaker.price_taker_model: Found minimum uptime/downtime data for pretreatment.uf_pumps[3] - Adding minimum uptime/downtime constraints.
2026-07-19 13:59:29 [INFO] idaes.apps.grid_integration.pricetaker.price_taker_model: Created startup/shutdown constraints for operation model  pretreatment.uf_pumps[3] at uf_pumps_3_startup_shutdown.
2026-07-19 13:59:29 [INFO] idaes.apps.grid_integration.pricetaker.price_taker_model: Found minimum uptime/downtime data for reverse_osmosis.ro_skid[1] - Adding minimum uptime/downtime constraints.
2026-07-19 13:59:29 [INFO] idaes.apps.grid_integration.pricetaker.price_taker_model: Created startup/shutdown constraints for operation model  reverse_osmosis.ro_skid[1] at ro_skid_1_startup_shutdown.
2026-07-19 13:59:29 [INFO] idaes.apps.grid_integration.pricetaker.price_taker_model: Found minimum uptime/downtime data for reverse_osmosis.ro_skid[2] - Adding minimum uptime/downtime constraints.
2026-07-19 13:59:29 [INFO] idaes.apps.grid_integration.pricetaker.price_taker_model: Created startup/shutdown constraints for operation model  reverse_osmosis.ro_skid[2] at ro_skid_2_startup_shutdown.
2026-07-19 13:59:29 [INFO] idaes.apps.grid_integration.pricetaker.price_taker_model: Found minimum uptime/downtime data for reverse_osmosis.ro_skid[3] - Adding minimum uptime/downtime constraints.
2026-07-19 13:59:29 [INFO] idaes.apps.grid_integration.pricetaker.price_taker_model: Created startup/shutdown constraints for operation model  reverse_osmosis.ro_skid[3] at ro_skid_3_startup_shutdown.
2026-07-19 13:59:29 [INFO] idaes.apps.grid_integration.pricetaker.price_taker_model: Found minimum uptime/downtime data for reverse_osmosis.ro_skid[4] - Adding minimum uptime/downtime constraints.
2026-07-19 13:59:29 [INFO] idaes.apps.grid_integration.pricetaker.price_taker_model: Created startup/shutdown constraints for operation model  reverse_osmosis.ro_skid[4] at ro_skid_4_startup_shutdown.
3188
Set parameter TokenServer to value "10.60.1.73"
Set parameter LogToConsole to value 1
Set parameter MIPGap to value 0.01
Gurobi Optimizer version 12.0.3 build v12.0.3rc0 (linux64 - "Red Hat Enterprise Linux 8.8 (Ootpa)")

CPU model: Intel(R) Xeon(R) Platinum 8470QL, instruction set [SSE2|AVX|AVX2|AVX512]
Thread count: 104 physical cores, 104 logical processors, using up to 32 threads

Non-default parameters:
MIPGap  0.01

Optimize a model with 18623 rows, 15291 columns and 44141 nonzeros
Model fingerprint: 0xf71de8dd
Model has 168 quadratic objective terms
Model has 1680 quadratic constraints
Variable types: 10083 continuous, 5208 integer (5208 binary)
Coefficient statistics:
  Matrix range     [5e-04, 2e+03]
  QMatrix range    [2e-07, 1e+00]
  QLMatrix range   [3e-04, 1e+00]
  Objective range  [9e-06, 1e-03]
  QObjective range [2e-04, 2e-04]
  Bounds range     [1e+00, 1e+03]
  RHS range        [9e-02, 3e+05]
  QRHS range       [3e-01, 3e-01]
Presolve removed 14718 rows and 11907 columns
Presolve time: 0.06s
Presolved: 8109 rows, 3391 columns, 21223 nonzeros
Presolved model has 4 SOS constraint(s)
Presolved model has 1176 bilinear constraint(s)

Solving non-convex MIQCP

Variable types: 2064 continuous, 1327 integer (1327 binary)
Found heuristic solution: objective 15.3267136

Root relaxation: unbounded, 0 iterations, 0.00 seconds (0.00 work units)

    Nodes    |    Current Node    |     Objective Bounds      |     Work
 Expl Unexpl |  Obj  Depth IntInf | Incumbent    BestBd   Gap | It/Node Time

     0     2  postponed    0        15.32671          -      -     -    0s
H   34    64                      15.3267135   11.04378  27.9%  1706    1s
H   95   220                      15.3267133   11.04420  27.9%   827    1s
H  325   352                      14.4839776   11.04422  23.7%   333    2s
H  329   352                      12.8279850   11.04422  13.9%   330    2s
   433   500   11.14539   17 1048   12.82798   11.04422  13.9%   289    9s
H  435   500                      12.8237311   11.04422  13.9%   288    9s
H  444   500                      12.8195381   11.04422  13.8%   285    9s
H  486   500                      12.8194772   11.04422  13.8%   269    9s
   499   589   11.33630   18 1056   12.81948   11.04422  13.8%   271   10s
H  606   640                      11.7769649   11.04422  6.22%   238   10s
H 1679  1723                      11.7751241   11.04422  6.21%   149   11s
H 1682  1723                      11.7750723   11.04422  6.21%   149   11s
H 1689  1723                      11.7749690   11.04422  6.21%   149   11s
 12112 12247   11.39568  199 1021   11.77497   11.04450  6.20%  73.5   15s
H15278 13753                      11.7749385   11.47616  2.54%  67.5   28s
 15660 13953   11.68657   21  547   11.77494   11.47734  2.53%  75.1   30s
H16051 13407                      11.7749384   11.47754  2.53%  78.0   31s
H17135 13190                      11.7749382   11.53835  2.01%  84.9   32s
H17282 12621                      11.7749377   11.53840  2.01%  85.7   33s
H17336 12014                      11.7749377   11.53840  2.01%  85.9   33s
 19847 13322   11.76407   46  545   11.77494   11.53909  2.00%  94.8   35s
H24625 15039                      11.7749366   11.53982  2.00%   108   38s
H25257 14995                      11.7749366   11.53990  2.00%   111   38s
 27384 16095   11.54299   84  806   11.77494   11.54015  1.99%   115   40s
H32371 17847                      11.7749366   11.54024  1.99%   119   42s
H33822 17906                      11.7749365   11.54160  1.98%   120   43s
 35930 19395   11.55146  125  830   11.77494   11.54178  1.98%   120   45s
 46897 25547   11.55638  105  728   11.77494   11.54579  1.95%   121   50s
 56648 33081   11.75252  116  540   11.77494   11.54890  1.92%   126   55s
 58710 33082   11.55321   79    0   11.77494   11.54890  1.92%   126   65s
 58717 33087   11.75386  154  211   11.77494   11.54890  1.92%   126   70s
 58719 33091   11.54890   26  884   11.77494   11.54890  1.92%   126   81s
 59610 33526   11.75364   38  592   11.77494   11.54890  1.92%   126   85s
 63634 35092   11.54890   56  874   11.77494   11.54890  1.92%   127   90s
H63869 33432                      11.7749364   11.54890  1.92%   127   90s
H65270 32656                      11.7749364   11.54890  1.92%   127   92s
H69510 32793                      11.7749364   11.54890  1.92%   128   94s
H69807 31276                      11.7749360   11.54890  1.92%   128   94s
 69868 31758   11.54890   78  846   11.77494   11.54890  1.92%   128   95s
H71342 30976                      11.7749359   11.54890  1.92%   128   95s
H71493 29646                      11.7749359   11.54890  1.92%   128   95s
H75822 30305                      11.7749359   11.54892  1.92%   128   98s
 80206 32636   11.55263  114  869   11.77494   11.54995  1.91%   126  100s
H87411 34205                      11.7749357   11.55029  1.91%   125  103s
 91575 35889   11.58128  174  665   11.77494   11.55068  1.90%   124  105s
H93802 35507                      11.7749356   11.55205  1.89%   124  106s
H93918 34426                      11.7749356   11.55205  1.89%   124  106s
H94114 33370                      11.7749355   11.55205  1.89%   124  106s
 100873 36390   11.76693  167  620   11.77494   11.55387  1.88%   124  110s
H101200 35340                      11.7749355   11.55387  1.88%   124  110s
H101861 34225                      11.7749354   11.55396  1.88%   124  110s
 112780 40465   11.77335  220  535   11.77494   11.55613  1.86%   122  115s
 126258 50362   11.75581  154  513   11.77494   11.56222  1.81%   121  121s
 139029 59093   11.76410  136  644   11.77494   11.56407  1.79%   119  125s
 152755 67359   11.76959  191  705   11.77494   11.56667  1.77%   119  130s
 166632 75371   11.76909  169  860   11.77494   11.56897  1.75%   118  135s
 179937 83553   11.77241  240  546   11.77494   11.57314  1.71%   118  140s
 197087 92198   11.77220  200  571   11.77494   11.57531  1.70%   117  145s
 209942 98947   11.76997  181  590   11.77494   11.58260  1.63%   117  150s
 223987 105962   11.77252  189  577   11.77494   11.58826  1.59%   116  155s
 240437 114848   11.76461  195  521   11.77494   11.60090  1.48%   116  160s
 257107 122652   11.76839  196  643   11.77494   11.62807  1.25%   115  165s

Cutting planes:
  Learned: 51
  Cover: 2
  Implied bound: 153
  Flow cover: 24
  Zero half: 8
  RLT: 43
  Relax-and-lift: 31

Explored 270477 nodes (31082922 simplex iterations) in 169.10 seconds (343.56 work units)
Thread count was 32 (of 104 available processors)

Solution count 10: 11.7749 11.7749 11.7749 ... 11.775

Optimal solution found (tolerance 1.00e-02)
Best objective 1.177493539927e+01, best bound 1.167535582734e+01, gap 0.8457%
m.flow_changes_penalty(): 80.0
Total operational cost: 117669.35
Maximum power (kW): 1464.74
Discharge energy capacity (kWh): 1440.26
Charge energy capacity (kWh): 1088.22
Levelized Cost of Flexibility ($/kWh): -5.51
{'fixed_demand_cost': 8620.594851940918, 'variable_demand_cost': 2446.622587730847, 'fixed_monthly_cost': 171938.17204301074, 'total_water_production': 282317.39999999915, 'total_energy_cost': 21115.91915298943, 'total_demand_cost': 11067.217439671764, 'total_customer_cost': 0.0, 'total_feed_cost': 50868.00000000003, 'total_brine_cost': 15311.268000000258, 'total_chemical_cost': 19306.949400000092, 'total_water_revenue': 0.0, 'total_demand_response_revenue': -0.0, 'total_emissions_cost': 0.0, 'total_op_cost': 117669.35399266158, 'fixed_cost': 121551.98252688172, 'total_cost': 239221.3365195433, 'LCOW': 0.8473488935486939, 'degree_of_flex': 0.017964071856287425, 'total_replacement_cost': 1412.3746295287792, 'maximum_power': 1464.7415712057054, 'discharge_energy_capacity': 1440.2570836557827, 'charge_energy_capacity': 1088.2247136171163, 'discharge_power_capacity': 8.728830810035047, 'charge_power_capacity': 362.74157120570544, 'round_trip_efficiency': 0, 'LVOF': -5.5106332836389775}
Saved operation variable results to: /home/rchurchi/watertap_test/watertap/tutorials/flex_ro/wrd_result_winter_no_flex_1_flexible_trains_2026.csv
2026-07-19 14:02:21 [INFO] idaes.core.surrogate.pysmo_surrogate: Decode surrogate. type=poly

===========================Polynomial Regression===============================================

The number of cross-validation cases (3) is used.
The default training/cross-validation split of 0.75 is used.
No iterations will be run.
Default parameter estimation method is used.
Parameter estimation method:  pyomo 

2026-07-19 14:02:21 [INFO] idaes.core.surrogate.pysmo_surrogate: Decode surrogate. type=poly

===========================Polynomial Regression===============================================

The number of cross-validation cases (3) is used.
The default training/cross-validation split of 0.75 is used.
No iterations will be run.
Default parameter estimation method is used.
Parameter estimation method:  pyomo 

2026-07-19 14:02:21 [INFO] idaes.core.surrogate.pysmo_surrogate: Decode surrogate. type=poly

===========================Polynomial Regression===============================================

The number of cross-validation cases (3) is used.
The default training/cross-validation split of 0.75 is used.
No iterations will be run.
Default parameter estimation method is used.
Parameter estimation method:  pyomo 

2026-07-19 14:02:21 [INFO] idaes.core.surrogate.pysmo_surrogate: Decode surrogate. type=poly

===========================Polynomial Regression===============================================

The number of cross-validation cases (3) is used.
The default training/cross-validation split of 0.75 is used.
No iterations will be run.
Default parameter estimation method is used.
Parameter estimation method:  pyomo 

2026-07-19 14:02:23 [INFO] idaes.apps.grid_integration.pricetaker.price_taker_model: Found minimum uptime/downtime data for pretreatment.uf_pumps[1] - Adding minimum uptime/downtime constraints.
2026-07-19 14:02:23 [INFO] idaes.apps.grid_integration.pricetaker.price_taker_model: Created startup/shutdown constraints for operation model  pretreatment.uf_pumps[1] at uf_pumps_1_startup_shutdown.
2026-07-19 14:02:23 [INFO] idaes.apps.grid_integration.pricetaker.price_taker_model: Found minimum uptime/downtime data for pretreatment.uf_pumps[2] - Adding minimum uptime/downtime constraints.
2026-07-19 14:02:23 [INFO] idaes.apps.grid_integration.pricetaker.price_taker_model: Created startup/shutdown constraints for operation model  pretreatment.uf_pumps[2] at uf_pumps_2_startup_shutdown.
2026-07-19 14:02:23 [INFO] idaes.apps.grid_integration.pricetaker.price_taker_model: Found minimum uptime/downtime data for pretreatment.uf_pumps[3] - Adding minimum uptime/downtime constraints.
2026-07-19 14:02:23 [INFO] idaes.apps.grid_integration.pricetaker.price_taker_model: Created startup/shutdown constraints for operation model  pretreatment.uf_pumps[3] at uf_pumps_3_startup_shutdown.
2026-07-19 14:02:23 [INFO] idaes.apps.grid_integration.pricetaker.price_taker_model: Found minimum uptime/downtime data for reverse_osmosis.ro_skid[1] - Adding minimum uptime/downtime constraints.
2026-07-19 14:02:23 [INFO] idaes.apps.grid_integration.pricetaker.price_taker_model: Created startup/shutdown constraints for operation model  reverse_osmosis.ro_skid[1] at ro_skid_1_startup_shutdown.
2026-07-19 14:02:23 [INFO] idaes.apps.grid_integration.pricetaker.price_taker_model: Found minimum uptime/downtime data for reverse_osmosis.ro_skid[2] - Adding minimum uptime/downtime constraints.
2026-07-19 14:02:23 [INFO] idaes.apps.grid_integration.pricetaker.price_taker_model: Created startup/shutdown constraints for operation model  reverse_osmosis.ro_skid[2] at ro_skid_2_startup_shutdown.
2026-07-19 14:02:23 [INFO] idaes.apps.grid_integration.pricetaker.price_taker_model: Found minimum uptime/downtime data for reverse_osmosis.ro_skid[3] - Adding minimum uptime/downtime constraints.
2026-07-19 14:02:23 [INFO] idaes.apps.grid_integration.pricetaker.price_taker_model: Created startup/shutdown constraints for operation model  reverse_osmosis.ro_skid[3] at ro_skid_3_startup_shutdown.
2026-07-19 14:02:23 [INFO] idaes.apps.grid_integration.pricetaker.price_taker_model: Found minimum uptime/downtime data for reverse_osmosis.ro_skid[4] - Adding minimum uptime/downtime constraints.
2026-07-19 14:02:23 [INFO] idaes.apps.grid_integration.pricetaker.price_taker_model: Created startup/shutdown constraints for operation model  reverse_osmosis.ro_skid[4] at ro_skid_4_startup_shutdown.
3188
Set parameter LogToConsole to value 1
Set parameter MIPGap to value 0.01
Gurobi Optimizer version 12.0.3 build v12.0.3rc0 (linux64 - "Red Hat Enterprise Linux 8.8 (Ootpa)")

CPU model: Intel(R) Xeon(R) Platinum 8470QL, instruction set [SSE2|AVX|AVX2|AVX512]
Thread count: 104 physical cores, 104 logical processors, using up to 32 threads

Non-default parameters:
MIPGap  0.01

Optimize a model with 18623 rows, 15291 columns and 44131 nonzeros
Model fingerprint: 0xbe8d7979
Model has 168 quadratic objective terms
Model has 1680 quadratic constraints
Variable types: 10083 continuous, 5208 integer (5208 binary)
Coefficient statistics:
  Matrix range     [5e-04, 2e+03]
  QMatrix range    [2e-07, 1e+00]
  QLMatrix range   [3e-04, 1e+00]
  Objective range  [1e-05, 1e-03]
  QObjective range [2e-04, 2e-04]
  Bounds range     [1e+00, 1e+03]
  RHS range        [9e-02, 3e+05]
  QRHS range       [3e-01, 3e-01]
Presolve removed 14738 rows and 11917 columns
Presolve time: 0.05s
Presolved: 8089 rows, 3381 columns, 21183 nonzeros
Presolved model has 4 SOS constraint(s)
Presolved model has 1176 bilinear constraint(s)

Solving non-convex MIQCP

Variable types: 2054 continuous, 1327 integer (1327 binary)
Found heuristic solution: objective 16.5105693

Root relaxation: unbounded, 0 iterations, 0.00 seconds (0.00 work units)

    Nodes    |    Current Node    |     Objective Bounds      |     Work
 Expl Unexpl |  Obj  Depth IntInf | Incumbent    BestBd   Gap | It/Node Time

     0     2  postponed    0        16.51057          -      -     -    0s
H   33    64                      16.5105691   11.73311  28.9%  1671    1s
H   44    64                      16.3935835   11.73311  28.4%  1358    1s
H   58    64                      16.1835059   11.73342  27.5%  1357    1s
H   95   208                      15.7337705   11.73342  25.4%   940    1s
H  103   208                      15.6326228   11.73342  24.9%   869    1s
H  135   208                      14.7529535   11.73342  20.5%   680    1s
H  140   208                      14.2081779   11.73342  17.4%   656    1s
H  381   446                      14.0684631   11.73342  16.6%   323    1s
H  384   446                      13.9475972   11.73342  15.9%   321    1s
H  418   446                      12.7125815   11.73342  7.70%   303    1s
H  451   520                      12.6968669   11.73342  7.59%   300    1s
H  631   678                      12.6771522   11.73342  7.44%   255    1s
H  766   791                      12.6757140   11.73342  7.43%   230    1s
H  777   791                      12.6724216   11.73342  7.41%   228    1s
H 1003  1025                      12.6667622   11.73342  7.37%   199    2s
H 1083  1110                      12.6666459   11.73342  7.37%   191    2s
H 1602  1673                      12.6666291   11.73342  7.37%   154    2s
H 2499  2509                      12.6641778   11.73342  7.35%   125    3s
H 2741  2710                      12.6641778   11.73342  7.35%   121    3s
  3040  3160   11.74495   91 1334   12.66418   11.73342  7.35%   117   10s
H 3901  4037                      12.6615655   11.73351  7.33%   107   11s
H 3919  4034                      12.6613567   11.73351  7.33%   107   11s
 14913 14367   12.34896   22  168   12.66136   12.34896  2.47%  63.8   15s
 14917 14373   12.35626   14  826   12.66136   12.35626  2.41%  64.8   26s
H15561 13981                      12.6613527   12.35999  2.38%  74.6   29s
 15686 14118   12.65704   31  555   12.66135   12.35999  2.38%  75.8   30s
H15779 13404                      12.6613517   12.35999  2.38%  76.3   30s
H16848 13439                      12.6613515   12.36003  2.38%  81.8   31s
H16871 12816                      12.6613515   12.36003  2.38%  81.8   31s
H16878 12228                      12.6613514   12.36003  2.38%  81.9   31s
H16980 11638                      12.6613513   12.36003  2.38%  82.5   31s
H18044 11755                      12.6613513   12.36015  2.38%  87.5   32s
H19578 11807                      12.6613512   12.36026  2.38%  92.6   33s
H21166 11913                      12.6613509   12.36027  2.38%  98.7   34s
 21173 12327   12.65783  113  540   12.66135   12.36027  2.38%  99.0   35s
 29319 16091   12.56756   88  642   12.66135   12.36050  2.38%   114   40s
 37445 19373   12.60289  182  576   12.66135   12.36080  2.37%   122   45s
 46618 25187   12.57666  151  632   12.66135   12.36098  2.37%   125   50s
H52245 29029                      12.6613509   12.36102  2.37%   124   52s
 58866 33736   12.57265   31    0   12.66135   12.36108  2.37%   121   62s
 58872 33740   12.57476   89  291   12.66135   12.41164  1.97%   121   65s
 58876 33746   12.41222   29  976   12.66135   12.41222  1.97%   121   79s
 58878 33747   12.41222   30 1000   12.66135   12.41222  1.97%   121   80s
 60764 34527   12.63815   47  586   12.66135   12.41222  1.97%   123   85s
H64094 33906                      12.6599244   12.42779  1.83%   125   88s
H65275 32663                      12.6586289   12.42821  1.82%   125   89s
H65278 31088                      12.6584823   12.42827  1.82%   125   89s
 65666 31260   12.42838   67  874   12.65848   12.42838  1.82%   125   90s
 74223 35426   12.43111   97  867   12.65848   12.43111  1.80%   125   95s
 84983 40237   12.44058  152  726   12.65848   12.43555  1.76%   124  100s
 96191 44016     cutoff  192        12.65848   12.44383  1.70%   123  105s
H105263 44645                      12.6584808   12.45273  1.63%   122  108s
H105429 43216                      12.6584804   12.45273  1.63%   122  108s
H105633 41842                      12.6584799   12.45273  1.63%   122  108s
 108739 42747   12.46851  160  858   12.65848   12.45878  1.58%   122  110s
H115061 41830                      12.6584799   12.46250  1.55%   122  113s
 118765 43003   12.65157  200  566   12.65848   12.46543  1.53%   123  115s
H127139 43803                      12.6584796   12.47484  1.45%   123  118s
 132949 47287   12.58174   85  648   12.65848   12.49689  1.28%   122  120s

Cutting planes:
  Learned: 116
  Cover: 6
  Implied bound: 208
  MIR: 1
  Flow cover: 13
  Zero half: 7
  RLT: 41
  Relax-and-lift: 13

Explored 135539 nodes (16615231 simplex iterations) in 120.53 seconds (240.05 work units)
Thread count was 32 (of 104 available processors)

Solution count 10: 12.6585 12.6585 12.6585 ... 12.6614

Optimal solution found (tolerance 1.00e-02)
Best objective 1.265847964020e+01, best bound 1.257755838327e+01, gap 0.6393%
m.flow_changes_penalty(): 40.0
Total operational cost: 126544.80
Maximum power (kW): 1464.74
Discharge energy capacity (kWh): 1440.14
Charge energy capacity (kWh): 1088.22
Levelized Cost of Flexibility ($/kWh): -5.46
{'fixed_demand_cost': 8620.591874970736, 'variable_demand_cost': 9342.31700222127, 'fixed_monthly_cost': 171938.17204301074, 'total_water_production': 282317.39999999915, 'total_energy_cost': 23095.670124842476, 'total_demand_cost': 17962.908877192007, 'total_customer_cost': 0.0, 'total_feed_cost': 50867.99999999999, 'total_brine_cost': 15311.267999999924, 'total_chemical_cost': 19306.949400000045, 'total_water_revenue': 0.0, 'total_demand_response_revenue': -0.0, 'total_emissions_cost': 0.0, 'total_op_cost': 126544.79640203444, 'fixed_cost': 121551.98252688172, 'total_cost': 248096.77892891614, 'LCOW': 0.8787867093169492, 'degree_of_flex': 0.0, 'total_replacement_cost': 1409.837429595494, 'maximum_power': 1464.7410624031054, 'discharge_energy_capacity': 1440.1361044255618, 'charge_energy_capacity': 1088.2231872093162, 'discharge_power_capacity': 8.728097602579163, 'charge_power_capacity': 362.7410624031054, 'round_trip_efficiency': 0, 'LVOF': -5.455480081005103}
Saved operation variable results to: /home/rchurchi/watertap_test/watertap/tutorials/flex_ro/wrd_result_summer_no_flex_1_flexible_trains_2026.csv
Saved summary results to: /home/rchurchi/watertap_test/watertap/tutorials/flex_ro/wrd_pricetaker_summary_results_20260719_140426.csv
