

Running optimization for annual production of 9000 AF...
2026-09-20 19:07:01 [INFO] idaes.core.surrogate.pysmo_surrogate: Decode surrogate. type=poly

===========================Polynomial Regression===============================================

The number of cross-validation cases (3) is used.
The default training/cross-validation split of 0.75 is used.
No iterations will be run.
Default parameter estimation method is used.
Parameter estimation method:  pyomo 

2026-09-20 19:07:01 [INFO] idaes.core.surrogate.pysmo_surrogate: Decode surrogate. type=poly

===========================Polynomial Regression===============================================

The number of cross-validation cases (3) is used.
The default training/cross-validation split of 0.75 is used.
No iterations will be run.
Default parameter estimation method is used.
Parameter estimation method:  pyomo 

2026-09-20 19:07:01 [INFO] idaes.core.surrogate.pysmo_surrogate: Decode surrogate. type=poly

===========================Polynomial Regression===============================================

The number of cross-validation cases (3) is used.
The default training/cross-validation split of 0.75 is used.
No iterations will be run.
Default parameter estimation method is used.
Parameter estimation method:  pyomo 

2026-09-20 19:07:01 [INFO] idaes.core.surrogate.pysmo_surrogate: Decode surrogate. type=poly

===========================Polynomial Regression===============================================

The number of cross-validation cases (3) is used.
The default training/cross-validation split of 0.75 is used.
No iterations will be run.
Default parameter estimation method is used.
Parameter estimation method:  pyomo 

2026-09-20 19:07:03 [INFO] idaes.apps.grid_integration.pricetaker.price_taker_model: Found minimum uptime/downtime data for pretreatment.uf_pumps[1] - Adding minimum uptime/downtime constraints.
2026-09-20 19:07:03 [INFO] idaes.apps.grid_integration.pricetaker.price_taker_model: Created startup/shutdown constraints for operation model  pretreatment.uf_pumps[1] at uf_pumps_1_startup_shutdown.
2026-09-20 19:07:03 [INFO] idaes.apps.grid_integration.pricetaker.price_taker_model: Found minimum uptime/downtime data for pretreatment.uf_pumps[2] - Adding minimum uptime/downtime constraints.
2026-09-20 19:07:03 [INFO] idaes.apps.grid_integration.pricetaker.price_taker_model: Created startup/shutdown constraints for operation model  pretreatment.uf_pumps[2] at uf_pumps_2_startup_shutdown.
2026-09-20 19:07:03 [INFO] idaes.apps.grid_integration.pricetaker.price_taker_model: Found minimum uptime/downtime data for pretreatment.uf_pumps[3] - Adding minimum uptime/downtime constraints.
2026-09-20 19:07:03 [INFO] idaes.apps.grid_integration.pricetaker.price_taker_model: Created startup/shutdown constraints for operation model  pretreatment.uf_pumps[3] at uf_pumps_3_startup_shutdown.
2026-09-20 19:07:03 [INFO] idaes.apps.grid_integration.pricetaker.price_taker_model: Found minimum uptime/downtime data for reverse_osmosis.ro_skid[1] - Adding minimum uptime/downtime constraints.
2026-09-20 19:07:03 [INFO] idaes.apps.grid_integration.pricetaker.price_taker_model: Created startup/shutdown constraints for operation model  reverse_osmosis.ro_skid[1] at ro_skid_1_startup_shutdown.
2026-09-20 19:07:03 [INFO] idaes.apps.grid_integration.pricetaker.price_taker_model: Found minimum uptime/downtime data for reverse_osmosis.ro_skid[2] - Adding minimum uptime/downtime constraints.
2026-09-20 19:07:03 [INFO] idaes.apps.grid_integration.pricetaker.price_taker_model: Created startup/shutdown constraints for operation model  reverse_osmosis.ro_skid[2] at ro_skid_2_startup_shutdown.
2026-09-20 19:07:03 [INFO] idaes.apps.grid_integration.pricetaker.price_taker_model: Found minimum uptime/downtime data for reverse_osmosis.ro_skid[3] - Adding minimum uptime/downtime constraints.
2026-09-20 19:07:03 [INFO] idaes.apps.grid_integration.pricetaker.price_taker_model: Created startup/shutdown constraints for operation model  reverse_osmosis.ro_skid[3] at ro_skid_3_startup_shutdown.
2026-09-20 19:07:03 [INFO] idaes.apps.grid_integration.pricetaker.price_taker_model: Found minimum uptime/downtime data for reverse_osmosis.ro_skid[4] - Adding minimum uptime/downtime constraints.
2026-09-20 19:07:03 [INFO] idaes.apps.grid_integration.pricetaker.price_taker_model: Created startup/shutdown constraints for operation model  reverse_osmosis.ro_skid[4] at ro_skid_4_startup_shutdown.
4364
Set parameter TokenServer to value "10.60.1.73"
Set parameter LogToConsole to value 1
Set parameter MIPGap to value 0.0139
Gurobi Optimizer version 12.0.3 build v12.0.3rc0 (linux64 - "Red Hat Enterprise Linux 8.8 (Ootpa)")

CPU model: Intel(R) Xeon(R) Platinum 8470QL, instruction set [SSE2|AVX|AVX2|AVX512]
Thread count: 104 physical cores, 104 logical processors, using up to 32 threads

Non-default parameters:
MIPGap  0.0139

Optimize a model with 18287 rows, 16467 columns and 50167 nonzeros
Model fingerprint: 0xa39144c8
Model has 168 quadratic objective terms
Model has 2352 quadratic constraints
Variable types: 11259 continuous, 5208 integer (5208 binary)
Coefficient statistics:
  Matrix range     [5e-04, 2e+03]
  QMatrix range    [2e-07, 1e+00]
  QLMatrix range   [3e-04, 1e+00]
  Objective range  [1e-05, 1e-03]
  QObjective range [2e-04, 2e-04]
  Bounds range     [9e-01, 1e+03]
  RHS range        [5e-02, 2e+05]
  QRHS range       [3e-01, 3e-01]
Presolve removed 10721 rows and 9236 columns
Presolve time: 0.08s
Presolved: 16474 rows, 7238 columns, 45829 nonzeros
Presolved model has 4 SOS constraint(s)
Presolved model has 2352 bilinear constraint(s)

Solving non-convex MIQCP

Variable types: 5076 continuous, 2162 integer (2162 binary)
Found heuristic solution: objective 10.2304238

Root relaxation: unbounded, 0 iterations, 0.01 seconds (0.00 work units)

    Nodes    |    Current Node    |     Objective Bounds      |     Work
 Expl Unexpl |  Obj  Depth IntInf | Incumbent    BestBd   Gap | It/Node Time

     0     2  postponed    0        10.23042          -      -     -    3s
     1     4    8.30932    1 2353   10.23042          -      - 17828    5s
     7    16    8.39633    3 2659   10.23042    8.31137  18.8%  8996   11s
    15    32    8.42342    4 2704   10.23042    8.39633  17.9% 11075   15s
H   97   195                      10.2304236    8.42833  17.6%  4063   19s
   194   261    8.43285    8 2482   10.23042    8.42833  17.6%  2840   21s
   414   486    8.44239   10 2176   10.23042    8.42833  17.6%  2267   26s
   634   722    8.43979   12 2269   10.23042    8.42833  17.6%  1995   30s
   982  1092    8.44485   14 2256   10.23042    8.42833  17.6%  1699   35s
H 1156  1207                      10.1527386    8.42833  17.0%  1576   36s
H 1352  1470                       9.7591506    8.42833  13.6%  1467   38s
H 1628  1774                       9.7562168    8.42833  13.6%  1334   40s
H 1630  1774                       9.7547828    8.42833  13.6%  1336   40s
H 1632  1774                       9.7482446    8.42833  13.5%  1337   40s
H 1635  1774                       9.7207381    8.42833  13.3%  1337   40s
H 1662  1774                       9.7152543    8.42833  13.2%  1328   40s
H 1711  1774                       9.5273106    8.42833  11.5%  1313   40s
H 1944  2131                       9.5260842    8.42833  11.5%  1244   43s
H 1947  2131                       9.5244985    8.42833  11.5%  1243   43s
H 1961  2131                       9.5073727    8.42833  11.3%  1239   43s
H 1966  2131                       9.4876240    8.42833  11.2%  1238   43s
H 2049  2131                       9.1969947    8.42833  8.36%  1223   43s
H 2247  2306                       9.1736330    8.42833  8.12%  1164   44s
  2305  2506    8.46226   23 2009    9.17363    8.42833  8.12%  1159   45s
H 2306  2506                       9.1346231    8.42833  7.73%  1158   45s
H 2419  2506                       9.0350598    8.42833  6.72%  1139   45s
H 2419  2506                       8.9754981    8.42833  6.10%  1139   45s
H 2745  2945                       8.9734858    8.42833  6.08%  1069   48s
H 2847  2945                       8.9734689    8.42833  6.08%  1061   48s
  3213  3465    8.47299   28 2008    8.97347    8.42833  6.08%   995   50s
H 3611  3714                       8.9666936    8.42833  6.00%   949   51s
H 3863  4008                       8.9654199    8.42833  5.99%   933   52s
H 4192  4354                       8.9545223    8.42833  5.88%   901   53s
H 4540  4681                       8.9545210    8.42833  5.88%   871   54s
  4712  5062    8.50036   48 1974    8.95452    8.42833  5.88%   852   56s
H 5768  5846                       8.9542179    8.42850  5.87%   797   61s
H 5772  5843                       8.9534248    8.42850  5.86%   799   61s
H 5782  5843                       8.9533972    8.42850  5.86%   800   61s
H 5808  5842                       8.9533500    8.42850  5.86%   800   61s
H 5861  5842                       8.9533335    8.42850  5.86%   800   61s
H 5885  5842                       8.9533276    8.42850  5.86%   798   61s
  5939  6179    8.51782   60 1977    8.95333    8.42865  5.86%   795   97s
H 6469  6524                       8.9509874    8.42865  5.84%   781   98s
  6646  6971    8.53034   65 1907    8.95099    8.42865  5.84%   772  100s
H 7166  7413                       8.9509870    8.42865  5.84%   754  102s
H 7394  7413                       8.9509867    8.42865  5.84%   743  102s
  8094  8591    8.54263   75 1796    8.95099    8.42865  5.84%   716  105s
H 8255  8591                       8.9509866    8.42865  5.84%   709  105s
H 9183  9270                       8.9509862    8.42865  5.84%   670  107s
 10187 10496    8.57029  105 1786    8.95099    8.42865  5.84%   643  110s
H10225 10496                       8.9508622    8.42865  5.83%   643  110s
H10237 10496                       8.9508621    8.42865  5.83%   643  110s
H10446 10496                       8.9508366    8.42865  5.83%   633  110s
H10572 10496                       8.9508299    8.42865  5.83%   628  110s
H11612 11894                       8.9508295    8.42901  5.83%   600  114s
H11666 11894                       8.9508295    8.42901  5.83%   599  114s
H11744 11894                       8.9508294    8.42901  5.83%   597  114s
 12125 13128    8.58008  114 1749    8.95083    8.42901  5.83%   586  116s
 14073 14230    8.59725  137 1585    8.95083    8.42901  5.83%   535  120s
H14446 13887                       8.9359702    8.43031  5.66%   526  120s
H14541 13186                       8.9349702    8.58575  3.91%   525  126s
 14546 13189    8.69701   51  452    8.93497    8.69701  2.66%   524  132s
H14546 12529                       8.9349702    8.69701  2.66%   524  134s
 14548 12533    8.69891   11 2047    8.93497    8.69701  2.66%   527  197s
 14550 12537    8.70102   12 2280    8.93497    8.69891  2.64%   528  204s
 14554 12543    8.70286   13 2290    8.93497    8.70102  2.62%   528  209s
 14562 12557    8.70496   14 2283    8.93497    8.70286  2.60%   529  210s
H14579 11956                       8.9349702    8.70496  2.57%   529  211s
 14779 12131    8.72181   18 1994    8.93497    8.70709  2.55%   537  215s
H14803 11528                       8.9349702    8.70709  2.55%   537  215s
 15206 11805    8.72428   22 1943    8.93497    8.70709  2.55%   539  220s
H15339 11307                       8.9349702    8.70709  2.55%   540  221s
H15454 10851                       8.9349702    8.70709  2.55%   540  223s
 15625 10976    8.74957   28 1894    8.93497    8.70887  2.53%   543  225s
 16042 11203    8.76079   36 1840    8.93497    8.70887  2.53%   545  231s
H16240 10791                       8.9349702    8.70887  2.53%   545  233s
 16434 10888    8.81390   42 1763    8.93497    8.70887  2.53%   549  236s
H16456 10395                       8.9349702    8.70887  2.53%   548  236s
H16662 10064                       8.9349702    8.70887  2.53%   551  239s
H16690  9617                       8.9349702    8.70887  2.53%   551  239s
 16753  9709    8.82347   47 1828    8.93497    8.70887  2.53%   552  240s
H16912  9352                       8.9349702    8.70887  2.53%   554  241s
 17222  9604    8.83492   56 1868    8.93497    8.70887  2.53%   559  245s
 17652  9892    8.84097   66 1787    8.93497    8.70887  2.53%   565  250s
H17692  9483                       8.9349699    8.70887  2.53%   566  250s
H17750  9087                       8.9344010    8.70887  2.52%   567  250s
 18024  9336    8.85354   76 1819    8.93440    8.70887  2.52%   578  256s
H18187  9055                       8.9344010    8.70887  2.52%   581  257s
 18429  9218    8.85918   81 1762    8.93440    8.70887  2.52%   588  260s
H18440  8875                       8.9344010    8.70887  2.52%   588  260s
 18726  9114     cutoff   84         8.93440    8.70887  2.52%   594  265s
 19390  9449    8.86537   90 1706    8.93440    8.71309  2.48%   612  270s
H19647  9086                       8.9334525    8.71359  2.46%   618  272s
 19709  9203    8.87350   96 1693    8.93345    8.71359  2.46%   620  275s
 20126  9489    8.87267  102 1716    8.93345    8.71359  2.46%   634  280s
 20956  9883     cutoff  113         8.93345    8.71416  2.45%   656  287s
H20959  9563                       8.9320889    8.71416  2.44%   656  287s
H20960  9270                       8.9318435    8.71416  2.44%   656  287s
H21008  8979                       8.9318422    8.71416  2.44%   657  287s
H21039  8702                       8.9316018    8.71416  2.43%   657  287s
H21057  8447                       8.9316017    8.71416  2.43%   658  287s
 21525  9012    8.88115  121 1549    8.93160    8.71445  2.43%   667  292s
H22251  9145                       8.9314480    8.71468  2.43%   674  297s
H22293  8907                       8.9313750    8.71468  2.43%   675  297s
 22990  9442    8.88943  141 1549    8.93137    8.71492  2.42%   677  302s
 23509  9886    8.89069  145 1523    8.93137    8.71492  2.42%   680  306s
 24838 10172    8.89926  169 1354    8.93137    8.71664  2.40%   677  312s
 25342 10882    8.90112  170 1360    8.93137    8.71664  2.40%   680  318s
 25982 11330    8.90499  190 1325    8.93137    8.71664  2.40%   676  321s
 27573 12028     cutoff  236         8.93137    8.71741  2.40%   667  328s
 28113 12778    8.92004  250 1355    8.93137    8.71799  2.39%   667  332s
 28999 13379     cutoff  280         8.93137    8.71799  2.39%   667  336s
 29707 13878     cutoff  294         8.93137    8.71801  2.39%   674  340s
 31059 15176    8.93126  363 1378    8.93137    8.71898  2.38%   686  348s
 31776 15568    8.75370   34 1932    8.93137    8.71949  2.37%   693  352s
 32279 15951    8.76768   45 1917    8.93137    8.71949  2.37%   705  357s
 32702 16422    8.80143   65 1984    8.93137    8.72107  2.35%   714  362s
 33303 16872    8.81080   71 1917    8.93137    8.72109  2.35%   728  367s
 33859 17485    8.82159   80 1884    8.93137    8.72109  2.35%   744  373s
 34553 18193    8.84073   94 1812    8.93137    8.72109  2.35%   757  379s
 35374 18640    8.86293  110 1962    8.93137    8.72163  2.35%   769  385s
 35874 19147    8.87752  121 1854    8.93137    8.72163  2.35%   782  392s
 36512 19798    8.93023  139 1775    8.93137    8.72201  2.34%   795  399s
 37265 20441    8.75140   40 1758    8.93137    8.72231  2.34%   813  406s
 38027 21378    8.79275   68 1930    8.93137    8.72237  2.34%   830  413s
 39088 22530    8.82606   83 1863    8.93137    8.72244  2.34%   842  421s
 40447 23749    8.90382   97 2039    8.93137    8.72244  2.34%   848  429s
 41900 24828    8.92321  112 1887    8.93137    8.72252  2.34%   854  436s
 43158 26119    8.76013   43 1890    8.93137    8.72325  2.33%   863  445s
 44515 27244    8.79240   63 1941    8.93137    8.72325  2.33%   869  453s
 45918 28602    8.81264   73 1763    8.93137    8.72350  2.33%   876  461s
 47458 30832    8.89455   98 1688    8.93137    8.72458  2.32%   881  470s
 49859 32954     cutoff  177         8.93137    8.72478  2.31%   868  478s
 52334 33977    8.81336   64 1946    8.93137    8.72479  2.31%   854  487s
 53439 34973    8.84214   80 1882    8.93137    8.72479  2.31%   864  495s
 54560 36347    8.87600   95 2010    8.93137    8.72479  2.31%   876  504s
 56256 37684    8.74618   20 1778    8.93137    8.72479  2.31%   879  513s
 57950 37685    8.89968  129    0    8.93137    8.72479  2.31%   883  610s
 57953 37687    8.89208   86  553    8.93137    8.75698  1.95%   883  616s
 57956 37689    8.76496   35  588    8.93137    8.76496  1.86%   883  620s
 57960 37692    8.89587  117  563    8.93137    8.76511  1.86%   883  626s
 57961 37692    8.80496   63  561    8.93137    8.76511  1.86%   883  631s
 57963 37697    8.77051   24 2233    8.93137    8.76511  1.86%   884  727s
 57965 37700    8.77223   25 2174    8.93137    8.76808  1.83%   884  731s
 57977 37720    8.77615   27 2099    8.93137    8.77004  1.81%   884  737s
 57993 37747    8.77790   28 2130    8.93137    8.77153  1.79%   885  741s
 58057 37844    8.78145   30 2137    8.93137    8.77311  1.77%   889  749s
 58144 37892    8.78316   31 2133    8.93137    8.77311  1.77%   892  753s
 58223 37941    8.78751   31 2068    8.93137    8.77311  1.77%   895  756s
H58240 36050                       8.9313750    8.77311  1.77%   896  756s
H58281 34246                       8.9313750    8.77311  1.77%   898  756s
 58300 34318    8.78528   32 2210    8.93137    8.77311  1.77%   898  761s
 58458 34432    8.78592   33 2178    8.93137    8.77311  1.77%   903  767s
 58545 34486    8.79208   33 2150    8.93137    8.77311  1.77%   905  770s
 58709 34569     cutoff   34         8.93137    8.77311  1.77%   908  777s
 58772 34618    8.78830   35 2195    8.93137    8.77311  1.77%   909  781s
 58918 34714    8.79254   36 2112    8.93137    8.77311  1.77%   913  787s
 58995 34774    8.79412   36 2034    8.93137    8.77311  1.77%   914  790s
 59177 34903    8.80132   38 2010    8.93137    8.77311  1.77%   917  796s
 59274 34972    8.80294   39 2010    8.93137    8.77311  1.77%   919  800s
H59427 33308                       8.9313557    8.77311  1.77%   920  803s
 59471 33387     cutoff   44         8.93136    8.77311  1.77%   921  806s
 59692 33502    8.81618   50 1995    8.93136    8.77311  1.77%   925  812s
 59799 33556    8.81867   52 2085    8.93136    8.77311  1.77%   927  816s
 60035 33688     cutoff   57         8.93136    8.77311  1.77%   931  821s
 60161 33743    8.87196   61 2019    8.93136    8.77311  1.77%   932  825s
 60394 33905    8.87553   64 2023    8.93136    8.77311  1.77%   937  832s
 60531 33970    8.87864   66 2009    8.93136    8.77311  1.77%   939  836s
 60667 34071    8.88405   68 1852    8.93136    8.77311  1.77%   941  840s
 61001 34246    8.88970   73 1844    8.93136    8.77474  1.75%   945  848s
 61183 34352    8.89122   75 1817    8.93136    8.77474  1.75%   948  851s
 61390 34445    8.89426   77 1792    8.93136    8.77512  1.75%   949  855s
 61582 34534    8.89444   80 1769    8.93136    8.77512  1.75%   952  860s
 62025 34844    8.89868   85 1690    8.93136    8.77687  1.73%   957  869s
 62303 35015    8.90068   89 1689    8.93136    8.77720  1.73%   958  874s
 62590 35169    8.90199   93 1649    8.93136    8.77720  1.73%   960  879s
 62862 35348    8.90351   96 1674    8.93136    8.77720  1.73%   962  884s
 63157 35321    8.90584  101 1679    8.93136    8.77720  1.73%   963  888s
H63163 33569                       8.9242874    8.77720  1.65%   963  888s
 63233 33876    8.90583  101 1666    8.92429    8.77720  1.65%   963  893s
 63640 34240    8.90907  111 1627    8.92429    8.77720  1.65%   963  898s
 64202 34375     cutoff  116         8.92429    8.77720  1.65%   963  903s
H64203 32633                       8.9199395    8.77720  1.60%   963  903s
H64213 31165                       8.9198927    8.77720  1.60%   963  903s
H64263 29758                       8.9198518    8.77720  1.60%   963  903s
H64405 28386                       8.9195804    8.77720  1.60%   964  903s
H64571 27081                       8.9195789    8.77720  1.60%   963  903s
 64581 27508    8.91118  122 1682    8.91958    8.77720  1.60%   964  909s
 65170 27633    8.91517  127 1562    8.91958    8.77720  1.60%   963  914s
 65584 27798    8.91576  131 1586    8.91958    8.77720  1.60%   967  919s
 65971 28056     cutoff  137         8.91958    8.77730  1.60%   969  926s
 66485 28236    8.79644   42 2004    8.91958    8.77790  1.59%   973  933s
 66876 28466    8.81176   51 2132    8.91958    8.77790  1.59%   978  940s
 67289 28660    8.82116   56 2066    8.91958    8.77790  1.59%   984  946s
 67701 28895    8.83126   63 1995    8.91958    8.77853  1.58%   990  953s
 68136 29052    8.89513   68 1943    8.91958    8.77877  1.58%   997  961s
 68495 28961    8.89973   72 1883    8.91958    8.77899  1.58%  1004  967s
H68527 27762                       8.9195779    8.77901  1.58%  1004  967s
 68530 28191     cutoff   73         8.91958    8.77901  1.58%  1004  975s
 68986 28550    8.91077   82 1806    8.91958    8.77901  1.58%  1011  982s
 69611 28996     cutoff   95         8.91958    8.77901  1.58%  1016  990s
H69638 27859                       8.9195729    8.77901  1.58%  1017  990s
H69918 26556                       8.9185927    8.77901  1.57%  1017  990s
 70419 26814    8.80238   46 2105    8.91859    8.78001  1.55%  1018  998s
H70783 25674                       8.9185927    8.78001  1.55%  1022  998s
 70985 26070    8.82283   55 2062    8.91859    8.78010  1.55%  1025 1007s
 71541 26551    8.82938   59 2038    8.91859    8.78019  1.55%  1031 1016s
H71677 25537                       8.9185927    8.78019  1.55%  1033 1016s
H72043 24496                       8.9185927    8.78019  1.55%  1035 1016s
 72311 25101    8.83741   64 1965    8.91859    8.78019  1.55%  1034 1024s
H73012 23994                       8.9185927    8.78019  1.55%  1037 1024s
 73181 24490    8.90627   73 1914    8.91859    8.78019  1.55%  1036 1033s
 73888 24882     cutoff   81         8.91859    8.78061  1.55%  1043 1042s
H74270 23925                       8.9185926    8.78061  1.55%  1046 1042s
 74564 24457    8.80333   50 2041    8.91859    8.78061  1.55%  1051 1051s
 75268 25004    8.81269   55 2033    8.91859    8.78061  1.55%  1057 1060s
 76205 25298    8.83199   65 1897    8.91859    8.78061  1.55%  1061 1071s
H76229 24502                       8.9185878    8.78061  1.55%  1062 1071s
H76326 23720                       8.9185822    8.78061  1.55%  1063 1071s
H77015 22778                       8.9185749    8.78061  1.55%  1064 1071s
 77124 23473    8.90093   73 1910    8.91857    8.78127  1.54%  1065 1081s
 78024 23812    8.91768   83 1834    8.91857    8.78154  1.54%  1072 1091s
 78771 24132    8.79421   43 1985    8.91857    8.78154  1.54%  1079 1103s
 79424 24519    8.83144   64 2037    8.91857    8.78154  1.54%  1090 1114s
 80200 24962    8.90259   80 1876    8.91857    8.78154  1.54%  1100 1128s
 81055 25457     cutoff  100         8.91857    8.78234  1.53%  1110 1139s
 82005 25971    8.82906   56 1970    8.91857    8.78313  1.52%  1119 1152s
 82986 26634     cutoff   64         8.91857    8.78313  1.52%  1128 1165s
 84120 27597    8.89801   73 1857    8.91857    8.78313  1.52%  1136 1179s
 85755 28164     cutoff   97         8.91857    8.78340  1.52%  1137 1193s
 87206 28876    8.81988   61 1892    8.91857    8.78376  1.51%  1142 1209s
 88570 29573    8.88934   81 1790    8.91857    8.78376  1.51%  1150 1223s
 89929 30275    8.79986   42 2065    8.91857    8.78376  1.51%  1157 1237s
 91339 30936    8.82981   61 1978    8.91857    8.78376  1.51%  1162 1254s
H92018 30031                       8.9185712    8.78434  1.51%  1165 1254s
 92626 30378    8.90308   72 1960    8.91857    8.78434  1.51%  1165 1269s
 93373 31330     cutoff   84         8.91857    8.78445  1.50%  1167 1286s
 94764 32435    8.88952   67 1893    8.91857    8.78445  1.50%  1175 1304s
 96730 33367    8.83723   66 1876    8.91857    8.78463  1.50%  1178 1323s
 98543 34988    8.82927   52 1975    8.91857    8.78466  1.50%  1183 1341s
 100654 36138    8.83891   59 1885    8.91857    8.78466  1.50%  1185 1360s
 102163 37250     cutoff   82         8.91857    8.78466  1.50%  1192 1380s
 103670 38092    8.81367   54 2034    8.91857    8.78466  1.50%  1204 1401s
 104590 39707    8.89704   89 1679    8.91857    8.78521  1.50%  1219 1423s
 106553 41634    8.81456   52 1965    8.91857    8.78594  1.49%  1228 1445s
 108698 45617    8.88841   78 1769    8.91857    8.78597  1.49%  1234 1468s
 113055 47835    8.91609  228 1509    8.91857    8.78597  1.49%  1215 1488s
 115880 49434    8.81495   53 1924    8.91857    8.78631  1.48%  1213 1508s
 117642 52110     cutoff   73         8.91857    8.78631  1.48%  1221 1534s
 120684 54472     cutoff  123         8.91857    8.78631  1.48%  1219 1558s
 123687 56074    8.91325  164 1540    8.91857    8.78637  1.48%  1218 1581s
 125816 57728    8.81099   51 2048    8.91857    8.78638  1.48%  1225 1605s
 127922 60496    8.90890   75 1951    8.91857    8.78657  1.48%  1234 1631s
 131043 64752    8.89130   73 1811    8.91857    8.78679  1.48%  1234 1658s
 135761 66381    8.83738   73 1944    8.91857    8.78694  1.48%  1219 1683s
 137679 67921    8.83079   67 1987    8.91857    8.78694  1.48%  1230 1710s
 139610 69533    8.80504   46 1889    8.91857    8.78713  1.47%  1243 1740s
 141586 71050     cutoff   99         8.91857    8.78731  1.47%  1257 1773s
 143497 73156     cutoff   65         8.91857    8.78731  1.47%  1268 1808s
 146140 75072    8.91852  102 1879    8.91857    8.78731  1.47%  1281 1845s
 148543 76585     cutoff  103         8.91857    8.78778  1.47%  1298 1881s
 150358 81991    8.91336   93 1506    8.91857    8.78778  1.47%  1314 1943s
 156718 85828    8.82530   59 1896    8.91857    8.78810  1.46%  1323 1980s
 161097 87719    8.81290   50 2145    8.91857    8.78815  1.46%  1321 2015s
 163469 90001    8.79102   36 2001    8.91857    8.78831  1.46%  1334 2051s
 166267 94563    8.91677   84 1799    8.91857    8.78832  1.46%  1342 2088s
 171394 97630    8.89791   69 1752    8.91857    8.78848  1.46%  1335 2120s
 175299 100971    8.80804   45 2056    8.91857    8.78848  1.46%  1333 2150s
 179479 103648    8.82820   61 1854    8.91857    8.78858  1.46%  1327 2185s
 182672 105322    8.82501   61 2006    8.91857    8.78868  1.46%  1332 2220s
 184708 107629    8.79238   39 1989    8.91857    8.78887  1.45%  1340 2261s
 187517 110352    8.82751   58 2045    8.91857    8.78906  1.45%  1354 2306s
 190865 114018    8.79904   40 1968    8.91857    8.78914  1.45%  1366 2349s
 195246 116796    8.90850  200 1461    8.91857    8.78918  1.45%  1370 2389s
 198708 120721    8.91837   86 1767    8.91857    8.78940  1.45%  1378 2429s
 203288 125622    8.91121  138 1508    8.91857    8.78946  1.45%  1377 2465s
 208646 129769    8.89985   76 1874    8.91857    8.78948  1.45%  1364 2500s
 213628 131396    8.82323   56 1933    8.91857    8.78965  1.45%  1357 2525s
 215610 133019    8.91329   83 1816    8.91857    8.78965  1.45%  1361 2551s
 217650 134549    8.82820   58 2048    8.91857    8.78969  1.45%  1367 2581s
 219494 137435    8.82153   60 2001    8.91857    8.78984  1.44%  1376 2614s
 223068 139932    8.79620   39 2020    8.91857    8.78992  1.44%  1376 2646s
H223670 139101                       8.9179765    8.78992  1.44%  1376 2646s
 225951 142259     cutoff  150         8.91798    8.78996  1.44%  1374 2678s
H225956 142234                       8.9179648    8.78996  1.44%  1374 2678s
H226199 142166                       8.9179374    8.78996  1.44%  1373 2678s
H226412 142158                       8.9179312    8.78996  1.44%  1373 2678s
H226721 142154                       8.9179304    8.78996  1.43%  1373 2678s
H228180 142151                       8.9179260    8.78996  1.43%  1371 2678s
H228512 142151                       8.9179247    8.78996  1.43%  1371 2678s
H228832 142115                       8.9179088    8.78996  1.43%  1371 2678s
 229664 146961    8.91242  146 1572    8.91791    8.78996  1.43%  1371 2710s
H235132 149569                       8.9179058    8.79010  1.43%  1359 2736s
H236704 149566                       8.9179048    8.79010  1.43%  1359 2736s
H237247 149557                       8.9179020    8.79012  1.43%  1359 2737s
 238044 152640    8.90327  102 1713    8.91790    8.79012  1.43%  1359 2770s
 241827 154509    8.81467   57 1920    8.91790    8.79012  1.43%  1359 2800s
 244161 157070    8.90285  106 1764    8.91790    8.79023  1.43%  1365 2832s
 247175 161972    8.88228   81 1640    8.91790    8.79026  1.43%  1368 2865s
 252531 165061    8.91716  226 1433    8.91790    8.79032  1.43%  1357 2894s
 256816 166694    8.91750  102 1814    8.91790    8.79032  1.43%  1351 2920s
H258396 166694                       8.9179020    8.79032  1.43%  1352 2920s
 259266 168147    8.90594   82 1790    8.91790    8.79046  1.43%  1353 2948s
H260618 168147                       8.9179020    8.79049  1.43%  1356 2948s
 261037 170382    8.81346   55 1960    8.91790    8.79049  1.43%  1356 2978s
H261591 170381                       8.9179020    8.79049  1.43%  1356 2978s
H263595 172513                       8.9179019    8.79049  1.43%  1360 3009s
H264675 172513                       8.9179017    8.79049  1.43%  1362 3009s
H265983 172513                       8.9179010    8.79057  1.43%  1366 3009s
 266083 174320    8.91433   86 1764    8.91790    8.79057  1.43%  1366 3043s
 268810 176037    8.82358   62 1984    8.91790    8.79060  1.43%  1371 3076s
 271076 180478    8.83091   66 1909    8.91790    8.79065  1.43%  1379 3123s
 276289 184856    8.82364   57 1991    8.91790    8.79075  1.43%  1379 3158s
 281425 190593    8.88950   77 1844    8.91790    8.79079  1.43%  1372 3187s
 287672 192568    8.83244   63 1993    8.91790    8.79079  1.43%  1357 3210s
 290006 194493     cutoff   82         8.91790    8.79079  1.43%  1358 3236s
 292410 197763    8.82813   68 1821    8.91790    8.79086  1.42%  1360 3263s
 296086 200691    8.81382   55 1914    8.91790    8.79089  1.42%  1356 3288s
 299473 203064    8.90098   82 1804    8.91790    8.79089  1.42%  1352 3321s
 302559 204833    8.90537   71 1948    8.91790    8.79096  1.42%  1355 3355s
 304819 207947    8.91446   82 1867    8.91790    8.79105  1.42%  1362 3395s
 308644 211055    8.89909   72 1806    8.91790    8.79110  1.42%  1366 3433s
 312533 213237    8.90671   79 1864    8.91790    8.79110  1.42%  1368 3468s
 315317 215189    8.90574   78 1849    8.91790    8.79120  1.42%  1374 3504s
 317763 216768    8.90902   78 1886    8.91790    8.79121  1.42%  1381 3543s
 319751 219515    8.90680   76 1854    8.91790    8.79125  1.42%  1387 3585s
 323056 222081    8.89153   69 1778    8.91790    8.79133  1.42%  1393 3627s
 326233 224735    8.89556   70 1849    8.91790    8.79135  1.42%  1399 3667s
 329486 226491    8.91023   90 1859    8.91790    8.79142  1.42%  1405 3701s
 331855 228652    8.82985   66 2008    8.91790    8.79146  1.42%  1411 3746s
 334578 231332    8.91278   93 1636    8.91790    8.79153  1.42%  1420 3795s
 337879 234560    8.89373   70 1963    8.91790    8.79159  1.42%  1429 3845s
 341960 237079     cutoff   81         8.91790    8.79165  1.42%  1434 3891s
 345185 239605    8.91653   80 1871    8.91790    8.79170  1.42%  1439 3937s
H347844 239605                       8.9179010    8.79170  1.42%  1445 3937s
 348305 241849    8.88208   67 1860    8.91790    8.79173  1.41%  1447 3983s
 351048 245867     cutoff  105         8.91790    8.79173  1.41%  1452 4031s
 355776 250859    8.91758  150 1550    8.91790    8.79183  1.41%  1455 4075s
 361556 256285    8.91633  122 1589    8.91790    8.79184  1.41%  1449 4109s
 367622 257775    8.91505   99 1614    8.91790    8.79184  1.41%  1439 4130s
 369474 258909    8.83949   73 1905    8.91790    8.79186  1.41%  1440 4154s
 370817 260231    8.80526   49 2042    8.91790    8.79186  1.41%  1444 4178s
 372511 262274     cutoff   76         8.91790    8.79190  1.41%  1447 4207s
 375035 265764    8.83855   64 1955    8.91790    8.79190  1.41%  1449 4235s
 378922 268131    8.80290   46 1958    8.91790    8.79196  1.41%  1445 4263s
 381864 269503    8.91575   90 1733    8.91790    8.79200  1.41%  1445 4292s
 383670 271531    8.90457   80 1736    8.91790    8.79200  1.41%  1450 4324s
 386197 274280    8.89318   81 1703    8.91790    8.79206  1.41%  1453 4356s
 389262 276988    8.89694   72 1863    8.91790    8.79206  1.41%  1454 4389s
 392805 278753    8.82985   55 2091    8.91790    8.79206  1.41%  1453 4423s
 395002 281280    8.80145   40 2032    8.91790    8.79214  1.41%  1457 4473s
 398234 283862    8.81725   55 2034    8.91790    8.79219  1.41%  1465 4523s
H398639 283055                       8.9176630    8.79219  1.41%  1466 4523s
H400079 278775                       8.9168577    8.79219  1.40%  1468 4523s
H401447 279168                       8.9166108    8.79219  1.40%  1469 4578s
H401624 278924                       8.9165740    8.79219  1.39%  1469 4578s
H402210 278905                       8.9165714    8.79222  1.39%  1470 4578s
 404038 283499    8.82417   55 1933    8.91657    8.79226  1.39%  1472 4631s
 409867 285970    8.82370   63 1904    8.91657    8.79233  1.39%  1471 4673s
 412926 289610    8.90325   75 1914    8.91657    8.79237  1.39%  1477 4717s
 417298 291843    8.89453   81 1801    8.91657    8.79240  1.39%  1478 4756s
 420144 296147    8.90890   83 1759    8.91657    8.79247  1.39%  1483 4797s
 425465 298465    8.90959   73 1871    8.91657    8.79252  1.39%  1479 4832s
 428491 301729     cutoff   94         8.91657    8.79254  1.39%  1482 4870s
 432365 305823    8.89499   90 1685    8.91657    8.79258  1.39%  1483 4904s
 437221 308113    8.91543  165 1585    8.91657    8.79259  1.39%  1478 4933s
 440064 309998     cutoff   86         8.91657    8.79259  1.39%  1479 4963s
 442459 311391    8.80625   48 1960    8.91657    8.79262  1.39%  1481 4995s
 444053 311677    8.90278   73 1866    8.91657    8.79262  1.39%  1483 5062s
 444385 316498    8.90519   74 1808    8.91657    8.79262  1.39%  1483 5099s

Cutting planes:
  Learned: 358
  Gomory: 93
  Cover: 53
  Implied bound: 107
  Projected implied bound: 5
  Clique: 13
  MIR: 208
  StrongCG: 1
  Flow cover: 502
  Zero half: 1
  RLT: 282
  Relax-and-lift: 7

Explored 449825 nodes (664588942 simplex iterations) in 5099.69 seconds (12330.73 work units)
Thread count was 32 (of 104 available processors)

Solution count 10: 8.91657 8.91657 8.91661 ... 8.91792

Optimal solution found (tolerance 1.39e-02)
Best objective 8.916571429816e+00, best bound 8.792653275703e+00, gap 1.3898%
m.flow_changes_penalty(): 300.0
Total operational cost: 88865.71
Maximum power (kW): 880.34
Discharge energy capacity (kWh): 51682.57
Charge energy capacity (kWh): 0.00
Levelized Cost of Flexibility ($/kWh): 0.58
{'fixed_demand_cost': 3940.226290704448, 'variable_demand_cost': 4873.23933294301, 'fixed_monthly_cost': 171938.17204301074, 'total_water_production': 211634.75342465757, 'total_energy_cost': 14646.676475797127, 'total_demand_cost': 8813.465623647458, 'total_customer_cost': 0.0, 'total_feed_cost': 38471.845652158765, 'total_brine_cost': 12390.141217574193, 'total_chemical_cost': 14543.585328987305, 'total_water_revenue': 0.0, 'total_demand_response_revenue': 0.0, 'total_emissions_cost': 0.0, 'total_op_cost': 88865.71429816485, 'fixed_cost': 121551.98252688172, 'total_cost': 210417.69682504656, 'LCOW': 0.9942492592548403, 'degree_of_flex': 0.03592814371257485, 'total_replacement_cost': 1414.9209780195163, 'maximum_power': 880.3441342843228, 'discharge_energy_capacity': 51682.5723743319, 'charge_energy_capacity': 0.0, 'discharge_power_capacity': 307.6343593710232, 'charge_power_capacity': nan, 'round_trip_efficiency': 0, 'LVOF': 0.5769326748647752}
Saved operation variable results to: /home/rchurchi/watertap_test/watertap/tutorials/flex_ro/wrd_result_both_summer_9000AF.csv
