

Running optimization for annual production of 9000 AF...
2026-09-18 13:43:57 [INFO] idaes.core.surrogate.pysmo_surrogate: Decode surrogate. type=poly

===========================Polynomial Regression===============================================

The number of cross-validation cases (3) is used.
The default training/cross-validation split of 0.75 is used.
No iterations will be run.
Default parameter estimation method is used.
Parameter estimation method:  pyomo 

2026-09-18 13:43:57 [INFO] idaes.core.surrogate.pysmo_surrogate: Decode surrogate. type=poly

===========================Polynomial Regression===============================================

The number of cross-validation cases (3) is used.
The default training/cross-validation split of 0.75 is used.
No iterations will be run.
Default parameter estimation method is used.
Parameter estimation method:  pyomo 

2026-09-18 13:43:57 [INFO] idaes.core.surrogate.pysmo_surrogate: Decode surrogate. type=poly

===========================Polynomial Regression===============================================

The number of cross-validation cases (3) is used.
The default training/cross-validation split of 0.75 is used.
No iterations will be run.
Default parameter estimation method is used.
Parameter estimation method:  pyomo 

2026-09-18 13:43:57 [INFO] idaes.core.surrogate.pysmo_surrogate: Decode surrogate. type=poly

===========================Polynomial Regression===============================================

The number of cross-validation cases (3) is used.
The default training/cross-validation split of 0.75 is used.
No iterations will be run.
Default parameter estimation method is used.
Parameter estimation method:  pyomo 

2026-09-18 13:43:58 [INFO] idaes.apps.grid_integration.pricetaker.price_taker_model: Found minimum uptime/downtime data for pretreatment.uf_pumps[1] - Adding minimum uptime/downtime constraints.
2026-09-18 13:43:58 [INFO] idaes.apps.grid_integration.pricetaker.price_taker_model: Created startup/shutdown constraints for operation model  pretreatment.uf_pumps[1] at uf_pumps_1_startup_shutdown.
2026-09-18 13:43:58 [INFO] idaes.apps.grid_integration.pricetaker.price_taker_model: Found minimum uptime/downtime data for pretreatment.uf_pumps[2] - Adding minimum uptime/downtime constraints.
2026-09-18 13:43:58 [INFO] idaes.apps.grid_integration.pricetaker.price_taker_model: Created startup/shutdown constraints for operation model  pretreatment.uf_pumps[2] at uf_pumps_2_startup_shutdown.
2026-09-18 13:43:58 [INFO] idaes.apps.grid_integration.pricetaker.price_taker_model: Found minimum uptime/downtime data for pretreatment.uf_pumps[3] - Adding minimum uptime/downtime constraints.
2026-09-18 13:43:58 [INFO] idaes.apps.grid_integration.pricetaker.price_taker_model: Created startup/shutdown constraints for operation model  pretreatment.uf_pumps[3] at uf_pumps_3_startup_shutdown.
2026-09-18 13:43:58 [INFO] idaes.apps.grid_integration.pricetaker.price_taker_model: Found minimum uptime/downtime data for reverse_osmosis.ro_skid[1] - Adding minimum uptime/downtime constraints.
2026-09-18 13:43:58 [INFO] idaes.apps.grid_integration.pricetaker.price_taker_model: Created startup/shutdown constraints for operation model  reverse_osmosis.ro_skid[1] at ro_skid_1_startup_shutdown.
2026-09-18 13:43:58 [INFO] idaes.apps.grid_integration.pricetaker.price_taker_model: Found minimum uptime/downtime data for reverse_osmosis.ro_skid[2] - Adding minimum uptime/downtime constraints.
2026-09-18 13:43:58 [INFO] idaes.apps.grid_integration.pricetaker.price_taker_model: Created startup/shutdown constraints for operation model  reverse_osmosis.ro_skid[2] at ro_skid_2_startup_shutdown.
2026-09-18 13:43:58 [INFO] idaes.apps.grid_integration.pricetaker.price_taker_model: Found minimum uptime/downtime data for reverse_osmosis.ro_skid[3] - Adding minimum uptime/downtime constraints.
2026-09-18 13:43:58 [INFO] idaes.apps.grid_integration.pricetaker.price_taker_model: Created startup/shutdown constraints for operation model  reverse_osmosis.ro_skid[3] at ro_skid_3_startup_shutdown.
2026-09-18 13:43:58 [INFO] idaes.apps.grid_integration.pricetaker.price_taker_model: Found minimum uptime/downtime data for reverse_osmosis.ro_skid[4] - Adding minimum uptime/downtime constraints.
2026-09-18 13:43:58 [INFO] idaes.apps.grid_integration.pricetaker.price_taker_model: Created startup/shutdown constraints for operation model  reverse_osmosis.ro_skid[4] at ro_skid_4_startup_shutdown.
4364
Set parameter TokenServer to value "10.60.1.73"
Set parameter LogToConsole to value 1
Set parameter MIPGap to value 0.019
Gurobi Optimizer version 12.0.3 build v12.0.3rc0 (linux64 - "Red Hat Enterprise Linux 8.8 (Ootpa)")

CPU model: Intel(R) Xeon(R) Platinum 8470QL, instruction set [SSE2|AVX|AVX2|AVX512]
Thread count: 104 physical cores, 104 logical processors, using up to 32 threads

Non-default parameters:
MIPGap  0.019

Optimize a model with 18119 rows, 16467 columns and 49999 nonzeros
Model fingerprint: 0x09c33126
Model has 168 quadratic objective terms
Model has 2352 quadratic constraints
Variable types: 11259 continuous, 5208 integer (5208 binary)
Coefficient statistics:
  Matrix range     [5e-04, 2e+03]
  QMatrix range    [2e-07, 1e+00]
  QLMatrix range   [3e-04, 1e+00]
  Objective range  [1e-05, 1e-03]
  QObjective range [2e-04, 2e-04]
  Bounds range     [9e-01, 1e+03]
  RHS range        [5e-02, 2e+05]
  QRHS range       [3e-01, 3e-01]
Presolve removed 6979 rows and 7572 columns
Presolve time: 0.11s
Presolved: 20380 rows, 9400 columns, 55029 nonzeros
Presolved model has 336 SOS constraint(s)
Presolved model has 2352 bilinear constraint(s)

Solving non-convex MIQCP

Variable types: 5740 continuous, 3660 integer (3660 binary)
Found heuristic solution: objective 10.2304238

Root relaxation: unbounded, 0 iterations, 0.01 seconds (0.00 work units)

    Nodes    |    Current Node    |     Objective Bounds      |     Work
 Expl Unexpl |  Obj  Depth IntInf | Incumbent    BestBd   Gap | It/Node Time

     0     2  postponed    0        10.23042          -      -     -    3s
     3     8  postponed    2        10.23042          -      -  3953    6s
    15    20  postponed    4        10.23042          -      -  7060   10s
    47    54  postponed    6        10.23042          -      -  9128   15s
   115   142  postponed    8        10.23042          -      -  8353   21s
   177   410  postponed    9        10.23042          -      -  9824   27s
   589   765  postponed   14        10.23042          -      -  3579   35s
  1152  1282  postponed   21        10.23042          -      -  2216   47s
  1999  2042 infeasible   32        10.23042          -      -  1593   67s
  3287  2950  postponed   49        10.23042          -      -  1256   93s
H 4746  2950                      10.0751672          -      -  1105   93s
  4945  4188  postponed   70        10.07517          -      -  1088  120s
H 5415  4188                      10.0654260          -      -  1077  120s
H 5664  4188                      10.0653810          -      -  1076  120s
H 5697  4188                      10.0642766          -      -  1073  120s
  6981  6667  postponed   89        10.06428          -      -  1038  143s
H 7463  6641                      10.0175575          -      -  1053  143s
H 7682  6641                      10.0167998          -      -  1041  143s
H 8687  6571                       9.8095006          -      -  1004  143s
H 8687  6565                       9.7856709          -      -  1004  143s
 10031  7612  postponed   98         9.78567          -      -   954  162s
H10448  7496                       9.7270263          -      -   957  162s
H10698  7496                       9.7269576          -      -   945  162s
 11919  8359 infeasible  107         9.72696          -      -   933  181s
H12184  8359                       9.7231542          -      -   939  181s
H12300  8333                       9.7121724          -      -   942  181s
H12597  8226                       9.6898533          -      -   945  181s
 13526 10236  postponed  115         9.68985          -      -   937  202s
H13817 10172                       9.6725313          -      -   940  202s
H16115  9622                       9.6191497    5.54686  42.3%   887  245s
 16117  9623    7.81348  123 2428    9.61915    7.81348  18.8%   887  256s
 16118  9624    8.83671  358 2708    9.61915    8.21289  14.6%   887  267s
 16119  9624    8.89983  266 2535    9.61915    8.25775  14.2%   887  274s
 16120  9625    8.29242  122 2681    9.61915    8.29242  13.8%   887  281s
 16121  9626    8.31154   62 2606    9.61915    8.31154  13.6%   887  287s
 16122  9626    9.31485  221 2747    9.61915    8.32363  13.5%   887  293s
H16122  9145                       9.6123631    8.33336  13.3%   887  298s
 16124  9147    8.33612   94 2749    9.61236    8.33612  13.3%   887  301s
 16125  9147    8.34466   83 2770    9.61236    8.34466  13.2%   887  305s
 16127  9149    8.40992  182 2695    9.61236    8.35331  13.1%   886  313s
 16128  9149    8.87816  224 2724    9.61236    8.35637  13.1%   886  315s
 16129  9150    8.38194  132 2726    9.61236    8.38194  12.8%   886  321s
H16130  8693                       9.5915733    8.39215  12.5%   886  328s
 16132  8694    8.39324   90 2761    9.59157    8.39324  12.5%   886  330s
 16133  8695    8.40254   54 2786    9.59157    8.40254  12.4%   886  336s
 16135  8696    8.40539  114 2683    9.59157    8.40539  12.4%   886  341s
H16135  8261                       9.5910187    8.40603  12.4%   886  342s
 16137  8262    9.29494  218 2677    9.59102    8.40650  12.4%   886  346s
H16137  7848                       9.5744637    8.40651  12.2%   886  346s
H16137  7455                       9.5703936    8.40651  12.2%   886  346s
H16138  7083                       9.5694023    8.40722  12.1%   886  350s
H16138  6728                       9.5638986    8.40722  12.1%   886  350s
H16138  6392                       9.5619416    8.40722  12.1%   886  350s
H16138  6072                       9.5605044    8.40722  12.1%   886  350s
H16138  5768                       9.5575074    8.40722  12.0%   886  350s
H16138  5479                       9.5479969    8.40722  11.9%   886  350s
H16140  5205                       9.5379841    8.40751  11.9%   886  353s
H16141  4946                       9.5352882    8.40758  11.8%   886  355s
 16144  4948    8.40768  147 2736    9.53529    8.40768  11.8%   886  400s
H16144  4700                       9.5336315    8.40768  11.8%   886  431s
H16145  4467                       9.5116876    8.40768  11.6%   901  625s
 16146  4468    8.43288   11 4881    9.51169    8.40768  11.6%   902  657s
 16148  4472    8.45161   12 4767    9.51169    8.43011  11.4%   902  680s
 16152  4478    8.45470   13 4841    9.51169    8.45161  11.1%   905  723s
 16160  4492    8.46989   14 4698    9.51169    8.45470  11.1%   919  750s
 16176  4518    8.48289   15 4598    9.51169    8.46989  11.0%   934  777s
 16208  4538    8.49278   16 4616    9.51169    8.48289  10.8%   957  802s
 16238  4559    8.49588   17 4675    9.51169    8.48289  10.8%   981  824s
H16240  4334                       9.5039964    8.48289  10.7%   982  824s
H16251  4118                       9.4731040    8.48289  10.5%   992  824s
H16262  3913                       9.4653330    8.48289  10.4%  1003  824s
 16269  3995    8.49947   18 4608    9.46533    8.48289  10.4%  1010  850s
H16354  3860                       9.4644187    8.48289  10.4%  1061  872s
H16359  3676                       9.4569754    8.48289  10.3%  1061  872s
H16371  3498                       9.4551612    8.48289  10.3%  1068  872s
H16371  3334                       9.4162135    8.48289  9.91%  1068  872s
 16439  3403    8.60768   21 4575    9.41621    8.48289  9.91%  1086  892s
H16530  3312                       9.4127300    8.48289  9.88%  1107  910s
H16535  3162                       9.4115154    8.48289  9.87%  1108  910s
H16538  3020                       9.4093104    8.48289  9.85%  1108  910s
 16626  3079    8.53578   26 4577    9.40931    8.48289  9.85%  1126  926s
H16715  2994                       9.4093104    8.48289  9.85%  1145  943s
H16724  2864                       9.4093103    8.48289  9.85%  1148  943s
H16737  2738                       9.4079249    8.48289  9.83%  1150  943s
 16794  2810    8.58719   28 4634    9.40792    8.48289  9.83%  1158  959s
H16889  2776                       9.4076695    8.48289  9.83%  1175  974s
H16897  2664                       9.4074628    8.48289  9.83%  1177  974s
H16902  2558                       9.4073611    8.48289  9.83%  1179  974s
H16906  2459                       9.4073151    8.48289  9.83%  1179  974s
H16963  2346                       9.4025708    8.48289  9.78%  1183  974s
 17005  2437    8.61265   30 4543    9.40257    8.48289  9.78%  1188  988s
H17110  2437                       9.4016535    8.48289  9.77%  1208 1002s
H17127  2347                       9.4011503    8.48289  9.77%  1212 1002s
H17139  2263                       9.3783207    8.48289  9.55%  1212 1002s
H17146  2184                       9.3771735    8.48289  9.54%  1214 1002s
 17234  2265    8.64661   34 3317    9.37717    8.48289  9.54%  1233 1017s
 17352  2353    8.69642   34 3359    9.37717    8.48289  9.54%  1260 1032s
H17359  2279                       9.3760221    8.48289  9.53%  1261 1032s
H17373  2205                       9.3756142    8.48289  9.52%  1261 1032s
H17380  2138                       9.3723099    8.48289  9.49%  1265 1032s
 17489  2214    8.67115   35 3119    9.37231    8.48289  9.49%  1280 1047s
H17636  2194                       9.3717081    8.48289  9.48%  1305 1065s
H17640  2133                       9.3702374    8.48289  9.47%  1306 1065s
H17674  2066                       9.3699862    8.48289  9.47%  1321 1065s
 17759  2168    8.73579   39 2094    9.36999    8.48289  9.47%  1340 1085s
 17919  2264    8.80061   41 1989    9.36999    8.48289  9.47%  1373 1102s
H18017  2179                       9.3696749    8.48289  9.46%  1394 1102s
 18089  2298    8.81175   41 2541    9.36967    8.48289  9.46%  1405 1122s
H18256  2317                       9.3696722    8.48289  9.46%  1435 1143s
H18361  2170                       9.3236012    8.48289  9.02%  1453 1143s
 18416  2236    8.92288   45 2391    9.32360    8.48289  9.02%  1469 1162s
H18574  2235                       9.3197665    8.52638  8.51%  1510 1180s
H18588  2181                       9.3184134    8.52638  8.50%  1512 1180s
H18596  2086                       9.2846470    8.52638  8.17%  1513 1180s
H18711  1893                       9.1850487    8.53841  7.04%  1537 1180s
H18744  1854                       9.1840487    8.53841  7.03%  1548 1200s
H18905  1961                       9.1807260    8.54311  6.95%  1566 1223s
H18909  1922                       9.1665469    8.54311  6.80%  1567 1223s
H18913  1885                       9.1450959    8.54311  6.58%  1571 1223s
 19061  1963    9.07583   52 1372    9.14510    8.54311  6.58%  1595 1246s
H19180  2041                       9.1404198    8.54311  6.53%  1622 1273s
H19187  2039                       9.1386859    8.54311  6.52%  1626 1273s
H19201  2002                       9.1285968    8.54354  6.41%  1628 1273s
 19298  2104     cutoff   39         9.12860    8.55249  6.31%  1663 1294s
H19475  2076                       9.1106889    8.55249  6.13%  1698 1317s
 19646  2152    8.87275   26 2201    9.11069    8.55249  6.13%  1750 1338s
 19790  2259    9.09215   38 1666    9.11069    8.55345  6.12%  1799 1365s
H19799  2254                       9.1094182    8.55345  6.10%  1799 1365s
H19812  2254                       9.1091001    8.55345  6.10%  1804 1365s
H19857  2254                       9.1088153    8.55345  6.10%  1824 1365s
H19869  2253                       9.1048010    8.55345  6.06%  1827 1365s
 19944  2317    8.63775   19 4636    9.10480    8.55345  6.06%  1846 1393s
H20063  2445                       9.1045099    8.55375  6.05%  1884 1419s
H20068  2429                       9.1001095    8.55375  6.00%  1883 1419s
H20087  2426                       9.0991949    8.55375  5.99%  1890 1419s
H20103  2426                       9.0983611    8.55375  5.99%  1893 1419s
 20252  2544    8.86000   26 3242    9.09836    8.55375  5.99%  1928 1446s
 20451  2706    8.89022   29 3180    9.09836    8.55375  5.99%  1973 1477s
H20475  2706                       9.0978601    8.55375  5.98%  1979 1477s
H20482  2703                       9.0962934    8.55375  5.96%  1980 1477s
H20539  2701                       9.0951958    8.55375  5.95%  1990 1477s
H20555  2699                       9.0926960    8.55375  5.93%  1997 1477s
 20660  2809    8.96965   37 3225    9.09270    8.56105  5.85%  2027 1504s
 20847  2941    8.97047   39 3102    9.09270    8.56105  5.85%  2090 1531s
H20854  2940                       9.0923851    8.56105  5.84%  2094 1531s
H20899  2937                       9.0919152    8.56105  5.84%  2111 1531s
H20899  2937                       9.0917515    8.56105  5.84%  2111 1531s
H20967  2927                       9.0893928    8.56105  5.81%  2138 1531s
H21024  3047                       9.0883928    8.56105  5.80%  2151 1563s
 21214  3109    8.98978   47 2921    9.08839    8.56496  5.76%  2211 1591s
H21219  3063                       9.0816606    8.56496  5.69%  2215 1591s
H21224  3042                       9.0778633    8.56496  5.65%  2218 1591s
 21314  3164     cutoff   50         9.07786    8.56541  5.65%  2241 1622s
H21316  3160                       9.0763356    8.56541  5.63%  2241 1622s
H21513  3160                       9.0763318    8.57144  5.56%  2293 1622s
H21517  3148                       9.0751342    8.57144  5.55%  2297 1622s
 21524  3294     cutoff   52         9.07513    8.57144  5.55%  2300 1655s
H21668  3291                       9.0736268    8.57144  5.53%  2340 1655s
 21758  3403    8.63935   20 4765    9.07363    8.57144  5.53%  2358 1695s
H21771  3380                       9.0669930    8.57144  5.47%  2363 1695s
 21971  3512    8.64208   22 4678    9.06699    8.57144  5.47%  2427 1730s
H22173  3682                       9.0664011    8.57144  5.46%  2496 1764s
H22209  3682                       9.0664011    8.57144  5.46%  2507 1764s
H22256  3677                       9.0657210    8.57144  5.45%  2517 1764s
 22408  3863    8.83396   29 4481    9.06572    8.57322  5.43%  2573 1805s
H22635  3859                       9.0646034    8.57708  5.38%  2636 1805s
H22664  3983                       9.0612310    8.57708  5.34%  2646 1845s
H22706  3963                       9.0593430    8.57708  5.32%  2670 1845s
 22905  4167    8.97866   37 4214    9.05934    8.57813  5.31%  2736 1884s
H23193  4328                       9.0561418    8.57813  5.28%  2812 1922s
 23489  4499    9.01160   47 3241    9.05614    8.58772  5.17%  2892 1965s
H23765  4725                       9.0561315    8.58954  5.15%  2980 2007s
H23841  4725                       9.0560944    8.58954  5.15%  2993 2007s
H23841  4723                       9.0560597    8.58954  5.15%  2993 2007s
H23910  4710                       9.0552239    8.58954  5.14%  3006 2007s
 24104  4884    8.71167   23 4609    9.05522    8.58954  5.14%  3056 2051s
 24389  5135     cutoff   38         9.05522    8.59136  5.12%  3141 2100s
 24715  5316    9.05333   49 2518    9.05522    8.59136  5.12%  3222 2147s
 25008  5590    8.80107   27 3089    9.05522    8.59136  5.12%  3316 2197s
H25027  5588                       9.0547757    8.59136  5.12%  3318 2197s
H25109  5579                       9.0543549    8.59619  5.06%  3328 2197s
H25208  5577                       9.0542746    8.59619  5.06%  3352 2197s
H25351  5577                       9.0542691    8.59850  5.03%  3378 2197s
H25368  5569                       9.0535273    8.59850  5.03%  3379 2197s
 25436  5892    8.87017   18 4677    9.05353    8.59850  5.03%  3389 2250s
H25464  5824                       9.0494726    8.59850  4.98%  3392 2250s
 25910  6107    8.95785   26 4100    9.04947    8.59850  4.98%  3463 2307s
H26254  6105                       9.0493490    8.59850  4.98%  3529 2307s
H26328  6302                       9.0493490    8.59850  4.98%  3539 2363s
H26364  6302                       9.0493242    8.59850  4.98%  3554 2363s
H26513  6248                       9.0468187    8.59850  4.96%  3587 2363s
H26715  5969                       9.0346946    8.59850  4.83%  3618 2363s
H26773  6223                       9.0326946    8.59850  4.81%  3626 2421s
H26792  6184                       9.0307005    8.59850  4.79%  3630 2421s
 27244  6439     cutoff   35         9.03070    8.59850  4.79%  3698 2481s
H27251  6438                       9.0305470    8.59850  4.78%  3703 2482s
 27731  6677     cutoff   38         9.03055    8.60509  4.71%  3780 2541s
H27891  6676                       9.0304855    8.60634  4.70%  3803 2541s
H28034  6675                       9.0304563    8.61375  4.61%  3816 2541s
H28174  6675                       9.0304479    8.61375  4.61%  3832 2541s
 28228  6968    8.85872   26 4480    9.03045    8.61375  4.61%  3839 2607s
H28238  6966                       9.0304221    8.61375  4.61%  3842 2607s
H28306  6964                       9.0303263    8.61375  4.61%  3856 2607s
H28347  6958                       9.0299590    8.61375  4.61%  3866 2607s
H28671  6947                       9.0294471    8.61375  4.60%  3908 2607s
 28740  7297     cutoff   37         9.02945    8.61375  4.60%  3919 2674s
H29145  7288                       9.0292052    8.61375  4.60%  3978 2674s
 29285  7615    8.94000   34 3035    9.02921    8.61375  4.60%  3995 2748s
H29492  7615                       9.0292052    8.61651  4.57%  4027 2748s
H29507  7611                       9.0290485    8.61651  4.57%  4033 2748s
 29830  8087    8.85913   34 4160    9.02905    8.61857  4.55%  4098 2827s
H29943  8087                       9.0290418    8.61857  4.55%  4117 2827s
 30483  8565     cutoff   42         9.02904    8.61857  4.55%  4193 2903s
H30486  8565                       9.0290096    8.61857  4.55%  4195 2903s
H30566  8562                       9.0289561    8.61857  4.55%  4206 2903s
H30778  8561                       9.0289380    8.61857  4.55%  4232 2903s
H30853  8559                       9.0289207    8.61857  4.54%  4240 2903s
 31201  8976     cutoff   40         9.02892    8.62294  4.50%  4289 2977s
H31876  9078                       9.0289207    8.62294  4.50%  4369 3050s
H31878  9045                       9.0277466    8.62468  4.46%  4369 3050s
H31879  9044                       9.0276761    8.62468  4.46%  4370 3050s
H31882  9026                       9.0272088    8.62468  4.46%  4370 3050s
H31887  8953                       9.0252972    8.62468  4.44%  4371 3050s
H31889  8871                       9.0229480    8.62476  4.41%  4371 3050s
H31916  7372                       8.9732620    8.62476  3.88%  4379 3050s
H31925  7368                       8.9731615    8.62476  3.88%  4378 3050s
H32044  7368                       8.9731605    8.62476  3.88%  4393 3050s
H32048  7367                       8.9731199    8.62476  3.88%  4393 3050s
H32066  7582                       8.9691199    8.62476  3.84%  4400 3128s
 32749  7971    8.92307   32 4439    8.96912    8.62841  3.80%  4489 3211s
H33464  8354                       8.9676136    8.63085  3.76%  4586 3303s
H33878  8354                       8.9675841    8.63122  3.75%  4619 3303s
H34263  8799                       8.9665841    8.63471  3.70%  4672 3392s
H34814  8799                       8.9665631    8.63471  3.70%  4735 3392s
H34847  8799                       8.9665421    8.63471  3.70%  4744 3392s
 35054  9270    8.83821   48 4224    8.96654    8.63471  3.70%  4757 3494s
H35344  9268                       8.9665148    8.63835  3.66%  4788 3494s
 35842  9764    8.85338   58 3924    8.96651    8.63904  3.65%  4845 3591s
H35846  9764                       8.9665148    8.63904  3.65%  4846 3591s
 36676 10209    8.88704   79 3577    8.96651    8.64093  3.63%  4933 3697s
H36851 10209                       8.9664910    8.64093  3.63%  4944 3697s
 37547 10384    8.93783  107 2908    8.96649    8.64112  3.63%  5010 3805s
H37584 10384                       8.9664910    8.64112  3.63%  5011 3805s
H37615 10384                       8.9664909    8.64112  3.63%  5018 3805s
H37793 10087                       8.9552641    8.64112  3.51%  5028 3805s
 37969 10441    8.81631   36 4484    8.95526    8.64210  3.50%  5049 3925s
 38796 10795     cutoff   50         8.95526    8.64295  3.49%  5147 4043s
H38800 10718                       8.9532415    8.64295  3.47%  5146 4043s
 39748 11209    8.87248   32 4240    8.95324    8.64672  3.42%  5251 4165s
H39868 11182                       8.9522492    8.64672  3.41%  5257 4165s
H40506 11182                       8.9522492    8.64726  3.41%  5320 4165s
 40747 11571     cutoff   34         8.95225    8.64889  3.39%  5348 4294s
 41789 12107    8.82733   35 4409    8.95225    8.65194  3.35%  5458 4428s
H42059 12107                       8.9522482    8.65194  3.35%  5492 4428s
H42512 12107                       8.9522482    8.65194  3.35%  5520 4428s
 42995 12792    8.87206   49 4047    8.95225    8.65393  3.33%  5558 4566s
 44271 13541    8.94134   67 3262    8.95225    8.65667  3.30%  5654 4708s
H44485 13541                       8.9522481    8.65667  3.30%  5667 4708s
H45626 13541                       8.9522429    8.66003  3.26%  5699 4708s
 45743 14287    8.79123   21 4525    8.95224    8.66113  3.25%  5707 4845s
 47064 14942     cutoff   35         8.95224    8.66166  3.25%  5775 4990s
H47065 14942                       8.9522429    8.66166  3.25%  5775 4990s
H47243 14942                       8.9522188    8.66166  3.25%  5790 4990s
H48288 14942                       8.9521957    8.66266  3.23%  5827 4990s
 48460 15850    8.88458   34 1855    8.95220    8.66315  3.23%  5843 5136s
 50179 16692    8.76802   28 3311    8.95220    8.66832  3.17%  5868 5294s
H50545 16692                       8.9521957    8.66909  3.16%  5900 5294s
 51664 17471    8.79763   30 4536    8.95220    8.67022  3.15%  5933 5451s
 52986 18192    8.81658   42 4232    8.95220    8.67150  3.14%  6014 5619s
 54520 19146    8.88304   66 3499    8.95220    8.67313  3.12%  6083 5779s
 56324 19999    8.76466   20 4694    8.95220    8.67520  3.09%  6119 5962s
 57850 20875    8.93794   45 3764    8.95220    8.67520  3.09%  6195 6135s
 59572 21592    8.83838   24 3301    8.95220    8.68003  3.04%  6251 6322s
H60015 21592                       8.9521954    8.68041  3.04%  6271 6322s
H60888 21471                       8.9501874    8.68041  3.01%  6264 6322s
 60979 22768     cutoff   31         8.95019    8.68192  3.00%  6272 6561s
H62196 22768                       8.9501874    8.68269  2.99%  6331 6561s
 63323 23973 infeasible   26         8.95019    8.68455  2.97%  6356 6781s
H63767 23965                       8.9500733    8.68478  2.96%  6368 6781s
H64833 23965                       8.9500721    8.68478  2.96%  6418 6781s
H65617 25284                       8.9490721    8.68561  2.94%  6414 6988s
 67943 26718    8.80990   27 3168    8.94907    8.68924  2.90%  6442 7194s
H68788 26610                       8.9480722    8.68989  2.89%  6434 7194s
 70269 28061    8.78172   23 3362    8.94807    8.68989  2.89%  6464 7401s
H71150 28061                       8.9480596    8.68989  2.89%  6446 7401s
 72772 29465    8.86428   48 3939    8.94806    8.69302  2.85%  6476 7622s
 75082 30635    8.80369   30 4729    8.94806    8.69677  2.81%  6480 7847s
 77836 32053    8.94088   30 3006    8.94806    8.69810  2.79%  6490 8072s
 80419 33779    8.94584   37 1634    8.94806    8.69924  2.78%  6495 8298s
 83245 35349    8.78598   58 3630    8.94806    8.70084  2.76%  6505 8539s
 86113 37040    8.91770   91 2906    8.94806    8.70312  2.74%  6507 8776s
 88986 38228    8.91162   28 4624    8.94806    8.70606  2.70%  6503 9059s
H89229 38208                       8.9479579    8.70609  2.70%  6520 9059s
 91073 40820    8.81808   26 3225    8.94796    8.70743  2.69%  6550 9467s
H91241 40820                       8.9479579    8.70743  2.69%  6551 9467s
 95988 43574     cutoff   78         8.94796    8.70959  2.66%  6554 9762s
 100352 47056    8.92142  328 1054    8.94796    8.71171  2.64%  6510 10026s
*104832 42436            2957       8.9462485    8.71207  2.62%  6375 10026s
H105595 40360                       8.9452485    8.71405  2.58%  6382 10248s
H105784 39140                       8.9406669    8.71405  2.53%  6376 10248s
H105818 38876                       8.9398432    8.71405  2.53%  6379 10248s
H105865 38778                       8.9394937    8.71405  2.52%  6381 10248s
H106311 35258                       8.9283709    8.71405  2.40%  6393 10248s
H108111 34978                       8.9282688    8.71609  2.38%  6349 10487s
H108154 34821                       8.9276837    8.71609  2.37%  6352 10487s
H109414 34805                       8.9276179    8.71689  2.36%  6388 10487s
H110052 35385                       8.9276178    8.71798  2.35%  6406 10738s
H111011 35385                       8.9276178    8.71831  2.34%  6433 10738s
 112230 35925     cutoff   34         8.92762    8.71969  2.33%  6467 10999s
H112324 35925                       8.9276139    8.71969  2.33%  6468 10999s
H112943 35900                       8.9275307    8.71990  2.33%  6487 10999s
H114494 36760                       8.9275284    8.72050  2.32%  6534 11274s
H115494 36759                       8.9275237    8.72110  2.31%  6552 11274s
H116579 36759                       8.9275212    8.72149  2.31%  6579 11274s
 117073 37713     cutoff   34         8.92752    8.72288  2.29%  6590 11566s
 119721 38737    8.79437   22 3677    8.92752    8.72480  2.27%  6655 11866s
 122309 40069    8.77837   38 3261    8.92752    8.72589  2.26%  6731 12260s
 126028 41665    8.85295   26 3235    8.92752    8.72805  2.23%  6799 12615s
 129546 42640     cutoff   39         8.92752    8.72982  2.21%  6854 12965s
H130697 42640                       8.9275207    8.73031  2.21%  6875 12965s
 132512 43650    8.79858   24 4480    8.92752    8.73232  2.19%  6915 13326s
 135567 44803     cutoff   42         8.92752    8.73465  2.16%  6973 13683s
 138523 48301    8.80118   28 3166    8.92752    8.73598  2.15%  7039 14040s
H138696 48301                       8.9275207    8.73598  2.15%  7043 14040s
H139970 48301                       8.9275207    8.73598  2.15%  7002 14040s
 143655 50386    8.81752   27 4655    8.92752    8.73772  2.13%  6967 14349s
H143745 50386                       8.9275206    8.73772  2.13%  6968 14349s
 147633 51220    8.80457   46 3977    8.92752    8.73949  2.11%  6956 14644s
 150451 52371    8.83078   26 3287    8.92752    8.74093  2.09%  6999 14949s
 154068 53011    8.90216   33 4388    8.92752    8.74212  2.08%  7011 15225s
 156551 53534    8.85955   31 3006    8.92752    8.74438  2.05%  7053 15540s
 159072 54480     cutoff   35         8.92752    8.74502  2.04%  7111 15877s
 161865 55363    8.88931   37 3754    8.92752    8.74629  2.03%  7167 16226s
 164749 56263    8.83330   26 3303    8.92752    8.74762  2.02%  7227 16584s
 167893 57183     cutoff   35         8.92752    8.74936  2.00%  7274 16939s
 170917 58110    8.92036   27 4311    8.92752    8.75086  1.98%  7327 17307s
 174076 58991    8.88807   43 3943    8.92752    8.75221  1.96%  7375 17675s
 177368 59612    8.90121   36 3059    8.92752    8.75438  1.94%  7418 18052s
 180469 60281     cutoff   36         8.92752    8.75553  1.93%  7467 18368s
 183457 60836    8.76436   96 3361    8.92752    8.75635  1.92%  7498 18703s
H183810 60836                       8.9275201    8.75684  1.91%  7501 18703s
 185964 61590    8.82143   25 3467    8.92752    8.75784  1.90%  7532 19090s

Cutting planes:
  Learned: 533
  Gomory: 92
  Cover: 1599
  Implied bound: 817
  Projected implied bound: 126
  Clique: 23
  MIR: 1000
  StrongCG: 2
  Flow cover: 2047
  GUB cover: 55
  Inf proof: 21
  Zero half: 11
  Network: 43
  RLT: 1532
  Relax-and-lift: 642
  BQP: 24
  PSD: 1

Explored 188817 nodes (1429656036 simplex iterations) in 19090.48 seconds (47882.72 work units)
Thread count was 32 (of 104 available processors)

Solution count 10: 8.92752 8.92752 8.92752 ... 8.92827

Optimal solution found (tolerance 1.90e-02)
Best objective 8.927520504464e+00, best bound 8.758718666449e+00, gap 1.8908%
m.flow_changes_penalty(): 570.0
Total operational cost: 88705.21
Maximum power (kW): 1411.06
Discharge energy capacity (kWh): 73738.13
Charge energy capacity (kWh): 29652.67
Levelized Cost of Flexibility ($/kWh): 0.41
{'fixed_demand_cost': 6315.605428860534, 'variable_demand_cost': 9.110245239008286e-06, 'fixed_monthly_cost': 171938.17204301074, 'total_water_production': 211634.75343305696, 'total_energy_cost': 14871.736589554916, 'total_demand_cost': 6315.605437970779, 'total_customer_cost': 0.0, 'total_feed_cost': 38197.458904752406, 'total_brine_cost': 14447.72683319885, 'total_chemical_cost': 14872.6772791609, 'total_water_revenue': 0.0, 'total_demand_response_revenue': 0.0, 'total_emissions_cost': 0.0, 'total_op_cost': 88705.20504463784, 'fixed_cost': 121551.98252688172, 'total_cost': 210257.18757151958, 'LCOW': 0.9934908334326426, 'degree_of_flex': 0.2155688622754491, 'total_replacement_cost': 1440.898719354024, 'maximum_power': 1411.0626562010134, 'discharge_energy_capacity': 73738.1308725145, 'charge_energy_capacity': 29652.673856551934, 'discharge_power_capacity': 1024.1407065627016, 'charge_power_capacity': 308.88201933908266, 'round_trip_efficiency': 0, 'LVOF': 0.40619277816780874}
Saved operation variable results to: /home/rchurchi/watertap_test/watertap/tutorials/flex_ro/wrd_result_both_summer_9000AF.csv
