2026-08-07 03:28:36 [INFO] idaes.core.surrogate.pysmo_surrogate: Decode surrogate. type=poly

===========================Polynomial Regression===============================================

The number of cross-validation cases (3) is used.
The default training/cross-validation split of 0.75 is used.
No iterations will be run.
Default parameter estimation method is used.
Parameter estimation method:  pyomo 

2026-08-07 03:28:36 [INFO] idaes.core.surrogate.pysmo_surrogate: Decode surrogate. type=poly

===========================Polynomial Regression===============================================

The number of cross-validation cases (3) is used.
The default training/cross-validation split of 0.75 is used.
No iterations will be run.
Default parameter estimation method is used.
Parameter estimation method:  pyomo 

2026-08-07 03:28:36 [INFO] idaes.core.surrogate.pysmo_surrogate: Decode surrogate. type=poly

===========================Polynomial Regression===============================================

The number of cross-validation cases (3) is used.
The default training/cross-validation split of 0.75 is used.
No iterations will be run.
Default parameter estimation method is used.
Parameter estimation method:  pyomo 

2026-08-07 03:28:36 [INFO] idaes.core.surrogate.pysmo_surrogate: Decode surrogate. type=poly

===========================Polynomial Regression===============================================

The number of cross-validation cases (3) is used.
The default training/cross-validation split of 0.75 is used.
No iterations will be run.
Default parameter estimation method is used.
Parameter estimation method:  pyomo 

2026-08-07 03:28:38 [INFO] idaes.apps.grid_integration.pricetaker.price_taker_model: Found minimum uptime/downtime data for pretreatment.uf_pumps[1] - Adding minimum uptime/downtime constraints.
2026-08-07 03:28:38 [INFO] idaes.apps.grid_integration.pricetaker.price_taker_model: Created startup/shutdown constraints for operation model  pretreatment.uf_pumps[1] at uf_pumps_1_startup_shutdown.
2026-08-07 03:28:38 [INFO] idaes.apps.grid_integration.pricetaker.price_taker_model: Found minimum uptime/downtime data for pretreatment.uf_pumps[2] - Adding minimum uptime/downtime constraints.
2026-08-07 03:28:38 [INFO] idaes.apps.grid_integration.pricetaker.price_taker_model: Created startup/shutdown constraints for operation model  pretreatment.uf_pumps[2] at uf_pumps_2_startup_shutdown.
2026-08-07 03:28:38 [INFO] idaes.apps.grid_integration.pricetaker.price_taker_model: Found minimum uptime/downtime data for pretreatment.uf_pumps[3] - Adding minimum uptime/downtime constraints.
2026-08-07 03:28:38 [INFO] idaes.apps.grid_integration.pricetaker.price_taker_model: Created startup/shutdown constraints for operation model  pretreatment.uf_pumps[3] at uf_pumps_3_startup_shutdown.
2026-08-07 03:28:38 [INFO] idaes.apps.grid_integration.pricetaker.price_taker_model: Found minimum uptime/downtime data for reverse_osmosis.ro_skid[1] - Adding minimum uptime/downtime constraints.
2026-08-07 03:28:38 [INFO] idaes.apps.grid_integration.pricetaker.price_taker_model: Created startup/shutdown constraints for operation model  reverse_osmosis.ro_skid[1] at ro_skid_1_startup_shutdown.
2026-08-07 03:28:38 [INFO] idaes.apps.grid_integration.pricetaker.price_taker_model: Found minimum uptime/downtime data for reverse_osmosis.ro_skid[2] - Adding minimum uptime/downtime constraints.
2026-08-07 03:28:38 [INFO] idaes.apps.grid_integration.pricetaker.price_taker_model: Created startup/shutdown constraints for operation model  reverse_osmosis.ro_skid[2] at ro_skid_2_startup_shutdown.
2026-08-07 03:28:38 [INFO] idaes.apps.grid_integration.pricetaker.price_taker_model: Found minimum uptime/downtime data for reverse_osmosis.ro_skid[3] - Adding minimum uptime/downtime constraints.
2026-08-07 03:28:38 [INFO] idaes.apps.grid_integration.pricetaker.price_taker_model: Created startup/shutdown constraints for operation model  reverse_osmosis.ro_skid[3] at ro_skid_3_startup_shutdown.
2026-08-07 03:28:38 [INFO] idaes.apps.grid_integration.pricetaker.price_taker_model: Found minimum uptime/downtime data for reverse_osmosis.ro_skid[4] - Adding minimum uptime/downtime constraints.
2026-08-07 03:28:38 [INFO] idaes.apps.grid_integration.pricetaker.price_taker_model: Created startup/shutdown constraints for operation model  reverse_osmosis.ro_skid[4] at ro_skid_4_startup_shutdown.
4364
Set parameter TokenServer to value "10.60.1.73"
Set parameter LogToConsole to value 1
Set parameter MIPGap to value 0.01
Gurobi Optimizer version 12.0.3 build v12.0.3rc0 (linux64 - "Red Hat Enterprise Linux 8.8 (Ootpa)")

CPU model: Intel(R) Xeon(R) Platinum 8470QL, instruction set [SSE2|AVX|AVX2|AVX512]
Thread count: 104 physical cores, 104 logical processors, using up to 32 threads

Non-default parameters:
MIPGap  0.01

Optimize a model with 17951 rows, 16467 columns and 49327 nonzeros
Model fingerprint: 0xa844014e
Model has 168 quadratic objective terms
Model has 2352 quadratic constraints
Variable types: 11259 continuous, 5208 integer (5208 binary)
Coefficient statistics:
  Matrix range     [5e-04, 2e+03]
  QMatrix range    [2e-07, 1e+00]
  QLMatrix range   [3e-04, 1e+00]
  Objective range  [1e-05, 1e-03]
  QObjective range [2e-04, 2e-04]
  Bounds range     [9e-01, 1e+03]
  RHS range        [5e-02, 3e+05]
  QRHS range       [3e-01, 3e-01]
Presolve removed 6904 rows and 7586 columns
Presolve time: 0.10s
Presolved: 20287 rows, 9386 columns, 53728 nonzeros
Presolved model has 336 SOS constraint(s)
Presolved model has 2352 bilinear constraint(s)

Solving non-convex MIQCP

Variable types: 5740 continuous, 3646 integer (3646 binary)
Found heuristic solution: objective 14.4036836

Root relaxation: unbounded, 0 iterations, 0.01 seconds (0.00 work units)

    Nodes    |    Current Node    |     Objective Bounds      |     Work
 Expl Unexpl |  Obj  Depth IntInf | Incumbent    BestBd   Gap | It/Node Time

     0     2  postponed    0        14.40368          -      -     -    2s
     7    12  postponed    3        14.40368          -      -  7266    6s
    27    34  postponed    5        14.40368          -      -  7834   10s
   117   145  postponed    8        14.40368          -      -  8037   17s
   180   336  postponed    9        14.40368          -      -  8908   23s
   445   773 infeasible   11        14.40368          -      -  5062   31s
  1120  1342  postponed   19        14.40368          -      -  2513   44s
  2033  2120 infeasible   34        14.40368          -      -  1782   63s
  3327  3144 infeasible   55        14.40368          -      -  1457   89s
H 3861  3144                      14.4036834          -      -  1406   89s
  5139  5258 infeasible   81        14.40368          -      -  1261  112s
  8016  6824  postponed  102        14.40368          -      -  1078  132s
 10315  7969 infeasible  120        14.40368          -      -  1031  151s
 12100  8815  postponed  135        14.40368          -      -  1018  169s
 13623 10409  postponed  151        14.40368          -      -  1009  188s
H15490 10409                      14.4036834          -      -   968  188s
 15861 10410   13.70683  321    0   14.40368          -      -   966  190s
 15863 10411   13.41522  165 1937   14.40368   11.50974  20.1%   966  206s
 15864 10412   13.15378  106  995   14.40368   13.15378  8.68%   966  210s
 15866 10413   13.70963   13 1060   14.40368   13.70963  4.82%   966  216s
 15868 10415   13.75266  123 1209   14.40368   13.75266  4.52%   966  221s
 15871 10417   13.76100   46 1275   14.40368   13.76100  4.46%   965  226s
 15874 10419   13.76913  154 1324   14.40368   13.76913  4.41%   965  232s
 15877 10421   14.29976  490 1316   14.40368   13.77089  4.39%   965  235s
 15881 10423   13.77130  206 1298   14.40368   13.77130  4.39%   965  240s
 15887 10427   14.02363  337 1309   14.40368   13.77203  4.39%   964  257s
 15888 10428   13.77203  127 1309   14.40368   13.77203  4.39%   964  269s
 15889 10432   13.82272   11 3487   14.40368   13.77203  4.39%   973  460s
 15891 10435   13.87127   12 3155   14.40368   13.78800  4.27%   975  492s
 15895 10442   13.91666   13 2959   14.40368   13.80002  4.19%   978  522s
 15903 10455   13.95324   14 2941   14.40368   13.86276  3.76%   986  536s
 15919 10482   13.97453   15 3057   14.40368   13.86921  3.71%   993  558s
 15951 10503   13.98986   16 3300   14.40368   13.87888  3.64%  1021  565s
 15983 10589   13.99607   17 3105   14.40368   13.87888  3.64%  1027  586s
 16087 10630   14.12680   19 2647   14.40368   13.87888  3.64%  1063  600s
 16174 10660   14.18107   21 2972   14.40368   13.87888  3.64%  1104  612s
 16253 10696   14.34382   22 2889   14.40368   13.87888  3.64%  1150  624s
 16350 10711   14.19878   23 2999   14.40368   13.88470  3.60%  1184  640s
 16426 10735   14.22422   24 2601   14.40368   13.88470  3.60%  1230  656s
 16503 10753   14.23990   25 2640   14.40368   13.88470  3.60%  1270  671s
 16583 10777   14.24864   26 2575   14.40368   13.88470  3.60%  1310  686s
 16658 10805   14.30342   27 2432   14.40368   13.88470  3.60%  1361  703s
 16738 10826   14.31247   29 2492   14.40368   13.88470  3.60%  1406  716s
 16812 10846   14.36481   30 2428   14.40368   13.88470  3.60%  1448  728s
 16899 10863     cutoff   30        14.40368   13.88470  3.60%  1490  739s
 16969 10878   14.38388   31 2302   14.40368   13.88470  3.60%  1535  750s
 17060 10910   14.21504   41 2043   14.40368   13.88470  3.60%  1573  762s
 17163 10958   14.21690   43 1922   14.40368   13.88470  3.60%  1618  777s
 17282 11003   14.23166   51 1943   14.40368   13.91080  3.42%  1660  790s
 17401 11065   14.23548   53 1967   14.40368   13.91080  3.42%  1699  806s
 17534 11183   14.31010   60 1891   14.40368   13.91402  3.40%  1745  819s
 17734 11306   14.31876   64 1824   14.40368   13.91402  3.40%  1767  834s
 17950 11311   14.33077   70 1860   14.40368   13.91402  3.40%  1790  847s
 18042 11524   14.33292   71 1902   14.40368   13.91402  3.40%  1804  860s
 18290 11693   14.33462   73 1869   14.40368   13.91525  3.39%  1828  877s
 18549 11847   14.35086   78 1953   14.40368   13.91525  3.39%  1855  890s
 18799 12031   14.35089   79 1942   14.40368   13.91527  3.39%  1886  902s
 19081 12238   13.91988   27 2112   14.40368   13.91527  3.39%  1914  916s
 19396 12453   13.92754   36 2146   14.40368   13.91527  3.39%  1942  931s
 19728 12639   13.94082   53 2059   14.40368   13.91527  3.39%  1968  946s
 20033 12809   13.96076   74 2046   14.40368   13.91527  3.39%  2004  963s
 20311 13029   13.97106   87 2147   14.40368   13.91527  3.39%  2048  979s
 20637 13254   13.99114  103 1974   14.40368   13.91527  3.39%  2089  993s
H20993 12230                      14.3632412   13.91527  3.12%  2128 1010s
H21009 10394                      14.1728959   13.91527  1.82%  2130 1010s
H21011  9891                      14.1623326   13.91527  1.74%  2131 1010s
H21019  9373                      14.1262872   13.91527  1.49%  2133 1010s
H21087  8918                      14.1237974   13.91527  1.48%  2144 1010s
H21120  8490                      14.1172550   13.91527  1.43%  2143 1010s
 21156  8571   14.02403  122 1981   14.11726   13.91527  1.43%  2147 1026s
 21566  8673   14.03253  125 1931   14.11726   13.91670  1.42%  2176 1044s
 21852  8818   14.04875  134 1934   14.11726   13.91670  1.42%  2227 1063s
 22120  8914   14.06126  140 1907   14.11726   13.91670  1.42%  2285 1083s
H22125  8527                      14.1167471   13.91670  1.42%  2289 1083s
H22231  8128                      14.1166880   13.91670  1.42%  2321 1083s
 22338  8530   14.06509  142 1959   14.11669   13.91670  1.42%  2337 1100s
H22380  8169                      14.1166880   13.91670  1.42%  2338 1100s
 22795  8430   14.08104  154 1914   14.11669   13.91670  1.42%  2372 1118s
H23221  8400                      14.1165733   13.91822  1.41%  2423 1139s
 23716  8568   14.11516  198 1768   14.11657   13.91822  1.41%  2475 1158s
H23838  8214                      14.1165718   13.91977  1.39%  2505 1158s
 24124  8517   13.92842   32 2216   14.11657   13.91977  1.39%  2543 1177s
 24576  8979   13.93904   36 2213   14.11657   13.92053  1.39%  2602 1200s
 25245  9116   13.94864   39 2249   14.11657   13.92053  1.39%  2636 1222s
H25367  8778                      14.1165629   13.92053  1.39%  2647 1222s
 25659  9241   13.94623   40 2199   14.11656   13.92053  1.39%  2697 1246s
 26323  9206   13.95669   43 2187   14.11656   13.92053  1.39%  2750 1273s
H26500  8801                      14.1102982   13.92129  1.34%  2803 1273s
 26588  9327   13.96570   46 2239   14.11030   13.92129  1.34%  2812 1297s
 27210  9590   13.98202   52 2179   14.11030   13.92129  1.34%  2864 1323s
H27812  9468                      14.1101165   13.92216  1.33%  2932 1347s
H27818  9205                      14.1098958   13.92216  1.33%  2936 1347s
H27827  8959                      14.1098924   13.92216  1.33%  2939 1347s
H27851  8721                      14.1098775   13.92216  1.33%  2948 1347s
H27891  8488                      14.1098071   13.92216  1.33%  2955 1347s
H27917  8344                      14.1095377   13.92216  1.33%  2966 1347s
 28304  9108   13.99617   59 2179   14.10954   13.92283  1.32%  3001 1377s
 29096  9833   14.00277   62 2167   14.10954   13.92283  1.32%  3036 1407s
 29862 10459   14.00664   63 2182   14.10954   13.92283  1.32%  3090 1433s
 30549 11098   14.01291   67 2168   14.10954   13.92317  1.32%  3147 1459s
 31310 11817   14.01889   70 2197   14.10954   13.92317  1.32%  3197 1485s
 32088 12305   14.03556   75 2121   14.10954   13.92317  1.32%  3234 1511s
H32097 11503                      14.0964716   13.92317  1.23%  3237 1511s
 32640 11984   14.02923   76 2137   14.09647   13.92317  1.23%  3266 1541s
H32649 11984                      14.0964716   13.92317  1.23%  3268 1541s
H32779 11984                      14.0964716   13.92317  1.23%  3279 1541s
H32809 11984                      14.0964716   13.92317  1.23%  3290 1541s
H32881 11984                      14.0964716   13.92317  1.23%  3311 1541s
H33144 11984                      14.0964716   13.92359  1.23%  3334 1541s
 33241 12489   14.04739   79 2207   14.09647   13.92359  1.23%  3342 1569s
 33845 13090   14.05347   85 2106   14.09647   13.92386  1.22%  3416 1598s
H33857 13090                      14.0964716   13.92386  1.22%  3423 1598s
H34015 13090                      14.0964716   13.92386  1.22%  3434 1598s
 34587 13868   14.05483   86 2078   14.09647   13.92386  1.22%  3487 1631s
H35445 14397                      14.0964715   13.92391  1.22%  3540 1663s
H35671 14394                      14.0964023   13.92391  1.22%  3583 1663s
H35691 14382                      14.0961794   13.92391  1.22%  3586 1663s
H35732 14379                      14.0961159   13.92391  1.22%  3585 1663s
H35827 14369                      14.0960065   13.92391  1.22%  3596 1663s
 36017 15216   14.06445   91 2073   14.09601   13.92391  1.22%  3626 1696s
H36880 15837                      14.0959169   13.92391  1.22%  3698 1732s
H37002 15821                      14.0957791   13.92391  1.22%  3706 1732s
 37626 16631   14.07640  107 2005   14.09578   13.92391  1.22%  3755 1768s
H37811 16631                      14.0957791   13.92391  1.22%  3762 1768s
H37958 16631                      14.0957791   13.92391  1.22%  3777 1768s
H38488 16417                      14.0928419   13.92391  1.20%  3817 1768s
 38522 17143     cutoff  127        14.09284   13.92391  1.20%  3826 1806s
H38947 17143                      14.0928417   13.92391  1.20%  3864 1806s
 39431 17971   13.97824   64 2064   14.09284   13.92391  1.20%  3899 1846s
H40419 18657                      14.0899384   13.92391  1.18%  3961 1886s
H40454 18610                      14.0894338   13.92391  1.17%  3963 1886s
H41302 18608                      14.0894012   13.92408  1.17%  4000 1886s
 41544 19757   14.07614  141 1615   14.08940   13.92408  1.17%  4002 1931s
H41689 19757                      14.0894012   13.92408  1.17%  4015 1931s
H42635 19757                      14.0894012   13.92408  1.17%  4048 1931s
 42863 20282     cutoff   32        14.08940   13.92408  1.17%  4059 1974s
H43033 20282                      14.0894011   13.92408  1.17%  4080 1974s
 43630 20914   13.94021   37 2052   14.08940   13.92408  1.17%  4129 2021s
H43736 20914                      14.0894011   13.92408  1.17%  4131 2021s
 44330 21699     cutoff   45        14.08940   13.92408  1.17%  4204 2069s
H45214 22391                      14.0894011   13.92408  1.17%  4299 2121s
H45238 22391                      14.0894009   13.92408  1.17%  4302 2121s
 46049 23177   13.99141   62 2083   14.08940   13.92408  1.17%  4395 2177s
 46914 24105   14.00665   72 1994   14.08940   13.92462  1.17%  4503 2232s
H46924 24105                      14.0894005   13.92462  1.17%  4506 2233s
H46941 24105                      14.0894005   13.92462  1.17%  4510 2233s
H47550 24105                      14.0893947   13.92478  1.17%  4551 2233s
H47622 24105                      14.0893938   13.92478  1.17%  4565 2233s
H47793 24105                      14.0893899   13.92478  1.17%  4595 2233s
 47913 25154   14.03472   81 2099   14.08939   13.92478  1.17%  4614 2290s
H49167 26457                      14.0885772   13.92478  1.16%  4716 2349s
H49197 26423                      14.0883813   13.92478  1.16%  4720 2349s
H49797 26422                      14.0883599   13.92578  1.15%  4725 2349s
 50748 28182   14.04926   96 1981   14.08836   13.92578  1.15%  4785 2412s
H50768 27484                      14.0851579   13.92578  1.13%  4791 2412s
H51841 27432                      14.0848967   13.92578  1.13%  4796 2412s
 52838 28239   14.07538  105 1984   14.08490   13.92578  1.13%  4805 2473s
 53942 30428     cutoff  124        14.08490   13.92578  1.13%  4868 2536s
 56356 33198   14.04177  127 1585   14.08490   13.92578  1.13%  4860 2601s
 59570 36147   14.04177  109 1697   14.08490   13.92578  1.13%  4814 2677s
H59810 36147                      14.0848967   13.92641  1.13%  4808 2677s
H60548 36147                      14.0848967   13.92641  1.13%  4792 2677s
H60807 36147                      14.0848967   13.92641  1.13%  4789 2677s
 62994 37940   14.01915   95 1920   14.08490   13.92641  1.13%  4748 2724s
 65151 39752   14.04446  115 1642   14.08490   13.92641  1.13%  4710 2770s
 67301 41580   13.94300   41 2072   14.08490   13.92641  1.13%  4679 2816s
 69450 42398   14.03835  122 1591   14.08490   13.92641  1.13%  4653 2866s
 70484 43922 infeasible  170        14.08490   13.92641  1.13%  4684 2915s
 72232 46040   14.02245  104 1860   14.08490   13.92745  1.12%  4695 2970s
 74666 47655   13.96255   55 1944   14.08490   13.92745  1.12%  4674 3025s
 76729 48294   14.04010  130 1419   14.08490   13.92745  1.12%  4685 3080s
 77502 49748   14.05837  148 1316   14.08490   13.92745  1.12%  4690 3149s
 79226 51644     cutoff   36        14.08490   13.92818  1.11%  4736 3221s
 81340 54325   13.94235   44 2044   14.08490   13.92818  1.11%  4770 3294s
 84443 56570   14.03590  111 1725   14.08490   13.92818  1.11%  4761 3370s
 87179 59100   13.98627   57 2008   14.08490   13.92818  1.11%  4772 3449s
 89868 62586   14.05081  118 1780   14.08490   13.92818  1.11%  4787 3549s
 94031 66039   14.05310  115 1721   14.08490   13.92980  1.10%  4783 3626s
 97966 69055   14.08172  132 1434   14.08490   13.92980  1.10%  4749 3702s
 101500 71385   14.03576  107 1783   14.08490   13.92986  1.10%  4723 3778s
H101758 71385                      14.0848967   13.92986  1.10%  4722 3778s
H103435 71041                      14.0836309   13.92991  1.09%  4716 3778s
 104350 72857     cutoff   34        14.08363   13.93005  1.09%  4714 3857s
H106488 73992                      14.0836308   13.93035  1.09%  4750 3943s
H107430 73607                      14.0826485   13.93040  1.08%  4791 3943s
 107798 74990   13.97912   66 1965   14.08265   13.93040  1.08%  4811 4034s
 109219 76447   14.01005   93 1901   14.08265   13.93048  1.08%  4889 4135s
H109377 76361                      14.0824582   13.93048  1.08%  4902 4135s
 110764 78643   14.03404  115 1576   14.08246   13.93048  1.08%  4987 4248s
 113152 81696   14.07955  198 1113   14.08246   13.93061  1.08%  5060 4362s
 116520 85208   14.02950   83 1888   14.08246   13.93061  1.08%  5118 4475s
 120496 88788   13.98593   65 2126   14.08246   13.93061  1.08%  5133 4583s
 124770 91637   14.00457   88 1931   14.08246   13.93061  1.08%  5119 4669s
 128029 94481   13.99958   75 2033   14.08246   13.93099  1.08%  5111 4757s
 131294 96286     cutoff  141        14.08246   13.93109  1.07%  5096 4841s
 133462 98960   14.02120   80 2009   14.08246   13.93122  1.07%  5128 4933s
 136484 101180   13.99544   64 2092   14.08246   13.93122  1.07%  5147 5027s
 139139 102733   13.95146   37 2104   14.08246   13.93122  1.07%  5174 5124s
 140874 104613   13.97737   49 2080   14.08246   13.93122  1.07%  5230 5234s
 142929 107170   14.02248   69 2110   14.08246   13.93122  1.07%  5296 5348s
H144660 107170                      14.0824581   13.93169  1.07%  5327 5348s
 145794 110959   14.03980   77 2025   14.08246   13.93169  1.07%  5336 5464s
H146871 110898                      14.0823510   13.93169  1.07%  5331 5464s
H148398 110849                      14.0822870   13.93182  1.07%  5328 5464s
H150248 113719                      14.0821488   13.93183  1.07%  5327 5572s
H150616 113719                      14.0821483   13.93183  1.07%  5327 5572s
H152604 113719                      14.0821483   13.93183  1.07%  5330 5572s
 153819 115232   14.00207   69 2183   14.08215   13.93183  1.07%  5336 5676s
H153959 115232                      14.0821483   13.93183  1.07%  5338 5676s
H155305 115232                      14.0821483   13.93183  1.07%  5358 5676s
 156072 116722   14.07883  151 1354   14.08215   13.93183  1.07%  5371 5798s
H156263 116722                      14.0821483   13.93183  1.07%  5373 5798s
H157028 116722                      14.0821483   13.93183  1.07%  5409 5798s
H157416 116722                      14.0821483   13.93183  1.07%  5428 5798s
 157754 121733   14.08069  141 1385   14.08215   13.93234  1.06%  5446 5934s
H161628 121733                      14.0821483   13.93234  1.06%  5414 5934s
 163691 123171   14.02312   79 1999   14.08215   13.93252  1.06%  5398 6044s
H164151 123171                      14.0821483   13.93252  1.06%  5405 6045s
H164216 123171                      14.0821482   13.93252  1.06%  5406 6045s
 165554 125272   13.95468   40 2137   14.08215   13.93254  1.06%  5439 6161s
H165905 125272                      14.0821482   13.93254  1.06%  5443 6162s
 168003 127796   14.04413   65 2227   14.08215   13.93254  1.06%  5483 6276s
 171141 131191   13.98912   56 2011   14.08215   13.93285  1.06%  5503 6394s
H172417 131191                      14.0821482   13.93285  1.06%  5515 6394s
H174094 131188                      14.0821471   13.93285  1.06%  5499 6394s
 175061 133150     cutoff  170        14.08215   13.93285  1.06%  5503 6509s
H175207 133150                      14.0821471   13.93285  1.06%  5505 6509s
 177280 135527   14.06081  114 1556   14.08215   13.93286  1.06%  5547 6632s
 179984 137761   13.97190   62 2056   14.08215   13.93286  1.06%  5598 6741s
H180203 137761                      14.0821471   13.93286  1.06%  5598 6741s
H180513 137761                      14.0821471   13.93286  1.06%  5602 6741s
H180648 137761                      14.0821471   13.93286  1.06%  5605 6741s
H181589 137761                      14.0821470   13.93287  1.06%  5610 6741s
 182802 141597   13.94739   35 2114   14.08215   13.93287  1.06%  5618 6869s
 187208 145539   14.07569  137 1550   14.08215   13.93310  1.06%  5617 6976s
 191771 146870   13.93925   36 2104   14.08215   13.93319  1.06%  5592 7074s
 193606 148104   13.96811   56 1971   14.08215   13.93319  1.06%  5626 7180s
 194989 150770   13.99187   71 2090   14.08215   13.93350  1.06%  5683 7295s
 198083 155137   14.02669  107 1690   14.08215   13.93351  1.06%  5700 7411s
 203087 158183   14.06216  160 1164   14.08215   13.93368  1.05%  5675 7520s
H203473 158183                      14.0821470   13.93368  1.05%  5676 7520s
H204210 158183                      14.0821469   13.93368  1.05%  5673 7520s
H206608 158183                      14.0821468   13.93368  1.05%  5662 7520s
 206651 160238   13.96945   58 1993   14.08215   13.93368  1.05%  5663 7623s
 209169 163465   13.95134   42 2045   14.08215   13.93371  1.05%  5683 7735s
 212744 165500     cutoff  135        14.08215   13.93379  1.05%  5689 7836s
 215329 167976   14.06976  107 1765   14.08215   13.93383  1.05%  5700 7947s
 218191 171144   14.01370   66 2192   14.08215   13.93395  1.05%  5713 8063s
 221877 173065   13.96783   53 2047   14.08215   13.93397  1.05%  5720 8175s
 224313 174320   13.97682   52 2178   14.08215   13.93417  1.05%  5746 8296s
 225604 175842   13.99615   59 2141   14.08215   13.93417  1.05%  5791 8428s
 227180 178417   14.03767   71 2265   14.08215   13.93417  1.05%  5858 8573s
 230355 181736   14.08120  105 1987   14.08215   13.93418  1.05%  5895 8716s
 234283 186240   14.02270   88 1945   14.08215   13.93418  1.05%  5909 8859s
H237838 186240                      14.0821467   13.93430  1.05%  5883 8859s
 239699 188854   14.03133  110 1603   14.08215   13.93430  1.05%  5869 8976s
H240832 188854                      14.0821466   13.93443  1.05%  5872 8976s
 242877 191908   14.02921   75 1890   14.08215   13.93444  1.05%  5879 9093s
 246456 194434   14.03419   85 1894   14.08215   13.93444  1.05%  5885 9205s
H247360 194434                      14.0821453   13.93444  1.05%  5889 9205s
 249394 196933   14.01217   72 2010   14.08215   13.93444  1.05%  5894 9321s
H249513 196933                      14.0821453   13.93444  1.05%  5895 9321s
H250400 196933                      14.0821453   13.93444  1.05%  5898 9321s
H250611 196933                      14.0821453   13.93444  1.05%  5899 9321s
H250693 196933                      14.0821453   13.93444  1.05%  5900 9321s
H250886 196933                      14.0821449   13.93444  1.05%  5901 9321s
 252448 199320   14.08202  168 1589   14.08214   13.93444  1.05%  5910 9439s
H252632 199320                      14.0821449   13.93444  1.05%  5909 9439s
H252632 199320                      14.0821449   13.93444  1.05%  5909 9439s
H252896 199320                      14.0821449   13.93444  1.05%  5915 9439s
H253187 199320                      14.0821449   13.93444  1.05%  5916 9439s
 255069 201615   14.02179   86 1923   14.08214   13.93473  1.05%  5930 9566s
H255433 201615                      14.0821434   13.93473  1.05%  5934 9566s
H256583 201615                      14.0821426   13.93480  1.05%  5948 9566s
 257541 204917   14.02356   90 1870   14.08214   13.93481  1.05%  5958 9697s
H261089 208315                      14.0821425   13.93481  1.05%  5981 9832s
H262045 208315                      14.0821424   13.93481  1.05%  5977 9832s
 264993 211457   14.00241   57 2145   14.08214   13.93481  1.05%  5983 9953s
H265393 211457                      14.0821423   13.93481  1.05%  5982 9953s
H268589 215155                      14.0821423   13.93485  1.05%  5984 10066s
H268877 215155                      14.0821423   13.93485  1.05%  5983 10066s
H272927 216474                      14.0821423   13.93486  1.05%  5971 10154s
H274541 216474                      14.0821423   13.93489  1.05%  5984 10154s
 274749 217855   13.95238   32 2264   14.08214   13.93489  1.05%  5986 10261s
H274855 217855                      14.0821422   13.93489  1.05%  5986 10261s
 276284 219469 infeasible  132        14.08214   13.93489  1.05%  6012 10382s
 278074 221397   14.00466   52 2162   14.08214   13.93508  1.04%  6052 10516s
 280129 224957   14.07170  106 2102   14.08214   13.93508  1.04%  6102 10656s
 284329 228677   14.07321  133 1719   14.08214   13.93511  1.04%  6111 10787s
H285795 228677                      14.0821422   13.93511  1.04%  6108 10787s
H286036 228677                      14.0821422   13.93511  1.04%  6108 10787s
 288821 230895   13.94894   34 2095   14.08214   13.93511  1.04%  6103 10913s
 291543 232669   14.00061   73 1940   14.08214   13.93511  1.04%  6119 11042s
 293333 235163   14.05515  152 1264   14.08214   13.93511  1.04%  6160 11180s
 296074 237447   13.97748   50 2091   14.08214   13.93511  1.04%  6197 11353s
 298938 239728   14.04012   99 1831   14.08214   13.93513  1.04%  6196 11472s
 301766 241690   13.95289   49 2024   14.08214   13.93530  1.04%  6209 11615s
H302281 241688                      14.0821421   13.93530  1.04%  6216 11615s
 303822 244525   13.99784   80 1998   14.08214   13.93530  1.04%  6240 11783s
 306846 249613   14.03949  118 1561   14.08214   13.93541  1.04%  6284 11953s
 312534 252933   14.07816  198 1164   14.08214   13.93541  1.04%  6281 12088s
H312695 252933                      14.0821418   13.93541  1.04%  6280 12088s
 316463 255814     cutoff  151        14.08214   13.93550  1.04%  6280 12221s
 320029 259270   14.07643  122 1541   14.08214   13.93550  1.04%  6289 12350s
 324096 261810   14.07388  123 1492   14.08214   13.93560  1.04%  6276 12473s
 327120 263791   13.98314   56 2114   14.08214   13.93569  1.04%  6279 12600s
 329188 266175   14.01470   76 2039   14.08214   13.93577  1.04%  6304 12724s
 331626 271207   14.06461  114 1761   14.08214   13.93577  1.04%  6327 12884s
 337234 273788   14.07721  131 1446   14.08214   13.93578  1.04%  6323 12996s
 340355 276146   14.06366  122 1543   14.08214   13.93578  1.04%  6324 13109s
 343333 277693   13.96497   50 2060   14.08214   13.93594  1.04%  6328 13230s
 344906 279801   13.99308   63 1989   14.08214   13.93595  1.04%  6356 13356s
 347032 283244   14.02650   87 1841   14.08214   13.93595  1.04%  6383 13493s
 350752 286464   14.06271  149 1300   14.08214   13.93595  1.04%  6392 13625s
 354595 290397   14.03528   96 1888   14.08214   13.93598  1.04%  6396 13748s
 359266 292512   14.07621  150 1333   14.08214   13.93598  1.04%  6380 13871s
 362091 294127   13.95823   51 2096   14.08214   13.93615  1.04%  6384 14015s
 363713 296294   13.99685   73 1960   14.08214   13.93615  1.04%  6421 14196s
 365947 301908   14.04265  105 1693   14.08214   13.93615  1.04%  6477 14398s
 372442 305903   13.95503   42 2068   14.08214   13.93615  1.04%  6479 14546s
 377388 310070   13.99158   69 2040   14.08214   13.93625  1.04%  6464 14670s
 382502 313468   14.05881  111 1573   14.08214   13.93631  1.04%  6441 14783s
 386538 315474   14.04350   99 1763   14.08214   13.93631  1.04%  6427 14888s
 388992 318548   14.02888   92 1912   14.08214   13.93631  1.04%  6430 15007s
 392722 322078   14.02484   96 1937   14.08214   13.93638  1.04%  6428 15113s
 396835 324302   14.02384   96 1813   14.08214   13.93645  1.03%  6407 15211s
 399804 325637   13.95948   37 2129   14.08214   13.93654  1.03%  6402 15311s
 401172 326777   13.98749   47 2128   14.08214   13.93654  1.03%  6421 15419s
H401509 326777                      14.0821418   13.93654  1.03%  6433 15419s
 402372 329372   14.03780   66 2209   14.08214   13.93654  1.03%  6449 15538s
 405384 331834   14.06184   89 1990   14.08214   13.93660  1.03%  6459 15656s
 408549 335539   14.00561   63 2039   14.08214   13.93667  1.03%  6463 15775s
H408993 335539                      14.0821417   13.93667  1.03%  6463 15775s
 412930 338821   14.03496  112 1600   14.08214   13.93667  1.03%  6449 15888s
 416979 342445   14.02913   86 1884   14.08214   13.93678  1.03%  6436 15998s
 421103 344430   14.07856  149 1338   14.08214   13.93678  1.03%  6420 16116s
 423649 346392   13.99890   51 2087   14.08214   13.93678  1.03%  6430 16268s
 425705 351228   14.05824   87 2028   14.08214   13.93684  1.03%  6462 16453s
 431437 355629     cutoff   35        14.08214   13.93684  1.03%  6454 16590s
H435627 355629                      14.0821416   13.93684  1.03%  6438 16590s
 436710 359489   14.03134   98 1737   14.08214   13.93695  1.03%  6433 16709s
 441279 362217   14.02655   86 1967   14.08214   13.93700  1.03%  6416 16824s
H444525 365120                      14.0821415   13.93703  1.03%  6414 16936s
 447995 367990   14.05863  103 1728   14.08214   13.93703  1.03%  6406 17048s
 451378 370140   13.99421   63 2092   14.08214   13.93713  1.03%  6403 17171s
 454139 371669   14.03214   37 2401   14.08214   13.93720  1.03%  6410 17317s
H455031 371669                      14.0821415   13.93720  1.03%  6425 17317s
 455688 373366   14.04581   93 1797   14.08214   13.93720  1.03%  6438 17539s
 457443 378481   13.98845   65 1976   14.08214   13.93720  1.03%  6470 17759s
 463263 381506   14.05952  136 1446   14.08214   13.93720  1.03%  6487 17931s
H464616 381506                      14.0821415   13.93720  1.03%  6493 17931s
 466930 384050   13.96636   49 2070   14.08214   13.93727  1.03%  6497 18093s
 469491 389357   14.03504   94 1836   14.08214   13.93727  1.03%  6524 18262s
 475178 391658     cutoff   38        14.08214   13.93727  1.03%  6522 18407s
 478106 393849   13.98029   47 2100   14.08214   13.93735  1.03%  6538 18559s
 480922 395738   13.95272   37 2093   14.08214   13.93736  1.03%  6551 18683s
H480968 395738                      14.0821415   13.93736  1.03%  6551 18683s
H481572 395738                      14.0821415   13.93736  1.03%  6552 18683s
 482958 399297   13.98072   54 2053   14.08214   13.93736  1.03%  6561 18882s
 486672 402214   14.00560   64 2052   14.08214   13.93741  1.03%  6580 19065s
 489686 406328   14.03339   83 1913   14.08214   13.93742  1.03%  6606 19249s
H492298 406328                      14.0821415   13.93742  1.03%  6613 19249s
 494027 409984   14.03680  110 1584   14.08214   13.93742  1.03%  6621 19419s
 498331 412399   13.97681   66 2056   14.08214   13.93743  1.03%  6631 19577s
 500973 416303   14.02221  105 1797   14.08214   13.93743  1.03%  6653 19737s
H503207 416303                      14.0821415   13.93743  1.03%  6658 19737s
 505191 419364   14.07877  172 1137   14.08214   13.93743  1.03%  6660 19894s
 508979 421490   13.98587   62 2039   14.08214   13.93743  1.03%  6666 20041s
 511311 423227   14.02250   91 1942   14.08214   13.93743  1.03%  6685 20167s
 513218 428754   14.04622  110 1698   14.08214   13.93753  1.03%  6703 20372s
 519570 432466   13.99533   66 2082   14.08214   13.93754  1.03%  6702 20498s
 524093 435903   14.02972   85 1912   14.08214   13.93761  1.03%  6688 20607s
 528183 439312   14.04648  117 1581   14.08214   13.93761  1.03%  6676 20712s
 533069 441031   14.07894  144 1347   14.08214   13.93761  1.03%  6655 20808s
 535466 442250   13.96237   48 2083   14.08214   13.93761  1.03%  6655 20911s
 536737 443625   13.98879   64 1998   14.08214   13.93761  1.03%  6670 21024s
 538165 445310   14.01459   88 1880   14.08214   13.93761  1.03%  6686 21148s
 539950 448149   14.02882  109 1627   14.08214   13.93761  1.03%  6710 21278s
 543280 450858   14.04283  141 1351   14.08214   13.93777  1.03%  6719 21401s
 546710 454180   13.96148   39 2157   14.08214   13.93778  1.03%  6719 21517s
 550615 456744   14.07894  151 1673   14.08214   13.93778  1.03%  6710 21625s
 553807 459761   14.04225  101 1895   14.08214   13.93788  1.02%  6707 21732s
 557325 462569   14.07662  127 1402   14.08214   13.93788  1.02%  6703 21840s
 560647 466345   14.08143  115 1664   14.08214   13.93788  1.02%  6695 21945s
 565076 469603   14.07572  149 1349   14.08214   13.93790  1.02%  6677 22040s
 568932 471495   14.07529  140 1446   14.08214   13.93790  1.02%  6663 22133s
 571447 474610   14.04351   95 1779   14.08214   13.93797  1.02%  6661 22232s
 574980 478453   14.03251  105 1821   14.08214   13.93803  1.02%  6651 22354s
 579447 480867   13.95413   36 2166   14.08214   13.93809  1.02%  6640 22446s
 582298 484163   14.01931   68 2057   14.08214   13.93809  1.02%  6637 22543s
 586265 485480     cutoff  147        14.08214   13.93810  1.02%  6624 22632s
 588062 486406   13.97772   40 2231   14.08214   13.93816  1.02%  6629 22729s
 589169 488179   14.03211   56 2326   14.08214   13.93816  1.02%  6646 22837s
 591431 489725   13.94998   49 2105   14.08214   13.93816  1.02%  6649 22955s
 592991 491849   13.98900   69 2058   14.08214   13.93816  1.02%  6665 23087s
 595158 495972   14.02468   91 1880   14.08214   13.93816  1.02%  6682 23225s
 599705 500338   14.07252  148 1560   14.08214   13.93820  1.02%  6675 23355s
 605031 501845     cutoff  144        14.08214   13.93827  1.02%  6657 23515s
 606963 504424   13.96668   51 2076   14.08214   13.93827  1.02%  6657 23724s
 609976 507816   14.00581   78 2093   14.08214   13.93827  1.02%  6684 23944s
H612322 507816                      14.0821415   13.93827  1.02%  6699 23944s
 613655 512997   14.03778  108 1706   14.08214   13.93827  1.02%  6710 24145s
 619823 515566   13.99730   54 2165   14.08214   13.93834  1.02%  6709 24301s
 623116 517484   13.98527   49 2176   14.08214   13.93839  1.02%  6718 24457s
 625062 521366   14.04641   73 2204   14.08214   13.93839  1.02%  6739 24625s
 629564 525329   13.97047   49 2074   14.08214   13.93839  1.02%  6741 24777s
 634393 528347   14.03218   86 1947   14.08214   13.93844  1.02%  6733 24901s
 637978 530510   14.03275   86 2037   14.08214   13.93844  1.02%  6732 25017s
 640630 534172   14.02849   78 2110   14.08214   13.93845  1.02%  6737 25142s
 644931 537175   14.04048  114 1586   14.08214   13.93845  1.02%  6726 25255s
 648495 539956     cutoff   35        14.08214   13.93856  1.02%  6720 25367s
 651733 542246   14.05266  112 1659   14.08214   13.93858  1.02%  6717 25477s
 654407 545785   14.01669   86 1856   14.08214   13.93858  1.02%  6719 25590s
 658599 548905   14.08146  129 1445   14.08214   13.93860  1.02%  6708 25700s
 662192 551122     cutoff  139        14.08214   13.93868  1.02%  6701 25807s
 664914 553045   13.96989   57 1946   14.08214   13.93873  1.02%  6700 25937s
 666979 556695   14.00979   75 1979   14.08214   13.93873  1.02%  6713 26135s
 670924 560398   13.94890   43 2106   14.08214   13.93873  1.02%  6728 26305s
 675155 564678   13.99281   75 2044   14.08214   13.93873  1.02%  6732 26461s
 680191 567948   14.02477  107 1762   14.08214   13.93878  1.02%  6725 26600s
 684161 571358   14.06218  153 1308   14.08214   13.93882  1.02%  6725 26731s
 688189 574883   14.00969   76 1990   14.08214   13.93882  1.02%  6717 26851s
 692317 577740   14.03271   98 1761   14.08214   13.93888  1.02%  6709 26964s
 695713 579548   14.04898  129 1457   14.08214   13.93888  1.02%  6706 27094s
 698399 581686   13.97214   58 1966   14.08214   13.93888  1.02%  6713 27248s
 700606 586593   14.01825   83 2041   14.08214   13.93891  1.02%  6730 27427s
 705968 590983   14.05145  116 1624   14.08214   13.93891  1.02%  6730 27563s
 711103 595252   13.94569   37 2168   14.08214   13.93897  1.02%  6718 27690s
 716310 598825   14.01948   93 1826   14.08214   13.93898  1.02%  6702 27799s
 720657 601841   14.03796  114 1579   14.08214   13.93902  1.02%  6689 27896s
 724258 604662   14.01702   86 2033   14.08214   13.93904  1.02%  6680 27995s
 727467 608091   14.02159  100 1819   14.08214   13.93904  1.02%  6674 28118s
 731577 610519   13.97079   46 2055   14.08214   13.93907  1.02%  6665 28217s
 734450 614244   13.98702   57 2025   14.08214   13.93907  1.02%  6665 28326s
 738807 616211   14.02902  106 1767   14.08214   13.93911  1.02%  6652 28418s
 741301 618356   13.98627   65 2006   14.08214   13.93917  1.02%  6652 28515s
 743839 621444     cutoff  133        14.08214   13.93917  1.02%  6655 28617s
 747533 623024   14.08094  141 1392   14.08214   13.93917  1.02%  6646 28719s
 749835 624332   13.98020   52 2091   14.08214   13.93922  1.01%  6650 28824s
 751314 626028   14.03092   67 2140   14.08214   13.93923  1.01%  6661 28945s
 753036 628961   14.07910  111 1901   14.08214   13.93923  1.01%  6676 29075s
 756615 631756   13.97566   43 2112   14.08214   13.93923  1.01%  6674 29198s
 759988 634193   14.04183   72 2117   14.08214   13.93927  1.01%  6675 29324s
 763031 635590   13.96525   46 2009   14.08214   13.93932  1.01%  6676 29450s
 764485 637297   14.00402   67 1938   14.08214   13.93932  1.01%  6689 29596s
 766295 639379   14.04511   93 1688   14.08214   13.93933  1.01%  6708 29814s
 768493 644082   14.07736  150 1389   14.08214   13.93933  1.01%  6719 29984s
 774247 646525   13.96800   51 1954   14.08214   13.93933  1.01%  6712 30127s
 777083 649048   14.00148   71 1957   14.08214   13.93934  1.01%  6717 30272s
 780010 652888     cutoff   91        14.08214   13.93940  1.01%  6727 30419s
 784476 655655   14.05841  130 1374   14.08214   13.93940  1.01%  6725 30553s
 787853 659562   14.01147   70 2059   14.08214   13.93942  1.01%  6726 30678s
 792588 661162   13.99047   60 2098   14.08214   13.93942  1.01%  6716 30764s
 794641 662141     cutoff  145        14.08214   13.93942  1.01%  6716 30864s
 795790 664114   13.98911   62 1956   14.08214   13.93942  1.01%  6726 30981s
 798274 665820   14.02329   87 1893   14.08214   13.93942  1.01%  6730 31105s
 799982 668744   14.04552  113 1539   14.08214   13.93942  1.01%  6742 31243s
 803092 673896   14.00823   76 2007   14.08214   13.93947  1.01%  6750 31377s
 808989 677499   14.05282  124 1504   14.08214   13.93952  1.01%  6735 31494s
 813347 679784     cutoff   37        14.08214   13.93958  1.01%  6722 31595s
 816253 682667   13.97638   58 2029   14.08214   13.93958  1.01%  6720 31697s
 819525 684877   14.00641   73 1940   14.08214   13.93958  1.01%  6717 31821s
 822357 687315   14.03877   98 1824   14.08214   13.93962  1.01%  6720 31960s
 825399 689548   14.05530  133 1429   14.08214   13.93966  1.01%  6725 32108s
 827739 693558   14.01147   55 2169   14.08214   13.93966  1.01%  6737 32270s
 831993 696536   14.05929   85 2166   14.08214   13.93966  1.01%  6743 32415s
 835637 698596   13.96065   46 2028   14.08214   13.93966  1.01%  6745 32559s
 837825 702064   14.02875   72 2098   14.08214   13.93966  1.01%  6759 32708s
 841929 706255   14.07474   98 1967   14.08214   13.93966  1.01%  6761 32851s
 847108 708865   14.03272   92 1733   14.08214   13.93973  1.01%  6750 32975s
 850282 710452   13.97831   56 1960   14.08214   13.93978  1.01%  6751 33105s
 851869 716095   14.00583   72 1900   14.08214   13.93978  1.01%  6763 33357s
 857957 719863   14.07894  158 1247   14.08214   13.93978  1.01%  6774 33511s
 862320 722840   14.03936   98 1818   14.08214   13.93978  1.01%  6773 33650s
 865700 727191   14.07122  120 1589   14.08214   13.93979  1.01%  6776 33797s
 870756 729438   14.08096  144 1403   14.08214   13.93980  1.01%  6768 33918s
 873477 731523   14.07584  195 1427   14.08214   13.93984  1.01%  6771 34044s
 876349 733371   13.96137   46 2098   14.08214   13.93985  1.01%  6776 34175s
 878408 736162   13.96966   49 2100   14.08214   13.93987  1.01%  6782 34320s
 881490 738883   13.98195   58 2038   14.08214   13.93988  1.01%  6786 34444s
 884592 740917   13.99124   59 2082   14.08214   13.93988  1.01%  6788 34581s
 886705 744062   14.00804   67 2023   14.08214   13.93988  1.01%  6798 34737s
 890314 747221   14.03108   89 1844   14.08214   13.93988  1.01%  6804 34887s
 893730 750218   13.98310   67 2069   14.08214   13.93988  1.01%  6808 35036s
 897102 753471   14.01926   82 1949   14.08214   13.93988  1.01%  6813 35183s
 900960 754661   13.99448   51 2133   14.08214   13.93992  1.01%  6815 35360s
 902265 757306   14.02532   60 2261   14.08214   13.93994  1.01%  6820 35512s
 905155 759874   14.06280   83 2152   14.08214   13.93995  1.01%  6827 35668s
 908577 762245   14.00071   55 2114   14.08214   13.93996  1.01%  6831 35821s
 911185 765186   14.04488   77 2070   14.08214   13.93998  1.01%  6844 35947s
 914613 767446   14.07995  109 1873   14.08214   13.93999  1.01%  6841 36067s
 917434 769530   13.98566   63 2035   14.08214   13.94001  1.01%  6843 36200s
 919631 771861   14.01396   83 1980   14.08214   13.94001  1.01%  6851 36347s
 922047 775705   14.05067  130 1458   14.08214   13.94004  1.01%  6861 36496s
 926516 779378   13.98819   62 2075   14.08214   13.94004  1.01%  6861 36634s
 930874 782974   14.04354  119 1470   14.08214   13.94007  1.01%  6858 36763s
 935112 786631   14.08136  123 1455   14.08214   13.94009  1.01%  6851 36877s
 939423 789168   13.95918   39 2058   14.08214   13.94011  1.01%  6840 36983s
 942554 791576   13.99465   61 2046   14.08214   13.94014  1.01%  6838 37109s
 945532 793312   13.96240   40 2138   14.08214   13.94017  1.01%  6840 37250s
 947405 796373   13.99238   54 2127   14.08214   13.94017  1.01%  6852 37415s
 950739 800992   14.05594   83 2046   14.08214   13.94017  1.01%  6864 37582s
 956514 805202     cutoff   41        14.08214   13.94020  1.01%  6854 37713s
 961568 809025   14.07927  124 1704   14.08214   13.94021  1.01%  6845 37826s
 966116 812864     cutoff   34        14.08214   13.94023  1.01%  6833 37935s
 970794 815090   13.97837   65 2087   14.08214   13.94031  1.01%  6821 38028s
 973559 818054   13.94923   41 2111   14.08214   13.94032  1.01%  6819 38151s
 977181 820254   13.94826   35 2125   14.08214   13.94032  1.01%  6818 38269s
 979858 822128   14.07329  119 1555   14.08214   13.94033  1.01%  6818 38394s
 981812 824658   13.95367   38 2114   14.08214   13.94040  1.01%  6826 38536s
 984362 829617   13.98634   56 2082   14.08214   13.94040  1.01%  6836 38681s
 990061 833563   14.02667   84 1990   14.08214   13.94040  1.01%  6828 38799s
 994767 836942   14.06043  103 1876   14.08214   13.94043  1.01%  6818 38907s
 998929 840112   14.05897  127 1454   14.08214   13.94045  1.01%  6809 39007s
 1002651 843768   14.03089  108 1667   14.08214   13.94048  1.01%  6801 39131s
 1007015 845821   14.07334  135 1375   14.08214   13.94050  1.01%  6793 39223s
 1009629 848290   14.02522   78 1912   14.08214   13.94050  1.01%  6792 39332s
 1012539 852143   14.02729   88 2050   14.08214   13.94050  1.01%  6792 39438s
 1017028 854414   14.06221  104 1734   14.08214   13.94057  1.01%  6782 39533s
 1019953 856257   14.01987   78 1982   14.08214   13.94058  1.01%  6780 39634s
 1022234 857902   13.95280   46 2011   14.08214   13.94058  1.01%  6782 39739s
 1024012 859829   13.98663   62 1968   14.08214   13.94058  1.01%  6787 39854s
 1026242 862233   14.02295   75 2023   14.08214   13.94060  1.01%  6794 39973s
 1028999 864041   14.04914   91 1879   14.08214   13.94063  1.00%  6799 40101s
 1031441 866460   14.08015  121 1790   14.08214   13.94063  1.00%  6803 40238s
 1034249 868984   13.95663   43 2159   14.08214   13.94063  1.00%  6807 40363s
 1036832 873039   13.99903   70 2103   14.08214   13.94063  1.00%  6813 40516s
 1041468 876227   14.03775   88 2086   14.08214   13.94067  1.00%  6812 40642s
 1045182 878227   14.08143  154 1716   14.08214   13.94069  1.00%  6809 40762s
 1047641 879859   14.01473   56 2083   14.08214   13.94069  1.00%  6813 40885s
 1049316 882557   14.05433   75 2017   14.08214   13.94069  1.00%  6825 41022s
 1052568 885052     cutoff   41        14.08214   13.94069  1.00%  6829 41158s
 1055472 888377   14.01350   62 2187   14.08214   13.94069  1.00%  6833 41299s
 1059402 892514     cutoff   98        14.08214   13.94071  1.00%  6833 41433s
 1064343 896352   13.97675   59 2000   14.08214   13.94078  1.00%  6824 41555s
 1068766 898916   14.02692   93 1819   14.08214   13.94080  1.00%  6817 41649s
 1071873 900879   14.02824   93 1868   14.08214   13.94080  1.00%  6812 41742s
 1074370 903240   13.99724   61 2039   14.08214   13.94080  1.00%  6813 41841s
 1077162 904851     cutoff   34        14.08214   13.94080  1.00%  6813 41952s
 1079215 906862   14.04364   94 1872   14.08214   13.94080  1.00%  6817 42065s
 1081421 909424   14.03452   88 1918   14.08214   13.94080  1.00%  6821 42187s
 1084218 913055   14.03243   93 1796   14.08214   13.94089  1.00%  6825 42317s
 1088324 915432   14.03588   87 1943   14.08214   13.94089  1.00%  6822 42433s
 1091289 917105   13.97777   52 2076   14.08214   13.94090  1.00%  6824 42557s
 1092984 919617   14.03267   92 1814   14.08214   13.94090  1.00%  6833 42690s
 1095559 923584   14.07550  140 1347   14.08214   13.94090  1.00%  6840 42813s
 1099982 927151   14.01592   74 2033   14.08214   13.94090  1.00%  6834 42912s
 1104250 928506   13.99653   74 2074   14.08214   13.94096  1.00%  6824 43027s
 1105985 930686   14.03040  102 1798   14.08214   13.94096  1.00%  6821 43120s
 1108657 932036   13.99701   58 2054   14.08214   13.94096  1.00%  6820 43215s
 1110205 933927     cutoff  127        14.08214   13.94097  1.00%  6823 43323s
 1112487 937088   14.04199  112 1784   14.08214   13.94097  1.00%  6826 43438s
 1116140 939422     cutoff  146        14.08214   13.94097  1.00%  6822 43549s
 1119043 942115   14.04779  105 1775   14.08214   13.94104  1.00%  6823 43659s
 1122356 944499   14.01414   70 2072   14.08214   13.94104  1.00%  6821 43767s
 1125281 945931   13.97109   43 2083   14.08214   13.94104  1.00%  6821 43892s
 1126773 951840   14.02178   59 2162   14.08214   13.94110  1.00%  6832 44154s
 1133676 956117   14.03166   96 1825   14.08214   13.94110  1.00%  6836 44300s
 1138664 959989   14.01691   80 2004   14.08214   13.94114  1.00%  6829 44432s
 1143656 963492   14.07970  146 1302   14.08214   13.94116  1.00%  6820 44542s
 1147812 965818   14.08190  148 1511   14.08214   13.94117  1.00%  6812 44644s
 1150719 967924   14.07132  115 1647   14.08214   13.94120  1.00%  6810 44751s
 1153283 969885   13.97380   50 2083   14.08214   13.94120  1.00%  6812 44862s
 1155501 971563   14.00786   71 2006   14.08214   13.94123  1.00%  6816 44986s
 1157355 976514   14.04429  102 1737   14.08214   13.94123  1.00%  6822 45203s
 1162755 981103   14.03893   77 2038   14.08214   13.94123  1.00%  6826 45361s
 1168171 983946   13.97430   48 2087   14.08214   13.94125  1.00%  6820 45483s
 1171642 986468   13.99652   63 2033   14.08214   13.94130  1.00%  6819 45601s
 1174824 988677   13.99017   63 2048   14.08214   13.94130  1.00%  6819 45720s
 1177445 990390   13.97433   50 2123   14.08214   13.94130  1.00%  6822 45852s
 1179231 993097   14.00819   71 2041   14.08214   13.94130  1.00%  6828 45990s

Cutting planes:
  Learned: 482
  Gomory: 32
  Cover: 1103
  Implied bound: 335
  Projected implied bound: 108
  MIR: 545
  StrongCG: 1
  Flow cover: 1050
  GUB cover: 20
  Zero half: 9
  Network: 37
  RLT: 1734
  Relax-and-lift: 681
  BQP: 1
  PSD: 1

Explored 1182134 nodes (8078683171 simplex iterations) in 45990.56 seconds (101535.88 work units)
Thread count was 32 (of 104 available processors)

Solution count 10: 14.0821 14.0821 14.0821 ... 14.0821

Optimal solution found (tolerance 1.00e-02)
Best objective 1.408214155958e+01, best bound 1.394134622858e+01, gap 0.9998%
m.flow_changes_penalty(): 560.0
Total operational cost: 140261.42
Maximum power (kW): 1392.09
Discharge energy capacity (kWh): 14195.86
Charge energy capacity (kWh): 12183.22
Levelized Cost of Flexibility ($/kWh): -1.52
{'fixed_demand_cost': 6230.679173056785, 'variable_demand_cost': 4871.4166947968, 'fixed_monthly_cost': 171938.17204301074, 'total_water_production': 282179.70347192936, 'total_energy_cost': 19831.0656881919, 'total_demand_cost': 11102.095867853584, 'total_customer_cost': 0.0, 'total_feed_cost': 50937.450578834665, 'total_brine_cost': 39073.71165814294, 'total_chemical_cost': 19317.09180273809, 'total_water_revenue': 0.0, 'total_demand_response_revenue': 0.0, 'total_emissions_cost': 0.0, 'total_op_cost': 140261.41559576118, 'fixed_cost': 121551.98252688172, 'total_cost': 261813.3981226429, 'LCOW': 0.9278250522674021, 'degree_of_flex': 0.10778443113772455, 'total_replacement_cost': 1425.1988543731686, 'maximum_power': 1392.0880151674658, 'discharge_energy_capacity': 14195.858173391307, 'charge_energy_capacity': 12183.221673365326, 'discharge_power_capacity': 112.66554105866116, 'charge_power_capacity': 290.07670650869824, 'round_trip_efficiency': 0, 'LVOF': -1.5207685358959135}
Saved operation variable results to: /home/rchurchi/watertap_test/watertap/tutorials/flex_ro/wrd_result_summer_both_4_flexible_trains.csv
Saved summary results to: /home/rchurchi/watertap_test/watertap/tutorials/flex_ro/wrd_pricetaker_summary_results_20260807_161512.csv
