2026-08-07 18:20:21 [INFO] idaes.core.surrogate.pysmo_surrogate: Decode surrogate. type=poly

===========================Polynomial Regression===============================================

The number of cross-validation cases (3) is used.
The default training/cross-validation split of 0.75 is used.
No iterations will be run.
Default parameter estimation method is used.
Parameter estimation method:  pyomo 

2026-08-07 18:20:21 [INFO] idaes.core.surrogate.pysmo_surrogate: Decode surrogate. type=poly

===========================Polynomial Regression===============================================

The number of cross-validation cases (3) is used.
The default training/cross-validation split of 0.75 is used.
No iterations will be run.
Default parameter estimation method is used.
Parameter estimation method:  pyomo 

2026-08-07 18:20:21 [INFO] idaes.core.surrogate.pysmo_surrogate: Decode surrogate. type=poly

===========================Polynomial Regression===============================================

The number of cross-validation cases (3) is used.
The default training/cross-validation split of 0.75 is used.
No iterations will be run.
Default parameter estimation method is used.
Parameter estimation method:  pyomo 

2026-08-07 18:20:21 [INFO] idaes.core.surrogate.pysmo_surrogate: Decode surrogate. type=poly

===========================Polynomial Regression===============================================

The number of cross-validation cases (3) is used.
The default training/cross-validation split of 0.75 is used.
No iterations will be run.
Default parameter estimation method is used.
Parameter estimation method:  pyomo 

2026-08-07 18:20:22 [INFO] idaes.apps.grid_integration.pricetaker.price_taker_model: Found minimum uptime/downtime data for pretreatment.uf_pumps[1] - Adding minimum uptime/downtime constraints.
2026-08-07 18:20:22 [INFO] idaes.apps.grid_integration.pricetaker.price_taker_model: Created startup/shutdown constraints for operation model  pretreatment.uf_pumps[1] at uf_pumps_1_startup_shutdown.
2026-08-07 18:20:22 [INFO] idaes.apps.grid_integration.pricetaker.price_taker_model: Found minimum uptime/downtime data for pretreatment.uf_pumps[2] - Adding minimum uptime/downtime constraints.
2026-08-07 18:20:22 [INFO] idaes.apps.grid_integration.pricetaker.price_taker_model: Created startup/shutdown constraints for operation model  pretreatment.uf_pumps[2] at uf_pumps_2_startup_shutdown.
2026-08-07 18:20:22 [INFO] idaes.apps.grid_integration.pricetaker.price_taker_model: Found minimum uptime/downtime data for pretreatment.uf_pumps[3] - Adding minimum uptime/downtime constraints.
2026-08-07 18:20:22 [INFO] idaes.apps.grid_integration.pricetaker.price_taker_model: Created startup/shutdown constraints for operation model  pretreatment.uf_pumps[3] at uf_pumps_3_startup_shutdown.
2026-08-07 18:20:22 [INFO] idaes.apps.grid_integration.pricetaker.price_taker_model: Found minimum uptime/downtime data for reverse_osmosis.ro_skid[1] - Adding minimum uptime/downtime constraints.
2026-08-07 18:20:22 [INFO] idaes.apps.grid_integration.pricetaker.price_taker_model: Created startup/shutdown constraints for operation model  reverse_osmosis.ro_skid[1] at ro_skid_1_startup_shutdown.
2026-08-07 18:20:22 [INFO] idaes.apps.grid_integration.pricetaker.price_taker_model: Found minimum uptime/downtime data for reverse_osmosis.ro_skid[2] - Adding minimum uptime/downtime constraints.
2026-08-07 18:20:22 [INFO] idaes.apps.grid_integration.pricetaker.price_taker_model: Created startup/shutdown constraints for operation model  reverse_osmosis.ro_skid[2] at ro_skid_2_startup_shutdown.
2026-08-07 18:20:22 [INFO] idaes.apps.grid_integration.pricetaker.price_taker_model: Found minimum uptime/downtime data for reverse_osmosis.ro_skid[3] - Adding minimum uptime/downtime constraints.
2026-08-07 18:20:22 [INFO] idaes.apps.grid_integration.pricetaker.price_taker_model: Created startup/shutdown constraints for operation model  reverse_osmosis.ro_skid[3] at ro_skid_3_startup_shutdown.
2026-08-07 18:20:22 [INFO] idaes.apps.grid_integration.pricetaker.price_taker_model: Found minimum uptime/downtime data for reverse_osmosis.ro_skid[4] - Adding minimum uptime/downtime constraints.
2026-08-07 18:20:22 [INFO] idaes.apps.grid_integration.pricetaker.price_taker_model: Created startup/shutdown constraints for operation model  reverse_osmosis.ro_skid[4] at ro_skid_4_startup_shutdown.
4364
Set parameter TokenServer to value "10.60.1.73"
Set parameter LogToConsole to value 1
Set parameter MIPGap to value 0.01
Gurobi Optimizer version 12.0.3 build v12.0.3rc0 (linux64 - "Red Hat Enterprise Linux 8.8 (Ootpa)")

CPU model: Intel(R) Xeon(R) Platinum 8470QL, instruction set [SSE2|AVX|AVX2|AVX512]
Thread count: 104 physical cores, 104 logical processors, using up to 32 threads

Non-default parameters:
MIPGap  0.01

Optimize a model with 17951 rows, 16467 columns and 49327 nonzeros
Model fingerprint: 0xcb464ccc
Model has 168 quadratic objective terms
Model has 2352 quadratic constraints
Variable types: 11259 continuous, 5208 integer (5208 binary)
Coefficient statistics:
  Matrix range     [5e-04, 2e+03]
  QMatrix range    [2e-07, 1e+00]
  QLMatrix range   [3e-04, 1e+00]
  Objective range  [1e-05, 1e-03]
  QObjective range [2e-04, 2e-04]
  Bounds range     [9e-01, 1e+03]
  RHS range        [5e-02, 3e+05]
  QRHS range       [3e-01, 3e-01]
Presolve removed 6904 rows and 7586 columns
Presolve time: 0.10s
Presolved: 20287 rows, 9386 columns, 53728 nonzeros
Presolved model has 336 SOS constraint(s)
Presolved model has 2352 bilinear constraint(s)

Solving non-convex MIQCP

Variable types: 5740 continuous, 3646 integer (3646 binary)
Found heuristic solution: objective 18.2118381

Root relaxation: unbounded, 0 iterations, 0.01 seconds (0.00 work units)

    Nodes    |    Current Node    |     Objective Bounds      |     Work
 Expl Unexpl |  Obj  Depth IntInf | Incumbent    BestBd   Gap | It/Node Time

     0     2  postponed    0        18.21184          -      -     -    2s
     7    12  postponed    3        18.21184          -      -  7481    6s
    27    34  postponed    5        18.21184          -      -  7935   10s
   121   150  postponed    8        18.21184          -      -  8041   17s
   187   394  postponed    9        18.21184          -      -  8698   22s
   551   610 infeasible   13        18.21184          -      -  3647   30s
   903  1160 infeasible   18        18.21184          -      -  3168   42s
  1785  1915  postponed   31        18.21184          -      -  2002   60s
  3050  2897  postponed   51        18.21184          -      -  1513   85s
H 4417  2897                      18.2118379          -      -  1306   85s
  4766  4735  postponed   79        18.21184          -      -  1296  110s
  7528  6091  postponed  106        18.21184          -      -  1093  131s
  9602  6849 infeasible  126        18.21184          -      -  1043  151s
H10118  6849                      18.2118379          -      -  1033  151s
 10954  7798  postponed  144        18.21184          -      -  1028  172s
 12505  9464 infeasible  160        18.21184          -      -  1022  191s
 14805  9466   17.33121  167 1922   18.21184   15.31259  15.9%   980  216s
 14806  9467   17.71922  259  942   18.21184   16.88954  7.26%   980  220s
 14808  9468   18.00163  241  879   18.21184   17.61733  3.26%   980  226s
 14811  9470   17.82300  230  959   18.21184   17.64639  3.10%   980  230s
 14814  9472   17.64985   22  973   18.21184   17.64985  3.09%   980  235s
 14820  9476   17.65116  253  914   18.21184   17.65116  3.08%   979  240s
 14821  9477   17.65116  109  913   18.21184   17.65116  3.08%   979  260s
 14822  9478   17.95685  202  913   18.21184   17.65116  3.08%   979  270s
 14823  9481   17.80509   11 2966   18.21184   17.65116  3.08%   989  436s
 14825  9485   17.95932   12 2954   18.21184   17.70046  2.81%   989  461s
 14829  9491   17.98204   13 2907   18.21184   17.72043  2.70%   993  481s
 14837  9499   17.99175   14 2909   18.21184   17.73588  2.61%  1000  500s
 14853  9511   18.11728   15 2666   18.21184   17.73801  2.60%  1009  521s
 14879  9520   18.15062   16 2791   18.21184   17.74229  2.58%  1035  537s
 14911  9541   18.15478   17 2850   18.21184   17.74762  2.55%  1058  556s
 15015  9541     cutoff   19        18.21184   17.74807  2.55%  1125  571s
 15073  9557   17.95579   24 2368   18.21184   17.74807  2.55%  1158  589s
 15146  9572   17.97250   25 2412   18.21184   17.74807  2.55%  1231  601s
 15216  9577     cutoff   29        18.21184   17.74807  2.55%  1288  615s
 15286  9606   17.78718   26 2212   18.21184   17.74807  2.55%  1347  627s
 15372  9621   17.78987   27 2212   18.21184   17.74807  2.55%  1396  638s
 15456  9627   17.79769   30 2192   18.21184   17.74807  2.55%  1446  656s
 15535  9657   17.80528   32 2158   18.21184   17.74807  2.55%  1498  666s
 15626  9698   17.81418   37 2066   18.21184   17.74807  2.55%  1538  676s
 15729  9779   17.82469   43 2005   18.21184   17.74807  2.55%  1579  689s
 15879  9872   17.83416   49 2067   18.21184   17.74807  2.55%  1588  698s
 16034  9956   17.83880   52 1999   18.21184   17.74807  2.55%  1606  706s
 16177 10081   17.83955   53 1997   18.21184   17.74807  2.55%  1630  715s
 16356 10200   17.84816   57 1997   18.21184   17.74807  2.55%  1656  726s
 16537 10347   17.85557   60 1986   18.21184   17.74807  2.55%  1683  737s
 16746 10461   17.87774   66 1980   18.21184   17.74807  2.55%  1699  745s
 16946 10519   17.88184   67 2062   18.21184   17.74807  2.55%  1723  756s
 17074 10715   17.88979   68 2032   18.21184   17.75102  2.53%  1740  765s
 17316 10835   17.89941   74 2036   18.21184   17.75102  2.53%  1766  775s
 17517 10976   17.90488   76 2072   18.21184   17.75102  2.53%  1808  784s
 17728 11108   17.91115   87 2080   18.21184   17.75102  2.53%  1849  795s
 17936 11216   17.91592   90 2048   18.21184   17.75145  2.53%  1891  804s
 18115 11432   17.92684  104 1997   18.21184   17.75145  2.53%  1935  814s
 18404 11641   17.93730  121 1931   18.21184   17.75145  2.53%  1971  824s
 18723 11842   17.94538  138 1834   18.21184   17.75145  2.53%  2004  834s
 19056 11995   17.94947  153 1757   18.21184   17.75145  2.53%  2038  845s
 19362 12299   17.97113  179 1718   18.21184   17.75145  2.53%  2082  857s
 19821 12484   17.98305  208 1657   18.21184   17.75145  2.53%  2105  867s
 20196 12430   18.19268  240 1695   18.21184   17.75271  2.52%  2139  878s
H20198 11586                      18.1376793   17.75271  2.12%  2139  878s
H20215 10877                      18.0770898   17.75271  1.79%  2146  878s
H20231 10195                      17.9816736   17.75271  1.27%  2150  878s
 20274 10271     cutoff  241        17.98167   17.75271  1.27%  2155  895s
H20407  9820                      17.9816736   17.75317  1.27%  2178  895s
 20522 10052   17.76741   24 2128   17.98167   17.75406  1.27%  2213  909s
 20827 10225   17.78716   37 2290   17.98167   17.75406  1.27%  2256  926s
 21135 10440   17.80729   43 2160   17.98167   17.75406  1.27%  2308  940s
H21475  9890                      17.9665282   17.75406  1.18%  2354  955s
H21631  9454                      17.9656264   17.75406  1.18%  2382  955s
 21709  9676   17.84292   58 2100   17.96563   17.75541  1.17%  2406  970s
H21743  9317                      17.9656263   17.75541  1.17%  2416  970s
H21861  8945                      17.9656263   17.75541  1.17%  2429  970s
 21988  9383   17.85620   63 1972   17.96563   17.75541  1.17%  2459  987s
 22474  9716   17.87776   75 1898   17.96563   17.75541  1.17%  2488 1003s
 23009  9901   17.95018   99 1836   17.96563   17.75541  1.17%  2526 1016s
H23172  9532                      17.9656263   17.75541  1.17%  2544 1016s
 23421 10010   17.95932  110 1786   17.96563   17.75541  1.17%  2575 1034s
 24101 10371   17.96513  125 1742   17.96563   17.75662  1.16%  2612 1054s
 24770 10600   17.81609   55 2134   17.96563   17.75717  1.16%  2652 1072s
 25324 10853   17.83761   62 2041   17.96563   17.75717  1.16%  2700 1091s
 25783 11264   17.86717   73 1972   17.96563   17.75800  1.16%  2752 1109s
 26412 11849   17.89230   78 1863   17.96563   17.75848  1.15%  2796 1134s
 27268 12585   17.76879   23 2227   17.96563   17.75865  1.15%  2831 1153s
 28334 13230   17.81835   61 2023   17.96563   17.75865  1.15%  2839 1179s
 29475 13778   17.85568   95 1752   17.96563   17.75987  1.15%  2847 1204s
 30537 14055   17.93084  187 1296   17.96563   17.75987  1.15%  2886 1228s
H31103 13540                      17.9647170   17.75987  1.14%  2911 1228s
 31240 13905     cutoff  227        17.96472   17.75998  1.14%  2911 1246s
H31300 12608                      17.9511750   17.75998  1.07%  2926 1246s
 31687 13163   17.76276   24 2236   17.95117   17.76026  1.06%  2931 1264s
 32380 14069   17.76984   25 2227   17.95117   17.76026  1.06%  2964 1290s
H32388 14052                      17.9510007   17.76026  1.06%  2966 1290s
H32397 14039                      17.9508159   17.76026  1.06%  2969 1290s
H32663 14039                      17.9508077   17.76026  1.06%  2965 1290s
 33335 14998   17.78675   33 2122   17.95081   17.76026  1.06%  2972 1313s
 34403 15601   17.87930   88 1868   17.95081   17.76026  1.06%  2990 1338s
H34884 15601                      17.9508075   17.76026  1.06%  3017 1338s
 35125 16331   17.93741  136 1461   17.95081   17.76026  1.06%  3027 1361s
H35226 16246                      17.9495901   17.76026  1.05%  3024 1361s
 35926 16856   17.77260   25 2139   17.94959   17.76080  1.05%  3070 1383s
H36754 17209                      17.9481264   17.76080  1.04%  3110 1407s
H36958 16899                      17.9459520   17.76080  1.03%  3123 1407s
 37316 17781   17.89628  107 1738   17.94595   17.76080  1.03%  3143 1431s
H38106 17781                      17.9459519   17.76080  1.03%  3171 1431s
 38380 19080   17.77411   26 2217   17.94595   17.76080  1.03%  3178 1459s
H38794 19080                      17.9459452   17.76080  1.03%  3174 1459s
 39849 19779   17.80329   44 2070   17.94595   17.76121  1.03%  3184 1487s
H39902 19588                      17.9446543   17.76121  1.02%  3187 1487s
H40098 19567                      17.9445107   17.76223  1.02%  3188 1487s
H40369 19510                      17.9441565   17.76223  1.01%  3191 1487s
 40752 20259   17.84275   64 1950   17.94416   17.76223  1.01%  3206 1514s
 41620 21331     cutoff  117        17.94416   17.76259  1.01%  3260 1549s
H41632 21193                      17.9433600   17.76259  1.01%  3262 1549s
H41776 21182                      17.9432926   17.76259  1.01%  3264 1549s
 42867 21585   17.79731   41 2029   17.94329   17.76259  1.01%  3279 1583s
H42939 21557                      17.9431420   17.76259  1.01%  3279 1583s
H43032 21534                      17.9430206   17.76259  1.01%  3287 1583s
H43095 21492                      17.9427909   17.76259  1.00%  3293 1583s
H43337 21428                      17.9424342   17.76259  1.00%  3301 1583s
 43468 22461   17.84037   58 1991   17.94243   17.76259  1.00%  3307 1615s
 44590 23516   17.89810   82 1928   17.94243   17.76259  1.00%  3344 1645s
H45860 23516                      17.9424333   17.76259  1.00%  3368 1645s
 45895 25474   17.80969   60 2053   17.94243   17.76259  1.00%  3372 1679s
 47980 26545   17.91789  186 1193   17.94243   17.76260  1.00%  3348 1716s
 49339 27804   17.78376   38 2068   17.94243   17.76260  1.00%  3375 1752s
 50649 29265   17.82918   59 1998   17.94243   17.76260  1.00%  3396 1791s
 52372 30897   17.94082  137 1369   17.94243   17.76260  1.00%  3414 1829s

Cutting planes:
  Learned: 436
  Gomory: 23
  Cover: 790
  Implied bound: 277
  Projected implied bound: 149
  Clique: 1
  MIR: 326
  StrongCG: 14
  Flow cover: 566
  GUB cover: 14
  Zero half: 17
  Mod-K: 1
  Network: 19
  RLT: 1462
  Relax-and-lift: 663

Explored 54283 nodes (185626540 simplex iterations) in 1829.22 seconds (3784.93 work units)
Thread count was 32 (of 104 available processors)

Solution count 10: 17.9424 17.9424 17.9424 ... 17.9445

Optimal solution found (tolerance 1.00e-02)
Best objective 1.794243325427e+01, best bound 1.776525173992e+01, gap 0.9875%
m.flow_changes_penalty(): 690.0
Total operational cost: 178734.33
Maximum power (kW): 1453.73
Discharge energy capacity (kWh): 14136.37
Charge energy capacity (kWh): 13013.59
Levelized Cost of Flexibility ($/kWh): -4.25
{'fixed_demand_cost': 6506.569706974614, 'variable_demand_cost': 4873.610286761545, 'fixed_monthly_cost': 171938.17204301074, 'total_water_production': 282179.67123285757, 'total_energy_cost': 19863.17835617964, 'total_demand_cost': 11380.179993736157, 'total_customer_cost': 0.0, 'total_feed_cost': 50899.94520543718, 'total_brine_cost': 77281.72054898401, 'total_chemical_cost': 19309.308438346758, 'total_water_revenue': 0.0, 'total_demand_response_revenue': 0.0, 'total_emissions_cost': 0.0, 'total_op_cost': 178734.33254268373, 'fixed_cost': 121551.98252688172, 'total_cost': 300286.31506956543, 'LCOW': 1.0641670739695706, 'degree_of_flex': 0.1437125748502994, 'total_replacement_cost': 1430.3939899298148, 'maximum_power': 1453.7288077599292, 'discharge_energy_capacity': 14136.371585592036, 'charge_energy_capacity': 13013.592328023482, 'discharge_power_capacity': 107.9112334778018, 'charge_power_capacity': 351.7187115682022, 'round_trip_efficiency': 0, 'LVOF': -4.24909080586381}
Saved operation variable results to: /home/rchurchi/watertap_test/watertap/tutorials/flex_ro/wrd_result_summer_both_4_flexible_trains.csv
Saved summary results to: /home/rchurchi/watertap_test/watertap/tutorials/flex_ro/wrd_pricetaker_summary_results_20260807_185054.csv
