2026-07-19 14:53:53 [INFO] idaes.core.surrogate.pysmo_surrogate: Decode surrogate. type=poly

===========================Polynomial Regression===============================================

The number of cross-validation cases (3) is used.
The default training/cross-validation split of 0.75 is used.
No iterations will be run.
Default parameter estimation method is used.
Parameter estimation method:  pyomo 

2026-07-19 14:53:53 [INFO] idaes.core.surrogate.pysmo_surrogate: Decode surrogate. type=poly

===========================Polynomial Regression===============================================

The number of cross-validation cases (3) is used.
The default training/cross-validation split of 0.75 is used.
No iterations will be run.
Default parameter estimation method is used.
Parameter estimation method:  pyomo 

2026-07-19 14:53:53 [INFO] idaes.core.surrogate.pysmo_surrogate: Decode surrogate. type=poly

===========================Polynomial Regression===============================================

The number of cross-validation cases (3) is used.
The default training/cross-validation split of 0.75 is used.
No iterations will be run.
Default parameter estimation method is used.
Parameter estimation method:  pyomo 

2026-07-19 14:53:53 [INFO] idaes.core.surrogate.pysmo_surrogate: Decode surrogate. type=poly

===========================Polynomial Regression===============================================

The number of cross-validation cases (3) is used.
The default training/cross-validation split of 0.75 is used.
No iterations will be run.
Default parameter estimation method is used.
Parameter estimation method:  pyomo 

2026-07-19 14:53:55 [INFO] idaes.apps.grid_integration.pricetaker.price_taker_model: Found minimum uptime/downtime data for pretreatment.uf_pumps[1] - Adding minimum uptime/downtime constraints.
2026-07-19 14:53:55 [INFO] idaes.apps.grid_integration.pricetaker.price_taker_model: Created startup/shutdown constraints for operation model  pretreatment.uf_pumps[1] at uf_pumps_1_startup_shutdown.
2026-07-19 14:53:55 [INFO] idaes.apps.grid_integration.pricetaker.price_taker_model: Found minimum uptime/downtime data for pretreatment.uf_pumps[2] - Adding minimum uptime/downtime constraints.
2026-07-19 14:53:55 [INFO] idaes.apps.grid_integration.pricetaker.price_taker_model: Created startup/shutdown constraints for operation model  pretreatment.uf_pumps[2] at uf_pumps_2_startup_shutdown.
2026-07-19 14:53:55 [INFO] idaes.apps.grid_integration.pricetaker.price_taker_model: Found minimum uptime/downtime data for pretreatment.uf_pumps[3] - Adding minimum uptime/downtime constraints.
2026-07-19 14:53:55 [INFO] idaes.apps.grid_integration.pricetaker.price_taker_model: Created startup/shutdown constraints for operation model  pretreatment.uf_pumps[3] at uf_pumps_3_startup_shutdown.
2026-07-19 14:53:55 [INFO] idaes.apps.grid_integration.pricetaker.price_taker_model: Found minimum uptime/downtime data for reverse_osmosis.ro_skid[1] - Adding minimum uptime/downtime constraints.
2026-07-19 14:53:55 [INFO] idaes.apps.grid_integration.pricetaker.price_taker_model: Created startup/shutdown constraints for operation model  reverse_osmosis.ro_skid[1] at ro_skid_1_startup_shutdown.
2026-07-19 14:53:55 [INFO] idaes.apps.grid_integration.pricetaker.price_taker_model: Found minimum uptime/downtime data for reverse_osmosis.ro_skid[2] - Adding minimum uptime/downtime constraints.
2026-07-19 14:53:55 [INFO] idaes.apps.grid_integration.pricetaker.price_taker_model: Created startup/shutdown constraints for operation model  reverse_osmosis.ro_skid[2] at ro_skid_2_startup_shutdown.
2026-07-19 14:53:55 [INFO] idaes.apps.grid_integration.pricetaker.price_taker_model: Found minimum uptime/downtime data for reverse_osmosis.ro_skid[3] - Adding minimum uptime/downtime constraints.
2026-07-19 14:53:55 [INFO] idaes.apps.grid_integration.pricetaker.price_taker_model: Created startup/shutdown constraints for operation model  reverse_osmosis.ro_skid[3] at ro_skid_3_startup_shutdown.
2026-07-19 14:53:55 [INFO] idaes.apps.grid_integration.pricetaker.price_taker_model: Found minimum uptime/downtime data for reverse_osmosis.ro_skid[4] - Adding minimum uptime/downtime constraints.
2026-07-19 14:53:55 [INFO] idaes.apps.grid_integration.pricetaker.price_taker_model: Created startup/shutdown constraints for operation model  reverse_osmosis.ro_skid[4] at ro_skid_4_startup_shutdown.
4027
Set parameter TokenServer to value "10.60.1.73"
Set parameter LogToConsole to value 1
Set parameter MIPGap to value 0.005
Gurobi Optimizer version 12.0.3 build v12.0.3rc0 (linux64 - "Red Hat Enterprise Linux 8.8 (Ootpa)")

CPU model: Intel(R) Xeon(R) Platinum 8470, instruction set [SSE2|AVX|AVX2|AVX512]
Thread count: 104 physical cores, 104 logical processors, using up to 32 threads

Non-default parameters:
MIPGap  0.005

Optimize a model with 18624 rows, 14955 columns and 42290 nonzeros
Model fingerprint: 0x8caf0c0e
Model has 168 quadratic objective terms
Model has 1680 quadratic constraints
Variable types: 9915 continuous, 5040 integer (5040 binary)
Coefficient statistics:
  Matrix range     [3e-02, 2e+03]
  QMatrix range    [2e-07, 1e+00]
  QLMatrix range   [3e-04, 1e+00]
  Objective range  [1e-05, 1e-03]
  QObjective range [2e-04, 2e-04]
  Bounds range     [1e+00, 1e+03]
  RHS range        [9e-02, 3e+05]
  QRHS range       [3e-01, 3e-01]
Presolve removed 18619 rows and 14948 columns
Presolve time: 0.14s
Presolved: 21 rows, 12 columns, 48 nonzeros
Presolved model has 6 bilinear constraint(s)

Solving non-convex MIQCP

Variable types: 11 continuous, 1 integer (1 binary)
Found heuristic solution: objective 12.5412381

Root relaxation: objective 1.180806e+01, 12 iterations, 0.02 seconds (0.00 work units)

    Nodes    |    Current Node    |     Objective Bounds      |     Work
 Expl Unexpl |  Obj  Depth IntInf | Incumbent    BestBd   Gap | It/Node Time

     0     0   11.80806    0    6   12.54124   11.80806  5.85%     -    0s
     0     0   12.21342    0    6   12.54124   12.21342  2.61%     -    0s
     0     0   12.32404    0    7   12.54124   12.32404  1.73%     -    0s
     0     0   12.32863    0    7   12.54124   12.32863  1.70%     -    0s
     0     0   12.32891    0    6   12.54124   12.32891  1.69%     -    0s
     0     0   12.32897    0    7   12.54124   12.32897  1.69%     -    0s
     0     0   12.43819    0    4   12.54124   12.43819  0.82%     -    0s
H    0     0                      12.4517104   12.43819  0.11%     -    0s

Explored 1 nodes (50 simplex iterations) in 0.25 seconds (0.10 work units)
Thread count was 32 (of 104 available processors)

Solution count 2: 12.4517 12.5412 

Optimal solution found (tolerance 5.00e-03)
Best objective 1.245171038311e+01, best bound 1.243818857377e+01, gap 0.1086%
m.flow_changes_penalty(): 0.0
Total operational cost: 124517.10
Maximum power (kW): 1102.09
Discharge energy capacity (kWh): 0.00
Charge energy capacity (kWh): 15.57
Levelized Cost of Flexibility ($/kWh): nan
{'fixed_demand_cost': 5559.179740774444, 'variable_demand_cost': 10254.093824758478, 'fixed_monthly_cost': 171938.17204301074, 'total_water_production': 282190.8599999995, 'total_energy_cost': 23255.92940557597, 'total_demand_cost': 15813.273565532923, 'total_customer_cost': 0.0, 'total_feed_cost': 50845.20000000015, 'total_brine_cost': 15304.405199999966, 'total_chemical_cost': 19298.295660000025, 'total_water_revenue': 0.0, 'total_demand_response_revenue': -0.0, 'total_emissions_cost': 0.0, 'total_op_cost': 124517.10383110904, 'fixed_cost': 121551.98252688172, 'total_cost': 246069.08635799075, 'LCOW': 0.8719952388181218, 'degree_of_flex': 0.0, 'total_replacement_cost': 1409.837429595494, 'maximum_power': 1102.092660976353, 'discharge_energy_capacity': 0.0, 'charge_energy_capacity': 15.567044027311567, 'discharge_power_capacity': nan, 'charge_power_capacity': 0.09266097635304504, 'round_trip_efficiency': 0, 'LVOF': nan}
Saved operation variable results to: /home/rchurchi/watertap_test/watertap/tutorials/flex_ro/wrd_result_summer_no_flex_0_flexible_trains_higher_rate_even.csv
Saved summary results to: /home/rchurchi/watertap_test/watertap/tutorials/flex_ro/wrd_pricetaker_summary_results_20260719_145358.csv
