2026-07-09 20:13:09 [INFO] idaes.core.surrogate.pysmo_surrogate: Decode surrogate. type=poly

===========================Polynomial Regression===============================================

The number of cross-validation cases (3) is used.
The default training/cross-validation split of 0.75 is used.
No iterations will be run.
Default parameter estimation method is used.
Parameter estimation method:  pyomo 

2026-07-09 20:13:09 [INFO] idaes.core.surrogate.pysmo_surrogate: Decode surrogate. type=poly

===========================Polynomial Regression===============================================

The number of cross-validation cases (3) is used.
The default training/cross-validation split of 0.75 is used.
No iterations will be run.
Default parameter estimation method is used.
Parameter estimation method:  pyomo 

2026-07-09 20:13:09 [INFO] idaes.core.surrogate.pysmo_surrogate: Decode surrogate. type=poly

===========================Polynomial Regression===============================================

The number of cross-validation cases (3) is used.
The default training/cross-validation split of 0.75 is used.
No iterations will be run.
Default parameter estimation method is used.
Parameter estimation method:  pyomo 

2026-07-09 20:13:09 [INFO] idaes.core.surrogate.pysmo_surrogate: Decode surrogate. type=poly

===========================Polynomial Regression===============================================

The number of cross-validation cases (3) is used.
The default training/cross-validation split of 0.75 is used.
No iterations will be run.
Default parameter estimation method is used.
Parameter estimation method:  pyomo 

2026-07-09 20:13:11 [INFO] idaes.apps.grid_integration.pricetaker.price_taker_model: Found minimum uptime/downtime data for pretreatment.uf_pumps[1] - Adding minimum uptime/downtime constraints.
2026-07-09 20:13:11 [INFO] idaes.apps.grid_integration.pricetaker.price_taker_model: Created startup/shutdown constraints for operation model  pretreatment.uf_pumps[1] at uf_pumps_1_startup_shutdown.
2026-07-09 20:13:11 [INFO] idaes.apps.grid_integration.pricetaker.price_taker_model: Found minimum uptime/downtime data for pretreatment.uf_pumps[2] - Adding minimum uptime/downtime constraints.
2026-07-09 20:13:11 [INFO] idaes.apps.grid_integration.pricetaker.price_taker_model: Created startup/shutdown constraints for operation model  pretreatment.uf_pumps[2] at uf_pumps_2_startup_shutdown.
2026-07-09 20:13:11 [INFO] idaes.apps.grid_integration.pricetaker.price_taker_model: Found minimum uptime/downtime data for pretreatment.uf_pumps[3] - Adding minimum uptime/downtime constraints.
2026-07-09 20:13:11 [INFO] idaes.apps.grid_integration.pricetaker.price_taker_model: Created startup/shutdown constraints for operation model  pretreatment.uf_pumps[3] at uf_pumps_3_startup_shutdown.
2026-07-09 20:13:11 [INFO] idaes.apps.grid_integration.pricetaker.price_taker_model: Found minimum uptime/downtime data for reverse_osmosis.ro_skid[1] - Adding minimum uptime/downtime constraints.
2026-07-09 20:13:11 [INFO] idaes.apps.grid_integration.pricetaker.price_taker_model: Created startup/shutdown constraints for operation model  reverse_osmosis.ro_skid[1] at ro_skid_1_startup_shutdown.
2026-07-09 20:13:11 [INFO] idaes.apps.grid_integration.pricetaker.price_taker_model: Found minimum uptime/downtime data for reverse_osmosis.ro_skid[2] - Adding minimum uptime/downtime constraints.
2026-07-09 20:13:11 [INFO] idaes.apps.grid_integration.pricetaker.price_taker_model: Created startup/shutdown constraints for operation model  reverse_osmosis.ro_skid[2] at ro_skid_2_startup_shutdown.
2026-07-09 20:13:11 [INFO] idaes.apps.grid_integration.pricetaker.price_taker_model: Found minimum uptime/downtime data for reverse_osmosis.ro_skid[3] - Adding minimum uptime/downtime constraints.
2026-07-09 20:13:11 [INFO] idaes.apps.grid_integration.pricetaker.price_taker_model: Created startup/shutdown constraints for operation model  reverse_osmosis.ro_skid[3] at ro_skid_3_startup_shutdown.
2026-07-09 20:13:11 [INFO] idaes.apps.grid_integration.pricetaker.price_taker_model: Found minimum uptime/downtime data for reverse_osmosis.ro_skid[4] - Adding minimum uptime/downtime constraints.
2026-07-09 20:13:11 [INFO] idaes.apps.grid_integration.pricetaker.price_taker_model: Created startup/shutdown constraints for operation model  reverse_osmosis.ro_skid[4] at ro_skid_4_startup_shutdown.
4270
Set parameter TokenServer to value "10.60.1.73"
Set parameter LogToConsole to value 1
Set parameter MIPGap to value 0.0175
Gurobi Optimizer version 12.0.3 build v12.0.3rc0 (linux64 - "Red Hat Enterprise Linux 8.8 (Ootpa)")

CPU model: Intel(R) Xeon(R) Platinum 8470QL, instruction set [SSE2|AVX|AVX2|AVX512]
Thread count: 104 physical cores, 104 logical processors, using up to 32 threads

Non-default parameters:
MIPGap  0.0175

Optimize a model with 17951 rows, 16373 columns and 48595 nonzeros
Model fingerprint: 0x142c5e0c
Model has 168 quadratic objective terms
Model has 2352 quadratic constraints
Variable types: 11259 continuous, 5114 integer (5114 binary)
Coefficient statistics:
  Matrix range     [5e-04, 2e+03]
  QMatrix range    [2e-07, 1e+00]
  QLMatrix range   [3e-04, 1e+00]
  Objective range  [1e-05, 1e-03]
  QObjective range [2e-04, 2e-04]
  Bounds range     [9e-01, 1e+03]
  RHS range        [5e-02, 4e+05]
  QRHS range       [3e-01, 3e-01]
Presolve removed 8835 rows and 8481 columns
Presolve time: 0.11s
Presolved: 18048 rows, 8175 columns, 49077 nonzeros
Presolved model has 188 SOS constraint(s)
Presolved model has 2312 bilinear constraint(s)

Solving non-convex MIQCP

Variable types: 5336 continuous, 2839 integer (2839 binary)
Found heuristic solution: objective 18.2564400

Root relaxation: unbounded, 0 iterations, 0.01 seconds (0.00 work units)

    Nodes    |    Current Node    |     Objective Bounds      |     Work
 Expl Unexpl |  Obj  Depth IntInf | Incumbent    BestBd   Gap | It/Node Time

     0     2  postponed    0        18.25644          -      -     -    6s
     7    14  postponed    3        18.25644          -      -  6258   11s
    55    76  postponed    6        18.25644          -      -  8817   15s
H   83    76                      16.4840473          -      -  6765   15s
   184   225  postponed    9        16.48405          -      -  6250   20s
H  195   225                      16.0795687          -      -  6347   20s
H  234   225                      16.0274001          -      -  6151   20s
H  326   380                      16.0222114          -      -  4980   24s
H  330   380                      15.6437735          -      -  4974   24s
   442   527 infeasible   11        15.64377          -      -  4494   27s
   645   652  postponed   12        15.64377          -      -  4047   31s
H  756   652                      15.6388743          -      -  3920   31s
H  802   652                      15.6388457          -      -  3903   31s
   879   792  postponed   13        15.63885          -      -  3748   35s
H  999   792                      15.3953320          -      -  3764   35s
  1155   890 infeasible   15        15.39533          -      -  3626   40s
H 1173   890                      15.3943315          -      -  3644   40s
  1425  1110  postponed   17        15.39433          -      -  3808   47s
  1991  1610 infeasible   21        15.39433          -      -  3108   57s
H 2198  1610                      15.2661849          -      -  2937   57s
  3053  2641 infeasible   25        15.26618          -      -  2225   69s
H 3180  2641                      15.0242398          -      -  2187   69s
H 3423  2641                      14.9617447          -      -  2076   69s
H 4359  2641                      14.8274970          -      -  1679   69s
  4633  2349 infeasible   29        14.82750          -      -  1613   80s
H 5200  2349                      14.8217918          -      -  1529   80s
  5798  2424 infeasible   33        14.82179          -      -  1413   95s
H 6577  2418                      14.8179309          -      -  1352   95s
H 6845  2417                      14.8178704          -      -  1345   95s
H 7040  2363                      14.7855124          -      -  1326   95s
  7563  2222   14.67254  140  885   14.78551   13.84164  6.38%  1274  103s
  7565  2224   14.24658   22  444   14.78551   14.24658  3.65%  1273  105s
H 7565  2112                      14.7853283   14.38678  2.70%  1273  106s
  7569  2114   14.42817   35  348   14.78533   14.42817  2.42%  1273  110s
H 7570  2009                      14.7844482   14.43277  2.38%  1272  112s
H 7573  1911                      14.7844482   14.43374  2.37%  1272  116s
H 7575  1816                      14.7842573   14.43385  2.37%  1272  117s
H 7575  1725                      14.6908019   14.43385  1.75%  1272  117s

Cutting planes:
  Learned: 98
  Gomory: 33
  Cover: 86
  Implied bound: 122
  Projected implied bound: 159
  Clique: 4
  MIR: 133
  Flow cover: 500
  Zero half: 1
  Network: 7
  RLT: 1157
  Relax-and-lift: 287
  BQP: 3

Explored 7575 nodes (9709429 simplex iterations) in 117.61 seconds (263.07 work units)
Thread count was 32 (of 104 available processors)

Solution count 10: 14.6908 14.7843 14.7844 ... 14.9617

Optimal solution found (tolerance 1.75e-02)
Best objective 1.469080193351e+01, best bound 1.443384555019e+01, gap 1.7491%
m.flow_changes_penalty(): 800.0
Total operational cost: 146108.02
Maximum power (kW): 1597.69
Discharge energy capacity (kWh): 13084.04
Charge energy capacity (kWh): 68098.55
Levelized Cost of Flexibility ($/kWh): -0.26
{'fixed_demand_cost': 7150.90428158921, 'variable_demand_cost': 5144.318485288484, 'fixed_monthly_cost': 171938.17204301074, 'total_water_production': 355610.3649447593, 'total_energy_cost': 25765.65166274366, 'total_demand_cost': 12295.222766877694, 'total_customer_cost': 0.0, 'total_feed_cost': 64168.33902913491, 'total_brine_cost': 19539.954214541078, 'total_chemical_cost': 24338.851661832065, 'total_water_revenue': 0.0, 'total_demand_response_revenue': 0.0, 'total_emissions_cost': 0.0, 'total_op_cost': 146108.01933512941, 'fixed_cost': 121551.98252688172, 'total_cost': 267660.00186201115, 'LCOW': 0.7526777289058759, 'degree_of_flex': 0.17964071856287425, 'total_replacement_cost': 1010.462733029548, 'maximum_power': 1597.6891108962832, 'energy_capacity': 13084.042399425607, 'power_capacity': 467.28722855091456, 'round_trip_efficiency': 0, 'LVOF': -0.25904927491985225}
Saved operation variable results to: /home/rchurchi/watertap_test/watertap/tutorials/flex_ro/wrd_result_comp_to_plant_data.csv
Saved summary results to: /home/rchurchi/watertap_test/watertap/tutorials/flex_ro/wrd_pricetaker_summary_results_20260709_201512.csv
