2026-07-21 20:27:52 [INFO] idaes.core.surrogate.pysmo_surrogate: Decode surrogate. type=poly

===========================Polynomial Regression===============================================

The number of cross-validation cases (3) is used.
The default training/cross-validation split of 0.75 is used.
No iterations will be run.
Default parameter estimation method is used.
Parameter estimation method:  pyomo 

2026-07-21 20:27:52 [INFO] idaes.core.surrogate.pysmo_surrogate: Decode surrogate. type=poly

===========================Polynomial Regression===============================================

The number of cross-validation cases (3) is used.
The default training/cross-validation split of 0.75 is used.
No iterations will be run.
Default parameter estimation method is used.
Parameter estimation method:  pyomo 

2026-07-21 20:27:52 [INFO] idaes.core.surrogate.pysmo_surrogate: Decode surrogate. type=poly

===========================Polynomial Regression===============================================

The number of cross-validation cases (3) is used.
The default training/cross-validation split of 0.75 is used.
No iterations will be run.
Default parameter estimation method is used.
Parameter estimation method:  pyomo 

2026-07-21 20:27:52 [INFO] idaes.core.surrogate.pysmo_surrogate: Decode surrogate. type=poly

===========================Polynomial Regression===============================================

The number of cross-validation cases (3) is used.
The default training/cross-validation split of 0.75 is used.
No iterations will be run.
Default parameter estimation method is used.
Parameter estimation method:  pyomo 

2026-07-21 20:27:53 [INFO] idaes.apps.grid_integration.pricetaker.price_taker_model: Found minimum uptime/downtime data for pretreatment.uf_pumps[1] - Adding minimum uptime/downtime constraints.
2026-07-21 20:27:53 [INFO] idaes.apps.grid_integration.pricetaker.price_taker_model: Created startup/shutdown constraints for operation model  pretreatment.uf_pumps[1] at uf_pumps_1_startup_shutdown.
2026-07-21 20:27:53 [INFO] idaes.apps.grid_integration.pricetaker.price_taker_model: Found minimum uptime/downtime data for pretreatment.uf_pumps[2] - Adding minimum uptime/downtime constraints.
2026-07-21 20:27:53 [INFO] idaes.apps.grid_integration.pricetaker.price_taker_model: Created startup/shutdown constraints for operation model  pretreatment.uf_pumps[2] at uf_pumps_2_startup_shutdown.
2026-07-21 20:27:53 [INFO] idaes.apps.grid_integration.pricetaker.price_taker_model: Found minimum uptime/downtime data for pretreatment.uf_pumps[3] - Adding minimum uptime/downtime constraints.
2026-07-21 20:27:53 [INFO] idaes.apps.grid_integration.pricetaker.price_taker_model: Created startup/shutdown constraints for operation model  pretreatment.uf_pumps[3] at uf_pumps_3_startup_shutdown.
2026-07-21 20:27:53 [INFO] idaes.apps.grid_integration.pricetaker.price_taker_model: Found minimum uptime/downtime data for reverse_osmosis.ro_skid[1] - Adding minimum uptime/downtime constraints.
2026-07-21 20:27:53 [INFO] idaes.apps.grid_integration.pricetaker.price_taker_model: Created startup/shutdown constraints for operation model  reverse_osmosis.ro_skid[1] at ro_skid_1_startup_shutdown.
2026-07-21 20:27:53 [INFO] idaes.apps.grid_integration.pricetaker.price_taker_model: Found minimum uptime/downtime data for reverse_osmosis.ro_skid[2] - Adding minimum uptime/downtime constraints.
2026-07-21 20:27:53 [INFO] idaes.apps.grid_integration.pricetaker.price_taker_model: Created startup/shutdown constraints for operation model  reverse_osmosis.ro_skid[2] at ro_skid_2_startup_shutdown.
2026-07-21 20:27:53 [INFO] idaes.apps.grid_integration.pricetaker.price_taker_model: Found minimum uptime/downtime data for reverse_osmosis.ro_skid[3] - Adding minimum uptime/downtime constraints.
2026-07-21 20:27:53 [INFO] idaes.apps.grid_integration.pricetaker.price_taker_model: Created startup/shutdown constraints for operation model  reverse_osmosis.ro_skid[3] at ro_skid_3_startup_shutdown.
2026-07-21 20:27:53 [INFO] idaes.apps.grid_integration.pricetaker.price_taker_model: Found minimum uptime/downtime data for reverse_osmosis.ro_skid[4] - Adding minimum uptime/downtime constraints.
2026-07-21 20:27:53 [INFO] idaes.apps.grid_integration.pricetaker.price_taker_model: Created startup/shutdown constraints for operation model  reverse_osmosis.ro_skid[4] at ro_skid_4_startup_shutdown.
4364
Set parameter TokenServer to value "10.60.1.73"
Set parameter LogToConsole to value 1
Set parameter MIPGap to value 0.01
Gurobi Optimizer version 12.0.3 build v12.0.3rc0 (linux64 - "Red Hat Enterprise Linux 8.8 (Ootpa)")

CPU model: Intel(R) Xeon(R) Platinum 8470QL, instruction set [SSE2|AVX|AVX2|AVX512]
Thread count: 104 physical cores, 104 logical processors, using up to 32 threads

Non-default parameters:
MIPGap  0.01

Optimize a model with 17951 rows, 16467 columns and 49327 nonzeros
Model fingerprint: 0x6bdaa7c0
Model has 168 quadratic objective terms
Model has 2352 quadratic constraints
Variable types: 11259 continuous, 5208 integer (5208 binary)
Coefficient statistics:
  Matrix range     [5e-04, 2e+03]
  QMatrix range    [2e-07, 1e+00]
  QLMatrix range   [3e-04, 1e+00]
  Objective range  [1e-05, 1e-03]
  QObjective range [2e-04, 2e-04]
  Bounds range     [9e-01, 1e+03]
  RHS range        [5e-02, 3e+05]
  QRHS range       [3e-01, 3e-01]
Presolve removed 6904 rows and 7586 columns
Presolve time: 0.10s
Presolved: 20287 rows, 9386 columns, 53728 nonzeros
Presolved model has 336 SOS constraint(s)
Presolved model has 2352 bilinear constraint(s)

Solving non-convex MIQCP

Variable types: 5740 continuous, 3646 integer (3646 binary)
Found heuristic solution: objective 12.4554275

Root relaxation: unbounded, 0 iterations, 0.01 seconds (0.00 work units)

    Nodes    |    Current Node    |     Objective Bounds      |     Work
 Expl Unexpl |  Obj  Depth IntInf | Incumbent    BestBd   Gap | It/Node Time

     0     2  postponed    0        12.45543          -      -     -    2s
     7    12  postponed    3        12.45543          -      -  6912    6s
    47    54  postponed    6        12.45543          -      -  8387   11s
   120   152  postponed    8        12.45543          -      -  7789   16s
   187   253  postponed    9        12.45543          -      -  8643   22s
   346   704  postponed   11        12.45543          -      -  8401   30s
  1041  1216  postponed   20        12.45543          -      -  3320   42s
  1871  1960 infeasible   35        12.45543          -      -  2250   60s
  3157  2815  postponed   58        12.45543          -      -  1682   85s
H 4364  2815                      12.4554273          -      -  1485   85s
  4744  4658  postponed   84        12.45543          -      -  1435  109s
H 6122  4658                      12.4554273          -      -  1294  109s
  7418  7126  postponed  105        12.45543          -      -  1183  129s
 10489  9458  postponed  122        12.45543          -      -  1043  146s
H12165  9419                      12.3468286          -      -  1000  146s
 13225 11449  postponed  133        12.34683          -      -   971  161s
H15594 11413                      12.2041107          -      -   922  161s
 15610 11235   11.84002  688 1925   12.20411    8.60946  29.5%   923  183s
 15611 11236   11.62925  382 1896   12.20411    9.74494  20.2%   923  189s
 15612 11237   11.75440  642 1361   12.20411    9.92220  18.7%   923  191s
 15613 11237   10.27399   46 1697   12.20411   10.27399  15.8%   923  198s
 15614 11238   11.31572  683 1922   12.20411   10.31681  15.5%   923  203s
 15615 11239   10.33887    8 2190   12.20411   10.33887  15.3%   923  209s
 15616 11239   10.34169  151 2463   12.20411   10.34169  15.3%   923  212s
H15616 10676                      12.2017380   10.38462  14.9%   923  217s
H15616 10142                      12.1940567   10.38462  14.8%   923  217s
H15616  9635                      12.1940518   10.38462  14.8%   923  217s
H15616  9153                      12.1780518   10.38462  14.7%   923  217s
 15619  9155   10.41653   95 2233   12.17805   10.41653  14.5%   923  225s
H15619  8697                      12.1045506   10.41659  13.9%   923  227s
H15619  8262                      12.1035506   10.41659  13.9%   923  227s
H15619  7849                      12.1020264   10.41659  13.9%   923  227s
H15619  7456                      12.1007778   10.41659  13.9%   923  227s
H15619  7083                      12.0995093   10.41659  13.9%   923  227s
H15619  6729                      12.0994727   10.41659  13.9%   923  227s
H15619  6392                      12.0993981   10.41659  13.9%   923  227s
H15619  6072                      12.0993958   10.41659  13.9%   923  227s
H15619  5768                      12.0993953   10.41659  13.9%   923  227s
 15621  5770   10.62369  168 2124   12.09940   10.42526  13.8%   922  232s
 15623  5771   10.91411  414 2106   12.09940   10.42877  13.8%   922  237s
 15625  5772   10.65059  259 2111   12.09940   10.42984  13.8%   922  240s
 15629  5775   10.93564  266 2107   12.09940   10.43142  13.8%   922  245s
 15633  5778   11.22994  325 2148   12.09940   10.43334  13.8%   922  251s
H15636  5491                      12.0993771   10.43334  13.8%   922  255s
 15640  5493   10.43334   56 2111   12.09938   10.43334  13.8%   921  280s
 15641  5494   10.43334   19 2111   12.09938   10.43334  13.8%   921  295s
H15641  5221                      12.0961435   10.43334  13.7%   934  459s
 15642  5223   10.44931   11 4217   12.09614   10.43334  13.7%   934  483s
 15644  5226   10.51617   12 2828   12.09614   10.44931  13.6%   935  500s
 15648  5233   10.53057   13 2795   12.09614   10.45333  13.6%   936  525s
 15656  5246   10.60233   14 2826   12.09614   10.45535  13.6%   941  546s
 15672  5273   10.63874   15 2773   12.09614   10.46470  13.5%   952  568s
 15704  5294   10.72345   16 2855   12.09614   10.46632  13.5%   977  583s
 15736  5405   10.73981   17 2881   12.09614   10.46632  13.5%   991  600s
H15741  5142                      12.0770232   10.46632  13.3%   992  600s
H15774  4883                      12.0470295   10.46632  13.1%   995  600s
H15858  4700                      12.0370295   10.46632  13.0%  1010  615s
 15939  4744   10.94689   22 2341   12.03703   10.46632  13.0%  1023  629s
 16010  4798   10.97798   25 2312   12.03703   10.46632  13.0%  1041  643s
 16088  4861   10.99995   26 2404   12.03703   10.46632  13.0%  1059  656s
 16177  4911   11.09077   27 2005   12.03703   10.46632  13.0%  1075  669s
 16257  4960   11.17432   28 3714   12.03703   10.46632  13.0%  1090  682s
H16260  4734                      12.0321587   10.46632  13.0%  1091  682s
H16270  4517                      12.0138858   10.46632  12.9%  1094  682s
H16335  4294                      12.0079882   10.46632  12.8%  1111  682s
H16336  4172                      12.0049882   10.46632  12.8%  1112  694s
H16416  4043                      12.0049881   10.46632  12.8%  1131  705s
H16419  3869                      12.0049881   10.46632  12.8%  1133  705s
 16503  3951   11.21450   31 3648   12.00499   10.46632  12.8%  1147  716s
 16615  4022   11.22877   32 3288   12.00499   10.46632  12.8%  1157  732s
 16724  4101   11.23075   32 1870   12.00499   10.46632  12.8%  1169  749s
 16842  4177   11.30861   33 1788   12.00499   10.46632  12.8%  1186  761s
 16963  4264   11.44363   35 1749   12.00499   10.46632  12.8%  1199  773s
 17103  4359   11.36015   37 1769   12.00499   10.49735  12.6%  1216  785s
H17116  4189                      12.0004573   10.49735  12.5%  1222  785s
H17249  4155                      11.9974573   10.49735  12.5%  1232  796s
 17418  4273   11.36144   39 1702   11.99746   10.49735  12.5%  1244  809s
 17597  4406   11.36265   42 1660   11.99746   10.49735  12.5%  1261  823s
 17807  4559   11.45895   44 1874   11.99746   10.49757  12.5%  1274  835s
 18038  4759   11.36561   46 1671   11.99746   10.49757  12.5%  1283  847s
H18323  4515                      11.8021468   10.49757  11.1%  1281  861s
H18362  4360                      11.8021368   10.49757  11.1%  1284  861s
H18441  4200                      11.8020764   10.49757  11.1%  1279  861s
H18532  4042                      11.8020457   10.49757  11.1%  1278  861s
H18569  4032                      11.7510457   10.49757  10.7%  1282  875s
 18852  4166   11.36692   50 1423   11.75105   10.50942  10.6%  1284  888s
H18931  4011                      11.7455755   10.50942  10.5%  1285  888s
H19108  3662                      11.6730081   10.50942  10.0%  1296  888s
 19110  3877   11.37090   52 1432   11.67301   10.50942  10.0%  1297  902s
H19371  3951                      11.6697867   10.50942  9.94%  1313  914s
H19456  3822                      11.6688025   10.50942  9.94%  1318  914s
 19658  4112   11.37349   60 1448   11.66880   10.50942  9.94%  1327  930s
 20030  4320   11.37771   66 1451   11.66880   10.50942  9.94%  1338  951s
H20317  4131                      11.6687826   10.50942  9.94%  1346  951s
 20369  4572   11.37896   71 1440   11.66878   10.50942  9.94%  1352  967s
H20396  4466                      11.6657728   10.50942  9.91%  1351  967s
H20427  4235                      11.6395247   10.50942  9.71%  1349  967s
H20842  4336                      11.6308142   10.50942  9.64%  1355  982s
H20867  2020                      11.0735321   10.50942  5.09%  1353  982s
H20929  2020                      11.0298307   10.50942  4.72%  1355  982s
H21016  2020                      11.0048824   10.50942  4.50%  1351  982s
 21083  1734     cutoff   86        11.00488   10.50942  4.50%  1353  998s
 21304  1745   10.88017   17 4057   11.00488   10.50942  4.50%  1373 1018s
H21305  1745                      11.0048824   10.50942  4.50%  1373 1018s
H21311  1745                      11.0048824   10.50942  4.50%  1376 1018s
H21342  1745                      11.0045492   10.50942  4.50%  1388 1018s
H21342  1745                      11.0019992   10.50942  4.48%  1388 1018s
 21382  1776   10.89451   18 3994   11.00200   10.50942  4.48%  1407 1040s
 21464  1768   10.93944   21 4111   11.00200   10.52315  4.35%  1445 1059s
H21478  1768                      11.0019979   10.52315  4.35%  1453 1059s
 21538  1800   10.96310   24 4060   11.00200   10.52315  4.35%  1482 1079s
 21650  1810   10.97234   25 4033   11.00200   10.52315  4.35%  1525 1103s
H21680  1810                      11.0019856   10.52315  4.35%  1542 1103s
 21789  1803   10.98034   28 2256   11.00199   10.52315  4.35%  1569 1123s
H21826  1803                      11.0019856   10.52315  4.35%  1581 1123s
 21933  1765     cutoff   26        11.00199   10.52315  4.35%  1615 1141s
H21953  1765                      10.9875086   10.56287  3.86%  1620 1141s
H21956  1765                      10.9875042   10.56287  3.86%  1620 1141s
H22025  1765                      10.9861931   10.56287  3.85%  1642 1141s
H22028  1765                      10.9857331   10.56287  3.85%  1641 1141s
 22038  1915   10.98445   26 4113   10.98573   10.56287  3.85%  1644 1159s
H22039  1915                      10.9857331   10.56287  3.85%  1644 1159s
H22051  1915                      10.9857331   10.56287  3.85%  1646 1159s
H22094  1915                      10.9857331   10.56287  3.85%  1644 1159s
H22097  1915                      10.9857331   10.56287  3.85%  1647 1159s
H22167  1915                      10.9857326   10.56287  3.85%  1673 1159s
H22187  1915                      10.9857325   10.56287  3.85%  1674 1159s
 22282  1859     cutoff   27        10.98573   10.56287  3.85%  1684 1195s
H22479  1955                      10.9857324   10.57323  3.75%  1739 1220s
 22771  2058   10.96806   22 4133   10.98573   10.57323  3.75%  1784 1239s
 23154  2363     cutoff   23        10.98573   10.57323  3.75%  1822 1261s
 23713  2828 infeasible   24        10.98573   10.61190  3.40%  1836 1287s
 24249  3364   10.79659   18 3996   10.98573   10.61862  3.34%  1846 1313s
 24840  3880   10.95378   22 3651   10.98573   10.61862  3.34%  1865 1336s
 25453  4389     cutoff   24        10.98573   10.63969  3.15%  1899 1358s
H25626  4389                      10.9857322   10.63969  3.15%  1917 1358s
 26031  4827   10.87342   29 3298   10.98573   10.63969  3.15%  1938 1384s
 26596  5357   10.93846   32 3250   10.98573   10.65389  3.02%  1974 1406s
H26601  5357                      10.9857184   10.65389  3.02%  1975 1406s
H26747  5356                      10.9856791   10.65389  3.02%  1985 1406s
 27203  6085   10.93853   33 3207   10.98568   10.65389  3.02%  1990 1428s
H27223  6085                      10.9856791   10.65389  3.02%  1993 1428s
H27248  6085                      10.9856791   10.65666  2.99%  1994 1428s
H27628  6085                      10.9856608   10.65666  2.99%  2005 1428s
 28020  6565   10.93975   38 3164   10.98566   10.65666  2.99%  2012 1454s
H28388  6565                      10.9856603   10.65715  2.99%  2037 1454s
 28616  7166     cutoff   39        10.98566   10.66526  2.92%  2046 1479s
 29307  8287   10.97876   21 2366   10.98566   10.66526  2.92%  2083 1509s
 30565  8906 infeasible   22        10.98566   10.66526  2.92%  2089 1527s
H31001  8906                      10.9856600   10.66526  2.92%  2088 1527s
 31259  9831   10.95842   22 2509   10.98566   10.66560  2.91%  2082 1546s
 32303 10263   10.92458   26 2043   10.98566   10.67488  2.83%  2065 1566s
 32768 10892     cutoff   28        10.98566   10.67488  2.83%  2055 1585s
H33066 10892                      10.9856596   10.67488  2.83%  2053 1585s
 33489 11585     cutoff   29        10.98566   10.67488  2.83%  2048 1608s
H33598 11585                      10.9856596   10.67488  2.83%  2048 1608s
H34137 11585                      10.9856596   10.67488  2.83%  2039 1608s
 34306 12144     cutoff   30        10.98566   10.67488  2.83%  2042 1630s
 35028 12667     cutoff   25        10.98566   10.68357  2.75%  2045 1653s
H35051 12667                      10.9856594   10.68357  2.75%  2047 1653s
H35305 12667                      10.9856590   10.68357  2.75%  2052 1653s
 35741 13272     cutoff   24        10.98566   10.68861  2.70%  2049 1677s
H35968 13272                      10.9856589   10.69048  2.69%  2047 1677s
 36498 13902   10.88890   23 1769   10.98566   10.69138  2.68%  2055 1701s
 37301 14540   10.96845   29 1424   10.98566   10.69138  2.68%  2069 1724s
H37308 14540                      10.9856588   10.69138  2.68%  2072 1724s
H37420 14540                      10.9856586   10.69304  2.66%  2080 1724s
 38099 15140   10.96960   32 1395   10.98566   10.69304  2.66%  2079 1749s
 38954 15621   10.98352   43 1393   10.98566   10.69304  2.66%  2097 1775s
 39657 16025   10.96400   28 1927   10.98566   10.69304  2.66%  2116 1802s
 40246 16557     cutoff   30        10.98566   10.69304  2.66%  2158 1830s
 40928 16776   10.98003   22 3760   10.98566   10.69304  2.66%  2191 1866s
 41374 16942   10.93340   25 1640   10.98566   10.69304  2.66%  2249 1900s
 41742 17112   10.84063   20 1974   10.98566   10.70852  2.52%  2305 1936s
 42134 17397   10.95973   28 1682   10.98566   10.72123  2.41%  2368 1975s
 42587 17922     cutoff   25        10.98566   10.73058  2.32%  2429 2014s
 43344 18357   10.89899   19 2140   10.98566   10.73058  2.32%  2469 2052s
 44015 18720   10.94556   22 1608   10.98566   10.73604  2.27%  2520 2091s
 44603 18999   10.87771   28 1624   10.98566   10.73604  2.27%  2578 2142s
 45041 19474   10.98520   51 1366   10.98566   10.73963  2.24%  2649 2186s
 45713 19823   10.98301   59 1440   10.98566   10.74826  2.16%  2709 2235s
 46254 20198     cutoff   28        10.98566   10.75034  2.14%  2784 2284s
 46864 20556     cutoff   24        10.98566   10.75034  2.14%  2856 2336s
 47434 21014     cutoff   27        10.98566   10.75034  2.14%  2888 2395s
 48096 21599   10.95641   25 3858   10.98566   10.76425  2.02%  2949 2458s
 48917 22054   10.92068   71 2748   10.98566   10.76724  1.99%  3015 2518s
 49622 22709     cutoff  113        10.98566   10.76724  1.99%  3095 2577s
 50489 23785   10.93895  130 2071   10.98566   10.77313  1.93%  3164 2645s
H50490 23785                      10.9856585   10.77313  1.93%  3164 2645s
 51814 24024   10.95630  194 2059   10.98566   10.77550  1.91%  3221 2710s
H51815 24024                      10.9856585   10.77550  1.91%  3221 2710s
H51819 24024                      10.9856582   10.77550  1.91%  3221 2710s
H51883 24024                      10.9856578   10.77550  1.91%  3224 2710s
H51956 24024                      10.9856537   10.77550  1.91%  3229 2710s
 52123 26076   10.95813  199 1918   10.98565   10.77740  1.90%  3246 2783s
H53049 26076                      10.9856537   10.77740  1.90%  3226 2783s
H54285 26076                      10.9856537   10.77938  1.88%  3239 2783s
 54489 27699   10.96813  358 1798   10.98565   10.77938  1.88%  3256 2856s
H55656 27699                      10.9856537   10.77938  1.88%  3252 2856s
 56460 29398   10.97163  554 1767   10.98565   10.77956  1.88%  3285 2932s
H56985 29398                      10.9856537   10.77956  1.88%  3265 2932s
H57151 29398                      10.9856530   10.77957  1.88%  3286 2932s
 58521 30923   10.97253  801 1714   10.98565   10.78235  1.85%  3307 3008s
H59597 30923                      10.9856527   10.78296  1.85%  3312 3008s
H59971 30923                      10.9856524   10.78345  1.84%  3298 3008s
 60444 31937   10.98071  939 1617   10.98565   10.78371  1.84%  3335 3088s
 61840 32976   10.94227   36 2982   10.98565   10.78936  1.79%  3388 3173s
H62223 32971                      10.9856366   10.78953  1.79%  3419 3173s
 63094 34412   10.94312   48 2828   10.98564   10.78953  1.79%  3466 3267s
 65007 36211     cutoff   87        10.98564   10.79352  1.75%  3528 3371s
H65056 36211                      10.9856336   10.79352  1.75%  3530 3371s
H65492 36211                      10.9856320   10.79352  1.75%  3517 3371s
H65714 36211                      10.9856319   10.79352  1.75%  3544 3371s
H66860 36211                      10.9856319   10.79352  1.75%  3551 3371s
H66877 36207                      10.9856171   10.79376  1.75%  3555 3371s
 67340 37742   10.96542  128 1871   10.98562   10.79376  1.75%  3555 3473s
H67945 37742                      10.9856164   10.79376  1.75%  3536 3473s
 69480 38732   10.93748   25 3937   10.98562   10.80396  1.65%  3596 3578s
H70016 38732                      10.9856156   10.80426  1.65%  3625 3578s
 70964 39054     cutoff   27        10.98562   10.80441  1.65%  3679 3685s
H70967 39054                      10.9856154   10.80441  1.65%  3680 3685s
H71111 39054                      10.9856149   10.80441  1.65%  3700 3685s
 71716 39634   10.94463   23 4001   10.98561   10.80441  1.65%  3744 3805s
H71754 39634                      10.9856149   10.80441  1.65%  3748 3805s
H72294 39634                      10.9856149   10.80796  1.62%  3808 3805s
 72791 40760   10.89251   29 3952   10.98561   10.81311  1.57%  3856 3939s
H73300 40760                      10.9856141   10.81311  1.57%  3880 3939s
 74441 41662     cutoff   27        10.98561   10.81573  1.55%  3967 4081s
H74804 41662                      10.9856135   10.81813  1.52%  4020 4081s
 75806 43473   10.93423   35 3225   10.98561   10.81839  1.52%  4091 4233s
H76494 43472                      10.9856134   10.81839  1.52%  4155 4233s
H76898 43472                      10.9856130   10.81839  1.52%  4157 4233s
 78290 46075   10.93626   56 2808   10.98561   10.81839  1.52%  4177 4389s
 81563 48916     cutoff  143        10.98561   10.82234  1.49%  4215 4537s
 84982 52413   10.93438   55 2798   10.98561   10.82504  1.46%  4215 4683s
 89050 56941   10.95676  170 1750   10.98561   10.82639  1.45%  4186 4822s
 94371 59612   10.95601   62 3190   10.98561   10.82953  1.42%  4093 4900s
 97859 61986     cutoff   25        10.98561   10.83156  1.40%  4023 4976s
 101028 62287     cutoff   37        10.98561   10.83293  1.39%  3973 5055s
 101744 62952     cutoff   34        10.98561   10.83345  1.39%  4021 5139s
 102794 64054   10.96949   34 3537   10.98561   10.83345  1.39%  4067 5230s
 104354 65368     cutoff   57        10.98561   10.83909  1.33%  4107 5334s
 106144 67402   10.93582   84 2772   10.98561   10.83955  1.33%  4152 5448s
 108716 69966   10.97030   27 1557   10.98561   10.84070  1.32%  4174 5563s
 111985 71129   10.94545   25 4182   10.98561   10.84254  1.30%  4176 5674s
 113952 72587   10.94993   31 1670   10.98561   10.84321  1.30%  4212 5802s
 116009 74219   10.97808   66 1417   10.98561   10.84466  1.28%  4262 5932s
 118469 76251   10.98100  105 1407   10.98561   10.84689  1.26%  4312 6080s
 121513 78204   10.98398  153 1390   10.98561   10.84911  1.24%  4348 6247s
 124592 80897   10.97319   45 3326   10.98561   10.85054  1.23%  4383 6414s
 128441 82686   10.98264   32 3692   10.98561   10.85093  1.23%  4391 6566s
 131089 85969   10.94687   23 4103   10.98561   10.85296  1.21%  4445 6728s
 135353 89982     cutoff   21        10.98561   10.85435  1.19%  4449 6884s
 140388 92975   10.92930  147 1950   10.98561   10.85518  1.19%  4410 7009s
 144213 94889   10.96460   80 2769   10.98561   10.85540  1.19%  4393 7129s
H146460 92716                      10.9842743   10.85713  1.16%  4392 7129s
 146833 94159   10.93564   39 3250   10.98427   10.85716  1.16%  4397 7256s
 149221 96231     cutoff   72        10.98427   10.85883  1.14%  4415 7408s
H149223 96230                      10.9842738   10.85883  1.14%  4415 7408s
H149432 92912                      10.9833501   10.85951  1.13%  4424 7408s
H149523 92639                      10.9832815   10.85951  1.13%  4425 7408s
H149768 92616                      10.9832730   10.85951  1.13%  4422 7408s
H151856 92417                      10.9832098   10.86005  1.12%  4429 7408s
H151945 95077                      10.9832096   10.86006  1.12%  4433 7583s
H152141 94985                      10.9831879   10.86049  1.12%  4440 7583s
H154430 88341                      10.9817799   10.86049  1.10%  4412 7583s
H154455 83372                      10.9803818   10.86050  1.09%  4415 7583s
H154667 74981                      10.9777570   10.86050  1.07%  4420 7583s
H154855 71288                      10.9762554   10.86050  1.05%  4424 7583s
 155593 70850     cutoff   73        10.97626   10.86104  1.05%  4431 7739s
 157805 73161     cutoff   46        10.97626   10.86137  1.05%  4478 7913s
H157809 69296                      10.9744364   10.86137  1.03%  4478 7913s
H157853 68785                      10.9742740   10.86137  1.03%  4480 7913s
 161406 70286     cutoff   31        10.97427   10.86306  1.01%  4498 8079s

Cutting planes:
  Learned: 393
  Gomory: 58
  Cover: 1526
  Implied bound: 459
  Projected implied bound: 173
  Clique: 6
  MIR: 771
  Flow cover: 1293
  GUB cover: 62
  Inf proof: 2
  Zero half: 29
  Network: 18
  RLT: 2047
  Relax-and-lift: 701
  BQP: 13
  PSD: 2

Explored 163977 nodes (744650669 simplex iterations) in 8079.78 seconds (18802.94 work units)
Thread count was 32 (of 104 available processors)

Solution count 10: 10.9743 10.9743 10.9744 ... 10.9833

Optimal solution found (tolerance 1.00e-02)
Best objective 1.097427402078e+01, best bound 1.086551007199e+01, gap 0.9911%
m.flow_changes_penalty(): 910.0
Total operational cost: 108832.74
Maximum power (kW): 1403.49
Discharge energy capacity (kWh): 34518.51
Charge energy capacity (kWh): 38264.63
Levelized Cost of Flexibility ($/kWh): 0.39
{'fixed_demand_cost': 6281.732198874651, 'variable_demand_cost': 9.887744228614739e-06, 'fixed_monthly_cost': 171938.17204301074, 'total_water_production': 282179.6712330693, 'total_energy_cost': 19728.523245555178, 'total_demand_cost': 6281.732208762395, 'total_customer_cost': 0.0, 'total_feed_cost': 50944.945205475415, 'total_brine_cost': 20235.61494300973, 'total_chemical_cost': 19962.02460502797, 'total_water_revenue': 0.0, 'total_demand_response_revenue': 8320.1, 'total_emissions_cost': 0.0, 'total_op_cost': 108832.74020783068, 'fixed_cost': 121551.98252688172, 'total_cost': 230384.7227347124, 'LCOW': 0.816446917412501, 'degree_of_flex': 0.3592814371257485, 'total_replacement_cost': 1462.3779549220344, 'maximum_power': 1403.4945359279259, 'discharge_energy_capacity': 34518.50696138128, 'charge_energy_capacity': 38264.627438579046, 'discharge_power_capacity': 841.9148039361288, 'charge_power_capacity': 301.2962790439295, 'round_trip_efficiency': 0, 'LVOF': 0.3878464920926454}
Saved operation variable results to: /home/rchurchi/watertap_test/watertap/tutorials/flex_ro/wrd_result_summer_both_4_flexible_trains_CPP.csv
Saved summary results to: /home/rchurchi/watertap_test/watertap/tutorials/flex_ro/wrd_pricetaker_summary_results_20260721_224236.csv
