2026-08-31 11:10:58 [INFO] idaes.core.surrogate.pysmo_surrogate: Decode surrogate. type=poly

===========================Polynomial Regression===============================================

The number of cross-validation cases (3) is used.
The default training/cross-validation split of 0.75 is used.
No iterations will be run.
Default parameter estimation method is used.
Parameter estimation method:  pyomo 

2026-08-31 11:10:58 [INFO] idaes.core.surrogate.pysmo_surrogate: Decode surrogate. type=poly

===========================Polynomial Regression===============================================

The number of cross-validation cases (3) is used.
The default training/cross-validation split of 0.75 is used.
No iterations will be run.
Default parameter estimation method is used.
Parameter estimation method:  pyomo 

2026-08-31 11:10:58 [INFO] idaes.core.surrogate.pysmo_surrogate: Decode surrogate. type=poly

===========================Polynomial Regression===============================================

The number of cross-validation cases (3) is used.
The default training/cross-validation split of 0.75 is used.
No iterations will be run.
Default parameter estimation method is used.
Parameter estimation method:  pyomo 

2026-08-31 11:10:58 [INFO] idaes.core.surrogate.pysmo_surrogate: Decode surrogate. type=poly

===========================Polynomial Regression===============================================

The number of cross-validation cases (3) is used.
The default training/cross-validation split of 0.75 is used.
No iterations will be run.
Default parameter estimation method is used.
Parameter estimation method:  pyomo 

2026-08-31 11:11:00 [INFO] idaes.apps.grid_integration.pricetaker.price_taker_model: Found minimum uptime/downtime data for pretreatment.uf_pumps[1] - Adding minimum uptime/downtime constraints.
2026-08-31 11:11:00 [INFO] idaes.apps.grid_integration.pricetaker.price_taker_model: Created startup/shutdown constraints for operation model  pretreatment.uf_pumps[1] at uf_pumps_1_startup_shutdown.
2026-08-31 11:11:00 [INFO] idaes.apps.grid_integration.pricetaker.price_taker_model: Found minimum uptime/downtime data for pretreatment.uf_pumps[2] - Adding minimum uptime/downtime constraints.
2026-08-31 11:11:00 [INFO] idaes.apps.grid_integration.pricetaker.price_taker_model: Created startup/shutdown constraints for operation model  pretreatment.uf_pumps[2] at uf_pumps_2_startup_shutdown.
2026-08-31 11:11:00 [INFO] idaes.apps.grid_integration.pricetaker.price_taker_model: Found minimum uptime/downtime data for pretreatment.uf_pumps[3] - Adding minimum uptime/downtime constraints.
2026-08-31 11:11:00 [INFO] idaes.apps.grid_integration.pricetaker.price_taker_model: Created startup/shutdown constraints for operation model  pretreatment.uf_pumps[3] at uf_pumps_3_startup_shutdown.
2026-08-31 11:11:00 [INFO] idaes.apps.grid_integration.pricetaker.price_taker_model: Found minimum uptime/downtime data for reverse_osmosis.ro_skid[1] - Adding minimum uptime/downtime constraints.
2026-08-31 11:11:00 [INFO] idaes.apps.grid_integration.pricetaker.price_taker_model: Created startup/shutdown constraints for operation model  reverse_osmosis.ro_skid[1] at ro_skid_1_startup_shutdown.
2026-08-31 11:11:00 [INFO] idaes.apps.grid_integration.pricetaker.price_taker_model: Found minimum uptime/downtime data for reverse_osmosis.ro_skid[2] - Adding minimum uptime/downtime constraints.
2026-08-31 11:11:00 [INFO] idaes.apps.grid_integration.pricetaker.price_taker_model: Created startup/shutdown constraints for operation model  reverse_osmosis.ro_skid[2] at ro_skid_2_startup_shutdown.
2026-08-31 11:11:00 [INFO] idaes.apps.grid_integration.pricetaker.price_taker_model: Found minimum uptime/downtime data for reverse_osmosis.ro_skid[3] - Adding minimum uptime/downtime constraints.
2026-08-31 11:11:00 [INFO] idaes.apps.grid_integration.pricetaker.price_taker_model: Created startup/shutdown constraints for operation model  reverse_osmosis.ro_skid[3] at ro_skid_3_startup_shutdown.
2026-08-31 11:11:00 [INFO] idaes.apps.grid_integration.pricetaker.price_taker_model: Found minimum uptime/downtime data for reverse_osmosis.ro_skid[4] - Adding minimum uptime/downtime constraints.
2026-08-31 11:11:00 [INFO] idaes.apps.grid_integration.pricetaker.price_taker_model: Created startup/shutdown constraints for operation model  reverse_osmosis.ro_skid[4] at ro_skid_4_startup_shutdown.
4221
Set parameter TokenServer to value "10.60.1.73"
Set parameter LogToConsole to value 1
Set parameter MIPGap to value 0.01
Gurobi Optimizer version 12.0.3 build v12.0.3rc0 (linux64 - "Red Hat Enterprise Linux 8.8 (Ootpa)")

CPU model: Intel(R) Xeon(R) Platinum 8470QL, instruction set [SSE2|AVX|AVX2|AVX512]
Thread count: 104 physical cores, 104 logical processors, using up to 32 threads

Non-default parameters:
MIPGap  0.01

Optimize a model with 18262 rows, 16467 columns and 50142 nonzeros
Model fingerprint: 0xecadb02c
Model has 336 quadratic objective terms
Model has 2352 quadratic constraints
Variable types: 11259 continuous, 5208 integer (5208 binary)
Coefficient statistics:
  Matrix range     [5e-04, 2e+03]
  QMatrix range    [2e-07, 1e+00]
  QLMatrix range   [3e-04, 1e+00]
  Objective range  [1e-05, 1e-03]
  QObjective range [2e-04, 2e-04]
  Bounds range     [9e-01, 1e+03]
  RHS range        [5e-02, 3e+05]
  QRHS range       [3e-01, 3e-01]
Presolve removed 10237 rows and 8904 columns
Presolve time: 0.10s
Presolved: 17037 rows, 7726 columns, 47524 nonzeros
Presolved model has 108 SOS constraint(s)
Presolved model has 2352 bilinear constraint(s)

Solving non-convex MIQCP

Variable types: 5377 continuous, 2349 integer (2349 binary)
Found heuristic solution: objective 12.1004466

Root relaxation: unbounded, 0 iterations, 0.01 seconds (0.00 work units)

    Nodes    |    Current Node    |     Objective Bounds      |     Work
 Expl Unexpl |  Obj  Depth IntInf | Incumbent    BestBd   Gap | It/Node Time

     0     2  postponed    0        12.10045          -      -     -    5s
    15    24  postponed    4        12.10045          -      -  6675   10s
    83   125  postponed    7        12.10045          -      -  6905   15s
   363   547  postponed   11        12.10045          -      -  4189   25s
H  392   547                      12.1004464          -      -  4020   25s
   668  1717  postponed   15        12.10045          -      -  3160   32s
H 1036  1717                      11.8275027          -      -  2541   32s
H 1907  2857                      11.7868637          -      -  1571   36s
H 3101  3293                      11.7749303          -      -  1088   38s
H 3156  3262                      11.7209599          -      -  1070   38s
H 3181  3018                      11.5289980          -      -  1068   38s
H 3248  3018                      11.5289333          -      -  1055   38s
  3666  3654   10.48430  127 1916   11.52893          -      -   972   41s
H 3689  3654                      11.5289333          -      -   966   41s
H 3741  3654                      11.5289333          -      -   957   41s
H 4013  3603                      11.5106137          -      -   925   41s
H 4380  3603                      11.5096151          -      -   883   41s
H 4536  4432                      11.5096150          -      -   860   44s
H 4584  4432                      11.5096150          -      -   851   44s
  5350  5228   10.50594  157 1926   11.50962          -      -   785   48s
H 5715  5228                      11.5096150          -      -   762   48s
  6170  5840   10.51663  169 1933   11.50962          -      -   729   51s
H 6202  5840                      11.5096150          -      -   729   51s
H 6311  5828                      11.5026105          -      -   737   51s
H 6501  5777                      11.4882968          -      -   730   51s
H 6844  6449                      11.4882959          -      -   706   53s
H 7441  6391                      11.4679781          -      -   683   53s
H 7489  6856                      11.4669781          -      -   680   56s
  8660  7440   11.21153   63    0   11.46698          -      -   657   61s
  8662  7441   10.88084   17  656   11.46698    9.50469  17.1%   657   69s
  8663  7442   11.15241  189  682   11.46698   10.61332  7.44%   657   74s
  8664  7443   10.86156  112  734   11.46698   10.61332  7.44%   657   75s
  8668  7445   10.85696   54  753   11.46698   10.67835  6.88%   657   80s
H 8672  7075                      11.4669781   10.68197  6.85%   656   84s
  8673  7076   10.85835   65  772   11.46698   10.68200  6.85%   656   85s
H 8676  6724                      11.4579749   10.68308  6.76%   656   88s
H 8680  6389                      11.4456598   10.68374  6.66%   656   90s
  8688  6395   10.89750  197  821   11.44566   10.68374  6.66%   655  100s
  8690  6399   10.81367   14 2406   11.44566   10.68374  6.66%   664  210s
  8692  6402   10.84070   15 2310   11.44566   10.68719  6.63%   664  221s
  8704  6422   10.92143   17 2180   11.44566   10.69031  6.60%   669  235s
  8720  6449   10.96948   18 2266   11.44566   10.69447  6.56%   687  242s
H 8729  6125                      11.1236204   10.69447  3.86%   688  242s
  8752  6130   10.97304   19 2242   11.12362   10.69468  3.86%   692  246s
H 8784  5882                      11.1197188   10.69468  3.82%   708  253s
H 8789  5590                      11.1190945   10.69468  3.82%   708  253s
H 8802  5312                      11.1188340   10.69468  3.81%   720  253s
H 8806  5049                      11.1181043   10.69468  3.81%   720  253s
H 8843  4789                      11.1165975   10.69468  3.80%   734  253s
H 8855  4550                      11.1005033   10.69468  3.66%   737  253s
  8889  4582   11.07853   24 2073   11.10050   10.69468  3.66%   746  262s
  8949  4602   11.07969   26 2107   11.10050   10.69530  3.65%   804  272s
H 8983  4366                      11.0993360   10.69530  3.64%   827  272s
H 8985  4154                      11.0992543   10.69530  3.64%   827  272s
  9001  4241   10.70121   22 2245   11.09925   10.69530  3.64%   837  280s
  9098  4304   10.70180   23 2203   11.09925   10.69530  3.64%   872  287s
H 9109  4098                      11.0992543   10.69530  3.64%   880  287s
H 9112  3905                      11.0992543   10.69530  3.64%   882  287s
  9200  3981   10.70573   26 2060   11.09925   10.69530  3.64%   910  294s
  9307  4051   10.70988   28 2057   11.09925   10.69530  3.64%   937  300s
H 9327  3863                      11.0980049   10.69530  3.63%   937  300s
H 9332  3688                      11.0973811   10.69530  3.62%   937  300s
H 9382  3506                      11.0973811   10.69530  3.62%   942  300s
  9421  3598   10.71801   31 2106   11.09738   10.69530  3.62%   951  307s
  9527  3683   10.93959   36 2005   11.09738   10.69530  3.62%   976  313s
H 9573  3512                      11.0955698   10.69530  3.61%   979  313s
  9649  3612   10.94171   42 1914   11.09557   10.69530  3.61%   990  320s
H 9778  3531                      11.0936965   10.69530  3.59%  1010  328s
H 9790  3386                      11.0930714   10.69530  3.59%  1009  328s
H 9795  3251                      11.0918229   10.69530  3.57%  1009  328s
H 9861  3102                      11.0918228   10.69530  3.57%  1027  328s
  9893  3244   10.94629   50 1897   11.09182   10.69530  3.57%  1039  333s
 10054  3365   10.94874   58 1883   11.09182   10.69530  3.57%  1054  339s
H10097  3230                      11.0905733   10.69530  3.56%  1054  339s
 10234  3372   10.95243   64 1814   11.09057   10.69530  3.56%  1063  344s
 10426  3497   10.95243   65 1797   11.09057   10.69530  3.56%  1069  350s
 10827  3778   10.95758   75 1798   11.09057   10.69530  3.56%  1085  359s
 11048  3903   10.96017   82 1795   11.09057   10.69530  3.56%  1091  365s
 11253  3958   10.96319   91 1784   11.09057   10.69530  3.56%  1103  373s
H11265  3712                      11.0450316   10.69530  3.17%  1106  373s
H11272  3600                      11.0448621   10.69530  3.16%  1109  373s
H11295  3489                      11.0447779   10.69530  3.16%  1107  373s
H11371  3365                      11.0447754   10.69530  3.16%  1117  373s
 11380  3538   10.97299   96 1800   11.04478   10.69530  3.16%  1120  379s
 11589  3672   10.97920  106 1794   11.04478   10.69530  3.16%  1137  385s
H11598  3575                      11.0447754   10.69530  3.16%  1137  385s
H11721  3445                      11.0447753   10.69530  3.16%  1143  385s
 11813  3664   10.98481  115 1810   11.04478   10.69530  3.16%  1151  392s
 12066  3896   10.98966  123 1833   11.04478   10.69530  3.16%  1159  403s
 12386  4025   10.99314  126 1746   11.04478   10.69530  3.16%  1163  407s
H12614  3865                      11.0447747   10.69530  3.16%  1174  407s
 12629  4151   10.99591  133 1743   11.04477   10.69530  3.16%  1175  412s
 12922  4338   11.01940  155 1761   11.04477   10.69530  3.16%  1175  419s
 13208  4555   11.02296  160 1809   11.04477   10.69530  3.16%  1186  428s
 13528  4825   11.02471  163 1793   11.04477   10.69725  3.15%  1196  434s
 13889  5082   11.03704  173 1867   11.04477   10.69725  3.15%  1203  440s
H13921  5082                      11.0447724   10.69725  3.15%  1202  440s
H13992  5082                      11.0447721   10.69725  3.15%  1199  440s
H14012  5082                      11.0447720   10.69725  3.15%  1199  440s
H14064  5082                      11.0447680   10.69725  3.15%  1198  440s
 14147  5563   11.03854  177 1874   11.04477   10.69725  3.15%  1205  446s
 14634  6157   11.04451  191 1842   11.04477   10.69725  3.15%  1208  453s
 15257  6264     cutoff  191        11.04477   10.69729  3.15%  1203  460s
H15303  4549                      10.9321207   10.69729  2.15%  1203  460s
 15370  4680     cutoff  190        10.93212   10.69729  2.15%  1210  471s
H15375  4637                      10.9306212   10.69729  2.13%  1211  471s
H15683  4945                      10.9299914   10.69729  2.13%  1244  481s
H15819  4942                      10.9299409   10.69729  2.13%  1251  481s
H15845  4939                      10.9298123   10.69729  2.13%  1256  481s
 16036  5352   10.70535   24 2186   10.92981   10.69729  2.13%  1273  488s
H16058  5316                      10.9282381   10.69729  2.11%  1273  488s
H16177  5316                      10.9282376   10.69729  2.11%  1270  488s
H16311  5222                      10.9233600   10.69729  2.07%  1280  488s
H16464  5644                      10.9177822   10.69729  2.02%  1294  498s
H16751  5609                      10.9157861   10.69729  2.00%  1295  498s
 17009  6284   10.72217   39 1838   10.91579   10.69729  2.00%  1305  506s
H17138  6284                      10.9157771   10.69729  2.00%  1309  506s
H17204  6271                      10.9142120   10.69729  1.99%  1307  506s
 17722  6672   10.72581   42 1837   10.91421   10.69809  1.98%  1308  516s
H17732  6666                      10.9133346   10.69809  1.97%  1310  516s
H17785  6661                      10.9126363   10.69809  1.97%  1310  516s
 18165  7151   10.72771   43 1846   10.91264   10.69846  1.96%  1332  525s
H18258  7151                      10.9126320   10.69864  1.96%  1344  525s
H18600  7128                      10.9111967   10.69864  1.95%  1354  525s
 18689  7664   10.73711   58 1822   10.91120   10.69864  1.95%  1362  533s
H18704  7664                      10.9111966   10.69864  1.95%  1367  533s
H18714  7630                      10.9096061   10.69864  1.93%  1371  533s
H19081  7630                      10.9095995   10.69864  1.93%  1381  533s
H19295  8362                      10.9095995   10.69864  1.93%  1382  541s
H19446  8333                      10.9085995   10.69864  1.92%  1381  541s
 20068  9198   10.74372   73 1804   10.90860   10.69929  1.92%  1376  551s
 20955  9638   10.74871   85 1728   10.90860   10.69939  1.92%  1374  561s
H21383  8597                      10.8785914   10.69976  1.64%  1374  561s
H21408  9172                      10.8755914   10.69976  1.62%  1375  570s
H21427  9104                      10.8740940   10.69976  1.60%  1374  570s
H21750  9067                      10.8731570   10.69976  1.59%  1369  570s
 22390  9874   10.76116  118 1698   10.87316   10.70014  1.59%  1374  579s
H22477  9874                      10.8731564   10.70014  1.59%  1372  579s
H22563  9874                      10.8731541   10.70014  1.59%  1367  579s
H22732  9871                      10.8730923   10.70014  1.59%  1363  579s
H22795  9834                      10.8726408   10.70014  1.59%  1364  579s
H22822  9695                      10.8701966   10.70014  1.56%  1366  579s
 23253 10521   10.77102  144 1719   10.87020   10.70014  1.56%  1379  589s
H23346 10521                      10.8701966   10.70014  1.56%  1380  589s
H23380 10520                      10.8701704   10.70014  1.56%  1379  589s
 24125 11268   10.77822  150 1669   10.87017   10.70014  1.56%  1391  599s
H24140 11268                      10.8701676   10.70014  1.56%  1392  599s
H24307 11071                      10.8666792   10.70014  1.53%  1396  599s
 24903 11590   10.77806  156 1690   10.86668   10.70014  1.53%  1415  609s
H25378 11590                      10.8666792   10.70014  1.53%  1421  609s
 25536 12387   10.77808  158 1711   10.86668   10.70014  1.53%  1431  622s
H25654 12387                      10.8666792   10.70014  1.53%  1435  622s
H25963 12387                      10.8666765   10.70014  1.53%  1440  622s
 26379 13494   10.78126  164 1685   10.86668   10.70014  1.53%  1450  632s
H26471 13494                      10.8666765   10.70014  1.53%  1451  632s
H26534 13493                      10.8666760   10.70014  1.53%  1449  632s
H27090 13493                      10.8666502   10.70088  1.53%  1445  632s
H27409 13493                      10.8666409   10.70088  1.53%  1453  632s
 27525 14491   10.78476  167 1697   10.86664   10.70088  1.53%  1451  643s
H27611 14491                      10.8666408   10.70088  1.53%  1452  643s
H27902 14491                      10.8666403   10.70088  1.53%  1457  643s
H28198 14491                      10.8666383   10.70088  1.53%  1457  643s
 28573 15623   10.78590  173 1702   10.86664   10.70088  1.53%  1461  655s
H28589 15623                      10.8666336   10.70088  1.53%  1463  655s
H29097 15601                      10.8663667   10.70115  1.52%  1459  655s
 29775 16949   10.78928  174 1722   10.86637   10.70115  1.52%  1465  669s
H29822 16949                      10.8663580   10.70115  1.52%  1468  669s
H31184 17467                      10.8663564   10.70163  1.52%  1471  679s
H31184 17467                      10.8663547   10.70163  1.52%  1471  679s
H31191 17467                      10.8663442   10.70163  1.52%  1472  679s
H31229 17456                      10.8661033   10.70163  1.51%  1473  679s
H31244 17419                      10.8655399   10.70163  1.51%  1475  679s
H31263 17416                      10.8654863   10.70163  1.51%  1476  679s
H31524 17401                      10.8651174   10.70163  1.50%  1484  679s
H31756 18213                      10.8631174   10.70163  1.49%  1489  694s
 32753 18955   10.79161  176 1665   10.86312   10.70178  1.49%  1501  706s
H32754 18955                      10.8631173   10.70178  1.49%  1501  706s
H32761 18742                      10.8611367   10.70178  1.47%  1502  706s
 33545 20331   10.79069  176 1698   10.86114   10.70187  1.47%  1501  720s
H33556 20331                      10.8611367   10.70187  1.47%  1503  720s
H34346 20331                      10.8611367   10.70187  1.47%  1498  720s
 35187 21839   10.79473  177 1779   10.86114   10.70187  1.47%  1488  732s
H35743 21839                      10.8611367   10.70189  1.47%  1487  732s
 36777 23000   10.79722  178 1746   10.86114   10.70189  1.47%  1478  744s
 37995 24317   10.79645  179 1758   10.86114   10.70189  1.47%  1481  757s
 39416 25396   10.80249  185 1721   10.86114   10.70223  1.46%  1483  769s
 40560 27098   10.80577  188 1755   10.86114   10.70223  1.46%  1476  783s
 42343 28865   10.80753  191 1734   10.86114   10.70223  1.46%  1466  797s
 44217 30858   10.81128  197 1770   10.86114   10.70272  1.46%  1454  813s
 46391 32729   10.81813  215 1662   10.86114   10.70324  1.45%  1432  826s
 48356 34106   10.82693  246 1676   10.86114   10.70344  1.45%  1421  840s
 49811 34218   10.83217  260 1668   10.86114   10.70344  1.45%  1431  853s
H49823 34218                      10.8611349   10.70344  1.45%  1432  853s
H49836 34199                      10.8610098   10.70344  1.45%  1433  853s
H49926 34194                      10.8609532   10.70344  1.45%  1440  853s
 49964 35747   10.83214  260 1651   10.86095   10.70344  1.45%  1442  867s
H50216 35743                      10.8609017   10.70344  1.45%  1437  867s
H50442 35726                      10.8607902   10.70344  1.45%  1435  867s
H51726 36984                      10.8607902   10.70390  1.44%  1443  882s
H51832 36982                      10.8607537   10.70390  1.44%  1443  882s
H53139 38754                      10.8607529   10.70390  1.44%  1451  900s
 55031 40227   10.85485  364 1573   10.86075   10.70432  1.44%  1456  917s
H55151 40227                      10.8607493   10.70432  1.44%  1456  917s
H55172 40227                      10.8607492   10.70432  1.44%  1458  917s
 56697 41394   10.85925  393 1600   10.86075   10.70432  1.44%  1471  934s
H57903 41394                      10.8607492   10.70432  1.44%  1488  934s
 58137 42582     cutoff  400        10.86075   10.70432  1.44%  1493  953s
H58139 42581                      10.8607013   10.70432  1.44%  1493  953s
H58532 42579                      10.8606995   10.70432  1.44%  1498  953s
H59035 42579                      10.8606994   10.70466  1.44%  1512  953s
H59549 42579                      10.8606994   10.70466  1.44%  1518 1056s
H59549 42579                      10.8606916   10.70466  1.44%  1518 1061s
H59549 42579                      10.8606897   10.70466  1.44%  1518 1061s
 59550 42579   10.84621  126    0   10.86069   10.70466  1.44%  1517 1077s
 59552 42580   10.70761   32  727   10.86069   10.70466  1.44%  1517 1086s
 59553 42581   10.85517  363  723   10.86069   10.70466  1.44%  1517 1092s
 59554 42582   10.85262  544  777   10.86069   10.70466  1.44%  1517 1095s
 59555 42582   10.83120   59  742   10.86069   10.70466  1.44%  1517 1105s
 59556 42583   10.80926   22  768   10.86069   10.70466  1.44%  1517 1110s
 59557 42584   10.84442  445  765   10.86069   10.70466  1.44%  1517 1119s
 59558 42584   10.84727  136  785   10.86069   10.70466  1.44%  1517 1124s
 59559 42585   10.80839  179  756   10.86069   10.70466  1.44%  1517 1133s
 59560 42586   10.80001  159  780   10.86069   10.70466  1.44%  1517 1137s
 59561 42586   10.73378   46  772   10.86069   10.70466  1.44%  1517 1142s
 59562 42587   10.85681  226  776   10.86069   10.70466  1.44%  1517 1146s
 59563 42588   10.85873  224  782   10.86069   10.70466  1.44%  1517 1151s
 59564 42588   10.79935  159  783   10.86069   10.70466  1.44%  1517 1156s
 59565 42589   10.83245  251  794   10.86069   10.70466  1.44%  1517 1160s
 59566 42590   10.85982  499  800   10.86069   10.70466  1.44%  1517 1165s
 59567 42590   10.85441  141  795   10.86069   10.70466  1.44%  1517 1174s
 59568 42591   10.82479  261  801   10.86069   10.70466  1.44%  1517 1180s
 59569 42592   10.81460  190  804   10.86069   10.70466  1.44%  1517 1190s
 59570 42592   10.85873  447  800   10.86069   10.70466  1.44%  1517 1195s
 59571 42593   10.79891  201  811   10.86069   10.70466  1.44%  1517 1200s
 59572 42594   10.84520  463  811   10.86069   10.70466  1.44%  1517 1206s
 59573 42594   10.76786   67  813   10.86069   10.70466  1.44%  1517 1210s
 59575 42596   10.82054  117  809   10.86069   10.70466  1.44%  1517 1219s
 59576 42596   10.82685  269  813   10.86069   10.70466  1.44%  1517 1224s
 59577 42597   10.85044  502  810   10.86069   10.70466  1.44%  1517 1230s
 59579 42598   10.85753  177  814   10.86069   10.70466  1.44%  1517 1238s
 59580 42599   10.81167  223  814   10.86069   10.70466  1.44%  1517 1243s
 59581 42600   10.80768  109  815   10.86069   10.70466  1.44%  1517 1248s
 59582 42600   10.72467   63  816   10.86069   10.70466  1.44%  1517 1252s
 59583 42601   10.79519  116  812   10.86069   10.70466  1.44%  1517 1257s
 59584 42602   10.76197  115  818   10.86069   10.70466  1.44%  1517 1261s
 59585 42602   10.73440   45  814   10.86069   10.70466  1.44%  1517 1266s
 59586 42603   10.81685  267  815   10.86069   10.70466  1.44%  1517 1270s
 59587 42604   10.85875   76  821   10.86069   10.70466  1.44%  1517 1275s
 59588 42604   10.77896   90  823   10.86069   10.70466  1.44%  1517 1280s
 59589 42605   10.82417  219  825   10.86069   10.70466  1.44%  1516 1285s
 59591 42606   10.81485  184  832   10.86069   10.70466  1.44%  1516 1294s
 59592 42607   10.70942   30  832   10.86069   10.70466  1.44%  1516 1299s
 59593 42608   10.77930  166  819   10.86069   10.70466  1.44%  1516 1303s
 59594 42608   10.79685  206  824   10.86069   10.70466  1.44%  1516 1309s
 59595 42609   10.83547  145  828   10.86069   10.70466  1.44%  1516 1313s
 59596 42610   10.83898  291  829   10.86069   10.70466  1.44%  1516 1318s
 59597 42610   10.79266  139  837   10.86069   10.70466  1.44%  1516 1324s
 59598 42611   10.82054  117  837   10.86069   10.70466  1.44%  1516 1329s
 59599 42612   10.79613  152  837   10.86069   10.70466  1.44%  1516 1338s
 59600 42612   10.79448  176  837   10.86069   10.70466  1.44%  1516 1350s
 59601 42613   10.81036   91  837   10.86069   10.70466  1.44%  1516 1357s
 59602 42617   10.81265   26 2460   10.86069   10.70466  1.44%  1517 1478s
 59604 42614     cutoff   27        10.86069   10.70466  1.44%  1517 1487s
 59608 42613   10.70522   28 2400   10.86069   10.70466  1.44%  1518 1493s
 59610 42614   10.77948   29 2378   10.86069   10.70522  1.43%  1518 1503s
 59612 42611     cutoff   30        10.86069   10.70630  1.42%  1518 1509s
 59616 42612   10.70917   31 2319   10.86069   10.70632  1.42%  1518 1518s
 59618 42615   10.71115   32 2296   10.86069   10.70824  1.40%  1519 1522s
 59622 42622   10.71898   33 2340   10.86069   10.70880  1.40%  1519 1532s
 59630 42635   10.72004   34 2334   10.86069   10.71049  1.38%  1519 1543s
 59646 42654   10.72060   35 2340   10.86069   10.71221  1.37%  1520 1552s
 59678 42775   10.72121   36 2331   10.86069   10.71308  1.36%  1523 1562s
 59810 42763   10.72837   40 2255   10.86069   10.71374  1.35%  1525 1573s
 59842 42817   10.72863   40 2230   10.86069   10.71374  1.35%  1539 1585s
H59851 40682                      10.8606897   10.71374  1.35%  1542 1585s
H59871 38650                      10.8606896   10.71374  1.35%  1544 1585s
H59888 36720                      10.8606895   10.71374  1.35%  1545 1585s
H59904 34888                      10.8606873   10.71374  1.35%  1546 1585s
 59906 34981   10.72665   39 2292   10.86069   10.71374  1.35%  1547 1594s
 60000 35057   10.72495   39 2275   10.86069   10.71374  1.35%  1553 1605s
 60107 35133   10.72545   39 2303   10.86069   10.71374  1.35%  1557 1612s
H60219 33476                      10.8606871   10.71374  1.35%  1557 1621s
 60335 33551   10.72914   41 2215   10.86069   10.71374  1.35%  1557 1628s
H60449 31988                      10.8606845   10.71374  1.35%  1558 1635s
H60501 30405                      10.8606841   10.71374  1.35%  1558 1635s
H60518 28910                      10.8606840   10.71374  1.35%  1558 1635s
 60574 29021   10.73092   42 2224   10.86068   10.71374  1.35%  1559 1642s
 60704 29099   10.73183   42 2202   10.86068   10.71374  1.35%  1558 1647s
H60714 27682                      10.8606840   10.71374  1.35%  1558 1647s
H60759 26324                      10.8606839   10.71374  1.35%  1557 1647s
H60820 25027                      10.8606838   10.71374  1.35%  1557 1647s
 60826 25166   10.73564   44 2265   10.86068   10.71374  1.35%  1557 1654s
 60968 25258   10.74042   47 2261   10.86068   10.71374  1.35%  1556 1661s
H60971 24045                      10.8606835   10.71374  1.35%  1556 1661s
H61003 22883                      10.8606834   10.71374  1.35%  1555 1661s
H61046 21774                      10.8606834   10.71374  1.35%  1556 1661s
H61050 20734                      10.8606830   10.71374  1.35%  1556 1661s
 61108 20843   10.74472   49 2293   10.86068   10.71374  1.35%  1556 1666s
H61236 19986                      10.8606830   10.71374  1.35%  1557 1672s
H61277 19034                      10.8606830   10.71374  1.35%  1557 1672s
H61322 18128                      10.8606829   10.71374  1.35%  1557 1672s
 61411 18275   10.74600   50 2223   10.86068   10.71374  1.35%  1556 1678s
 61587 18390   10.74885   52 2207   10.86068   10.71374  1.35%  1556 1683s
H61596 17540                      10.8606829   10.71374  1.35%  1556 1683s
H61710 16698                      10.8604536   10.71374  1.35%  1555 1683s
 61763 16858   10.75149   54 2206   10.86045   10.71374  1.35%  1555 1689s
 61941 17024   10.75517   56 2156   10.86045   10.71374  1.35%  1557 1694s
H61957 16255                      10.8604536   10.71374  1.35%  1557 1694s
 62173 16380   10.75786   58 2233   10.86045   10.71374  1.35%  1555 1699s
 62373 16499   10.76017   60 2203   10.86045   10.71374  1.35%  1555 1705s
H62444 15749                      10.8604535   10.71374  1.35%  1555 1705s
H62448 15058                      10.8604533   10.71374  1.35%  1556 1705s
 62569 15207   10.75984   60 2215   10.86045   10.71374  1.35%  1555 1712s
 62762 15374   10.76216   62 2186   10.86045   10.71374  1.35%  1557 1717s
 63005 15545   10.76700   67 2182   10.86045   10.71374  1.35%  1558 1727s
 63270 15745   10.76944   69 2213   10.86045   10.71461  1.34%  1559 1734s
H63292 15083                      10.8604533   10.71461  1.34%  1559 1734s
H63527 14382                      10.8604531   10.71461  1.34%  1559 1734s
 63562 14614   10.77321   71 2192   10.86045   10.71461  1.34%  1559 1740s
 63827 14726   10.77369   72 2111   10.86045   10.71461  1.34%  1561 1747s
 64063 14883   10.77857   75 2062   10.86045   10.71461  1.34%  1564 1753s
 64327 15007   10.78136   77 2080   10.86045   10.71544  1.34%  1566 1761s
 64567 15070   10.78148   80 2049   10.86045   10.71545  1.34%  1570 1770s
H64723 14426                      10.8604531   10.71545  1.34%  1576 1770s
 64727 14451   10.78269   82 2019   10.86045   10.71545  1.34%  1576 1776s
 64773 14531   10.78351   83 2016   10.86045   10.71562  1.33%  1579 1784s
H64776 13969                      10.8604530   10.71562  1.33%  1579 1784s
H64788 13431                      10.8604530   10.71562  1.33%  1580 1784s
 64898 13569   10.78346   82 2090   10.86045   10.71562  1.33%  1583 1791s
 65121 13814   10.78728   91 2030   10.86045   10.71562  1.33%  1586 1801s
 65481 14051   10.79341  100 1993   10.86045   10.71562  1.33%  1588 1811s
H65592 13507                      10.8604530   10.71562  1.33%  1587 1811s
H65665 13002                      10.8604530   10.71562  1.33%  1587 1811s
 65889 13288   10.79576  115 1983   10.86045   10.71562  1.33%  1591 1820s
H66095 12761                      10.8604530   10.71605  1.33%  1592 1820s
 66277 13120   10.79859  131 1932   10.86045   10.71605  1.33%  1595 1828s
H66330 12667                      10.8604528   10.71605  1.33%  1596 1828s
H66446 12216                      10.8604528   10.71605  1.33%  1594 1828s
 66748 12787   10.80112  135 1923   10.86045   10.71605  1.33%  1597 1836s
H66769 12387                      10.8604528   10.71605  1.33%  1596 1836s
H66883 11977                      10.8604528   10.71605  1.33%  1595 1836s
 67441 12536   10.80602  151 1913   10.86045   10.71605  1.33%  1593 1844s
H67483 12168                      10.8604528   10.71605  1.33%  1593 1844s
H67576 11800                      10.8604527   10.71605  1.33%  1592 1844s
H67849 11390                      10.8604527   10.71605  1.33%  1590 1844s
 68201 12102   10.80608  158 1899   10.86045   10.71648  1.33%  1588 1852s
H68277 11773                      10.8604527   10.71648  1.33%  1587 1852s
H68493 11413                      10.8604526   10.71648  1.33%  1586 1852s
 69055 11911   10.81113  174 1795   10.86045   10.71648  1.33%  1582 1861s
H69373 11531                      10.8604526   10.71648  1.33%  1582 1861s
 69768 11868   10.81399  181 1782   10.86045   10.71648  1.33%  1581 1874s
 70267 12376   10.81563  189 1784   10.86045   10.71693  1.32%  1584 1886s
 71014 12791   10.82181  216 1732   10.86045   10.71713  1.32%  1585 1895s
H71167 12480                      10.8604522   10.71713  1.32%  1584 1895s
 71711 13097   10.82421  224 1693   10.86045   10.71723  1.32%  1583 1906s
H72393 12623                      10.8604519   10.71728  1.32%  1582 1906s
 72554 13339   10.82825  259 1685   10.86045   10.71728  1.32%  1582 1915s
H72633 13078                      10.8604516   10.71728  1.32%  1581 1915s
H72931 12977                      10.8604515   10.71728  1.32%  1579 1915s
 73383 13848   10.83234  284 1691   10.86045   10.71728  1.32%  1582 1925s
H73395 13848                      10.8604515   10.71728  1.32%  1582 1925s
H73469 13848                      10.8604514   10.71728  1.32%  1581 1925s
H73563 13848                      10.8604514   10.71728  1.32%  1581 1925s
H73814 13848                      10.8604514   10.71728  1.32%  1579 1925s
 74343 14815   10.83435  323 1727   10.86045   10.71745  1.32%  1580 1937s
 75388 15537   10.83681  364 1689   10.86045   10.71745  1.32%  1576 1948s
H75704 15537                      10.8604486   10.71795  1.31%  1574 1948s
H75754 15537                      10.8604451   10.71795  1.31%  1573 1948s
 76169 16358   10.83727  370 1710   10.86045   10.71800  1.31%  1576 1959s
 77049 17241   10.84151  415 1644   10.86045   10.71800  1.31%  1578 1970s
H77266 17241                      10.8604387   10.71800  1.31%  1574 1970s
 78013 17755   10.84691  468 1670   10.86044   10.71800  1.31%  1574 1981s
H78034 17755                      10.8604386   10.71800  1.31%  1574 1981s
H78101 17755                      10.8604386   10.71800  1.31%  1572 1981s
H78212 17755                      10.8604386   10.71800  1.31%  1571 1981s
H78277 17755                      10.8604386   10.71800  1.31%  1570 1981s
H78433 17755                      10.8604378   10.71800  1.31%  1568 1981s
H78540 17755                      10.8604208   10.71800  1.31%  1570 1981s
H78570 18930                      10.8604206   10.71800  1.31%  1570 1996s
H78689 18930                      10.8604204   10.71800  1.31%  1568 1996s
H78912 18930                      10.8604204   10.71800  1.31%  1566 1996s
H79472 18930                      10.8604203   10.71810  1.31%  1565 1996s
 79810 20238   10.85181  600 1662   10.86042   10.71810  1.31%  1564 2008s
H79957 20238                      10.8604202   10.71810  1.31%  1562 2008s
H80038 20238                      10.8604201   10.71810  1.31%  1561 2008s
H80684 20238                      10.8604201   10.71810  1.31%  1556 2008s
H80733 20238                      10.8604201   10.71810  1.31%  1556 2008s
H81154 21503                      10.8604200   10.71810  1.31%  1556 2020s
H81447 21503                      10.8604200   10.71810  1.31%  1552 2020s
H81582 21503                      10.8604200   10.71810  1.31%  1550 2020s
H81609 21503                      10.8604198   10.71810  1.31%  1550 2020s
H82094 21503                      10.8604198   10.71810  1.31%  1550 2020s
 82471 22753   10.85841  804 1605   10.86042   10.71810  1.31%  1552 2034s
H82624 22753                      10.8604197   10.71810  1.31%  1550 2034s
H82638 22753                      10.8604196   10.71810  1.31%  1551 2034s
H83446 22753                      10.8604196   10.71823  1.31%  1546 2034s
 83821 23688   10.85912  836 1607   10.86042   10.71823  1.31%  1548 2050s
H84015 23688                      10.8604196   10.71823  1.31%  1547 2050s
H84089 23688                      10.8604195   10.71823  1.31%  1546 2050s
H84136 23688                      10.8604195   10.71826  1.31%  1548 2050s
H84293 23688                      10.8604194   10.71826  1.31%  1548 2050s
 84891 24601     cutoff  838        10.86042   10.71848  1.31%  1552 2066s
H84922 24601                      10.8604194   10.71848  1.31%  1551 2066s
H85061 24601                      10.8604194   10.71848  1.31%  1553 2066s
H85194 24601                      10.8604194   10.71848  1.31%  1557 2066s
H85927 25548                      10.8604193   10.71852  1.31%  1555 2080s
 87015 26243   10.75517   52 2348   10.86042   10.71852  1.31%  1558 2095s
H87499 26243                      10.8604193   10.71852  1.31%  1563 2095s
 87844 27102   10.76519   57 2259   10.86042   10.71852  1.31%  1563 2110s
H87850 27102                      10.8604193   10.71852  1.31%  1563 2110s
 88846 28610   10.77554   63 2230   10.86042   10.71857  1.31%  1568 2127s
H89645 28610                      10.8604193   10.71857  1.31%  1570 2127s
H90234 28610                      10.8604193   10.71857  1.31%  1565 2127s
 90447 29993   10.78491   71 2185   10.86042   10.71857  1.31%  1566 2143s
 91934 31482   10.78552   73 2159   10.86042   10.71906  1.30%  1564 2161s
H92447 31482                      10.8604193   10.71906  1.30%  1568 2161s
H93155 31480                      10.8604001   10.71906  1.30%  1560 2161s
 93535 32938   10.79139   79 2100   10.86040   10.71906  1.30%  1558 2176s
 95132 34339   10.80439   91 2036   10.86040   10.71924  1.30%  1554 2192s
H95617 34339                      10.8604001   10.71924  1.30%  1558 2192s
 96620 35743   10.80862   94 2048   10.86040   10.71924  1.30%  1550 2211s
 98148 37206   10.81767  108 1976   10.86040   10.71933  1.30%  1545 2230s
H98220 37206                      10.8604001   10.71933  1.30%  1545 2230s
H98323 37206                      10.8603999   10.71933  1.30%  1545 2230s
H99437 37206                      10.8603998   10.71964  1.30%  1543 2230s
 99765 38646   10.85029  136 1844   10.86040   10.71964  1.30%  1542 2249s
 101329 39812     cutoff  141        10.86040   10.71964  1.30%  1542 2267s
 102642 41060     cutoff  147        10.86040   10.71977  1.29%  1549 2286s
 104053 42177   10.85889  148 1784   10.86040   10.72005  1.29%  1553 2309s
 105314 44546   10.72288   37 2359   10.86040   10.72005  1.29%  1552 2330s
 107825 46654   10.79205   80 2017   10.86040   10.72006  1.29%  1542 2351s
 110055 49207   10.85336  187 1550   10.86040   10.72006  1.29%  1538 2374s
 112752 51496     cutoff  199        10.86040   10.72010  1.29%  1529 2397s
 115233 51705   10.85887  198 1572   10.86040   10.72037  1.29%  1524 2416s
H115261 51705                      10.8603998   10.72037  1.29%  1524 2416s
 115476 54865   10.72438   40 2284   10.86040   10.72037  1.29%  1524 2441s
 118725 58505   10.74616   52 2154   10.86040   10.72037  1.29%  1506 2469s
 122616 60400   10.77281   71 2100   10.86040   10.72044  1.29%  1492 2489s
 124629 63444   10.78075   80 2038   10.86040   10.72056  1.29%  1485 2512s
 127900 67015   10.79363  101 1940   10.86040   10.72057  1.29%  1468 2534s
 131677 69121   10.80578  125 1794   10.86040   10.72057  1.29%  1450 2556s
 134122 71385   10.82398  142 1887   10.86040   10.72057  1.29%  1448 2579s
 136814 73686   10.82866  202 1656   10.86040   10.72057  1.29%  1442 2603s
 139363 75961   10.84313  306 1504   10.86040   10.72067  1.29%  1442 2631s
 141910 78445   10.85548  499 1421   10.86040   10.72067  1.29%  1444 2658s
 144834 79763   10.75408   58 2192   10.86040   10.72083  1.29%  1445 2686s
 146435 81987   10.84567  189 1427   10.86040   10.72096  1.28%  1459 2717s
 148901 84268     cutoff  212        10.86040   10.72101  1.28%  1467 2753s
 151537 86719   10.85700  158 1618   10.86040   10.72131  1.28%  1480 2799s
 154371 87911   10.74680   52 2242   10.86040   10.72131  1.28%  1495 2847s
 155858 90930   10.78299   75 2087   10.86040   10.72131  1.28%  1513 2902s
 159079 94397   10.83578  132 1855   10.86040   10.72131  1.28%  1532 2958s
 162997 97104   10.86037  168 1711   10.86040   10.72181  1.28%  1550 3008s
 166275 100432   10.81828  117 1780   10.86040   10.72181  1.28%  1570 3061s
 170219 103174   10.85832  180 1399   10.86040   10.72181  1.28%  1586 3110s
 173462 105581   10.76778   65 2131   10.86040   10.72181  1.28%  1604 3160s
 176000 111455   10.79986  112 1871   10.86040   10.72287  1.27%  1613 3213s
 182030 119130   10.81669  152 1749   10.86040   10.72290  1.27%  1602 3253s
 189813 122899   10.83201  218 1639   10.86040   10.72290  1.27%  1565 3271s
 193686 126987   10.83482  229 1675   10.86040   10.72299  1.27%  1547 3287s
 197858 129829   10.83790  240 1672   10.86040   10.72299  1.27%  1527 3305s
 200952 132237   10.84117  261 1657   10.86040   10.72305  1.26%  1515 3322s
 203577 133582   10.84989  304 1553   10.86040   10.72305  1.26%  1507 3338s
 205115 135376   10.85156  344 1591   10.86040   10.72305  1.26%  1504 3357s
 207118 137004   10.85718  404 1542   10.86040   10.72313  1.26%  1503 3379s
 209019 138128   10.73390   47 2179   10.86040   10.72315  1.26%  1505 3402s
 210394 140192   10.75799   61 2111   10.86040   10.72315  1.26%  1512 3427s
 212741 143055   10.78327   81 2036   10.86040   10.72315  1.26%  1513 3462s
 215961 147079   10.79624  106 1939   10.86040   10.72342  1.26%  1518 3499s
 220286 150291   10.83036  215 1705   10.86040   10.72342  1.26%  1513 3530s
 223763 153091   10.85174  336 1629   10.86040   10.72362  1.26%  1509 3563s
 226917 156052   10.74521   43 2405   10.86040   10.72362  1.26%  1509 3595s
 230167 158696   10.85674  144 1542   10.86040   10.72370  1.26%  1508 3628s
 232989 162492   10.73401   44 2242   10.86040   10.72378  1.26%  1509 3660s
 236919 168461   10.76287   65 2108   10.86040   10.72378  1.26%  1502 3692s
 242965 174808     cutoff   96        10.86040   10.72378  1.26%  1483 3727s
 249435 179605   10.80716  142 1733   10.86040   10.72386  1.26%  1461 3749s
 254444 184321   10.81533  163 1741   10.86040   10.72386  1.26%  1443 3767s
 259405 187747   10.83195  224 1641   10.86040   10.72390  1.26%  1423 3783s
 263076 190394   10.84086  279 1703   10.86040   10.72391  1.26%  1410 3797s
 265804 194035   10.85173  332 1663   10.86040   10.72391  1.26%  1402 3812s
 269614 196983   10.85793  364 1704   10.86040   10.72392  1.26%  1390 3827s
 272856 202640   10.85711  400 1687   10.86040   10.72392  1.26%  1381 3863s
 279163 205026   10.85988  424 1694   10.86040   10.72392  1.26%  1367 3884s
 281868 206630   10.76789   63 2046   10.86040   10.72395  1.26%  1360 3903s
 283644 208021     cutoff  137        10.86040   10.72395  1.26%  1362 3925s
 285271 209139   10.74111   48 2280   10.86040   10.72399  1.26%  1366 3948s
 286632 211474   10.76207   66 2099   10.86040   10.72399  1.26%  1372 3974s
 289089 213359   10.79046  135 1681   10.86040   10.72414  1.25%  1373 4000s
 291183 215891   10.80322  180 1525   10.86040   10.72428  1.25%  1375 4029s
 293826 219266   10.81593  242 1480   10.86040   10.72428  1.25%  1373 4060s
 297515 224040     cutoff  569        10.86040   10.72434  1.25%  1373 4088s
 302539 230087   10.84413  743 1341   10.86040   10.72438  1.25%  1364 4121s
 308900 232753   10.85439  987 1372   10.86040   10.72441  1.25%  1352 4141s
 311798 234906   10.73961   46 2311   10.86040   10.72447  1.25%  1348 4162s
 314183 236413   10.80488  116 1701   10.86040   10.72452  1.25%  1347 4183s
 315929 237548     cutoff  179        10.86040   10.72452  1.25%  1349 4204s
 317305 238792     cutoff  180        10.86040   10.72454  1.25%  1353 4230s
 318730 240308   10.74167   49 2166   10.86040   10.72454  1.25%  1358 4256s
 320409 241531   10.77137   65 2098   10.86040   10.72454  1.25%  1363 4284s
 321876 243581   10.78886   76 1990   10.86040   10.72470  1.25%  1369 4316s
 324058 246365   10.81157  107 1655   10.86040   10.72473  1.25%  1373 4350s
 327031 250583   10.83374  154 1424   10.86040   10.72473  1.25%  1377 4385s
 331461 255018   10.85081  215 1322   10.86040   10.72473  1.25%  1374 4417s
 336129 258825   10.85583  266 1327   10.86040   10.72473  1.25%  1365 4441s
 340125 261465   10.85624  277 1326   10.86040   10.72473  1.25%  1358 4463s
 342897 264607   10.85696  285 1285   10.86040   10.72473  1.25%  1357 4488s
 346238 267360     cutoff  293        10.86040   10.72480  1.25%  1353 4511s
 349282 269092   10.73122   42 2322   10.86040   10.72480  1.25%  1351 4533s
 351266 272091   10.81459  101 1833   10.86040   10.72480  1.25%  1353 4558s
 354392 274664   10.73362   44 2277   10.86040   10.72480  1.25%  1350 4582s
 357162 277303   10.78702   78 2039   10.86040   10.72480  1.25%  1349 4609s
 359972 281295   10.85351  222 1582   10.86040   10.72499  1.25%  1349 4636s
 364169 285126 infeasible  235        10.86040   10.72501  1.25%  1344 4667s
 368260 289342   10.85950  236 1595   10.86040   10.72515  1.25%  1343 4693s
 372654 293480   10.77566   76 2027   10.86040   10.72519  1.25%  1336 4718s
 377042 296443   10.84441  271 1257   10.86040   10.72519  1.25%  1330 4739s
 380338 298865   10.85911  354 1285   10.86040   10.72519  1.25%  1327 4760s
 383283 300649   10.75273   57 2137   10.86040   10.72519  1.25%  1325 4781s
 385431 302498   10.82362  135 1671   10.86040   10.72524  1.24%  1326 4805s
 387554 303236   10.85837  150 1597   10.86040   10.72524  1.24%  1328 4829s
 388513 304389   10.73223   45 2318   10.86040   10.72537  1.24%  1332 4857s
 389919 305547     cutoff  135        10.86040   10.72541  1.24%  1338 4889s
 391262 308077   10.72852   38 2296   10.86040   10.72548  1.24%  1344 4923s
 393913 312554   10.76105   55 2141   10.86040   10.72554  1.24%  1346 4953s
 398498 317812   10.78967   76 2046   10.86040   10.72554  1.24%  1341 4976s
 403864 322344   10.80772  113 1923   10.86040   10.72554  1.24%  1331 4998s
 408518 327546   10.81586  129 1899   10.86040   10.72559  1.24%  1322 5015s
 413818 332216   10.82731  158 1728   10.86040   10.72559  1.24%  1310 5040s
 418762 335448   10.83062  166 1708   10.86040   10.72559  1.24%  1299 5054s
 422187 338598   10.83425  179 1670   10.86040   10.72559  1.24%  1293 5068s
 425684 344103   10.84116  203 1639   10.86040   10.72559  1.24%  1287 5099s
 431941 346370   10.85089  253 1654   10.86040   10.72562  1.24%  1277 5118s
 434505 348212   10.85482  279 1696   10.86040   10.72562  1.24%  1274 5139s
 436584 348995   10.85954  287 1672   10.86040   10.72562  1.24%  1275 5160s
 437640 350352   10.85668  285 1691   10.86040   10.72562  1.24%  1279 5182s
 439153 352414   10.85951  287 1680   10.86040   10.72567  1.24%  1280 5206s
 441344 353939   10.73491   49 2173   10.86040   10.72572  1.24%  1282 5233s
 443120 357371   10.75666   63 2132   10.86040   10.72572  1.24%  1283 5259s
 446737 361787   10.85704  256 1106   10.86040   10.72577  1.24%  1281 5288s
 451347 367582   10.76647   62 1998   10.86040   10.72577  1.24%  1277 5313s
 457291 374155   10.85848  138 1520   10.86040   10.72585  1.24%  1268 5342s
 464260 377440   10.77567   68 2134   10.86040   10.72585  1.24%  1258 5358s
 467902 380728   10.83160  129 1690   10.86040   10.72585  1.24%  1253 5375s
 471430 384063     cutoff  186        10.86040   10.72587  1.24%  1248 5390s
 475052 386183   10.85864  185 1542   10.86040   10.72591  1.24%  1242 5409s
 477507 387462   10.73371   44 2333   10.86040   10.72591  1.24%  1241 5426s
H477671 387462                      10.8603997   10.72591  1.24%  1241 5427s
 478926 388726   10.76952   67 2049   10.86040   10.72594  1.24%  1242 5444s
H479681 388726                      10.8603988   10.72594  1.24%  1242 5444s
 480383 390006   10.78888  106 1852   10.86040   10.72594  1.24%  1243 5464s
H480552 389974                      10.8603676   10.72594  1.24%  1243 5464s
H481598 389967                      10.8603611   10.72594  1.24%  1243 5464s
 481752 391525   10.84758  173 1717   10.86036   10.72594  1.24%  1243 5486s
 483533 392360   10.86010  190 1715   10.86036   10.72594  1.24%  1245 5509s
H483929 392360                      10.8603611   10.72594  1.24%  1246 5509s
H484032 392357                      10.8603548   10.72596  1.24%  1246 5509s
H484287 392339                      10.8603304   10.72596  1.24%  1247 5509s
H484571 392321                      10.8603056   10.72596  1.24%  1247 5509s
 484602 394760   10.73089   42 2372   10.86031   10.72596  1.24%  1248 5534s
 487288 396977   10.85574  216 1260   10.86031   10.72596  1.24%  1248 5563s
H487353 396914                      10.8602565   10.72596  1.24%  1249 5563s
H487983 396875                      10.8602414   10.72596  1.24%  1250 5563s
H489830 398988                      10.8602047   10.72596  1.24%  1251 5599s
H490490 398928                      10.8601667   10.72596  1.24%  1252 5600s
H492475 401341                      10.8601636   10.72596  1.24%  1257 5639s
H492510 401293                      10.8601362   10.72596  1.24%  1257 5639s
H492964 401238                      10.8600976   10.72611  1.23%  1258 5639s
H494015 401238                      10.8600975   10.72611  1.23%  1259 5639s
H494228 401238                      10.8600975   10.72611  1.23%  1259 5639s
 495185 403741     cutoff   45        10.86010   10.72611  1.23%  1261 5682s
H495187 403741                      10.8600975   10.72611  1.23%  1261 5682s
H495553 403741                      10.8600975   10.72611  1.23%  1262 5682s
H495770 403741                      10.8600973   10.72611  1.23%  1263 5682s
 498230 407004   10.85442  174 1535   10.86010   10.72611  1.23%  1268 5726s
H498280 407004                      10.8600972   10.72611  1.23%  1268 5726s
H500324 407004                      10.8600955   10.72627  1.23%  1271 5726s
H500950 406981                      10.8600809   10.72627  1.23%  1271 5726s
H502026 410104                      10.8600806   10.72627  1.23%  1273 5772s
H502347 410104                      10.8600806   10.72627  1.23%  1274 5772s
H502631 410102                      10.8600795   10.72627  1.23%  1274 5772s
 505595 413428     cutoff  209        10.86008   10.72627  1.23%  1277 5816s
H505596 413428                      10.8600792   10.72627  1.23%  1277 5816s
H505596 413428                      10.8600792   10.72627  1.23%  1277 5816s
H505812 413427                      10.8600786   10.72627  1.23%  1278 5816s
H506180 413427                      10.8600785   10.72627  1.23%  1277 5816s
H506832 413425                      10.8600782   10.72635  1.23%  1278 5816s
 509399 415907     cutoff   94        10.86008   10.72635  1.23%  1281 5857s
H509832 415907                      10.8600782   10.72635  1.23%  1281 5857s
H510159 415907                      10.8600782   10.72635  1.23%  1281 5857s
H510159 415907                      10.8600780   10.72635  1.23%  1281 5857s
H511360 415906                      10.8600780   10.72635  1.23%  1282 5857s
 512328 418529   10.85064  272 1482   10.86008   10.72635  1.23%  1284 5899s
H513304 418528                      10.8600768   10.72645  1.23%  1285 5899s
H515465 422154                      10.8600418   10.72645  1.23%  1289 5942s
 519667 424615     cutoff  294        10.86004   10.72657  1.23%  1292 5973s
H520756 424607                      10.8600386   10.72657  1.23%  1292 5973s
H521375 424585                      10.8600281   10.72657  1.23%  1294 5973s
H522468 426920                      10.8600280   10.72657  1.23%  1294 6009s
H522666 426920                      10.8600280   10.72657  1.23%  1294 6009s
H522699 426920                      10.8600278   10.72657  1.23%  1294 6009s
H523589 426920                      10.8600277   10.72657  1.23%  1296 6009s
H524541 426918                      10.8600274   10.72657  1.23%  1297 6009s
H524967 426915                      10.8600266   10.72657  1.23%  1297 6009s
H525193 429676                      10.8600262   10.72657  1.23%  1297 6046s
H525917 429676                      10.8600259   10.72663  1.23%  1297 6046s
H527672 429676                      10.8600258   10.72663  1.23%  1299 6046s
 528306 431756   10.74679   54 2145   10.86003   10.72663  1.23%  1300 6084s
 530728 436520   10.77266   75 2051   10.86003   10.72669  1.23%  1304 6125s
H534719 436520                      10.8600257   10.72669  1.23%  1303 6125s
H535790 442216                      10.8600253   10.72669  1.23%  1303 6160s
H537996 442214                      10.8600250   10.72678  1.23%  1302 6160s
 541665 447883   10.81445  160 1691   10.86003   10.72679  1.23%  1298 6190s
H544964 447883                      10.8600250   10.72680  1.23%  1293 6190s
H545476 341148                      10.8467389   10.72680  1.11%  1293 6190s
H547458 299045                      10.8413979   10.72682  1.06%  1290 6215s
H550672 298945                      10.8413868   10.72687  1.06%  1288 6215s
 551268 301773     cutoff  278        10.84139   10.72687  1.06%  1287 6244s
H554735 301067                      10.8408719   10.72693  1.05%  1286 6273s
 558380 302573     cutoff  157        10.84087   10.72693  1.05%  1285 6299s
H558381 286669                      10.8388719   10.72693  1.03%  1285 6299s
 560251 288546   10.73410   45 2232   10.83887   10.72695  1.03%  1288 6331s
 562535 290201   10.81466  112 1586   10.83887   10.72695  1.03%  1289 6365s
 564571 292002   10.76326   62 2155   10.83887   10.72695  1.03%  1294 6402s
 566671 293865     cutoff  143        10.83887   10.72704  1.03%  1299 6442s
 568944 296789   10.76008   64 2078   10.83887   10.72706  1.03%  1305 6482s
 572323 298963   10.83783  236 1531   10.83887   10.72709  1.03%  1309 6524s
 574886 299699     cutoff   64        10.83887   10.72709  1.03%  1313 6572s
H574929 292268                      10.8378919   10.72709  1.02%  1313 6572s
H575068 292115                      10.8378733   10.72709  1.02%  1314 6572s
H575548 292032                      10.8378638   10.72709  1.02%  1314 6572s
 575767 294586   10.77340   80 1953   10.83786   10.72709  1.02%  1315 6619s
 576647 294586   10.80879  100 1695   10.83786   10.72709  1.02%  1315 6620s
H578043 294586                      10.8378638   10.72709  1.02%  1318 6620s
H578102 294520                      10.8378556   10.72709  1.02%  1318 6620s
 578745 296916   10.83578  254 1629   10.83786   10.72722  1.02%  1319 6670s
H579495 296913                      10.8378555   10.72722  1.02%  1321 6670s
H579767 296913                      10.8378554   10.72732  1.02%  1322 6670s
 581703 298117   10.78188   88 1925   10.83786   10.72739  1.02%  1326 6704s
H583227 298117                      10.8378554   10.72744  1.02%  1330 6704s
 583263 301871 infeasible  134        10.83786   10.72744  1.02%  1330 6767s
H584370 301871                      10.8378553   10.72744  1.02%  1332 6767s
 587612 304310     cutoff   55        10.83786   10.72753  1.02%  1338 6820s
 590547 307845     cutoff  175        10.83786   10.72753  1.02%  1344 6873s
 594276 315974   10.83671  115 1654   10.83786   10.72755  1.02%  1348 6925s
 602597 320802   10.83550  134 1607   10.83786   10.72762  1.02%  1342 6961s
 607724 322839   10.73104   46 2215   10.83786   10.72764  1.02%  1339 6993s
 610156 324276     cutoff  125        10.83786   10.72764  1.02%  1342 7025s
 611817 325817   10.76932   66 2097   10.83786   10.72766  1.02%  1345 7055s
 613645 328531     cutoff  130        10.83786   10.72770  1.02%  1348 7108s
H616685 328531                      10.8378553   10.72770  1.02%  1355 7109s
 616947 330058   10.82658  110 1671   10.83786   10.72770  1.02%  1355 7162s
 619008 333455   10.80168   92 1819   10.83786   10.72770  1.02%  1363 7223s
 622931 336007   10.83610  135 1567   10.83786   10.72782  1.02%  1370 7280s
 626151 338160   10.77652   77 2124   10.83786   10.72782  1.02%  1378 7339s
 628791 341555   10.75270   56 2093   10.83786   10.72782  1.02%  1387 7401s
 632358 349724   10.79547   97 1980   10.83786   10.72799  1.01%  1392 7460s
 640957 352208   10.83320  263 1585   10.83786   10.72799  1.01%  1387 7491s
 643761 354104   10.83679  292 1645   10.83786   10.72803  1.01%  1389 7530s
H644001 346172                      10.8368399   10.72803  1.00%  1390 7530s
H645447 316005                      10.8332420   10.72803  0.97%  1392 7530s
H645865 296796                      10.8308636   10.72803  0.95%  1392 7530s

Cutting planes:
  Learned: 120
  Gomory: 198
  Cover: 351
  Implied bound: 169
  Projected implied bound: 112
  Clique: 5
  MIR: 326
  StrongCG: 2
  Flow cover: 862
  GUB cover: 8
  Zero half: 1
  Network: 111
  RLT: 743
  Relax-and-lift: 252
  BQP: 6

Explored 646032 nodes (899233153 simplex iterations) in 7530.90 seconds (16947.84 work units)
Thread count was 32 (of 104 available processors)

Solution count 10: 10.8309 10.8309 10.8332 ... 10.8409

Optimal solution found (tolerance 1.00e-02)
Best objective 1.083086358366e+01, best bound 1.072802868621e+01, gap 0.9495%
m.flow_changes_penalty(): 740.0
Total operational cost: 107568.64
Maximum power (kW): 1301.03
Discharge energy capacity (kWh): 18243.01
Charge energy capacity (kWh): 15218.20
Levelized Cost of Flexibility ($/kWh): 0.61
{'fixed_demand_cost': 5823.123014629001, 'variable_demand_cost': 4874.6014381139585, 'fixed_monthly_cost': 171938.17204301074, 'total_water_production': 282179.6712328776, 'total_energy_cost': 19558.449480133364, 'total_demand_cost': 10697.72445274296, 'total_customer_cost': 0.0, 'total_feed_cost': 51073.20710115982, 'total_brine_cost': 17785.318787562574, 'total_chemical_cost': 19473.9360150432, 'total_water_revenue': 0.0, 'total_demand_response_revenue': 11020.0, 'total_emissions_cost': 0.0, 'total_op_cost': 107568.63583664192, 'fixed_cost': 121551.98252688172, 'total_cost': 229120.61836352362, 'LCOW': 0.8119671320136831, 'degree_of_flex': 0.17964071856287425, 'total_replacement_cost': 1435.6271386734606, 'maximum_power': 1301.0298834949197, 'discharge_energy_capacity': 18243.014849570944, 'charge_energy_capacity': 15218.199622022184, 'discharge_power_capacity': 200.47269065462575, 'charge_power_capacity': 197.63895613015825, 'round_trip_efficiency': 0, 'LVOF': 0.6081087537428354}
Saved operation variable results to: /home/rchurchi/watertap_test/watertap/tutorials/flex_ro/wrd_result_summer_both_4_flexible_trains_ELRP.csv
Saved summary results to: /home/rchurchi/watertap_test/watertap/tutorials/flex_ro/wrd_pricetaker_summary_results_20260831_131634.csv
