2026-07-22 13:44:21 [INFO] idaes.core.surrogate.pysmo_surrogate: Decode surrogate. type=poly

===========================Polynomial Regression===============================================

The number of cross-validation cases (3) is used.
The default training/cross-validation split of 0.75 is used.
No iterations will be run.
Default parameter estimation method is used.
Parameter estimation method:  pyomo 

2026-07-22 13:44:21 [INFO] idaes.core.surrogate.pysmo_surrogate: Decode surrogate. type=poly

===========================Polynomial Regression===============================================

The number of cross-validation cases (3) is used.
The default training/cross-validation split of 0.75 is used.
No iterations will be run.
Default parameter estimation method is used.
Parameter estimation method:  pyomo 

2026-07-22 13:44:21 [INFO] idaes.core.surrogate.pysmo_surrogate: Decode surrogate. type=poly

===========================Polynomial Regression===============================================

The number of cross-validation cases (3) is used.
The default training/cross-validation split of 0.75 is used.
No iterations will be run.
Default parameter estimation method is used.
Parameter estimation method:  pyomo 

2026-07-22 13:44:21 [INFO] idaes.core.surrogate.pysmo_surrogate: Decode surrogate. type=poly

===========================Polynomial Regression===============================================

The number of cross-validation cases (3) is used.
The default training/cross-validation split of 0.75 is used.
No iterations will be run.
Default parameter estimation method is used.
Parameter estimation method:  pyomo 

2026-07-22 13:44:22 [INFO] idaes.apps.grid_integration.pricetaker.price_taker_model: Found minimum uptime/downtime data for pretreatment.uf_pumps[1] - Adding minimum uptime/downtime constraints.
2026-07-22 13:44:22 [INFO] idaes.apps.grid_integration.pricetaker.price_taker_model: Created startup/shutdown constraints for operation model  pretreatment.uf_pumps[1] at uf_pumps_1_startup_shutdown.
2026-07-22 13:44:22 [INFO] idaes.apps.grid_integration.pricetaker.price_taker_model: Found minimum uptime/downtime data for pretreatment.uf_pumps[2] - Adding minimum uptime/downtime constraints.
2026-07-22 13:44:22 [INFO] idaes.apps.grid_integration.pricetaker.price_taker_model: Created startup/shutdown constraints for operation model  pretreatment.uf_pumps[2] at uf_pumps_2_startup_shutdown.
2026-07-22 13:44:22 [INFO] idaes.apps.grid_integration.pricetaker.price_taker_model: Found minimum uptime/downtime data for pretreatment.uf_pumps[3] - Adding minimum uptime/downtime constraints.
2026-07-22 13:44:22 [INFO] idaes.apps.grid_integration.pricetaker.price_taker_model: Created startup/shutdown constraints for operation model  pretreatment.uf_pumps[3] at uf_pumps_3_startup_shutdown.
2026-07-22 13:44:22 [INFO] idaes.apps.grid_integration.pricetaker.price_taker_model: Found minimum uptime/downtime data for reverse_osmosis.ro_skid[1] - Adding minimum uptime/downtime constraints.
2026-07-22 13:44:22 [INFO] idaes.apps.grid_integration.pricetaker.price_taker_model: Created startup/shutdown constraints for operation model  reverse_osmosis.ro_skid[1] at ro_skid_1_startup_shutdown.
2026-07-22 13:44:22 [INFO] idaes.apps.grid_integration.pricetaker.price_taker_model: Found minimum uptime/downtime data for reverse_osmosis.ro_skid[2] - Adding minimum uptime/downtime constraints.
2026-07-22 13:44:22 [INFO] idaes.apps.grid_integration.pricetaker.price_taker_model: Created startup/shutdown constraints for operation model  reverse_osmosis.ro_skid[2] at ro_skid_2_startup_shutdown.
2026-07-22 13:44:22 [INFO] idaes.apps.grid_integration.pricetaker.price_taker_model: Found minimum uptime/downtime data for reverse_osmosis.ro_skid[3] - Adding minimum uptime/downtime constraints.
2026-07-22 13:44:22 [INFO] idaes.apps.grid_integration.pricetaker.price_taker_model: Created startup/shutdown constraints for operation model  reverse_osmosis.ro_skid[3] at ro_skid_3_startup_shutdown.
2026-07-22 13:44:22 [INFO] idaes.apps.grid_integration.pricetaker.price_taker_model: Found minimum uptime/downtime data for reverse_osmosis.ro_skid[4] - Adding minimum uptime/downtime constraints.
2026-07-22 13:44:22 [INFO] idaes.apps.grid_integration.pricetaker.price_taker_model: Created startup/shutdown constraints for operation model  reverse_osmosis.ro_skid[4] at ro_skid_4_startup_shutdown.
4363
Set parameter TokenServer to value "10.60.1.73"
Set parameter LogToConsole to value 1
Set parameter MIPGap to value 0.0099
Gurobi Optimizer version 12.0.3 build v12.0.3rc0 (linux64 - "Red Hat Enterprise Linux 8.8 (Ootpa)")

CPU model: Intel(R) Xeon(R) Platinum 8470QL, instruction set [SSE2|AVX|AVX2|AVX512]
Thread count: 104 physical cores, 104 logical processors, using up to 32 threads

Non-default parameters:
MIPGap  0.0099

Optimize a model with 17952 rows, 16467 columns and 49495 nonzeros
Model fingerprint: 0xd10fce5d
Model has 168 quadratic objective terms
Model has 2352 quadratic constraints
Variable types: 11259 continuous, 5208 integer (5208 binary)
Coefficient statistics:
  Matrix range     [5e-04, 2e+03]
  QMatrix range    [2e-07, 1e+00]
  QLMatrix range   [3e-04, 1e+00]
  Objective range  [1e-05, 1e-03]
  QObjective range [2e-04, 2e-04]
  Bounds range     [9e-01, 1e+03]
  RHS range        [5e-02, 3e+05]
  QRHS range       [3e-01, 3e-01]
Presolve removed 6904 rows and 7586 columns
Presolve time: 0.10s
Presolved: 20288 rows, 9386 columns, 53859 nonzeros
Presolved model has 336 SOS constraint(s)
Presolved model has 2352 bilinear constraint(s)

Solving non-convex MIQCP

Variable types: 5740 continuous, 3646 integer (3646 binary)

Root relaxation: unbounded, 0 iterations, 0.01 seconds (0.00 work units)

    Nodes    |    Current Node    |     Objective Bounds      |     Work
 Expl Unexpl |  Obj  Depth IntInf | Incumbent    BestBd   Gap | It/Node Time

H    0     0                      13.0551436          -      -     -    5s
     0     2  postponed    0        13.05514          -      -     -    8s
     1     4  postponed    1        13.05514          -      -   0.0   10s
    15    22  postponed    4        13.05514          -      -  8004   15s
H   32    34                      12.7551436          -      -  6488   19s
H   36    34                      12.7371436          -      -  6765   19s
    51    52  postponed    6        12.73714          -      -  7245   23s
    83   131  postponed    7        12.73714          -      -  6674   26s
H   86   131                      12.7371434          -      -  6744   26s
H   94   131                      12.7371434          -      -  6579   26s
H  109   131                      12.7371434          -      -  6268   26s
   276   301  postponed    8        12.73714          -      -  3939   34s
H  319   301                      12.3708326          -      -  4044   34s
H  331   301                      12.3691447          -      -  3981   34s
   358   365  postponed    9        12.36914          -      -  3925   41s
   521   542 infeasible   10        12.36914          -      -  3700   46s
   716   706 infeasible   11        12.36914          -      -  3329   53s
   811   811  postponed   11        12.36914          -      -  3186   56s
  1032  1028  postponed   12        12.36914          -      -  2905   64s
H 1046  1028                      12.0961103          -      -  2966   64s
  1149  1164 infeasible   13        12.09611          -      -  2782   67s
  1301  1331  postponed   13        12.09611          -      -  2652   71s
H 1304  1331                      12.0565161          -      -  2664   71s
H 1360  1331                      12.0241864          -      -  2635   71s
H 1441  1331                      11.9123611          -      -  2516   71s
  1654  1694  postponed   14        11.91236          -      -  2338   78s
H 1657  1694                      11.8830506          -      -  2348   78s
H 1668  1694                      11.8791338          -      -  2372   78s
H 1767  1694                      11.8679217          -      -  2271   78s
H 1790  1694                      11.8616164          -      -  2255   78s
  1847  1897 infeasible   15        11.86162          -      -  2197   84s
  2066  2119  postponed   15        11.86162          -      -  2068   87s
H 2069  2119                      11.8485371          -      -  2074   87s
H 2078  2119                      11.8380287          -      -  2112   87s
H 2139  2119                      11.8252032          -      -  2073   87s
H 2187  2119                      11.8049184          -      -  2040   87s
H 2240  2119                      11.7759191          -      -  1999   87s
H 2315  2360                      11.7663782          -      -  2003   89s
H 2366  2360                      11.7640391          -      -  1990   89s
H 2381  2360                      11.7514677          -      -  1981   89s
H 2442  2360                      11.7502675          -      -  1941   89s
H 2472  2360                      11.7487939          -      -  1927   89s
H 2508  2360                      11.7287599          -      -  1915   89s
  2533  2616  postponed   16        11.72876          -      -  1907   95s
  2803  2910 infeasible   17        11.72876          -      -  1824  100s
H 2808  2910                      11.7153846          -      -  1833  100s
H 2816  2910                      11.7143061          -      -  1844  100s
H 2847  2910                      11.7133000          -      -  1845  100s
H 2856  2910                      11.6982901          -      -  1842  100s
H 3124  3227                      11.6792152          -      -  1731  102s
H 3449  3590                      11.6640579          -      -  1646  104s
H 3693  3590                      11.6606573          -      -  1599  104s
  3797  3955  postponed   18        11.66066          -      -  1564  109s
H 3843  3955                      11.5934504          -      -  1587  109s
  4176  4389 infeasible   19        11.59345          -      -  1484  112s
H 4228  4389                      11.5905457          -      -  1499  112s
H 4260  4389                      11.5889759          -      -  1500  112s
H 4342  4389                      11.5601149          -      -  1476  112s
H 4658  4861                      11.5560317          -      -  1399  114s
H 4809  4860                      11.5556405          -      -  1386  114s
H 4867  4860                      11.5541498          -      -  1369  114s
  5131  5355 infeasible   20        11.55415          -      -  1309  122s
H 5176  5351                      11.5454513          -      -  1315  122s
  5659  5904  postponed   20        11.54545          -      -  1233  127s
H 5671  5903                      11.5440038          -      -  1236  127s
H 5710  5903                      11.5436120          -      -  1234  127s
H 6023  5902                      11.5434289          -      -  1193  127s
H 6062  5901                      11.5426041          -      -  1189  127s
  6269  6424 infeasible   21        11.54260          -      -  1152  131s
H 6274  6422                      11.5411697          -      -  1156  131s
H 6501  6421                      11.5398511          -      -  1136  131s
H 6598  6414                      11.5337436          -      -  1123  131s
  6846  6915  postponed   21        11.53374          -      -  1092  135s
H 7004  6914                      11.5327436          -      -  1085  135s
H 7665  7404                      11.5312933          -      -  1048  139s
H 7776  7403                      11.5303114          -      -  1041  139s
H 7824  7383                      11.5236945          -      -  1038  139s
  7981  7383   11.02306   53    0   11.52369          -      -  1025  141s
  7983  7384   11.38177  156  932   11.52369    9.88348  14.2%  1025  157s
  7985  7386   10.64878  141  833   11.52369   10.09063  12.4%  1025  161s
H 7985  7016                      11.5236212   10.30875  10.5%  1025  167s
  7987  7017   11.00739  297 1060   11.52362   10.32887  10.4%  1024  170s
H 7989  6667                      11.5234773   10.37329  10.0%  1024  175s
H 7989  6334                      11.5234773   10.37329  10.0%  1024  176s
  7993  6337   11.03262   68 1111   11.52348   10.38778  9.86%  1024  180s
H 7995  6020                      11.5145282   10.39283  9.74%  1023  185s
H 7995  5719                      11.5125282   10.39283  9.73%  1023  185s
H 7995  5433                      11.5115282   10.39283  9.72%  1023  185s
  8000  5437   10.96389  126 1181   11.51153   10.39845  9.67%  1023  191s
H 8000  5165                      11.5102394   10.39915  9.65%  1023  191s
H 8000  4906                      11.5082394   10.39915  9.64%  1023  191s
H 8001  4660                      11.5080486   10.40016  9.63%  1023  193s
H 8002  4428                      11.5080422   10.40060  9.62%  1022  194s
  8004  4429   10.78575  134 1242   11.50804   10.40108  9.62%  1022  195s
H 8004  4207                      11.5053947   10.40137  9.60%  1022  196s
H 8005  3997                      11.5053947   10.40155  9.59%  1022  198s
H 8005  3797                      11.5043934   10.40155  9.59%  1022  198s
H 8005  3607                      11.5040331   10.40155  9.58%  1022  199s
H 8006  3427                      11.5035950   10.40164  9.58%  1022  199s
H 8007  3255                      11.2775598   10.40167  7.77%  1022  200s
H 8007  3092                      11.2745598   10.40167  7.74%  1022  200s
H 8007  2937                      11.2013470   10.40167  7.14%  1022  200s
H 8007  2789                      11.1899970   10.40167  7.04%  1022  200s
H 8007  2650                      11.1894442   10.40167  7.04%  1022  200s
H 8007  2517                      11.1894354   10.40167  7.04%  1022  200s
  8013  2521   10.74429   63 1220   11.18944   10.40171  7.04%  1021  213s
  8014  2522   10.65383   81 1220   11.18944   10.40171  7.04%  1021  221s
H 8014  2397                      11.1828995   10.40171  6.99%  1039  373s
  8015  2399   10.77693   13 3051   11.18290   10.40171  6.99%  1043  414s
  8017  2402   10.90405   14 2032   11.18290   10.40438  6.96%  1049  450s
  8021  2405     cutoff   15        11.18290   10.44384  6.61%  1071  469s
  8029  2410   10.46614   16 2411   11.18290   10.45721  6.49%  1088  482s
H 8041  2294                      11.1609922   10.46614  6.23%  1113  491s
H 8043  2178                      11.1562167   10.47235  6.13%  1118  491s
H 8044  2070                      11.1306432   10.47235  5.91%  1118  491s
  8061  2078   10.47519   18 2453   11.13064   10.47235  5.91%  1147  501s
  8088  2119   10.53004   19 2192   11.13064   10.48000  5.85%  1188  513s
H 8089  2016                      11.1116724   10.48000  5.68%  1188  513s
H 8120  1908                      11.1091988   10.48000  5.66%  1212  513s
  8166  1986   10.54855   20 2170   11.10920   10.48000  5.66%  1250  524s
  8278  2058   10.70103   22 2024   11.10920   10.48000  5.66%  1286  532s
H 8382  1929                      11.0795123   10.48000  5.41%  1317  532s
  8397  2029   10.71280   24 1994   11.07951   10.48000  5.41%  1317  540s
  8506  2093   10.70142   23 2032   11.07951   10.48000  5.41%  1346  548s
H 8516  2002                      11.0739883   10.48000  5.36%  1344  548s
H 8534  1912                      11.0668739   10.48000  5.30%  1348  548s
H 8580  1816                      11.0650038   10.48000  5.29%  1356  548s
H 8588  1738                      11.0551217   10.48000  5.20%  1358  548s
  8620  1823   10.69862   26 2040   11.05512   10.48000  5.20%  1358  562s
H 8732  1822                      11.0530893   10.48000  5.18%  1396  573s
H 8735  1753                      11.0473713   10.48000  5.14%  1395  573s
H 8743  1685                      11.0462225   10.48000  5.13%  1397  573s
H 8748  1621                      11.0324773   10.48000  5.01%  1397  573s
H 8748  1562                      11.0298087   10.48000  4.98%  1397  573s
H 8753  1506                      11.0241971   10.48000  4.94%  1396  573s
H 8797  1438                      11.0191675   10.48000  4.89%  1406  573s
H 8827  1377                      11.0074548   10.48000  4.79%  1411  573s
  8848  1516   10.71940   28 1975   11.00745   10.48000  4.79%  1411  579s
H 9008  1556                      11.0009280   10.48000  4.74%  1408  584s
H 9018  1506                      10.9984738   10.48000  4.71%  1407  584s
H 9026  1461                      10.9934568   10.48000  4.67%  1408  584s
H 9030  1418                      10.9833226   10.48000  4.58%  1408  584s
H 9051  1372                      10.9783702   10.48000  4.54%  1407  584s
H 9082  1325                      10.9744780   10.48000  4.51%  1410  584s
H 9096  1285                      10.9731029   10.48000  4.49%  1408  584s
H 9117  1245                      10.9719091   10.48000  4.48%  1407  584s
H 9152  1202                      10.9402955   10.48000  4.21%  1405  584s
H 9162  1340                      10.9392955   10.48000  4.20%  1404  590s
H 9346  1456                      10.9341679   10.48000  4.15%  1405  596s
H 9356  1426                      10.9304165   10.48000  4.12%  1406  596s
H 9391  1388                      10.9245091   10.48000  4.07%  1406  596s
H 9456  1368                      10.9209904   10.48000  4.04%  1402  596s
H 9560  1577                      10.9199904   10.48000  4.03%  1396  603s
H 9777  1799                      10.9199904   10.48951  3.94%  1384  612s
H 9782  1799                      10.9187961   10.48951  3.93%  1389  612s
 10003  2019   10.74082   57 1827   10.91880   10.48951  3.93%  1375  620s
 10238  2207   10.74589   66 1765   10.91880   10.48951  3.93%  1371  627s
H10250  2205                      10.9135119   10.48951  3.89%  1370  627s
H10321  2203                      10.9118711   10.48951  3.87%  1372  627s
H10346  2203                      10.9116586   10.48951  3.87%  1373  627s
H10501  2495                      10.9106586   10.48951  3.86%  1365  635s
 10820  2818   10.75102   74 1689   10.91066   10.48951  3.86%  1348  643s
H10844  2818                      10.9089814   10.48951  3.85%  1346  643s
H10946  2816                      10.9017976   10.48951  3.78%  1349  643s
 11151  3084   10.75139   78 1679   10.90180   10.48951  3.78%  1336  650s
H11281  3084                      10.9017249   10.48951  3.78%  1337  650s
 11841  3808   10.75477   95 1561   10.90172   10.48951  3.78%  1318  660s
H12140  3808                      10.9017211   10.48951  3.78%  1307  660s
H12164  3808                      10.9016881   10.48951  3.78%  1305  660s
 12223  4154   10.75483   96 1289   10.90169   10.48951  3.78%  1306  666s
H12229  4149                      10.8993065   10.48951  3.76%  1305  666s
 12578  4565   10.75555   99 1276   10.89931   10.48951  3.76%  1298  671s
H12593  4551                      10.8961936   10.48951  3.73%  1297  671s
 13021  4985   10.75757  101 1294   10.89619   10.48951  3.73%  1283  678s
H13126  4978                      10.8952074   10.48951  3.72%  1277  678s
 13498  5358   10.75639  104 1581   10.89521   10.49769  3.65%  1264  688s
H13511  5352                      10.8950052   10.49769  3.65%  1264  688s
H13586  5335                      10.8930571   10.49769  3.63%  1264  688s
H13905  5730                      10.8920571   10.49769  3.62%  1256  695s
H14051  5729                      10.8920185   10.51132  3.50%  1252  695s
H14159  5728                      10.8919580   10.51132  3.49%  1251  695s
H14389  5757                      10.8909580   10.51132  3.49%  1242  700s
H14394  5757                      10.8909576   10.51132  3.49%  1242  700s
H14396  4811                      10.8503540   10.51132  3.12%  1242  700s
H14397  3311                      10.7955707   10.51132  2.63%  1242  700s
 14442  3554   10.75941  113 1281   10.79557   10.51169  2.63%  1246  709s
H14447  3554                      10.7955707   10.51169  2.63%  1246  709s
H14490  3554                      10.7955707   10.51169  2.63%  1249  709s
H14498  3553                      10.7955546   10.51169  2.63%  1250  709s
H14534  3436                      10.7902072   10.51169  2.58%  1248  709s
H14831  3416                      10.7891609   10.51169  2.57%  1245  709s
 14849  3840   10.75993  125 1545   10.78916   10.51169  2.57%  1245  718s
H14857  3840                      10.7891607   10.51169  2.57%  1244  718s
H15135  3840                      10.7891606   10.51169  2.57%  1245  718s
 15302  4342   10.76047  147 1519   10.78916   10.51169  2.57%  1239  726s
H15365  4332                      10.7888017   10.51169  2.57%  1238  726s
 15806  4775   10.76049  158 1502   10.78880   10.51169  2.57%  1228  731s
H15937  4774                      10.7887985   10.51169  2.57%  1228  731s
 16253  5294   10.76061  165 1486   10.78880   10.51169  2.57%  1223  741s
H16623  5270                      10.7876899   10.51169  2.56%  1220  741s
 16781  5812   10.76068  185 1396   10.78769   10.51169  2.56%  1219  746s
H17330  5812                      10.7876852   10.51169  2.56%  1211  746s
 17335  6376   10.76167  191 1397   10.78769   10.51169  2.56%  1211  756s
H17487  6376                      10.7876852   10.51169  2.56%  1207  756s
H17796  6374                      10.7875766   10.51169  2.56%  1206  756s
 17925  6823   10.76275  196 1206   10.78758   10.51169  2.56%  1207  762s
H18099  6823                      10.7875757   10.51169  2.56%  1205  762s
H18376  6821                      10.7874593   10.51169  2.56%  1204  762s
 18405  7491   10.76375  202 1193   10.78746   10.51169  2.56%  1204  770s
H18478  7491                      10.7874590   10.51169  2.56%  1207  770s
 19111  7961   10.76394  217 1224   10.78746   10.51169  2.56%  1200  775s
 19661  8030   10.76393  216 1241   10.78746   10.51545  2.52%  1206  782s
H19672  7785                      10.7817015   10.51545  2.47%  1209  782s
H19752  7661                      10.7795482   10.51545  2.45%  1215  782s
 19759  8012   10.76374  223 1181   10.77955   10.51545  2.45%  1215  792s
 20251  8702   10.76524  241 1185   10.77955   10.51682  2.44%  1225  801s
H20959  9048                      10.7741664   10.51682  2.39%  1213  807s
H21490  9042                      10.7740709   10.51682  2.39%  1203  807s
 21612  9797   10.76735  274 1159   10.77407   10.51682  2.39%  1198  813s
 22395 10837   10.76862  320 1108   10.77407   10.51909  2.37%  1189  820s
 23470 11623   10.76963  366 1096   10.77407   10.51909  2.37%  1168  826s
H23473 11623                      10.7740708   10.51909  2.37%  1168  826s
H23586 11619                      10.7739736   10.51909  2.37%  1168  826s
H23667 11614                      10.7739379   10.51909  2.37%  1171  826s
H23947 11612                      10.7738950   10.51909  2.37%  1167  826s
 24272 12212     cutoff  365        10.77389   10.51909  2.37%  1157  833s
 24954 12430     cutoff  365        10.77389   10.51909  2.37%  1166  840s
H24966 12426                      10.7737620   10.51909  2.36%  1169  840s
H25014 12422                      10.7737156   10.51909  2.36%  1171  840s
 25206 13245   10.64678   38 2084   10.77372   10.51909  2.36%  1166  850s
H25245 13245                      10.7737156   10.51909  2.36%  1166  850s
 26130 14048   10.69865   71 2075   10.77372   10.51909  2.36%  1165  860s
 27039 14897   10.72105  109 1982   10.77372   10.51909  2.36%  1163  869s
 27954 16115   10.72987  129 1895   10.77372   10.51909  2.36%  1157  879s
 29238 17790   10.77193  193 1733   10.77372   10.52023  2.35%  1138  888s
 30989 18718   10.77248  199 1708   10.77372   10.52023  2.35%  1113  895s
 31991 19675     cutoff  202        10.77372   10.52023  2.35%  1104  907s
 33055 20836   10.61393   26 2335   10.77372   10.52023  2.35%  1097  915s
 34315 21793   10.61416   27 2281   10.77372   10.52680  2.29%  1082  924s
 35359 23070   10.61755   30 2104   10.77372   10.52680  2.29%  1074  933s
 36702 24382   10.68144   73 1983   10.77372   10.52680  2.29%  1058  941s
 38122 25526   10.71130  109 1790   10.77372   10.52680  2.29%  1043  950s
 39387 25827   10.72971  148 1669   10.77372   10.53405  2.22%  1036  960s
 39751 26613   10.73085  152 1647   10.77372   10.53405  2.22%  1046  968s
 40630 27668   10.74830  195 1608   10.77372   10.53648  2.20%  1051  979s
 41814 28306   10.77265  213 1583   10.77372   10.53648  2.20%  1053  988s
 42646 28954   10.69150   33 2056   10.77372   10.53648  2.20%  1065  999s
 43496 29779   10.69411   36 2030   10.77372   10.53785  2.19%  1077 1010s
 44455 30788   10.70575   52 2054   10.77372   10.53891  2.18%  1088 1022s
 45559 31925   10.71692   68 2150   10.77372   10.53891  2.18%  1097 1037s
 46817 32868   10.76813  146 2001   10.77372   10.53891  2.18%  1101 1049s
 47842 33698     cutoff  165        10.77372   10.54062  2.16%  1107 1061s
 48722 36100   10.69556   44 1977   10.77372   10.54401  2.13%  1106 1075s
 51227 38576   10.72996  102 1920   10.77372   10.54401  2.13%  1087 1090s
 53910 41293     cutoff  184        10.77372   10.54826  2.09%  1068 1104s
 56795 43325   10.68842   49 2153   10.77372   10.54826  2.09%  1045 1116s
H58944 43198                      10.7727235   10.54826  2.08%  1029 1415s
H58944 43198                      10.7727234   10.54826  2.08%  1029 1416s
H58944 43198                      10.7727234   10.54826  2.08%  1029 1417s
H58944 43198                      10.7727216   10.54826  2.08%  1029 1417s
H58944 43155                      10.7724864   10.54826  2.08%  1029 1421s
H58944 43155                      10.7724864   10.54826  2.08%  1029 1421s
 58945 43148   10.76037  870    0   10.77249   10.54826  2.08%  1029 1491s
 58947 43149   10.75803  560  776   10.77249   10.54826  2.08%  1029 1501s
 58948 43150   10.69593   73 1078   10.77249   10.54826  2.08%  1029 1508s
 58949 43151   10.76408  121 1207   10.77249   10.54826  2.08%  1029 1512s
 58950 43151   10.72510  164 1137   10.77249   10.54826  2.08%  1029 1532s
 58951 43152   10.72699  115 1223   10.77249   10.54826  2.08%  1029 1542s
 58952 43153   10.72149  104 1257   10.77249   10.54826  2.08%  1029 1564s
 58953 43153   10.74387  616 1204   10.77249   10.54826  2.08%  1029 1578s
 58954 43154   10.76476 1061 1302   10.77249   10.54826  2.08%  1029 1597s
 58955 43155   10.75649  164 1287   10.77249   10.54826  2.08%  1029 1608s
 58956 43155   10.72251   86 1325   10.77249   10.54826  2.08%  1029 1634s
 58957 43156   10.76581  342 1352   10.77249   10.54826  2.08%  1029 1646s
 58958 43157   10.76015  492 1353   10.77249   10.54826  2.08%  1029 1656s
 58959 43157   10.66844   43 1389   10.77249   10.54826  2.08%  1029 1666s
 58960 43158   10.75984  420 1383   10.77249   10.54826  2.08%  1029 1685s
 58961 43159   10.71928  102 1395   10.77249   10.54826  2.08%  1029 1697s
H58961 41000                      10.7714985   10.54826  2.07%  1029 1706s
 58963 41001   10.75083  171 1410   10.77150   10.54826  2.07%  1029 1716s
 58964 41002   10.75597  790 1374   10.77150   10.54826  2.07%  1029 1726s
 58965 41002   10.75169  276 1431   10.77150   10.54826  2.07%  1029 1736s
 58966 41003   10.71995  118 1372   10.77150   10.54826  2.07%  1029 1749s
 58967 41004   10.70503   51 1401   10.77150   10.55698  1.99%  1029 1759s
 58968 41004   10.68537   62 1363   10.77150   10.55698  1.99%  1029 1769s
H58968 38954                      10.7711060   10.56650  1.90%  1029 1778s
H58968 37006                      10.7711060   10.56650  1.90%  1029 1778s
H58969 35156                      10.7711060   10.57263  1.84%  1029 1788s
H58970 33399                      10.7709445   10.57404  1.83%  1029 1799s
H58970 31728                      10.7707718   10.57404  1.83%  1029 1799s
H58970 30141                      10.7707595   10.57404  1.83%  1029 1799s
H58970 28634                      10.7707595   10.57404  1.83%  1029 1799s
H58970 27202                      10.7707595   10.57404  1.83%  1029 1799s
 58972 27203   10.76175  998 1409   10.77076   10.57659  1.80%  1029 1810s
 58973 27204   10.76353 1020 1421   10.77076   10.57788  1.79%  1029 1820s
 58974 27204   10.74598  278 1413   10.77076   10.57788  1.79%  1029 1830s
 58975 27205   10.73189   94 1424   10.77076   10.58239  1.75%  1029 1839s
 58976 27206   10.74475  349 1414   10.77076   10.58830  1.69%  1029 1848s
 58977 27206   10.75906  957 1426   10.77076   10.58870  1.69%  1029 1860s
 58978 27207   10.76871  112 1385   10.77076   10.58870  1.69%  1029 1869s
 58979 27208   10.71938  120 1386   10.77076   10.59230  1.66%  1029 1880s
 58980 27208   10.72544   62 1373   10.77076   10.59352  1.65%  1029 1898s
 58981 27209   10.75947  959 1397   10.77076   10.59541  1.63%  1029 1909s
H58981 25848                      10.7707594   10.59813  1.60%  1029 1918s
 58983 25849   10.73799  198 1404   10.77076   10.59815  1.60%  1029 1930s
 58984 25850   10.71495   61 1388   10.77076   10.59815  1.60%  1029 1945s
 58985 25851   10.75655  232 1388   10.77076   10.59815  1.60%  1029 1967s
 58986 25854   10.72825   26 3624   10.77076   10.59815  1.60%  1032 2196s
 58988 25854     cutoff   27        10.77076   10.59815  1.60%  1032 2231s
 58992 25854   10.59815   28 3313   10.77076   10.59815  1.60%  1033 2251s
 58996 25859   10.59815   29 2484   10.77076   10.59815  1.60%  1034 2259s
 59002 25866   10.59815   30 2469   10.77076   10.59815  1.60%  1035 2271s
 59014 25879   10.59815   31 2378   10.77076   10.59815  1.60%  1037 2288s
 59035 25899   10.60804   32 2454   10.77076   10.59815  1.60%  1042 2304s
H59066 24672                      10.7707594   10.59815  1.60%  1049 2320s
H59073 23441                      10.7707594   10.59815  1.60%  1050 2320s
 59161 23486   10.61818   34 2448   10.77076   10.59815  1.60%  1063 2336s
 59247 23500   10.62843   35 2430   10.77076   10.59815  1.60%  1073 2350s
 59313 23567   10.62945   36 2225   10.77076   10.59815  1.60%  1086 2363s
 59416 23631   10.63154   36 2244   10.77076   10.59815  1.60%  1096 2372s
 59527 23678   10.63192   37 2194   10.77076   10.59815  1.60%  1102 2383s
 59626 23725   10.63410   38 2164   10.77076   10.59815  1.60%  1109 2393s
 59727 23787   10.63804   40 2173   10.77076   10.59815  1.60%  1115 2408s
 59841 23853   10.64032   41 2239   10.77076   10.59815  1.60%  1118 2416s
 59963 23915   10.64521   43 2271   10.77076   10.59815  1.60%  1124 2421s
 60085 23939   10.64767   45 2243   10.77076   10.59815  1.60%  1128 2425s
H60088 22771                      10.7707029   10.59815  1.60%  1128 2425s
H60090 21661                      10.7706057   10.59815  1.60%  1128 2425s
H60161 20710                      10.7696057   10.59815  1.59%  1130 2430s
 60299 20811   10.65355   49 2178   10.76961   10.59815  1.59%  1134 2439s
H60354 19791                      10.7695412   10.59815  1.59%  1134 2439s
 60463 19887   10.65715   51 2209   10.76954   10.59815  1.59%  1136 2446s
 60601 20015   10.65965   53 2259   10.76954   10.59815  1.59%  1141 2454s
 60780 20137   10.66312   55 2243   10.76954   10.59815  1.59%  1144 2461s
 60963 20235   10.66787   59 2208   10.76954   10.59815  1.59%  1147 2467s
 61125 20332   10.67138   64 2212   10.76954   10.59815  1.59%  1152 2476s
 61304 20464     cutoff   69        10.76954   10.59815  1.59%  1158 2483s
H61329 19496                      10.7684767   10.59815  1.58%  1158 2483s
 61519 19640   10.67849   73 2158   10.76848   10.59815  1.58%  1161 2499s
 61755 19770   10.67987   75 2142   10.76848   10.59815  1.58%  1166 2504s
 61977 19944   10.68293   81 2044   10.76848   10.59815  1.58%  1169 2512s
 62230 20059   10.68967   86 2078   10.76848   10.59815  1.58%  1175 2520s
 62441 20154   10.68871   87 2041   10.76848   10.59815  1.58%  1181 2526s
H62572 19207                      10.7684766   10.59815  1.58%  1185 2526s
 62613 19421   10.69146   89 2026   10.76848   10.59815  1.58%  1186 2537s
H62670 18544                      10.7684724   10.59815  1.58%  1188 2537s
 62867 18743   10.69681   96 2060   10.76847   10.59815  1.58%  1192 2548s
H62939 17904                      10.7684723   10.59815  1.58%  1194 2548s
H62999 17110                      10.7684723   10.59815  1.58%  1195 2548s
 63174 17317   10.69800   99 2023   10.76847   10.59815  1.58%  1198 2562s
 63480 17453   10.70017  108 1996   10.76847   10.59815  1.58%  1203 2571s
H63619 16671                      10.7684723   10.59815  1.58%  1206 2571s
 63779 16973   10.70226  115 1873   10.76847   10.59815  1.58%  1209 2580s
H64165 16225                      10.7684723   10.60903  1.48%  1211 2586s
H64165 15561                      10.7684722   10.60903  1.48%  1211 2586s
H64167 14918                      10.7675549   10.60903  1.47%  1211 2586s
H64181 13327                      10.7442947   10.60903  1.26%  1211 2586s
 64244 13606   10.70487  122 1849   10.74429   10.60903  1.26%  1211 2594s
H64373 12939                      10.7429779   10.60903  1.25%  1210 2594s
 64668 13153   10.71032  136 1761   10.74298   10.60903  1.25%  1212 2607s
H65029 12954                      10.7428562   10.60903  1.25%  1217 2617s
H65296 12351                      10.7428484   10.60903  1.25%  1217 2617s
H65357 11843                      10.7428459   10.60903  1.25%  1218 2617s
H65483 11336                      10.7428315   10.60903  1.25%  1219 2617s
 65523 11806   10.72121  173 1685   10.74283   10.60903  1.25%  1220 2625s
H65797 11272                      10.7427815   10.60903  1.25%  1222 2625s
 66040 11830   10.72613  193 1628   10.74278   10.60903  1.25%  1225 2637s
 66715 12281   10.72973  216 1612   10.74278   10.60903  1.25%  1228 2647s
H66774 11842                      10.7427769   10.60903  1.25%  1228 2647s
 67444 12251   10.73552  240 1604   10.74278   10.60904  1.24%  1232 2658s
H67450 11850                      10.7427105   10.60904  1.24%  1232 2658s
H67857 11333                      10.7426522   10.60904  1.24%  1237 2658s
 68122 11849   10.73556  267 1616   10.74265   10.60904  1.24%  1238 2669s
H68176 11472                      10.7426522   10.60904  1.24%  1238 2669s
H68211 11119                      10.7426007   10.60904  1.24%  1241 2669s
H68242 10785                      10.7425883   10.60904  1.24%  1241 2669s
H68358 10438                      10.7425743   10.60904  1.24%  1242 2669s
 68790 10552   10.73759  288 1606   10.74257   10.60904  1.24%  1245 2682s
H68855 10237                      10.7425387   10.60904  1.24%  1246 2682s
H69089  9879                      10.7425228   10.61208  1.21%  1250 2682s
 69105 10406   10.73835  308 1598   10.74252   10.61208  1.21%  1251 2693s
H69125 10137                      10.7424888   10.61208  1.21%  1251 2694s
H69194  9863                      10.7424888   10.61208  1.21%  1254 2694s
H69732  9750                      10.7414604   10.61208  1.20%  1260 2706s
H69990  9417                      10.7412080   10.61208  1.20%  1260 2706s
 70108  9991     cutoff  323        10.74121   10.61208  1.20%  1261 2718s
H70211  9742                      10.7411998   10.61208  1.20%  1263 2718s
H70281  9401                      10.7402141   10.61208  1.19%  1262 2718s
H70491  9303                      10.7402035   10.61208  1.19%  1262 2718s
 70804 10094   10.63015   39 2283   10.74020   10.61208  1.19%  1268 2729s
H71127 10088                      10.7401889   10.61208  1.19%  1266 2729s
 71677 10930   10.67024   67 2121   10.74019   10.61416  1.17%  1273 2749s
H71773 10930                      10.7401843   10.61416  1.17%  1272 2749s
H71804 10928                      10.7401745   10.61416  1.17%  1273 2749s
 72582 11712   10.71424  131 1830   10.74017   10.61416  1.17%  1278 2760s
H72765 11711                      10.7401677   10.61416  1.17%  1279 2760s
H73461 12435                      10.7401677   10.61416  1.17%  1285 2776s
H73485 12251                      10.7389464   10.61416  1.16%  1287 2776s
H73506 12251                      10.7389463   10.61416  1.16%  1288 2776s
H73520 12243                      10.7388994   10.61416  1.16%  1289 2776s
 74256 13054     cutoff  194        10.73890   10.61416  1.16%  1296 2790s
H74268 13040                      10.7388507   10.61416  1.16%  1297 2790s
H74624 13036                      10.7388235   10.61416  1.16%  1299 2790s
H75243 13931                      10.7387945   10.61796  1.13%  1302 2803s
H75334 13931                      10.7387914   10.61796  1.13%  1302 2803s
H75583 13931                      10.7387896   10.61796  1.13%  1306 2803s
H75620 13931                      10.7387812   10.61796  1.13%  1306 2803s
H76061 13926                      10.7387590   10.61796  1.12%  1308 2803s
 76218 14978   10.70636   83 2027   10.73876   10.61796  1.12%  1308 2817s
H76236 14977                      10.7387426   10.61796  1.12%  1309 2817s
H76241 14972                      10.7387148   10.61796  1.12%  1310 2817s
H76756 14968                      10.7387096   10.61796  1.12%  1313 2817s
 77372 15715   10.72631  100 1890   10.73871   10.61950  1.11%  1313 2831s
H77384 15710                      10.7386958   10.61950  1.11%  1313 2831s
H78134 15710                      10.7386946   10.62062  1.10%  1322 2831s
 78244 16511   10.73779  119 1847   10.73869   10.62062  1.10%  1326 2844s
H78253 16511                      10.7386945   10.62062  1.10%  1327 2844s
H78263 16511                      10.7386937   10.62062  1.10%  1327 2844s
H78624 16511                      10.7386934   10.62062  1.10%  1330 2844s
H79114 16511                      10.7386931   10.62062  1.10%  1330 2844s
H79123 16511                      10.7386930   10.62062  1.10%  1330 2844s
 79181 17340     cutoff  121        10.73869   10.62062  1.10%  1334 2860s
H79221 17340                      10.7386930   10.62062  1.10%  1335 2860s
H79262 17340                      10.7386929   10.62062  1.10%  1336 2860s
H79346 17340                      10.7386922   10.62062  1.10%  1336 2860s
H79510 17340                      10.7386922   10.62062  1.10%  1339 2860s
H79950 17340                      10.7386921   10.62062  1.10%  1341 2860s
 80188 18049   10.62922   41 2198   10.73869   10.62105  1.10%  1343 2879s
H80263 18049                      10.7386920   10.62105  1.10%  1344 2879s
H80528 18049                      10.7386920   10.62105  1.10%  1346 2879s
H80537 18049                      10.7386920   10.62266  1.08%  1347 2879s
H81169 18049                      10.7386918   10.62288  1.08%  1353 2879s
 81178 18909   10.70408   82 2043   10.73869   10.62288  1.08%  1354 2893s
H81220 18908                      10.7386863   10.62288  1.08%  1355 2893s
H82197 19660                      10.7386858   10.62311  1.08%  1366 2919s
 83032 20402   10.73716  115 1729   10.73869   10.62330  1.07%  1385 2942s
H83481 20402                      10.7386858   10.62330  1.07%  1395 2942s
H83770 20402                      10.7386857   10.62330  1.07%  1398 2942s
 83947 21289   10.63698   43 2214   10.73869   10.62330  1.07%  1403 2958s
 85010 22098   10.70544   82 2049   10.73869   10.62330  1.07%  1417 2974s
H85088 20059                      10.7340284   10.62330  1.03%  1419 2974s
H85098 20013                      10.7339403   10.62330  1.03%  1420 2974s
H85988 19037                      10.7309403   10.62330  1.00%  1432 2994s
 87234 19221     cutoff  107        10.73094   10.62330  1.00%  1443 3010s
H87288 19221                      10.7309403   10.62330  1.00%  1445 3010s
H87298 19189                      10.7308817   10.62330  1.00%  1445 3010s
H87324 19099                      10.7307166   10.62330  1.00%  1446 3010s
H87372 19095                      10.7306952   10.62501  0.98%  1447 3010s
H87377 19064                      10.7306330   10.62501  0.98%  1448 3010s

Cutting planes:
  Learned: 118
  Gomory: 70
  Cover: 666
  Implied bound: 163
  Projected implied bound: 544
  MIR: 617
  StrongCG: 7
  Flow cover: 1308
  GUB cover: 27
  Zero half: 7
  Network: 9
  RLT: 1143
  Relax-and-lift: 240
  BQP: 5
  PSD: 1

Explored 87536 nodes (127016431 simplex iterations) in 3011.00 seconds (5947.31 work units)
Thread count was 32 (of 104 available processors)

Solution count 10: 10.7306 10.7306 10.7307 ... 10.7387

Optimal solution found (tolerance 9.90e-03)
Best objective 1.073063313946e+01, best bound 1.062511697496e+01, gap 0.9833%
m.flow_changes_penalty(): 700.0
Total operational cost: 106606.33
Maximum power (kW): 1240.74
Discharge energy capacity (kWh): 17914.48
Charge energy capacity (kWh): 13163.23
Levelized Cost of Flexibility ($/kWh): 0.67
{'fixed_demand_cost': 5553.292510772053, 'variable_demand_cost': 4877.88612389215, 'fixed_monthly_cost': 171938.17204301074, 'total_water_production': 282179.6712327707, 'total_energy_cost': 19403.05415777827, 'total_demand_cost': 10431.178634664204, 'total_customer_cost': 0.0, 'total_feed_cost': 51173.670096007474, 'total_brine_cost': 17123.646419717486, 'total_chemical_cost': 19494.78208647077, 'total_water_revenue': 0.0, 'total_demand_response_revenue': 11020.0, 'total_emissions_cost': 0.0, 'total_op_cost': 106606.33139463823, 'fixed_cost': 121551.98252688172, 'total_cost': 228158.31392151996, 'LCOW': 0.8085568776969465, 'degree_of_flex': 0.17964071856287425, 'total_replacement_cost': 1435.6271386734606, 'maximum_power': 1240.7430631340785, 'discharge_energy_capacity': 17914.482434871123, 'charge_energy_capacity': 13163.232180323157, 'discharge_power_capacity': 398.0996096638027, 'charge_power_capacity': 107.01814780750534, 'round_trip_efficiency': 0, 'LVOF': 0.6729773807598736}
Saved operation variable results to: /home/rchurchi/watertap_test/watertap/tutorials/flex_ro/wrd_result_summer_both_4_flexible_trains_DR.csv
Saved summary results to: /home/rchurchi/watertap_test/watertap/tutorials/flex_ro/wrd_pricetaker_summary_results_20260722_143436.csv
