2026-07-31 18:26:44 [INFO] idaes.core.surrogate.pysmo_surrogate: Decode surrogate. type=poly

===========================Polynomial Regression===============================================

The number of cross-validation cases (3) is used.
The default training/cross-validation split of 0.75 is used.
No iterations will be run.
Default parameter estimation method is used.
Parameter estimation method:  pyomo 

2026-07-31 18:26:44 [INFO] idaes.core.surrogate.pysmo_surrogate: Decode surrogate. type=poly

===========================Polynomial Regression===============================================

The number of cross-validation cases (3) is used.
The default training/cross-validation split of 0.75 is used.
No iterations will be run.
Default parameter estimation method is used.
Parameter estimation method:  pyomo 

2026-07-31 18:26:44 [INFO] idaes.core.surrogate.pysmo_surrogate: Decode surrogate. type=poly

===========================Polynomial Regression===============================================

The number of cross-validation cases (3) is used.
The default training/cross-validation split of 0.75 is used.
No iterations will be run.
Default parameter estimation method is used.
Parameter estimation method:  pyomo 

2026-07-31 18:26:44 [INFO] idaes.core.surrogate.pysmo_surrogate: Decode surrogate. type=poly

===========================Polynomial Regression===============================================

The number of cross-validation cases (3) is used.
The default training/cross-validation split of 0.75 is used.
No iterations will be run.
Default parameter estimation method is used.
Parameter estimation method:  pyomo 

2026-07-31 18:26:45 [INFO] idaes.apps.grid_integration.pricetaker.price_taker_model: Found minimum uptime/downtime data for pretreatment.uf_pumps[1] - Adding minimum uptime/downtime constraints.
2026-07-31 18:26:45 [INFO] idaes.apps.grid_integration.pricetaker.price_taker_model: Created startup/shutdown constraints for operation model  pretreatment.uf_pumps[1] at uf_pumps_1_startup_shutdown.
2026-07-31 18:26:45 [INFO] idaes.apps.grid_integration.pricetaker.price_taker_model: Found minimum uptime/downtime data for pretreatment.uf_pumps[2] - Adding minimum uptime/downtime constraints.
2026-07-31 18:26:45 [INFO] idaes.apps.grid_integration.pricetaker.price_taker_model: Created startup/shutdown constraints for operation model  pretreatment.uf_pumps[2] at uf_pumps_2_startup_shutdown.
2026-07-31 18:26:45 [INFO] idaes.apps.grid_integration.pricetaker.price_taker_model: Found minimum uptime/downtime data for pretreatment.uf_pumps[3] - Adding minimum uptime/downtime constraints.
2026-07-31 18:26:45 [INFO] idaes.apps.grid_integration.pricetaker.price_taker_model: Created startup/shutdown constraints for operation model  pretreatment.uf_pumps[3] at uf_pumps_3_startup_shutdown.
2026-07-31 18:26:45 [INFO] idaes.apps.grid_integration.pricetaker.price_taker_model: Found minimum uptime/downtime data for reverse_osmosis.ro_skid[1] - Adding minimum uptime/downtime constraints.
2026-07-31 18:26:45 [INFO] idaes.apps.grid_integration.pricetaker.price_taker_model: Created startup/shutdown constraints for operation model  reverse_osmosis.ro_skid[1] at ro_skid_1_startup_shutdown.
2026-07-31 18:26:45 [INFO] idaes.apps.grid_integration.pricetaker.price_taker_model: Found minimum uptime/downtime data for reverse_osmosis.ro_skid[2] - Adding minimum uptime/downtime constraints.
2026-07-31 18:26:45 [INFO] idaes.apps.grid_integration.pricetaker.price_taker_model: Created startup/shutdown constraints for operation model  reverse_osmosis.ro_skid[2] at ro_skid_2_startup_shutdown.
2026-07-31 18:26:45 [INFO] idaes.apps.grid_integration.pricetaker.price_taker_model: Found minimum uptime/downtime data for reverse_osmosis.ro_skid[3] - Adding minimum uptime/downtime constraints.
2026-07-31 18:26:45 [INFO] idaes.apps.grid_integration.pricetaker.price_taker_model: Created startup/shutdown constraints for operation model  reverse_osmosis.ro_skid[3] at ro_skid_3_startup_shutdown.
2026-07-31 18:26:45 [INFO] idaes.apps.grid_integration.pricetaker.price_taker_model: Found minimum uptime/downtime data for reverse_osmosis.ro_skid[4] - Adding minimum uptime/downtime constraints.
2026-07-31 18:26:45 [INFO] idaes.apps.grid_integration.pricetaker.price_taker_model: Created startup/shutdown constraints for operation model  reverse_osmosis.ro_skid[4] at ro_skid_4_startup_shutdown.
4364
Set parameter TokenServer to value "10.60.1.73"
Set parameter LogToConsole to value 1
Set parameter MIPGap to value 0.01
Gurobi Optimizer version 12.0.3 build v12.0.3rc0 (linux64 - "Red Hat Enterprise Linux 8.8 (Ootpa)")

CPU model: Intel(R) Xeon(R) Platinum 8470QL, instruction set [SSE2|AVX|AVX2|AVX512]
Thread count: 104 physical cores, 104 logical processors, using up to 32 threads

Non-default parameters:
MIPGap  0.01

Optimize a model with 17951 rows, 16467 columns and 49659 nonzeros
Model fingerprint: 0x966825a5
Model has 168 quadratic objective terms
Model has 2352 quadratic constraints
Variable types: 11259 continuous, 5208 integer (5208 binary)
Coefficient statistics:
  Matrix range     [5e-04, 2e+03]
  QMatrix range    [2e-07, 1e+00]
  QLMatrix range   [3e-04, 1e+00]
  Objective range  [1e-05, 1e-03]
  QObjective range [2e-04, 2e-04]
  Bounds range     [9e-01, 1e+03]
  RHS range        [5e-02, 3e+05]
  QRHS range       [3e-01, 3e-01]
Presolve removed 6904 rows and 7586 columns
Presolve time: 0.10s
Presolved: 20287 rows, 9386 columns, 53731 nonzeros
Presolved model has 336 SOS constraint(s)
Presolved model has 2352 bilinear constraint(s)

Solving non-convex MIQCP

Variable types: 5740 continuous, 3646 integer (3646 binary)
Found heuristic solution: objective 12.1004466

Root relaxation: unbounded, 0 iterations, 0.01 seconds (0.00 work units)

    Nodes    |    Current Node    |     Objective Bounds      |     Work
 Expl Unexpl |  Obj  Depth IntInf | Incumbent    BestBd   Gap | It/Node Time

     0     2  postponed    0        12.10045          -      -     -    3s
     3     8  postponed    2        12.10045          -      -  4215    6s
    31    64  postponed    5        12.10045          -      - 10141   11s
    95   196  postponed    7        12.10045          -      -  8739   18s
   195   392  postponed    9        12.10045          -      -  9190   25s
   391  1213  postponed   12        12.10045          -      -  9529   41s
  1360  1845 infeasible   24        12.10045          -      -  3716   65s
  3540  2585  postponed   36        12.10045          -      -  1700   89s
H 5230  2585                      12.1004464          -      -  1300   89s
  5851  4355 infeasible   46        12.10045          -      -  1200  110s
H 7493  4311                      12.0271085          -      -  1065  110s
  8588  6770 infeasible   57        12.02711          -      -   994  126s
 11492  9312 infeasible   67        12.02711          -      -   875  141s
 14296  9314    8.02857  121 2151   12.02711    8.02857  33.2%   808  172s
 14297  9315   11.61085  277 2258   12.02711    9.31986  22.5%   808  180s
 14298  9316    9.61280   22 2484   12.02711    9.61280  20.1%   808  186s
 14299  9316   10.60060  212 2657   12.02711    9.88599  17.8%   807  194s
H14299  8850                      11.9726358    9.91987  17.1%   807  198s
H14299  8407                      11.9662631    9.91987  17.1%   807  198s
 14301  8409   10.04537   21 2851   11.96626   10.04537  16.1%   807  209s
 14302  8409   11.82190  477 2902   11.96626   10.05909  15.9%   807  216s
 14303  8410   10.10296   75 2857   11.96626   10.10296  15.6%   807  227s
 14304  8411   10.10669  108 2935   11.96626   10.10669  15.5%   807  233s
 14305  8411   11.01592  287 2805   11.96626   10.11237  15.5%   807  240s
 14307  8413   10.70610  255 2906   11.96626   10.11806  15.4%   807  250s
H14307  7992                      11.9517656   10.11859  15.3%   807  255s
H14307  7592                      11.9507904   10.11859  15.3%   807  255s
H14307  7212                      11.9497656   10.11859  15.3%   807  255s
H14307  6852                      11.9487656   10.11859  15.3%   807  255s
 14309  6853   10.12057  146 2836   11.94877   10.12057  15.3%   807  263s
 14310  6854   10.23943  163 2905   11.94877   10.12107  15.3%   807  266s
 14312  6855   11.45726  620 2903   11.94877   10.12266  15.3%   807  271s
 14314  6856   10.12445   66 2929   11.94877   10.12445  15.3%   807  276s
 14317  6858   10.12460   20 2925   11.94877   10.12460  15.3%   806  281s
 14318  6859   10.12460  150 2924   11.94877   10.12460  15.3%   806  313s
 14319  6860   10.12460   95 2924   11.94877   10.12460  15.3%   806  328s
H14319  6518                      11.9467650   10.12460  15.3%   825  534s
 14320  6519   10.13682   11 4911   11.94677   10.12460  15.3%   825  600s
 14322  6523   10.15671   12 4888   11.94677   10.14405  15.1%   828  655s
 14326  6529   10.30684   13 4726   11.94677   10.14564  15.1%   831  700s
 14334  6543   10.36393   14 4596   11.94677   10.14852  15.1%   839  728s
 14350  6569   10.38565   15 4547   11.94677   10.15161  15.0%   847  768s
H14356  6241                      11.7778704   10.15161  13.8%   854  768s
H14373  5926                      11.7655368   10.15919  13.7%   868  768s
 14382  5955   10.51258   16 4571   11.76554   10.15919  13.7%   878  811s
 14414  6018   10.75654   17 4638   11.76554   10.15919  13.7%   921  855s
H14419  5722                      11.7614194   10.15919  13.6%   925  855s
H14424  5441                      11.7544618   10.15919  13.6%   929  855s
H14465  5161                      11.7537446   10.15919  13.6%   963  855s
H14488  4990                      11.7377446   10.15919  13.4%   982  894s
 14577  5036   10.93559   19 2370   11.73774   10.15919  13.4%  1038  926s
 14658  5078   10.80866   21 4566   11.73774   10.15919  13.4%  1103  951s
 14735  5130   10.81264   22 4550   11.73774   10.17005  13.4%  1139  976s
H14748  4886                      11.5899563   10.17005  12.3%  1144  976s
 14813  4940   11.00331   23 3603   11.58996   10.17005  12.3%  1166 1000s
 14891  4984   10.92174   25 4592   11.58996   10.17005  12.3%  1198 1021s
 14967  5016   10.98176   25 4465   11.58996   10.17005  12.3%  1238 1042s
 15027  5056   10.97162   26 4547   11.58996   10.17005  12.3%  1268 1064s
 15095  5088   10.95801   28 4479   11.58996   10.17005  12.3%  1288 1092s
 15152  5146   10.96169   29 4387   11.58996   10.17005  12.3%  1319 1113s
 15230  5178   10.96259   30 4340   11.58996   10.17005  12.3%  1359 1139s
 15307  5224   10.99418   33 4239   11.58996   10.17005  12.3%  1398 1167s
H15327  4990                      11.5539811   10.17005  12.0%  1407 1167s
 15395  5020   11.10929   31 4125   11.55398   10.17005  12.0%  1446 1195s
H15484  4840                      11.5509811   10.17005  12.0%  1492 1218s
 15564  4888   11.13545   33 3449   11.55098   10.17005  12.0%  1531 1255s
 15658  4946   11.48484   34 2075   11.55098   10.17005  12.0%  1590 1285s
 15762  5013   11.17946   36 3566   11.55098   10.17005  12.0%  1645 1314s
 15878  5106   11.18669   37 3571   11.55098   10.17005  12.0%  1732 1345s
 16047  5151   11.30355   41 3932   11.55098   10.17005  12.0%  1801 1371s
H16190  5000                      11.5509811   10.17005  12.0%  1872 1399s
 16323  5062   11.37154   44 2521   11.55098   10.17005  12.0%  1975 1427s
 16474  5118     cutoff   47        11.55098   10.17005  12.0%  2049 1460s
H16564  4893                      11.5509811   10.17005  12.0%  2070 1460s
 16629  5009     cutoff   50        11.55098   10.17005  12.0%  2109 1490s
 16797  5093     cutoff   52        11.55098   10.20359  11.7%  2170 1520s
 16973  5176   11.44354   57 3538   11.55098   10.20359  11.7%  2242 1555s
 17148  5273     cutoff   59        11.55098   10.20359  11.7%  2323 1591s
 17350  5363   11.44380   63 3390   11.55098   10.20359  11.7%  2398 1624s
 17563  5457   11.44539   67 3411   11.55098   10.21748  11.5%  2484 1659s
H17568  5207                      11.5278486   10.21748  11.4%  2486 1659s
 17768  5297     cutoff   69        11.52785   10.21748  11.4%  2563 1694s
H17769  5121                      11.5268486   10.21748  11.4%  2563 1694s
 17977  5284   11.45181   73 3254   11.52685   10.22808  11.3%  2631 1733s
 18250  5468     cutoff   76        11.52685   10.22808  11.3%  2711 1772s
 18592  5646   11.45666   83 3082   11.52685   10.22808  11.3%  2775 1810s
 18983  5865     cutoff   86        11.52685   10.23668  11.2%  2849 1848s
H19159  5638                      11.5268486   10.23668  11.2%  2858 1848s
 19385  5941   11.52138   91  997   11.52685   10.24736  11.1%  2885 1884s
H19413  3725                      11.3388115   10.24736  9.63%  2894 1884s
H19500  3274                      11.0813658   10.24736  7.53%  2892 1884s
H19602  3097                      10.8746700   10.24736  5.77%  2888 1884s
 19826  2631     cutoff   94        10.87467   10.24736  5.77%  2916 1924s
H19831  2492                      10.8726700   10.24736  5.75%  2915 1924s
 20042  2493   10.51086   19 4690   10.87267   10.24736  5.75%  2958 1965s
 20174  2433   10.69758   23 4546   10.87267   10.24736  5.75%  3034 2007s
 20344  2320     cutoff   25        10.87267   10.24736  5.75%  3104 2055s
H20376  2181                      10.8708511   10.24736  5.74%  3127 2055s
 20483  2161     cutoff   30        10.87085   10.25791  5.64%  3186 2100s
 20615  2126     cutoff   30        10.87085   10.26044  5.62%  3264 2146s
H20619  2002                      10.8708511   10.26044  5.62%  3266 2146s
H20623  1883                      10.8708511   10.26044  5.62%  3271 2146s
H20633  1771                      10.8708035   10.26172  5.60%  3276 2146s
H20680  1771                      10.8707163   10.26172  5.60%  3311 2146s
H20693  1771                      10.8707163   10.27014  5.52%  3319 2146s
H20703  1771                      10.8707162   10.27014  5.52%  3325 2146s
 20731  1804   10.44159   22 4635   10.87072   10.27014  5.52%  3344 2192s
 20852  1794   10.63286   27 4266   10.87072   10.27014  5.52%  3435 2244s
H20869  1794                      10.8705029   10.27014  5.52%  3455 2244s
H20903  1794                      10.8699152   10.27014  5.52%  3487 2244s
 20975  1778   10.64231   31 4190   10.86992   10.27014  5.52%  3550 2300s
 21105  1809   10.71836   33 4273   10.86992   10.27014  5.52%  3656 2351s
H21112  1809                      10.8699152   10.27014  5.52%  3658 2351s
H21150  1809                      10.8699146   10.28378  5.39%  3683 2351s
H21151  1809                      10.8680505   10.28378  5.38%  3684 2351s
H21185  1809                      10.8679152   10.28378  5.37%  3708 2351s
H21197  1809                      10.8671122   10.28378  5.37%  3712 2351s
 21278  1807     cutoff   40        10.86711   10.28378  5.37%  3751 2405s
 21431  1790   10.55670   31 4357   10.86711   10.28378  5.37%  3869 2467s
H21445  1790                      10.8671122   10.28378  5.37%  3886 2467s
H21447  1790                      10.8653075   10.28378  5.35%  3890 2467s
H21479  1790                      10.8632459   10.28378  5.33%  3914 2467s
 21577  1792   10.82543   34 4205   10.86325   10.28378  5.33%  3990 2529s
 21746  1881     cutoff   37        10.86325   10.30166  5.17%  4124 2588s
H21749  1881                      10.8632459   10.30166  5.17%  4124 2588s
H21787  1881                      10.8632459   10.30166  5.17%  4137 2588s
H21818  1881                      10.8632448   10.30166  5.17%  4149 2588s
 21929  1977   10.38136   30 4514   10.86324   10.30166  5.17%  4229 2650s
 22094  2113   10.38597   32 4473   10.86324   10.31090  5.08%  4356 2713s
 22286  2244   10.58936   35 4318   10.86324   10.32250  4.98%  4489 2781s
 22475  2423   10.64446   39 4242   10.86324   10.32607  4.94%  4631 2848s
H22497  2423                      10.8632448   10.32607  4.94%  4635 2848s
H22545  2423                      10.8632448   10.32607  4.94%  4668 2848s
H22657  2423                      10.8632448   10.32914  4.92%  4742 2848s
H22663  2423                      10.8632427   10.32914  4.92%  4747 2848s
 22718  2589   10.65086   48 4054   10.86324   10.32914  4.92%  4781 2921s
 22954  2754   10.67171   58 4012   10.86324   10.32914  4.92%  4945 2993s
 23211  2932   10.67344   59 3928   10.86324   10.32914  4.92%  5129 3069s
H23496  3180                      10.8622789   10.32914  4.91%  5320 3147s
 23822  3415   10.74451   81 3504   10.86228   10.32914  4.91%  5519 3225s
H24154  3611                      10.8622789   10.33478  4.86%  5703 3309s
H24456  3611                      10.8622789   10.33478  4.86%  5875 3309s
 24483  3932   10.85031  101 2510   10.86228   10.33478  4.86%  5896 3393s
H24903  3932                      10.8622789   10.33478  4.86%  6060 3393s
 24905  4047     cutoff   55        10.86228   10.33478  4.86%  6062 3482s
H24911  4047                      10.8622789   10.33478  4.86%  6067 3482s
H24912  4047                      10.8622779   10.33478  4.86%  6067 3482s
 25089  4396   10.47764   43 4121   10.86228   10.33478  4.86%  6136 3571s
 25521  4760   10.51516   51 4341   10.86228   10.35560  4.66%  6299 3662s
H26005  5128                      10.8622779   10.35942  4.63%  6459 3763s
H26035  4995                      10.8455658   10.35942  4.48%  6473 3763s
H26527  5216                      10.8385658   10.36814  4.34%  6629 3860s
 27019  5488     cutoff   71        10.83857   10.36814  4.34%  6793 3964s
 27462  5786   10.53889   45 4372   10.83857   10.36955  4.33%  6998 4067s
 27899  6102   10.57705   57 4151   10.83857   10.36955  4.33%  7191 4183s
H27917  6102                      10.8385657   10.36955  4.33%  7196 4183s
H27973  6102                      10.8385359   10.36955  4.33%  7216 4183s
H28068  6102                      10.8385334   10.36955  4.33%  7265 4183s
H28100  6100                      10.8384963   10.37963  4.23%  7279 4183s
H28199  6100                      10.8384836   10.37963  4.23%  7336 4183s
 28310  6490   10.61220   75 3948   10.83848   10.37963  4.23%  7393 4301s
 28881  6940   10.69584   96 3317   10.83848   10.37963  4.23%  7583 4433s
H29454  6940                      10.8384836   10.39523  4.09%  7801 4433s
 29463  7522   10.79613  122 2008   10.83848   10.39523  4.09%  7810 4573s
 30234  7818     cutoff   29        10.83848   10.39802  4.06%  8010 4704s
H30521  7818                      10.8384834   10.40826  3.97%  8095 4704s
 30724  8257   10.76838   37 4283   10.83848   10.40826  3.97%  8101 4858s
 31386  8852   10.81806   78 3058   10.83848   10.41112  3.94%  8332 5012s
 32207  9458   10.67179   20 4745   10.83848   10.41146  3.94%  8525 5173s
H32495  9458                      10.8384828   10.41146  3.94%  8603 5173s
 33106  9918   10.70579   37 4494   10.83848   10.41146  3.94%  8692 5345s
 33896 10398   10.82727   51 3969   10.83848   10.41977  3.86%  8882 5519s
H34215 10391                      10.8382391   10.42117  3.85%  8910 5519s
H34485 10388                      10.8379558   10.42117  3.85%  8965 5519s
 34628 11126   10.72536   42 4215   10.83796   10.42117  3.85%  9002 5693s
 35639 11575   10.79200   56 3859   10.83796   10.42506  3.81%  9131 5869s
H35655 11575                      10.8379557   10.42506  3.81%  9140 5869s
H35782 11575                      10.8379546   10.42506  3.81%  9168 5869s
 36391 11868   10.83243   52 3177   10.83795   10.42660  3.80%  9354 6046s
H36654 11868                      10.8379536   10.42660  3.80%  9404 6046s
 36909 12356     cutoff   61        10.83795   10.42660  3.80%  9457 6246s
H37821 13031                      10.8379536   10.43094  3.76%  9660 6444s
H37940 13031                      10.8379536   10.43094  3.76%  9689 6444s
H38180 13031                      10.8379526   10.43864  3.68%  9730 6444s
H38234 13031                      10.8379525   10.43864  3.68%  9740 6444s
H38327 13031                      10.8378254   10.43864  3.68%  9751 6444s
H38352 13016                      10.8371143   10.43864  3.68%  9761 6444s
H38736 13015                      10.8371076   10.43959  3.67%  9827 6444s
 38775 13580     cutoff   77        10.83711   10.43959  3.67%  9846 6659s
 39622 14215   10.53201   42 4428   10.83711   10.43989  3.67% 10099 6880s
 40508 14995   10.61990   68 3927   10.83711   10.44708  3.60% 10367 7111s
H40717 14990                      10.8368256   10.44765  3.59% 10431 7111s
 41520 16013   10.72815   98 2727   10.83683   10.45030  3.57% 10626 7347s
H41715 16013                      10.8368255   10.45030  3.57% 10647 7347s
 42841 16925   10.82179   33 4310   10.83683   10.45030  3.57% 10818 7593s
H42848 16925                      10.8368255   10.45030  3.57% 10819 7594s
H42935 16925                      10.8368255   10.45030  3.57% 10840 7594s
H43674 16925                      10.8368254   10.45030  3.57% 10980 7594s
 44071 18063   10.67383   31 4372   10.83683   10.45030  3.57% 10987 7850s
 45497 19122   10.72737   50 4067   10.83683   10.45907  3.49% 11136 8106s
 46932 19797   10.58018   26 4394   10.83683   10.46104  3.47% 11304 8390s
 48137 20459   10.73249   57 3729   10.83683   10.46486  3.43% 11548 8669s
 49514 21196   10.72367   80 3574   10.83683   10.46905  3.39% 11733 8953s
 50693 21810 infeasible   78        10.83683   10.47236  3.36% 11980 9254s
 51713 22828   10.65763   37 4338   10.83683   10.47408  3.35% 12178 9577s
 53159 23751   10.79945   58 3773   10.83683   10.47513  3.34% 12405 9913s
 54736 24806   10.74595   62 4146   10.83683   10.47513  3.34% 12614 10271s
 56309 25815   10.69663   20 4448   10.83683   10.47513  3.34% 12858 10632s
 57926 26556   10.67189   81 3462   10.83683   10.48558  3.24% 13087 10999s
H57930 26556                      10.8368252   10.48558  3.24% 13088 10999s
H57937 26556                      10.8368158   10.48558  3.24% 13089 10999s
H58029 26556                      10.8368115   10.48558  3.24% 13092 10999s
H58479 26556                      10.8368100   10.48700  3.23% 13194 10999s
H59119 27901                      10.8368100   10.48716  3.23% 13303 11551s
H60478 27901                      10.8368100   10.48804  3.22% 13478 11551s
H61590 28935                      10.8368100   10.48873  3.21% 13616 12034s
H61807 28935                      10.8368100   10.48873  3.21% 13629 12034s
H61854 28935                      10.8368100   10.48873  3.21% 13638 12034s
H61899 28935                      10.8368100   10.48873  3.21% 13645 12034s
H62035 28935                      10.8368099   10.48873  3.21% 13662 12034s
H62379 28935                      10.8368095   10.48873  3.21% 13675 12034s
 63505 30525     cutoff   27        10.83681   10.49536  3.15% 13817 12536s
H63733 30525                      10.8368094   10.49536  3.15% 13850 12536s
H63913 30525                      10.8368091   10.49563  3.15% 13886 12536s
 66007 32181   10.65487   54 3888   10.83681   10.49909  3.12% 13999 13029s
 68722 33672   10.81716  378 1830   10.83681   10.50322  3.08% 14076 13503s
 71303 35295   10.77334   51 4170   10.83681   10.50699  3.04% 14176 13986s
H71890 35295                      10.8368090   10.50699  3.04% 14163 13986s
 73725 36591   10.82984   47 3917   10.83681   10.50970  3.02% 14294 14492s
 76165 37924   10.79594   45 3455   10.83681   10.51302  2.99% 14388 15008s
 78382 39231   10.80144   46 4035   10.83681   10.51708  2.95% 14509 15545s
 80850 41202     cutoff   30        10.83681   10.52136  2.91% 14712 16108s
 83799 42432   10.78246   45 4306   10.83681   10.52439  2.88% 14842 16678s
 86535 44243   10.67666   38 4416   10.83681   10.52828  2.85% 14968 17284s
 89283 45818     cutoff   55        10.83681   10.53200  2.81% 15129 17899s
H89293 45815                      10.8367452   10.53200  2.81% 15129 17899s
H91776 47774                      10.8367075   10.53551  2.78% 15273 18654s
H92363 47764                      10.8364574   10.53551  2.78% 15309 18654s
H92425 46706                      10.8327237   10.53551  2.74% 15323 18654s
H95077 48094                      10.8290772   10.53748  2.69% 15407 19411s
H96868 47958                      10.8285703   10.53748  2.69% 15308 19411s
H99042 51014                      10.8285699   10.54187  2.65% 15466 20095s
H100869 50959                      10.8283566   10.54187  2.65% 15447 20095s
H101627 50926                      10.8282376   10.54187  2.64% 15515 20095s
 103398 54390   10.71119   62 3926   10.82824   10.54649  2.60% 15456 20708s
H103889 54387                      10.8282295   10.54649  2.60% 15471 20708s
 108158 55668     cutoff   33        10.82823   10.54893  2.58% 15317 21255s
H108341 55668                      10.8282293   10.54893  2.58% 15329 21255s
H109828 55374                      10.8272583   10.54893  2.57% 15346 21255s
 110619 56096   10.72211   25 4443   10.82726   10.55060  2.56% 15391 21846s
H111480 56096                      10.8272582   10.55060  2.56% 15444 21846s
 112842 56909   10.75635   84 3472   10.82726   10.55555  2.51% 15530 22451s
H113957 56909                      10.8272582   10.55571  2.51% 15537 22451s
H114401 56909                      10.8272582   10.55749  2.49% 15564 22451s
H115280 56909                      10.8272582   10.55752  2.49% 15609 22451s
 115550 57812   10.73663   40 4349   10.82726   10.55959  2.47% 15633 23098s
 118112 59420   10.73500   54 4181   10.82726   10.56312  2.44% 15786 23793s
 121434 60526     cutoff   62        10.82726   10.56669  2.41% 15866 24459s
H122028 60526                      10.8272581   10.56733  2.40% 15903 24459s
 123822 62423     cutoff   68        10.82726   10.56915  2.38% 15995 25347s
 128005 64187   10.79944   54 3783   10.82726   10.57339  2.34% 16102 26102s
 131365 65389   10.73835   66 3728   10.82726   10.57664  2.31% 16212 26856s
H133807 65389                      10.8272574   10.57746  2.31% 16309 26856s
H134512 55895                      10.8074851   10.58018  2.10% 16334 27615s
H137169 57587                      10.8074851   10.58221  2.08% 16428 28380s
H137272 57368                      10.8069554   10.58221  2.08% 16432 28380s
H137473 57368                      10.8069554   10.58221  2.08% 16441 28380s
H138168 57176                      10.8065017   10.58224  2.08% 16454 28380s
H141292 57220                      10.8045017   10.58428  2.04% 16427 29118s
 144386 58158     cutoff   32        10.80450   10.58898  1.99% 16518 29863s
H145679 58158                      10.8045015   10.58971  1.99% 16584 29863s
H147223 59530                      10.8045014   10.59376  1.95% 16636 30614s
H148580 59529                      10.8045009   10.59376  1.95% 16648 30614s
 150532 63019     cutoff   35        10.80450   10.59840  1.91% 16724 31286s
 155902 64933   10.78932   51 3995   10.80450   10.59929  1.90% 16514 31696s
H156048 64933                      10.8045009   10.59929  1.90% 16521 31696s
H156193 64933                      10.8045008   10.60035  1.89% 16523 31696s
H156997 64933                      10.8045001   10.60035  1.89% 16471 31696s
 158879 65506   10.77818   56 3820   10.80450   10.60101  1.88% 16437 32123s
 160516 66218   10.77472   73 2862   10.80450   10.60366  1.86% 16509 32592s
 162461 66647   10.79504   50 3561   10.80450   10.60642  1.83% 16547 33167s
 163847 67330   10.67152   33 4487   10.80450   10.60817  1.82% 16613 33736s
 165905 68280   10.72673   26 4335   10.80450   10.61023  1.80% 16706 34349s
 168569 69024     cutoff   43        10.80450   10.61259  1.78% 16759 34978s
H170333 69024                      10.8044994   10.61334  1.77% 16816 34978s
 170966 70093   10.72639   57 4189   10.80450   10.61583  1.75% 16846 35647s
 173435 70702     cutoff   77        10.80450   10.61777  1.73% 16922 36366s
 176084 72340     cutoff   67        10.80450   10.62098  1.70% 17014 37097s
 179658 73075   10.79812   42 4150   10.80450   10.62338  1.68% 17031 37808s
 182174 75525   10.67116   37 3718   10.80450   10.62573  1.65% 17085 38680s
 187341 76025   10.67719   29 4584   10.80450   10.62744  1.64% 16994 39295s
 189855 76604     cutoff   51        10.80450   10.63147  1.60% 17045 39955s
H189861 76542                      10.8044012   10.63147  1.60% 17044 39955s
H190363 76530                      10.8043803   10.63181  1.60% 17061 39955s
H191002 76530                      10.8043764   10.63185  1.60% 17069 39955s
 192592 77086     cutoff   31        10.80438   10.63416  1.58% 17092 40652s
 195289 78094   10.79368   26 4500   10.80438   10.63700  1.55% 17157 41386s
 198125 79905   10.71790   40 4327   10.80438   10.63949  1.53% 17193 42127s
 202505 80581   10.68654   24 4564   10.80438   10.64136  1.51% 17129 42807s
H203285 80581                      10.8043762   10.64136  1.51% 17142 42807s
H203530 80581                      10.8043757   10.64136  1.51% 17146 42807s
 205430 81041   10.77389   53 3819   10.80438   10.64540  1.47% 17160 43484s
 208217 81749   10.74586   33 4324   10.80438   10.64813  1.45% 17206 44191s
 211078 81834     cutoff   33        10.80438   10.65060  1.42% 17262 44867s
 213440 83003   10.79244   35 4339   10.80438   10.65166  1.41% 17305 45795s
 217914 83752   10.72670   56 3888   10.80438   10.65621  1.37% 17325 46532s
 221314 84167   10.72107   43 4060   10.80438   10.65881  1.35% 17341 47324s
 223555 84432     cutoff   48        10.80438   10.66073  1.33% 17380 48122s
 226697 85506   10.76791   59 3567   10.80438   10.66333  1.31% 17434 48927s
 230701 86369   10.76775   58 3867   10.80438   10.66632  1.28% 17418 49690s
 234194 87479   10.78159   60 4207   10.80438   10.66899  1.25% 17423 50435s
 237942 90158   10.67653  112 2330   10.80438   10.67177  1.23% 17410 51145s
 243263 93952   10.75876   56 3951   10.80438   10.67244  1.22% 17268 51855s
 249569 96519     cutoff   46        10.80438   10.67475  1.20% 17061 52212s
 253351 99924   10.77906   33 4241   10.80438   10.67601  1.19% 16913 52546s
 258083 101555     cutoff   39        10.80438   10.67716  1.18% 16716 52836s
 260910 103665   10.77655   32 4139   10.80438   10.67838  1.17% 16635 53146s
 264289 112812   10.73853   32 3642   10.80438   10.67931  1.16% 16531 53461s
 274531 125730     cutoff   66        10.80438   10.68002  1.15% 16033 54112s
 290563 129020   10.76901   53 3845   10.80438   10.68122  1.14% 15387 54251s
H290833 129020                      10.8043756   10.68122  1.14% 15379 54251s
 294624 130168     cutoff   62        10.80438   10.68122  1.14% 15221 54387s
 296258 132478     cutoff   53        10.80438   10.68179  1.13% 15169 54532s
 299245 135721   10.79841  239 1840   10.80438   10.68199  1.13% 15072 54684s
 303166 139447     cutoff   48        10.80438   10.68276  1.13% 14927 54830s
 307616 154450     cutoff   60        10.80438   10.68315  1.12% 14763 55430s
 325646 158206     cutoff   63        10.80438   10.68380  1.12% 14146 55546s
 330031 160875   10.80425  244 1929   10.80438   10.68406  1.11% 13997 55654s
 333248 163639   10.75593   80 3087   10.80438   10.68406  1.11% 13898 55764s
 336571 177148     cutoff  103        10.80438   10.68408  1.11% 13799 56329s
 353141 180607   10.74518  154 2137   10.80438   10.68540  1.10% 13352 56453s
 357267 183308   10.75512  171 2082   10.80438   10.68559  1.10% 13238 56565s
 360634 186351   10.73679  150 2081   10.80438   10.68582  1.10% 13153 56679s
 364314 190500   10.80081  309 1742   10.80438   10.68605  1.10% 13059 56788s
 368997 212061   10.80337  233 1550   10.80438   10.68605  1.10% 12928 57300s
 393161 215884     cutoff   28        10.80438   10.68639  1.09% 12293 57377s
 397526 218256   10.69055  128 2312   10.80438   10.68654  1.09% 12177 57443s
 400260 237006     cutoff  269        10.80438   10.68654  1.09% 12113 57915s
 421118 239969   10.77191  269 1800   10.80438   10.68703  1.09% 11646 57993s
 424726 243091     cutoff  484        10.80438   10.68703  1.09% 11567 58064s
 428194 245921   10.80055  614 1424   10.80438   10.68703  1.09% 11495 58145s
 431435 265440   10.80165  649 1406   10.80438   10.68703  1.09% 11431 58596s
 453354 271099   10.78038  700 1403   10.80438   10.68762  1.08% 11011 58675s
 459505 275485   10.79238  921 1367   10.80438   10.68762  1.08% 10880 58742s
 464473 293611   10.72475  153 2194   10.80438   10.68763  1.08% 10778 59168s
 484958 299231   10.78519  396 1539   10.80438   10.68810  1.08% 10442 59247s
 490996 301948   10.80266  499 1439   10.80438   10.68833  1.07% 10333 59305s
 494316 315034   10.75679  155 2129   10.80438   10.68842  1.07% 10280 59712s
 509651 319003   10.78020  198 1992   10.80438   10.68863  1.07% 10079 59810s
 514142 322337   10.79824  227 1870   10.80438   10.68867  1.07% 10015 59902s
 517805 328423     cutoff  235        10.80438   10.68870  1.07%  9967 59998s
 524445 342845   10.80305  256 1417   10.80438   10.68872  1.07%  9863 60380s
 541476 345474   10.80274  262 1591   10.80438   10.68872  1.07%  9656 60457s
 544734 348009   10.71275  128 2200   10.80438   10.68884  1.07%  9618 60532s
 547750 351101   10.80054  249 1817   10.80438   10.68884  1.07%  9582 60612s
 551378 353558   10.80185  265 1751   10.80438   10.68932  1.06%  9539 60692s
 554572 366753     cutoff  273        10.80438   10.68939  1.06%  9504 61059s
 570227 370725   10.77912  266 1785   10.80438   10.68963  1.06%  9335 61146s
 574729 373849   10.80213  496 1487   10.80438   10.68963  1.06%  9279 61223s
 578329 377505   10.69963  133 2192   10.80438   10.68963  1.06%  9239 61297s
 582266 383306   10.73734  160 2108   10.80438   10.68963  1.06%  9194 61372s
 588496 405707   10.75605  201 1952   10.80438   10.68963  1.06%  9113 61716s
 612398 413609     cutoff  790        10.80438   10.68989  1.06%  8828 61772s
H612852 413609                      10.8043754   10.68989  1.06%  8822 61772s
 620725 427559   10.79842   31 4465   10.80438   10.68990  1.06%  8719 62104s
H636041 418386                      10.8023092   10.68993  1.04%  8575 62104s
 637186 418150   10.77729  187 2094   10.80231   10.69000  1.04%  8565 62178s
H637187 401048                      10.8006046   10.69000  1.02%  8565 62178s
H637342 396031                      10.8000902   10.69000  1.02%  8563 62178s
H637873 370524                      10.7970902   10.69000  0.99%  8559 62252s

Cutting planes:
  Learned: 550
  Gomory: 65
  Cover: 2439
  Implied bound: 941
  Projected implied bound: 226
  Clique: 4
  MIR: 1403
  StrongCG: 9
  Flow cover: 2505
  GUB cover: 91
  Inf proof: 15
  Zero half: 32
  Network: 37
  RLT: 2382
  Relax-and-lift: 709
  BQP: 9

Explored 640535 nodes (5470192513 simplex iterations) in 62252.70 seconds (156918.50 work units)
Thread count was 32 (of 104 available processors)

Solution count 10: 10.7971 10.8001 10.8006 ... 10.8045

Optimal solution found (tolerance 1.00e-02)
Best objective 1.079709022484e+01, best bound 1.069013061250e+01, gap 0.9906%
m.flow_changes_penalty(): 700.0
Total operational cost: 107270.90
Maximum power (kW): 1352.91
Discharge energy capacity (kWh): 17847.43
Charge energy capacity (kWh): 17263.01
Levelized Cost of Flexibility ($/kWh): 0.64
{'fixed_demand_cost': 6055.344833825712, 'variable_demand_cost': 4869.782248898301, 'fixed_monthly_cost': 171938.17204301074, 'total_water_production': 282179.67123285483, 'total_energy_cost': 19769.338187252637, 'total_demand_cost': 10925.127082724013, 'total_customer_cost': 0.0, 'total_feed_cost': 50987.32020548495, 'total_brine_cost': 17088.664422113456, 'total_chemical_cost': 19520.45235085667, 'total_water_revenue': 0.0, 'total_demand_response_revenue': 11020.0, 'total_emissions_cost': 0.0, 'total_op_cost': 107270.90224843172, 'fixed_cost': 121551.98252688172, 'total_cost': 228822.88477531343, 'LCOW': 0.8109120113988958, 'degree_of_flex': 0.19760479041916168, 'total_replacement_cost': 1438.258098609942, 'maximum_power': 1352.9139962060613, 'discharge_energy_capacity': 17847.434210880125, 'charge_energy_capacity': 17263.013088499658, 'discharge_power_capacity': 207.52830477767586, 'charge_power_capacity': 210.52454985975191, 'round_trip_efficiency': 0, 'LVOF': 0.6381219573856437}
Saved operation variable results to: /home/rchurchi/watertap_test/watertap/tutorials/flex_ro/wrd_result_summer_both_4_flexible_trains_DR.csv
Saved summary results to: /home/rchurchi/watertap_test/watertap/tutorials/flex_ro/wrd_pricetaker_summary_results_20260801_114422.csv
