2026-07-22 11:09:26 [INFO] idaes.core.surrogate.pysmo_surrogate: Decode surrogate. type=poly

===========================Polynomial Regression===============================================

The number of cross-validation cases (3) is used.
The default training/cross-validation split of 0.75 is used.
No iterations will be run.
Default parameter estimation method is used.
Parameter estimation method:  pyomo 

2026-07-22 11:09:26 [INFO] idaes.core.surrogate.pysmo_surrogate: Decode surrogate. type=poly

===========================Polynomial Regression===============================================

The number of cross-validation cases (3) is used.
The default training/cross-validation split of 0.75 is used.
No iterations will be run.
Default parameter estimation method is used.
Parameter estimation method:  pyomo 

2026-07-22 11:09:26 [INFO] idaes.core.surrogate.pysmo_surrogate: Decode surrogate. type=poly

===========================Polynomial Regression===============================================

The number of cross-validation cases (3) is used.
The default training/cross-validation split of 0.75 is used.
No iterations will be run.
Default parameter estimation method is used.
Parameter estimation method:  pyomo 

2026-07-22 11:09:26 [INFO] idaes.core.surrogate.pysmo_surrogate: Decode surrogate. type=poly

===========================Polynomial Regression===============================================

The number of cross-validation cases (3) is used.
The default training/cross-validation split of 0.75 is used.
No iterations will be run.
Default parameter estimation method is used.
Parameter estimation method:  pyomo 

2026-07-22 11:09:27 [INFO] idaes.apps.grid_integration.pricetaker.price_taker_model: Found minimum uptime/downtime data for pretreatment.uf_pumps[1] - Adding minimum uptime/downtime constraints.
2026-07-22 11:09:27 [INFO] idaes.apps.grid_integration.pricetaker.price_taker_model: Created startup/shutdown constraints for operation model  pretreatment.uf_pumps[1] at uf_pumps_1_startup_shutdown.
2026-07-22 11:09:27 [INFO] idaes.apps.grid_integration.pricetaker.price_taker_model: Found minimum uptime/downtime data for pretreatment.uf_pumps[2] - Adding minimum uptime/downtime constraints.
2026-07-22 11:09:27 [INFO] idaes.apps.grid_integration.pricetaker.price_taker_model: Created startup/shutdown constraints for operation model  pretreatment.uf_pumps[2] at uf_pumps_2_startup_shutdown.
2026-07-22 11:09:27 [INFO] idaes.apps.grid_integration.pricetaker.price_taker_model: Found minimum uptime/downtime data for pretreatment.uf_pumps[3] - Adding minimum uptime/downtime constraints.
2026-07-22 11:09:27 [INFO] idaes.apps.grid_integration.pricetaker.price_taker_model: Created startup/shutdown constraints for operation model  pretreatment.uf_pumps[3] at uf_pumps_3_startup_shutdown.
2026-07-22 11:09:27 [INFO] idaes.apps.grid_integration.pricetaker.price_taker_model: Found minimum uptime/downtime data for reverse_osmosis.ro_skid[1] - Adding minimum uptime/downtime constraints.
2026-07-22 11:09:27 [INFO] idaes.apps.grid_integration.pricetaker.price_taker_model: Created startup/shutdown constraints for operation model  reverse_osmosis.ro_skid[1] at ro_skid_1_startup_shutdown.
2026-07-22 11:09:27 [INFO] idaes.apps.grid_integration.pricetaker.price_taker_model: Found minimum uptime/downtime data for reverse_osmosis.ro_skid[2] - Adding minimum uptime/downtime constraints.
2026-07-22 11:09:27 [INFO] idaes.apps.grid_integration.pricetaker.price_taker_model: Created startup/shutdown constraints for operation model  reverse_osmosis.ro_skid[2] at ro_skid_2_startup_shutdown.
2026-07-22 11:09:27 [INFO] idaes.apps.grid_integration.pricetaker.price_taker_model: Found minimum uptime/downtime data for reverse_osmosis.ro_skid[3] - Adding minimum uptime/downtime constraints.
2026-07-22 11:09:27 [INFO] idaes.apps.grid_integration.pricetaker.price_taker_model: Created startup/shutdown constraints for operation model  reverse_osmosis.ro_skid[3] at ro_skid_3_startup_shutdown.
2026-07-22 11:09:27 [INFO] idaes.apps.grid_integration.pricetaker.price_taker_model: Found minimum uptime/downtime data for reverse_osmosis.ro_skid[4] - Adding minimum uptime/downtime constraints.
2026-07-22 11:09:27 [INFO] idaes.apps.grid_integration.pricetaker.price_taker_model: Created startup/shutdown constraints for operation model  reverse_osmosis.ro_skid[4] at ro_skid_4_startup_shutdown.
4364
Set parameter TokenServer to value "10.60.1.73"
Set parameter LogToConsole to value 1
Set parameter MIPGap to value 0.0099
Gurobi Optimizer version 12.0.3 build v12.0.3rc0 (linux64 - "Red Hat Enterprise Linux 8.8 (Ootpa)")

CPU model: Intel(R) Xeon(R) Platinum 8470QL, instruction set [SSE2|AVX|AVX2|AVX512]
Thread count: 104 physical cores, 104 logical processors, using up to 32 threads

Non-default parameters:
MIPGap  0.0099

Optimize a model with 17951 rows, 16467 columns and 49327 nonzeros
Model fingerprint: 0xbe03ace9
Model has 168 quadratic objective terms
Model has 2352 quadratic constraints
Variable types: 11259 continuous, 5208 integer (5208 binary)
Coefficient statistics:
  Matrix range     [5e-04, 2e+03]
  QMatrix range    [2e-07, 1e+00]
  QLMatrix range   [3e-04, 1e+00]
  Objective range  [1e-05, 1e-03]
  QObjective range [2e-04, 2e-04]
  Bounds range     [9e-01, 1e+03]
  RHS range        [5e-02, 3e+05]
  QRHS range       [3e-01, 3e-01]
Presolve removed 6904 rows and 7586 columns
Presolve time: 0.10s
Presolved: 20287 rows, 9386 columns, 53728 nonzeros
Presolved model has 336 SOS constraint(s)
Presolved model has 2352 bilinear constraint(s)

Solving non-convex MIQCP

Variable types: 5740 continuous, 3646 integer (3646 binary)
Found heuristic solution: objective 12.1004466

Root relaxation: unbounded, 0 iterations, 0.01 seconds (0.00 work units)

    Nodes    |    Current Node    |     Objective Bounds      |     Work
 Expl Unexpl |  Obj  Depth IntInf | Incumbent    BestBd   Gap | It/Node Time

     0     2  postponed    0        12.10045          -      -     -    2s
     7    12  postponed    3        12.10045          -      -  6812    6s
    47    54  postponed    6        12.10045          -      -  8838   11s
   116   145  postponed    8        12.10045          -      -  7868   16s
   180   416  postponed    9        12.10045          -      -  8705   22s
   569   758 infeasible   14        12.10045          -      -  3449   29s
  1109  1261 infeasible   23        12.10045          -      -  2234   40s
  1922  2022 infeasible   36        12.10045          -      -  1687   58s
  3219  2896  postponed   56        12.10045          -      -  1353   82s
H 4304  2896                      12.1004464          -      -  1277   82s
  4817  4576 infeasible   82        12.10045          -      -  1237  104s
  7251  6942  postponed   98        12.10045          -      -  1094  125s
 10181  9070  postponed  111        12.10045          -      -   965  142s
 12733 11028  postponed  116        12.10045          -      -   912  158s
 15037 11030   11.25899  415 1874   12.10045    8.33788  31.1%   879  183s
 15038 11031   11.08773  319 1806   12.10045    9.58754  20.8%   879  189s
 15039 11032   10.54403  245 1212   12.10045    9.64367  20.3%   879  191s
 15040 11032   10.61742  326 1821   12.10045   10.02307  17.2%   879  199s
 15041 11033   11.25049  410 1726   12.10045   10.08217  16.7%   879  205s
 15042 11034   11.02826  787 2201   12.10045   10.11033  16.4%   879  211s
 15044 11035   10.52077  202 2179   12.10045   10.15289  16.1%   879  220s
 15046 11036   11.59178  839 2124   12.10045   10.16908  16.0%   878  227s
 15048 11038   10.99697  468 2061   12.10045   10.17382  15.9%   878  233s
 15050 11039   10.72980  248 2073   12.10045   10.17718  15.9%   878  237s
 15053 11041   11.00834  518 2069   12.10045   10.17943  15.9%   878  241s
H15053 10488                      12.0653670   10.17982  15.6%   878  242s
H15053  9963                      11.9316482   10.17982  14.7%   878  242s
 15055  9964   11.32888  568 2079   11.93165   10.18000  14.7%   878  245s
H15057  9468                      11.0916553   10.18126  8.21%   878  249s
H15057  8994                      11.0906553   10.18126  8.20%   878  249s
 15058  8994   10.83918  623 2102   11.09066   10.18126  8.20%   878  250s
H15059  8545                      11.0311576   10.18127  7.70%   878  252s
H15059  8117                      11.0190262   10.18127  7.60%   878  252s
H15059  7711                      10.9816318   10.18127  7.29%   878  252s
H15059  7325                      10.9806318   10.18127  7.28%   878  252s
H15059  6958                      10.9471282   10.18127  7.00%   878  252s
 15063  6961   10.56386  264 2104   10.94713   10.18138  6.99%   877  273s
 15064  6961   10.18138   84 2104   10.94713   10.18138  6.99%   877  290s
H15064  6615                      10.9298027   10.18138  6.85%   891  465s
 15065  6617   10.19975   11 4349   10.92980   10.18138  6.85%   891  486s
 15067  6620   10.23734   12 2859   10.92980   10.19975  6.68%   892  505s
 15071  6627   10.28236   13 2176   10.92980   10.22886  6.41%   894  532s
 15079  6640   10.29699   14 3104   10.92980   10.25733  6.15%   903  555s
H15095  6332                      10.8865463   10.29699  5.42%   920  579s
H15104  6015                      10.8082581   10.29699  4.73%   930  579s
H15115  5712                      10.8066647   10.32005  4.50%   938  579s
H15117  5428                      10.7920233   10.32005  4.37%   939  579s
 15124  5457   10.35019   16 3064   10.79202   10.32005  4.37%   941  595s
 15156  5518   10.35094   17 3083   10.79202   10.32823  4.30%   957  617s
H15158  5247                      10.7590918   10.32823  4.00%   959  617s
 15227  5294   10.35572   18 2975   10.75909   10.32823  4.00%  1010  639s
 15306  5329   10.42795   20 2660   10.75909   10.32823  4.00%  1050  671s
H15308  5072                      10.7588903   10.32823  4.00%  1051  671s
H15317  4826                      10.7577582   10.32823  3.99%  1061  671s
 15377  4878   10.48883   21 2027   10.75776   10.32823  3.99%  1102  690s
 15456  4914   10.58522   23 2060   10.75776   10.32823  3.99%  1139  715s
 15538  4952   10.61180   26 2028   10.75776   10.32823  3.99%  1182  730s
 15628  4979   10.74629   28 2145   10.75776   10.32823  3.99%  1217  751s
H15678  4731                      10.7577478   10.32823  3.99%  1235  751s
H15692  4507                      10.7504489   10.32823  3.93%  1236  751s
 15727  4545   10.62474   29 2110   10.75045   10.32823  3.93%  1247  764s
 15816  4547   10.66478   31 2104   10.75045   10.32967  3.91%  1277  779s
H15828  4334                      10.7495964   10.32967  3.91%  1285  779s
H15855  4127                      10.7482205   10.34218  3.78%  1298  779s
 15889  4131   10.65369   34 1925   10.74822   10.34218  3.78%  1317  796s
 15960  4149   10.65372   35 1924   10.74822   10.34218  3.78%  1356  810s
H15998  3947                      10.7482205   10.35019  3.70%  1377  810s
H16018  3761                      10.7481824   10.35019  3.70%  1389  810s
H16031  3587                      10.7451632   10.35019  3.68%  1395  810s
 16038  3618   10.69218   38 1816   10.74516   10.35019  3.68%  1404  825s
 16129  3638   10.74354   40  933   10.74516   10.35019  3.68%  1442  841s
 16214  3640   10.62178   19 4035   10.74516   10.35019  3.68%  1476  855s
 16288  3646   10.47525   19 2564   10.74516   10.35019  3.68%  1513  871s
H16333  3470                      10.7449702   10.36092  3.57%  1539  871s
 16365  3503   10.50000   20 2538   10.74497   10.36092  3.57%  1551  887s
 16437  3517   10.66359   23 3709   10.74497   10.36092  3.57%  1589  909s
H16460  3356                      10.7435767   10.36092  3.56%  1602  909s
 16510  3399   10.66634   24 3674   10.74358   10.36092  3.56%  1631  926s
 16611  3423   10.67845   25 3540   10.74358   10.36092  3.56%  1673  941s
 16720  3457     cutoff   27        10.74358   10.36092  3.56%  1720  958s
 16883  3515     cutoff   30        10.74358   10.36092  3.56%  1766  980s
H16897  3364                      10.7435767   10.36092  3.56%  1777  980s
 17046  3419   10.68893   47 1333   10.74358   10.36092  3.56%  1817 1003s
 17195  3514   10.69800   60 1332   10.74358   10.36092  3.56%  1866 1023s
 17373  3597   10.70202   74 1319   10.74358   10.36092  3.56%  1920 1047s
 17561  3697   10.70278   80 1318   10.74358   10.39609  3.23%  1985 1066s
 17777  3775   10.70290   84 1319   10.74358   10.39609  3.23%  2032 1092s
 17995  3843   10.70306   91 1332   10.74358   10.39609  3.23%  2095 1119s
H17996  3604                      10.7354803   10.39609  3.16%  2095 1119s
H18017  3464                      10.7353001   10.39609  3.16%  2099 1119s
H18060  3325                      10.7352762   10.39609  3.16%  2103 1119s
H18069  3203                      10.7352512   10.39609  3.16%  2105 1119s
H18112  3073                      10.7351092   10.39609  3.16%  2123 1119s
 18197  3157   10.70308   92 1337   10.73511   10.39609  3.16%  2143 1139s
 18402  3234   10.70312   96 1346   10.73511   10.39609  3.16%  2204 1158s
 18643  3284   10.70326  112 1325   10.73511   10.41935  2.94%  2265 1184s
 18867  3377   10.70329  114 1329   10.73511   10.42351  2.90%  2344 1206s
 19101  3430   10.70355  126 1339   10.73511   10.43369  2.81%  2411 1232s
H19321  3417                      10.7350628   10.43369  2.81%  2496 1254s
H19374  3298                      10.7350626   10.43369  2.81%  2512 1254s
H19506  3158                      10.7350594   10.43369  2.81%  2545 1254s
H19516  3061                      10.7349794   10.43369  2.81%  2552 1254s
 19567  3222   10.70441  163 1344   10.73498   10.43369  2.81%  2552 1278s
H19606  3122                      10.7349786   10.43369  2.81%  2559 1278s
 19818  3326   10.70462  191 1346   10.73498   10.43369  2.81%  2610 1304s
H20127  3153                      10.7315288   10.43369  2.78%  2652 1304s
H20158  3051                      10.7197850   10.43369  2.67%  2663 1332s
H20191  2811                      10.7172258   10.43369  2.65%  2665 1332s
H20229  2726                      10.7168942   10.44872  2.50%  2677 1332s
H20372  2716                      10.7163637   10.45294  2.46%  2685 1332s
 20386  2774   10.70495  225 1365   10.71636   10.45294  2.46%  2687 1362s
 20653  2991   10.70536  255 1351   10.71636   10.45687  2.42%  2754 1389s
H20687  2991                      10.7163636   10.45687  2.42%  2758 1389s
H20714  2991                      10.7163634   10.45687  2.42%  2767 1389s
H20914  2991                      10.7163630   10.45687  2.42%  2790 1389s
 20968  3235   10.70538  261 1340   10.71636   10.45687  2.42%  2822 1415s
 21291  3520   10.70541  298 1344   10.71636   10.45687  2.42%  2877 1444s
 21660  3814   10.70543  337 1348   10.71636   10.46854  2.31%  2935 1472s
H22050  4102                      10.7161776   10.46968  2.30%  2986 1502s
H22094  4092                      10.7157936   10.46968  2.30%  2981 1502s
H22438  4090                      10.7156923   10.46968  2.30%  3024 1502s
 22439  4490   10.70661  423 1329   10.71569   10.46968  2.30%  3024 1533s
H22464  4490                      10.7156923   10.46968  2.30%  3020 1533s
H22915  4490                      10.7156854   10.47193  2.27%  3034 1533s
 22956  4891   10.70669  470 1290   10.71569   10.47193  2.27%  3037 1564s
 23439  5274   10.70847  519 1315   10.71569   10.47484  2.25%  3067 1602s
 23875  5662   10.71039  572 1241   10.71569   10.47484  2.25%  3111 1635s
 24390  5935     cutoff  598        10.71569   10.47705  2.23%  3144 1674s
H24395  5935                      10.7156854   10.47705  2.23%  3145 1674s
H24448  5935                      10.7156854   10.47705  2.23%  3155 1674s
H24450  5935                      10.7156773   10.47705  2.23%  3158 1674s
H24520  5935                      10.7156768   10.47705  2.23%  3156 1674s
 24796  6224     cutoff   21        10.71568   10.47908  2.21%  3197 1711s
 25183  6533   10.69951   26 1606   10.71568   10.47993  2.20%  3265 1750s
 25631  6784     cutoff   29        10.71568   10.48164  2.18%  3331 1783s
H25648  6783                      10.7156619   10.48204  2.18%  3335 1783s
H25907  4801                      10.7060850   10.48282  2.09%  3329 1783s
 25960  4929   10.65860   27 2409   10.70608   10.48476  2.07%  3342 1826s
 26401  5276   10.68454   23 1154   10.70608   10.48761  2.04%  3425 1865s
H26927  5484                      10.7056176   10.48761  2.04%  3496 1908s
H26935  5078                      10.7047035   10.48761  2.03%  3501 1908s
H26945  4804                      10.7040096   10.48801  2.02%  3504 1908s
H26995  4737                      10.7037319   10.48801  2.02%  3515 1908s
 27472  5125   10.69480   29 1483   10.70373   10.49371  1.96%  3576 1954s
 28049  5514   10.68958   27 1552   10.70373   10.49506  1.95%  3658 1999s
H28099  5513                      10.7036982   10.49643  1.94%  3674 1999s
 28685  5898   10.66639   24 1356   10.70370   10.50417  1.86%  3733 2050s
 29327  6385     cutoff   27        10.70370   10.50930  1.82%  3810 2104s
H29805  6382                      10.7036922   10.50930  1.82%  3854 2104s
 29969  6950   10.51877   25 4037   10.70369   10.50930  1.82%  3874 2154s
 30714  7329   10.56830   37 3848   10.70369   10.50932  1.82%  3933 2203s
 31256  7519   10.59357   45 3766   10.70369   10.50932  1.82%  4004 2259s
H31257  7519                      10.7036920   10.50932  1.82%  4004 2259s
H31261  7519                      10.7036917   10.50932  1.82%  4007 2259s
H31423  6707                      10.7005233   10.50932  1.79%  4004 2259s
H31493  7023                      10.7005233   10.50932  1.79%  4018 2320s
H31525  7023                      10.7005233   10.50932  1.79%  4025 2320s
 32022  7296   10.59797   51 3661   10.70052   10.50932  1.79%  4123 2387s
H32226  7296                      10.7005233   10.50932  1.79%  4144 2387s
H32299  7296                      10.7005233   10.50932  1.79%  4167 2387s
 32573  7717   10.68043   40 3785   10.70052   10.50932  1.79%  4237 2457s
 33275  8274   10.57481   23 1757   10.70052   10.51941  1.69%  4340 2528s
H33677  8274                      10.7005233   10.52005  1.69%  4393 2528s
H33843  8274                      10.7005233   10.52005  1.69%  4409 2528s
 34156  8798   10.67106   49 2761   10.70052   10.52005  1.69%  4423 2603s
H35023  9255                      10.7002322   10.52269  1.66%  4526 2687s
H35108  9252                      10.7002066   10.52269  1.66%  4542 2687s
H35177  9127                      10.6997080   10.52269  1.65%  4554 2687s
H35216  9086                      10.6996161   10.52269  1.65%  4560 2687s
H35339  9043                      10.6994932   10.52462  1.63%  4583 2687s
H35576  8995                      10.6993703   10.52693  1.61%  4594 2687s
 35941  9594   10.68170   92 2304   10.69937   10.52769  1.60%  4624 2768s
H35943  9594                      10.6993703   10.52769  1.60%  4623 2768s
H36019  9594                      10.6993703   10.53022  1.58%  4623 2768s
H36212  9594                      10.6993702   10.53027  1.58%  4659 2768s
 36854 10023   10.69741  168 1752   10.69937   10.53217  1.56%  4710 2848s
H36991 10023                      10.6993702   10.53217  1.56%  4737 2848s
H37310 10023                      10.6993702   10.53217  1.56%  4760 2848s
 37645 10506   10.63521   23 4076   10.69937   10.53217  1.56%  4817 2928s
H37668 10506                      10.6993702   10.53217  1.56%  4821 2928s
 38500 11073     cutoff   35        10.69937   10.53842  1.50%  4931 3014s
H39407 11073                      10.6993702   10.54108  1.48%  5007 3014s
 39524 11565   10.69920   30 1357   10.69937   10.54177  1.47%  5027 3105s
 40403 12160   10.67123   35 2899   10.69937   10.54177  1.47%  5137 3201s
 41457 12821     cutoff   49        10.69937   10.54378  1.45%  5231 3302s
H41491 12821                      10.6993701   10.54378  1.45%  5235 3302s
H42112 12821                      10.6993700   10.54524  1.44%  5272 3302s
 42557 13764   10.67585   79 2256   10.69937   10.54741  1.42%  5327 3407s
 43970 14468     cutoff   25        10.69937   10.54784  1.42%  5402 3512s
H44064 14465                      10.6993673   10.54989  1.40%  5414 3512s
H44437 14439                      10.6993213   10.54997  1.40%  5411 3512s
 45028 15603     cutoff   25        10.69932   10.54997  1.40%  5423 3616s
H45344 15603                      10.6993213   10.55194  1.38%  5452 3616s
 46695 16804   10.64333   52 3538   10.69932   10.55538  1.35%  5456 3732s
H46731 16784                      10.6992951   10.55538  1.35%  5458 3732s
 48453 17602     cutoff   27        10.69930   10.55590  1.34%  5464 3837s
H48770 17598                      10.6992934   10.55625  1.34%  5511 3837s
 49744 18241   10.69716   53 3398   10.69929   10.55931  1.31%  5533 3951s
 50911 18660   10.61633   46 3707   10.69929   10.56053  1.30%  5618 4078s
 52052 19432   10.68201   30 4062   10.69929   10.56456  1.26%  5733 4210s
 53482 20212   10.58609   96 2840   10.69929   10.56456  1.26%  5817 4341s
 54867 21236   10.64239  104 2569   10.69929   10.56693  1.24%  5913 4469s
H54887 21236                      10.6992932   10.56693  1.24%  5916 4469s
H56281 21236                      10.6992931   10.56925  1.22%  5979 4469s
 56477 22569   10.67910   41 3640   10.69929   10.57066  1.20%  5981 4611s
 58451 23897   10.61696   39 3882   10.69929   10.57305  1.18%  6021 4759s
 60505 25390     cutoff   58        10.69929   10.57421  1.17%  6064 4891s
 62649 26682   10.63505   80 3013   10.69929   10.57488  1.16%  6079 5018s
 64609 28338   10.68589  158 2085   10.69929   10.57689  1.14%  6099 5152s
 66919 30074   10.69603   59 1356   10.69929   10.57897  1.12%  6091 5288s
 69334 32116   10.68353   44 3565   10.69929   10.58104  1.11%  6070 5420s
 72089 33061   10.69530   65 1365   10.69929   10.58186  1.10%  6042 5555s
 73881 33867   10.65909   50 3534   10.69929   10.58317  1.09%  6089 5697s
 75422 34349   10.69185   80 2414   10.69929   10.58464  1.07%  6159 5851s
 76711 35425   10.64936   33 3929   10.69929   10.58609  1.06%  6260 6013s
 78563 36571     cutoff   22        10.69929   10.58789  1.04%  6330 6197s
 80724 37577   10.67162   78 2721   10.69929   10.58907  1.03%  6400 6388s
 82909 38592     cutoff   42        10.69929   10.59085  1.01%  6453 6596s
H84365 38592                      10.6992931   10.59129  1.01%  6530 6596s
 84951 40190   10.63148   29 3853   10.69929   10.59233  1.00%  6549 6817s
H85347 40190                      10.6992928   10.59233  1.00%  6560 6817s
H86971 40189                      10.6992926   10.59279  1.00%  6569 6817s
 87526 40967   10.63321   29 3681   10.69929   10.59290  0.99%  6585 7037s
H87551 40967                      10.6992926   10.59290  0.99%  6588 7037s
H88081 40965                      10.6992920   10.59369  0.99%  6600 7037s
H88634 40965                      10.6992920   10.59369  0.99%  6622 7037s

Cutting planes:
  Learned: 444
  Gomory: 64
  Cover: 1475
  Implied bound: 414
  Projected implied bound: 214
  Clique: 6
  MIR: 687
  Flow cover: 1351
  GUB cover: 49
  Inf proof: 1
  Zero half: 19
  Network: 26
  RLT: 1985
  Relax-and-lift: 740
  BQP: 5
  PSD: 1

Explored 88949 nodes (589740341 simplex iterations) in 7037.70 seconds (16615.84 work units)
Thread count was 32 (of 104 available processors)

Solution count 10: 10.6993 10.6993 10.6993 ... 10.6994

Optimal solution found (tolerance 9.90e-03)
Best objective 1.069929202914e+01, best bound 1.059487371676e+01, gap 0.9759%
m.flow_changes_penalty(): 900.0
Total operational cost: 106092.92
Maximum power (kW): 1380.27
Discharge energy capacity (kWh): 33980.63
Charge energy capacity (kWh): 36719.73
Levelized Cost of Flexibility ($/kWh): 0.37
{'fixed_demand_cost': 6177.790871421398, 'variable_demand_cost': 1.4897343661976795e-05, 'fixed_monthly_cost': 171938.17204301074, 'total_water_production': 282179.67123287666, 'total_energy_cost': 19617.269555424897, 'total_demand_cost': 6177.790886318742, 'total_customer_cost': 0.0, 'total_feed_cost': 50989.94522966158, 'total_brine_cost': 20356.552509954727, 'total_chemical_cost': 19971.362110040704, 'total_water_revenue': 0.0, 'total_demand_response_revenue': 11020.0, 'total_emissions_cost': 0.0, 'total_op_cost': 106092.92029140065, 'fixed_cost': 121551.98252688172, 'total_cost': 227644.90281828237, 'LCOW': 0.8067374301758685, 'degree_of_flex': 0.3592814371257485, 'total_replacement_cost': 1462.3779549220344, 'maximum_power': 1380.2714641454702, 'discharge_energy_capacity': 33980.634383525394, 'charge_energy_capacity': 36719.73009959627, 'discharge_power_capacity': 943.9065106534831, 'charge_power_capacity': 278.17977348178994, 'round_trip_efficiency': 0, 'LVOF': 0.36911323114551137}
Saved operation variable results to: /home/rchurchi/watertap_test/watertap/tutorials/flex_ro/wrd_result_summer_both_4_flexible_trains_DR.csv
Saved summary results to: /home/rchurchi/watertap_test/watertap/tutorials/flex_ro/wrd_pricetaker_summary_results_20260722_130648.csv
