2026-08-28 11:02:59 [INFO] idaes.core.surrogate.pysmo_surrogate: Decode surrogate. type=poly

===========================Polynomial Regression===============================================

The number of cross-validation cases (3) is used.
The default training/cross-validation split of 0.75 is used.
No iterations will be run.
Default parameter estimation method is used.
Parameter estimation method:  pyomo 

2026-08-28 11:02:59 [INFO] idaes.core.surrogate.pysmo_surrogate: Decode surrogate. type=poly

===========================Polynomial Regression===============================================

The number of cross-validation cases (3) is used.
The default training/cross-validation split of 0.75 is used.
No iterations will be run.
Default parameter estimation method is used.
Parameter estimation method:  pyomo 

2026-08-28 11:02:59 [INFO] idaes.core.surrogate.pysmo_surrogate: Decode surrogate. type=poly

===========================Polynomial Regression===============================================

The number of cross-validation cases (3) is used.
The default training/cross-validation split of 0.75 is used.
No iterations will be run.
Default parameter estimation method is used.
Parameter estimation method:  pyomo 

2026-08-28 11:02:59 [INFO] idaes.core.surrogate.pysmo_surrogate: Decode surrogate. type=poly

===========================Polynomial Regression===============================================

The number of cross-validation cases (3) is used.
The default training/cross-validation split of 0.75 is used.
No iterations will be run.
Default parameter estimation method is used.
Parameter estimation method:  pyomo 

2026-08-28 11:03:00 [INFO] idaes.apps.grid_integration.pricetaker.price_taker_model: Found minimum uptime/downtime data for pretreatment.uf_pumps[1] - Adding minimum uptime/downtime constraints.
2026-08-28 11:03:00 [INFO] idaes.apps.grid_integration.pricetaker.price_taker_model: Created startup/shutdown constraints for operation model  pretreatment.uf_pumps[1] at uf_pumps_1_startup_shutdown.
2026-08-28 11:03:00 [INFO] idaes.apps.grid_integration.pricetaker.price_taker_model: Found minimum uptime/downtime data for pretreatment.uf_pumps[2] - Adding minimum uptime/downtime constraints.
2026-08-28 11:03:00 [INFO] idaes.apps.grid_integration.pricetaker.price_taker_model: Created startup/shutdown constraints for operation model  pretreatment.uf_pumps[2] at uf_pumps_2_startup_shutdown.
2026-08-28 11:03:00 [INFO] idaes.apps.grid_integration.pricetaker.price_taker_model: Found minimum uptime/downtime data for pretreatment.uf_pumps[3] - Adding minimum uptime/downtime constraints.
2026-08-28 11:03:00 [INFO] idaes.apps.grid_integration.pricetaker.price_taker_model: Created startup/shutdown constraints for operation model  pretreatment.uf_pumps[3] at uf_pumps_3_startup_shutdown.
2026-08-28 11:03:00 [INFO] idaes.apps.grid_integration.pricetaker.price_taker_model: Found minimum uptime/downtime data for reverse_osmosis.ro_skid[1] - Adding minimum uptime/downtime constraints.
2026-08-28 11:03:00 [INFO] idaes.apps.grid_integration.pricetaker.price_taker_model: Created startup/shutdown constraints for operation model  reverse_osmosis.ro_skid[1] at ro_skid_1_startup_shutdown.
2026-08-28 11:03:00 [INFO] idaes.apps.grid_integration.pricetaker.price_taker_model: Found minimum uptime/downtime data for reverse_osmosis.ro_skid[2] - Adding minimum uptime/downtime constraints.
2026-08-28 11:03:00 [INFO] idaes.apps.grid_integration.pricetaker.price_taker_model: Created startup/shutdown constraints for operation model  reverse_osmosis.ro_skid[2] at ro_skid_2_startup_shutdown.
2026-08-28 11:03:00 [INFO] idaes.apps.grid_integration.pricetaker.price_taker_model: Found minimum uptime/downtime data for reverse_osmosis.ro_skid[3] - Adding minimum uptime/downtime constraints.
2026-08-28 11:03:00 [INFO] idaes.apps.grid_integration.pricetaker.price_taker_model: Created startup/shutdown constraints for operation model  reverse_osmosis.ro_skid[3] at ro_skid_3_startup_shutdown.
2026-08-28 11:03:00 [INFO] idaes.apps.grid_integration.pricetaker.price_taker_model: Found minimum uptime/downtime data for reverse_osmosis.ro_skid[4] - Adding minimum uptime/downtime constraints.
2026-08-28 11:03:00 [INFO] idaes.apps.grid_integration.pricetaker.price_taker_model: Created startup/shutdown constraints for operation model  reverse_osmosis.ro_skid[4] at ro_skid_4_startup_shutdown.
4078
Set parameter TokenServer to value "10.60.1.73"
Set parameter LogToConsole to value 1
Set parameter MIPGap to value 0.01
Gurobi Optimizer version 12.0.3 build v12.0.3rc0 (linux64 - "Red Hat Enterprise Linux 8.8 (Ootpa)")

CPU model: Intel(R) Xeon(R) Platinum 8470QL, instruction set [SSE2|AVX|AVX2|AVX512]
Thread count: 104 physical cores, 104 logical processors, using up to 32 threads

Non-default parameters:
MIPGap  0.01

Optimize a model with 18405 rows, 16467 columns and 50285 nonzeros
Model fingerprint: 0x3e04d79a
Model has 336 quadratic objective terms
Model has 2352 quadratic constraints
Variable types: 11259 continuous, 5208 integer (5208 binary)
Coefficient statistics:
  Matrix range     [5e-04, 2e+03]
  QMatrix range    [2e-07, 1e+00]
  QLMatrix range   [3e-04, 1e+00]
  Objective range  [1e-05, 1e-03]
  QObjective range [2e-04, 2e-04]
  Bounds range     [9e-01, 1e+03]
  RHS range        [5e-02, 3e+05]
  QRHS range       [3e-01, 3e-01]
Presolve removed 11224 rows and 9233 columns
Presolve time: 0.09s
Presolved: 16173 rows, 7367 columns, 45692 nonzeros
Presolved model has 88 SOS constraint(s)
Presolved model has 2352 bilinear constraint(s)

Solving non-convex MIQCP

Variable types: 5359 continuous, 2008 integer (2008 binary)
Found heuristic solution: objective 12.0903187

Root relaxation: unbounded, 0 iterations, 0.01 seconds (0.00 work units)

    Nodes    |    Current Node    |     Objective Bounds      |     Work
 Expl Unexpl |  Obj  Depth IntInf | Incumbent    BestBd   Gap | It/Node Time

     0     2  postponed    0        12.09032          -      -     -    2s
     7    16  postponed    3        12.09032          -      -  4879    5s
    95   186  postponed    7        12.09032          -      -  6724   13s
   185   315  postponed    9        12.09032          -      -  8173   18s
H  224   315                      12.0903185          -      -  7189   18s
   317   740  postponed   11        12.09032          -      -  5802   24s
H  684   740                      12.0903185          -      -  3448   24s
   759  1394   10.99783   13 2489   12.09032          -      -  3200   27s
H  831  1394                      12.0903185          -      -  2939   27s
H 1764  1991                      12.0620286          -      -  1606   29s
  2039  2467   10.99629   49 2376   12.06203          -      -  1425   32s
  3077  3558   11.01264   79 2391   12.06203          -      -  1021   37s
  3624  4087   11.01705   88 2362   12.06203          -      -   899   40s
H 4769  5233                      12.0594866          -      -   725   44s
H 4806  5232                      12.0570783          -      -   719   44s
H 5033  5228                      12.0467569          -      -   694   44s
  5303  5797   11.02086   91 2402   12.04676          -      -   672   46s
H 5311  5797                      12.0437276          -      -   671   46s
H 5354  5797                      12.0432275          -      -   667   46s
H 5404  5796                      12.0407524          -      -   661   46s
H 5894  6363                      12.0377353          -      -   620   48s
H 6006  6363                      12.0375686          -      -   610   48s
H 6080  6363                      12.0368162          -      -   603   48s
  6459  6943   11.02227   93 2410   12.03682          -      -   578   50s
H 6485  6941                      12.0337077          -      -   576   50s
H 6523  6941                      12.0336313          -      -   573   50s
H 6784  6941                      12.0335564          -      -   553   50s
H 7043  7422                      12.0319542          -      -   544   52s
H 7045  7422                      12.0317088          -      -   544   52s
H 7073  7422                      12.0315336          -      -   542   52s
H 7208  7422                      12.0313373          -      -   534   52s
H 7418  7421                      12.0312105          -      -   525   52s
H 7436  7421                      12.0306389          -      -   526   52s
H 7483  7421                      12.0306339          -      -   529   52s
  7531  7909   11.02285   95 2416   12.03063          -      -   527   55s
H 7548  7909                      12.0300510          -      -   526   55s
H 7594  7909                      12.0294414          -      -   524   55s
H 7619  7908                      12.0292718          -      -   523   55s
H 7803  7908                      12.0292330          -      -   515   55s
H 8035  8481                      12.0274967          -      -   514   58s
H 8074  8481                      12.0273384          -      -   513   58s
H 8625  9175                      12.0268372          -      -   496   59s
H 8806  9175                      12.0268289          -      -   491   59s
H 8941  9175                      12.0268064          -      -   486   59s
H 9034  9175                      12.0264133          -      -   484   59s
  9291  9643   11.03738  110 2349   12.02641          -      -   475   62s
H 9296  9643                      12.0257487          -      -   475   62s
H 9782 10148                      12.0256595          -      -   469   64s
H 9959 10148                      12.0254451          -      -   467   64s
 10264 10732   11.06133  146 2325   12.02545          -      -   464   66s
H10286 10732                      12.0254144          -      -   463   66s
H10358 10732                      12.0254029          -      -   462   66s
H10421 10732                      12.0253902          -      -   459   66s
H10508 10732                      12.0253730          -      -   461   66s
H10523 10732                      12.0253538          -      -   461   66s
H10848 11495                      12.0252920          -      -   457   68s
H11613 12245                      12.0252736          -      -   445   71s
H11701 12245                      12.0252620          -      -   443   71s
H11791 12245                      12.0252564          -      -   443   71s
H11820 12245                      12.0252465          -      -   445   71s
H12363 13035                      12.0252428          -      -   434   74s
H12376 13035                      12.0252350          -      -   434   74s
H12403 13035                      12.0252347          -      -   433   74s
H12414 13034                      12.0252268          -      -   433   74s
H13079 13034                      12.0252170          -      -   425   74s
H13159 13777                      12.0252170          -      -   424   77s
H13179 13777                      12.0252113          -      -   424   77s
H13185 13777                      12.0251986          -      -   425   77s
 13910 14443   11.10198  226 2239   12.02520          -      -   422   80s
H13973 14443                      12.0251986          -      -   424   80s
H14380 14443                      12.0251924          -      -   423   80s
 14579 14445   11.20457  277  453   12.02519   10.67700  11.2%   421   86s
 14580 14446   11.48669  141  638   12.02519   11.48669  4.48%   421   91s
 14584 14449   11.51626  131  676   12.02519   11.51626  4.23%   421   95s
H14585 13726                      11.9495396   11.52056  3.59%   421   97s
 14590 13730   11.52392  301  730   11.94954   11.52392  3.56%   420  100s
H14590 13043                      11.9493160   11.52392  3.56%   420  100s
 14600 13049   11.88119  524  707   11.94932   11.52490  3.55%   420  105s
 14602 13051   11.52490   99  705   11.94932   11.52490  3.55%   420  112s
 14603 13054   11.56435   16 2237   11.94932   11.52490  3.55%   425  197s
 14609 13064   11.56861   18 2175   11.94932   11.53238  3.49%   425  203s
 14617 13078   11.61377   19 2122   11.94932   11.53360  3.48%   426  207s
H14633 12451                      11.9455593   11.54511  3.35%   427  213s
H14697 11915                      11.9455593   11.54981  3.31%   445  222s
H14701 11325                      11.9453329   11.54981  3.31%   446  222s
H14707 10763                      11.9453329   11.54981  3.31%   449  222s
H14715 10228                      11.9451064   11.54981  3.31%   454  222s
H14734  9717                      11.9329488   11.54981  3.21%   460  222s
H14737  9236                      11.9329228   11.54981  3.21%   462  222s
 14770  9289   11.74830   23 1929   11.93292   11.54981  3.21%   479  226s
 14834  9363   11.72775   25 1874   11.93292   11.54981  3.21%   490  232s
H14901  8885                      11.9329226   11.54981  3.21%   497  232s
 14930  8956   11.71755   26 1881   11.93292   11.54981  3.21%   509  236s
 15011  9042   11.71861   27 1916   11.93292   11.54981  3.21%   520  241s
H15013  8608                      11.9329223   11.54981  3.21%   520  241s
H15030  8191                      11.9128939   11.54981  3.05%   522  241s
H15101  7776                      11.9098635   11.54981  3.02%   525  241s
H15103  7404                      11.9098635   11.54981  3.02%   527  241s
H15106  7051                      11.8903804   11.54981  2.86%   527  241s
 15124  7154   11.71862   28 1920   11.89038   11.54981  2.86%   527  246s
H15233  6909                      11.8901539   11.54981  2.86%   540  250s
 15361  6959   11.72571   32 1890   11.89015   11.54981  2.86%   549  255s
H15454  6747                      11.8899274   11.54981  2.86%   568  259s
H15491  6431                      11.8668684   11.54981  2.67%   568  259s
 15590  6521   11.72787   35 1863   11.86687   11.54981  2.67%   570  262s
H15715  6323                      11.8664155   11.54981  2.67%   571  266s
H15734  6043                      11.8652241   11.54981  2.66%   571  266s
H15754  5778                      11.8647712   11.54981  2.65%   571  266s
H15798  5516                      11.8639694   11.54981  2.65%   574  266s
 16008  5766   11.73518   40 1781   11.86397   11.54981  2.65%   570  271s
 16171  5843   11.73689   43 1771   11.86397   11.54981  2.65%   569  275s
H16305  5726                      11.8628999   11.54981  2.64%   571  278s
H16430  5462                      11.8626741   11.54981  2.64%   571  278s
 16474  5625   11.73973   47 1753   11.86267   11.54981  2.64%   570  281s
H16655  5498                      11.8626733   11.54981  2.64%   569  284s
H16660  5297                      11.8626724   11.54981  2.64%   569  284s
H16671  5102                      11.8626677   11.54981  2.64%   569  284s
H16717  4906                      11.8626674   11.54981  2.64%   570  284s
 16801  5039   11.74100   53 1679   11.86267   11.54981  2.64%   570  287s
H16967  4991                      11.8626607   11.54981  2.64%   573  292s
 17152  5109   11.74595   56 1688   11.86266   11.54981  2.64%   573  299s
H17333  5088                      11.8626485   11.55122  2.63%   573  303s
H17350  4928                      11.8626414   11.55122  2.63%   575  303s
H17490  4734                      11.8626366   11.55122  2.63%   574  303s
H17525  4581                      11.8622822   11.55122  2.62%   573  303s
 17537  4779   11.74748   61 1686   11.86228   11.55122  2.62%   573  307s
 17740  4917   11.74798   63 1683   11.86228   11.55122  2.62%   571  315s
H17753  4779                      11.8622756   11.55122  2.62%   571  315s
H17766  4649                      11.8622147   11.55122  2.62%   571  315s
H17837  4505                      11.8622075   11.55122  2.62%   571  315s
H18040  4661                      11.8621346   11.55122  2.62%   570  321s
H18053  4548                      11.8620050   11.55122  2.62%   570  321s
 18284  4808   11.75943   70 1665   11.86200   11.55122  2.62%   568  325s
 18625  5240   11.76362   75 1706   11.86200   11.55122  2.62%   563  331s
H18677  5119                      11.8620046   11.55122  2.62%   562  331s
H18691  5017                      11.8620039   11.55122  2.62%   562  331s
H18697  4922                      11.8619949   11.55122  2.62%   562  331s
H18871  4776                      11.8619938   11.55122  2.62%   559  331s
H18983  4654                      11.8619827   11.55122  2.62%   557  331s
 19193  4941   11.76688   88 1650   11.86198   11.55122  2.62%   555  335s
H19226  4886                      11.8619827   11.55122  2.62%   555  335s
H19498  4886                      11.8619827   11.55122  2.62%   551  335s
H19515  4886                      11.8619827   11.55122  2.62%   551  335s
H19595  4886                      11.8619767   11.55122  2.62%   553  335s
 19597  5368   11.77290   91 1640   11.86198   11.55122  2.62%   553  342s
H19839  5368                      11.8619765   11.55122  2.62%   550  342s
H20116  5400                      11.8619764   11.55271  2.61%   551  344s
H20122  5400                      11.8619703   11.55271  2.61%   551  344s
H20136  5399                      11.8613740   11.55271  2.60%   551  344s
 20139  5771   11.77591   95 1602   11.86137   11.55271  2.60%   551  348s
H20197  5771                      11.8613732   11.55271  2.60%   552  348s
H20312  5771                      11.8613730   11.55271  2.60%   553  348s
H20516  5771                      11.8613538   11.55271  2.60%   554  348s
 20525  6204   11.77841   96 1603   11.86135   11.55271  2.60%   556  352s
H20586  6204                      11.8613306   11.55271  2.60%   555  352s
H20624  6204                      11.8613302   11.55271  2.60%   555  352s
H20836  6204                      11.8613072   11.55271  2.60%   556  352s
 20978  6711   11.77701   98 1645   11.86131   11.55271  2.60%   560  357s
H21171  6711                      11.8612837   11.55271  2.60%   557  357s
 21498  7214   11.77985  102 1692   11.86128   11.55271  2.60%   561  363s
H21860  7214                      11.8612833   11.55271  2.60%   560  363s
H22033  7614                      11.8612833   11.55271  2.60%   563  368s
H22075  7614                      11.8612832   11.55271  2.60%   563  368s
H22093  7613                      11.8609356   11.55271  2.60%   562  368s
 22465  8138   11.79468  133 1591   11.86094   11.55902  2.55%   572  373s
H22858  8138                      11.8609356   11.55902  2.55%   573  373s
 23003  8696   11.80575  152 1604   11.86094   11.55902  2.55%   576  378s
H23290  8696                      11.8609354   11.55902  2.55%   580  378s
 23574  9049   11.81030  160 1583   11.86094   11.55902  2.55%   581  386s
H23800  9049                      11.8609351   11.55902  2.55%   584  386s
H23942  9701                      11.8609351   11.55902  2.55%   589  394s
H24086  9701                      11.8609344   11.55902  2.55%   588  394s
 24642 10237   11.81965  181 1581   11.86093   11.55902  2.55%   591  400s
H24660 10237                      11.8609338   11.55902  2.55%   591  400s
H24826 10237                      11.8609307   11.55902  2.55%   591  400s
H25121 10237                      11.8609304   11.55907  2.54%   596  400s
 25195 10602   11.82585  202 1669   11.86093   11.55907  2.54%   599  405s
H25240 10602                      11.8609301   11.55907  2.54%   599  405s
H25318 10602                      11.8609298   11.55907  2.54%   599  405s
 25562 10969   11.83233  209 1653   11.86093   11.55907  2.54%   605  411s
H25679  5626                      11.7501098   11.55907  1.63%   604  411s
 25941  5729     cutoff  223        11.75011   11.55907  1.63%   609  417s
H25951  5626                      11.7491098   11.55907  1.62%   608  417s
 26554  5895   11.64589   33 1864   11.74911   11.56072  1.60%   617  423s
H26885  5892                      11.7490419   11.56072  1.60%   631  423s
 26888  6216   11.65464   41 1849   11.74904   11.56072  1.60%   632  432s
H27000  6214                      11.7490338   11.56072  1.60%   638  432s
H27133  6214                      11.7490248   11.56072  1.60%   643  432s
H27165  6213                      11.7489878   11.56072  1.60%   644  432s
 27271  6554   11.68093   59 1819   11.74899   11.56072  1.60%   647  439s
H27289  6553                      11.7489434   11.56072  1.60%   647  439s
H27308  6553                      11.7489394   11.56072  1.60%   650  439s
H27450  6552                      11.7489391   11.56072  1.60%   657  439s
 27692  6992   11.70615   77 1685   11.74894   11.56072  1.60%   663  446s
H27712  6992                      11.7489382   11.56072  1.60%   662  446s
H27927  6992                      11.7489343   11.56072  1.60%   666  446s
H28018  6989                      11.7489302   11.56072  1.60%   669  446s
H28094  6989                      11.7489295   11.56297  1.58%   671  446s
H28204  7515                      11.7489295   11.56297  1.58%   672  456s
H28225  7515                      11.7489254   11.56297  1.58%   673  456s
H28298  7515                      11.7489254   11.56297  1.58%   674  456s
H28437  7514                      11.7489245   11.56297  1.58%   676  456s
 28775  7964     cutoff  149        11.74892   11.56737  1.55%   684  464s
H28802  7964                      11.7489245   11.56737  1.55%   685  464s
H28858  7964                      11.7489245   11.56737  1.55%   685  464s
H29045  7964                      11.7489245   11.56737  1.55%   686  464s
H29193  7964                      11.7489243   11.56737  1.55%   690  464s
 29286  8875   11.60950   25 2053   11.74892   11.57421  1.49%   692  473s
H30342  9295                      11.7485703   11.57421  1.48%   695  479s
H30380  9217                      11.7478683   11.57421  1.48%   695  479s
H30506  9204                      11.7476619   11.57421  1.48%   696  479s
 30823  9254   11.65389   42 1873   11.74766   11.57421  1.48%   701  488s
H30841  9254                      11.7476618   11.58037  1.42%   700  488s
H30871  9254                      11.7476617   11.58037  1.42%   703  488s
 30903  9412   11.65443   43 1869   11.74766   11.58037  1.42%   704  495s
H30972  8855                      11.7434826   11.58037  1.39%   706  495s
 31097  9733   11.65896   46 1847   11.74348   11.58037  1.39%   707  504s
H32081 10094                      11.7434825   11.58037  1.39%   715  513s
H32148 10094                      11.7434803   11.58037  1.39%   715  513s
H32159 10087                      11.7434406   11.58037  1.39%   716  513s
 32534 10963   11.71926  103 1673   11.74344   11.58837  1.32%   723  522s
H32772 10963                      11.7434401   11.59049  1.30%   725  522s
 33501 11769     cutoff  160        11.74344   11.59118  1.30%   730  533s
H34415 12396                      11.7434401   11.59118  1.30%   740  543s
 35132 13013   11.63351   29 1940   11.74344   11.59194  1.29%   749  553s
 35865 13855   11.65206   41 1898   11.74344   11.59353  1.28%   767  563s
 36745 15495   11.67596   58 1865   11.74344   11.59620  1.25%   777  572s
 38482 16649   11.72460   98 1607   11.74344   11.59620  1.25%   772  585s
 39840 17429     cutoff  143        11.74344   11.59620  1.25%   776  595s
 40702 18723   11.61728   43 1907   11.74344   11.59620  1.25%   787  606s
 42138 20032   11.63291   57 1856   11.74344   11.59620  1.25%   789  616s
 43542 21403   11.64726   68 1836   11.74344   11.59761  1.24%   794  627s
 45148 23077   11.67080   92 1657   11.74344   11.59761  1.24%   794  638s
 46914 24661   11.68788  123 1414   11.74344   11.59761  1.24%   789  651s
H46992 24661                      11.7434396   11.59761  1.24%   792  651s
H48696 24758                      11.7433353   11.59761  1.24%   786  661s
H48836 26248                      11.7433352   11.59761  1.24%   787  672s
H49495 26248                      11.7433349   11.59761  1.24%   785  672s
 50413 28397   11.70020  158 1198   11.74333   11.59761  1.24%   781  683s
H50492 28396                      11.7433348   11.59761  1.24%   781  683s
 52789 29867   11.71397  197 1118   11.74333   11.60138  1.21%   772  694s
 54609 31781   11.73384  248  981   11.74333   11.60138  1.21%   768  705s
 56732 33814   11.74080  297 1021   11.74333   11.60138  1.21%   763  716s
 59049 33815   11.72238  141    0   11.74333   11.60138  1.21%   756  808s
 59051 33816   11.69784  163  467   11.74333   11.60138  1.21%   756  810s
 59052 33817   11.73578  112  632   11.74333   11.60138  1.21%   756  815s
 59054 33818   11.73549  750  631   11.74333   11.60138  1.21%   756  823s
 59055 33819   11.68772  148  644   11.74333   11.60138  1.21%   756  827s
 59056 33820   11.68109   76  684   11.74333   11.60138  1.21%   756  832s
 59057 33820   11.71534   97  659   11.74333   11.60138  1.21%   756  835s
 59058 33821   11.73083  129  646   11.74333   11.60138  1.21%   756  840s
 59061 33823   11.71275  112  668   11.74333   11.60138  1.21%   756  850s
 59063 33824   11.74222  149  690   11.74333   11.60138  1.21%   756  858s
 59064 33825   11.74012  218  671   11.74333   11.60138  1.21%   756  862s
 59065 33826   11.74239   71  684   11.74333   11.60138  1.21%   756  866s
 59067 33827   11.70470  180  697   11.74333   11.60138  1.21%   756  873s
 59068 33828   11.68869   41  704   11.74333   11.60138  1.21%   756  878s
 59069 33828   11.70350   96  709   11.74333   11.60138  1.21%   756  882s
 59070 33829   11.73356   81  713   11.74333   11.60138  1.21%   756  887s
 59071 33830   11.72809  213  720   11.74333   11.60138  1.21%   756  890s
 59073 33831   11.72223  135  724   11.74333   11.60138  1.21%   756  895s
 59075 33832   11.69314  139  724   11.74333   11.60138  1.21%   756  903s
 59076 33833   11.68896   66  724   11.74333   11.60138  1.21%   756  910s
 59077 33834   11.67318  150  724   11.74333   11.60138  1.21%   756  915s
 59078 33837   11.61891   29 2247   11.74333   11.60138  1.21%   756 1010s
 59080 33841   11.63672   30 2220   11.74333   11.60138  1.21%   757 1020s
 59084 33847   11.68632   31 2085   11.74333   11.60138  1.21%   758 1032s
 59092 33861   11.68914   32 2149   11.74333   11.60138  1.21%   759 1036s
 59108 33887   11.72439   33 2077   11.74333   11.60138  1.21%   759 1041s
 59172 33967   11.73419   35 1996   11.74333   11.60138  1.21%   761 1051s
 59261 33984   11.73689   37 2029   11.74333   11.60138  1.21%   767 1058s
 59329 34000   11.73859   39 2036   11.74333   11.60138  1.21%   773 1067s
 59378 34056     cutoff   41        11.74333   11.60138  1.21%   782 1077s
 59462 34093     cutoff   42        11.74333   11.60138  1.21%   788 1084s
 59538 34141   11.74265   42 2097   11.74333   11.60138  1.21%   792 1089s
 59628 34171   11.64418   37 1981   11.74333   11.60138  1.21%   794 1095s
H59636 32475                      11.7433348   11.60138  1.21%   794 1095s
H59641 30867                      11.7433347   11.60138  1.21%   794 1095s
 59703 30910   11.64511   38 1933   11.74333   11.60138  1.21%   797 1102s
 59792 30941   11.64678   39 1911   11.74333   11.60138  1.21%   799 1108s
 59876 30967   11.65019   41 1932   11.74333   11.60138  1.21%   801 1113s
 59950 31007   11.65261   43 1855   11.74333   11.60138  1.21%   803 1119s
 60025 31045   11.65613   45 1889   11.74333   11.60138  1.21%   805 1124s
 60105 31092   11.65922   47 1869   11.74333   11.60138  1.21%   807 1130s
H60179 29540                      11.7433343   11.60138  1.21%   809 1130s
 60191 29612   11.66313   49 1867   11.74333   11.60138  1.21%   810 1136s
 60283 29649   11.66650   51 1911   11.74333   11.60138  1.21%   812 1142s
 60359 29698   11.67051   54 1888   11.74333   11.60138  1.21%   816 1148s
 60451 29767   11.67446   56 1898   11.74333   11.60138  1.21%   818 1154s
 60556 29838   11.68469   60 1915   11.74333   11.60138  1.21%   821 1160s
 60688 29904   11.69119   64 1888   11.74333   11.60138  1.21%   823 1166s
 60814 29958   11.69813   69 1855   11.74333   11.60138  1.21%   826 1171s
 60927 30049   11.70393   71 1858   11.74333   11.60138  1.21%   828 1177s
 61073 30131   11.70649   76 1870   11.74333   11.60138  1.21%   831 1182s
 61212 30153   11.71274   82 1863   11.74333   11.60138  1.21%   833 1189s
H61223 28698                      11.7429782   11.60138  1.21%   834 1189s
 61285 28815   11.71564   84 1844   11.74298   11.60138  1.21%   835 1195s
 61445 28921   11.72170   88 1889   11.74298   11.60138  1.21%   838 1202s
 61619 29012   11.73252   97 1833   11.74298   11.60138  1.21%   841 1207s
 61795 29123   11.73765  106 1818   11.74298   11.60138  1.21%   845 1214s
 61996 29214   11.74155  110 1857   11.74298   11.60138  1.21%   848 1220s
 62190 29329   11.71399   65 2002   11.74298   11.60138  1.21%   853 1226s
H62257 27929                      11.7429777   11.60138  1.21%   854 1226s
H62338 26592                      11.7429776   11.60138  1.21%   855 1226s
 62412 26772   11.72215   71 1959   11.74298   11.60138  1.21%   856 1233s
 62668 26902   11.72774   81 1883   11.74298   11.60138  1.21%   860 1240s
 62922 27077   11.73547   92 1808   11.74298   11.60138  1.21%   863 1248s
 63203 27235     cutoff  106        11.74298   11.60138  1.21%   867 1257s
 63475 27324     cutoff  106        11.74298   11.60189  1.20%   871 1265s
H63478 26079                      11.7429067   11.60189  1.20%   871 1265s
 63673 26287   11.65059   38 2139   11.74291   11.60189  1.20%   874 1273s
 63979 26516   11.66471   45 2046   11.74291   11.60189  1.20%   878 1280s
H63999 25328                      11.7429066   11.60189  1.20%   878 1280s
H64186 24143                      11.7429065   11.60189  1.20%   881 1280s
 64322 24180   11.66766   47 2030   11.74291   11.60189  1.20%   882 1287s
H64340 23108                      11.7429063   11.60189  1.20%   882 1287s
H64387 22079                      11.7429063   11.60189  1.20%   883 1287s
 64418 22362   11.66924   48 2037   11.74291   11.60189  1.20%   883 1296s
H64686 21311                      11.7429060   11.60224  1.20%   886 1296s
 64751 21690   11.67083   49 2024   11.74291   11.60224  1.20%   887 1305s
 65164 21996   11.67245   50 2034   11.74291   11.60239  1.20%   892 1315s
 65653 22418   11.67576   52 2041   11.74291   11.60309  1.19%   897 1327s
 66279 22797   11.69597   64 2031   11.74291   11.60309  1.19%   903 1337s
 66882 23313   11.71298   74 1969   11.74291   11.60309  1.19%   907 1345s
 67676 23801   11.73259   88 1893   11.74291   11.60412  1.18%   911 1355s
 68498 24386   11.61287   48 1937   11.74291   11.60437  1.18%   914 1364s
 69414 24814   11.62407   54 1956   11.74291   11.60437  1.18%   916 1375s
 70249 25347   11.63939   64 1998   11.74291   11.60470  1.18%   920 1385s
 71144 25883   11.65622   73 1965   11.74291   11.60470  1.18%   922 1394s
 72051 26283   11.66887   85 1876   11.74291   11.60470  1.18%   924 1406s
 72866 26758   11.69896  106 1522   11.74291   11.60470  1.18%   928 1417s
 73669 27241   11.73084  167 1322   11.74291   11.60515  1.17%   931 1427s
 74516 27406   11.61334   53 1945   11.74291   11.60515  1.17%   935 1438s
H74810 26393                      11.7428773   11.60543  1.17%   936 1438s
 74978 27115   11.61480   54 1948   11.74288   11.60543  1.17%   936 1450s
 75824 27628   11.63228   65 1951   11.74288   11.60543  1.17%   941 1461s
 76711 28165   11.65776   79 1897   11.74288   11.60543  1.17%   946 1472s
 77613 28895   11.66992   86 1872   11.74288   11.60543  1.17%   950 1484s
H77616 28025                      11.7428768   11.60543  1.17%   951 1484s
H78100 27039                      11.7428767   11.60543  1.17%   951 1484s
H78634 26077                      11.7428764   11.60543  1.17%   955 1484s
 78681 27140   11.69343  109 1559   11.74288   11.60543  1.17%   955 1499s
 79873 27827   11.70687  129 1497   11.74288   11.60614  1.16%   959 1510s
 81035 28810   11.72870  159 1448   11.74288   11.60625  1.16%   963 1525s
 82551 29673   11.61624   52 2007   11.74288   11.60625  1.16%   965 1537s
 84022 30631   11.62319   54 2036   11.74288   11.60625  1.16%   966 1551s
 85646 31589   11.62664   57 2038   11.74288   11.60625  1.16%   966 1565s
 87266 32529   11.62880   58 2032   11.74288   11.60661  1.16%   965 1580s
 88930 33817   11.63643   63 2024   11.74288   11.60661  1.16%   965 1597s
 90969 34535   11.63914   66 1995   11.74288   11.60661  1.16%   966 1609s
 92502 35310   11.63980   65 2042   11.74288   11.60693  1.16%   964 1622s
 94011 35985   11.64294   68 1986   11.74288   11.60693  1.16%   963 1635s
 95559 36531   11.65258   76 1958   11.74288   11.60693  1.16%   962 1648s
 96779 37234   11.67014   85 1807   11.74288   11.60721  1.16%   964 1662s
 98013 37802   11.67376   91 1641   11.74288   11.60721  1.16%   967 1677s
 99148 38800   11.68215  103 1557   11.74288   11.60721  1.16%   973 1692s
 100728 40040   11.68626  114 1585   11.74288   11.60721  1.16%   976 1708s
 102632 41068   11.69062  138 1472   11.74288   11.60721  1.16%   977 1724s
 104480 42396   11.69926  171 1310   11.74288   11.60730  1.15%   977 1743s
 106477 44405   11.71127  246 1019   11.74288   11.60730  1.15%   979 1760s
 108616 46426   11.72323  354 1049   11.74288   11.60849  1.14%   977 1777s
 110809 48568   11.72818  496  997   11.74288   11.60849  1.14%   976 1794s
 113163 51114   11.73391  654 1033   11.74288   11.60882  1.14%   975 1813s
 115941 53481   11.73984  713 1056   11.74288   11.60882  1.14%   974 1832s
 118660 55672   11.61511   48 2000   11.74288   11.60898  1.14%   972 1860s
 121173 57990   11.62996   57 1992   11.74288   11.60898  1.14%   974 1887s
 123727 60171   11.65334   76 2027   11.74288   11.60898  1.14%   979 1915s
 126356 62564   11.70225  126 1435   11.74288   11.60898  1.14%   984 1943s
 129017 65962   11.62238   51 1978   11.74288   11.60934  1.14%   989 1971s
 132691 70075   11.66819   83 1888   11.74288   11.60934  1.14%   988 2001s
 137110 74585     cutoff  178        11.74288   11.60934  1.14%   985 2030s
 141985 78901   11.63001   58 2081   11.74288   11.60934  1.14%   978 2056s
 146693 81601   11.65349   78 1973   11.74288   11.61007  1.13%   968 2078s
 149788 84278   11.70278  128 1612   11.74288   11.61007  1.13%   967 2108s
 153062 86009   11.62816   55 1953   11.74288   11.61007  1.13%   972 2140s
 155072 88627   11.65848   77 1933   11.74288   11.61007  1.13%   979 2177s
 157933 91156   11.62890   54 2093   11.74288   11.61169  1.12%   989 2213s
 160866 94212   11.69724  116 1519   11.74288   11.61169  1.12%   999 2252s
 164324 97036   11.67595   94 1935   11.74288   11.61169  1.12%  1010 2292s
 167635 99384   11.63467   62 2036   11.74288   11.61240  1.11%  1020 2330s
 170236 102315   11.69719  135 1598   11.74288   11.61240  1.11%  1031 2372s
 173523 104950   11.69126   76 2022   11.74288   11.61240  1.11%  1041 2413s
 176551 106646   11.63018   51 2102   11.74288   11.61240  1.11%  1051 2453s
 178446 109885   11.65344   77 2013   11.74288   11.61356  1.10%  1061 2498s
 181720 114501   11.68788  131 1433   11.74288   11.61356  1.10%  1068 2532s
 186540 119560   11.70513  245 1381   11.74288   11.61356  1.10%  1066 2559s
 191686 124481   11.70766  487 1061   11.74288   11.61391  1.10%  1054 2578s
 196744 128395   11.71170  522 1116   11.74288   11.61404  1.10%  1042 2595s
 200921 131765   11.71459  644 1061   11.74288   11.61404  1.10%  1033 2611s
 204690 134578   11.71673  696 1084   11.74288   11.61404  1.10%  1025 2626s
 207840 137713   11.72029  769 1067   11.74288   11.61404  1.10%  1020 2642s
 211156 145622   11.72255  889  962   11.74288   11.61404  1.10%  1014 2677s
 219934 148843   11.73003 1150 1030   11.74288   11.61445  1.09%   997 2690s
 223581 150952   11.73351 1325  984   11.74288   11.61451  1.09%   990 2704s
 225916 154058     cutoff 1426        11.74288   11.61451  1.09%   985 2719s
 229349 156338   11.63175   55 2112   11.74288   11.61455  1.09%   979 2732s
 231940 158479   11.65041   67 2061   11.74288   11.61456  1.09%   977 2748s
 234473 160530   11.68263   94 2002   11.74288   11.61458  1.09%   975 2763s
 236890 162208   11.71889  131 1624   11.74288   11.61458  1.09%   974 2779s
 238854 164340   11.62206   49 2128   11.74288   11.61458  1.09%   974 2794s
 241081 168672   11.65264   74 2013   11.74288   11.61458  1.09%   973 2825s
 245792 171941     cutoff  188        11.74288   11.61458  1.09%   970 2846s
 249294 174586   11.65138   67 2068   11.74288   11.61458  1.09%   966 2866s
 252262 177222   11.69581  103 1939   11.74288   11.61458  1.09%   964 2888s
 255257 179473 infeasible  175        11.74288   11.61474  1.09%   963 2910s
 257982 181463   11.63502   63 2123   11.74288   11.61479  1.09%   963 2933s
 260246 182473   11.65031   76 2009   11.74288   11.61479  1.09%   964 2958s
H260815 137110                      11.7305330   11.61480  0.99%   965 2958s

Cutting planes:
  Learned: 129
  Gomory: 266
  Cover: 249
  Implied bound: 78
  Projected implied bound: 12
  Clique: 1
  MIR: 248
  Mixing: 2
  Flow cover: 763
  GUB cover: 7
  Zero half: 1
  Network: 63
  RLT: 556
  Relax-and-lift: 117
  BQP: 5
  PSD: 3

Explored 261482 nodes (252684683 simplex iterations) in 2958.47 seconds (6573.23 work units)
Thread count was 32 (of 104 available processors)

Solution count 10: 11.7305 11.7305 11.7429 ... 11.7435

Optimal solution found (tolerance 1.00e-02)
Best objective 1.173053295401e+01, best bound 1.161493101530e+01, gap 0.9855%
m.flow_changes_penalty(): 820.0
Total operational cost: 116485.33
Maximum power (kW): 1210.08
Discharge energy capacity (kWh): 12743.10
Charge energy capacity (kWh): 12292.90
Levelized Cost of Flexibility ($/kWh): 0.17
{'fixed_demand_cost': 5416.043529182117, 'variable_demand_cost': 4900.500405951007, 'fixed_monthly_cost': 171938.17204301074, 'total_water_production': 282179.67123287614, 'total_energy_cost': 19971.247802414484, 'total_demand_cost': 10316.543935133124, 'total_customer_cost': 0.0, 'total_feed_cost': 51036.51517958748, 'total_brine_cost': 15823.375915004375, 'total_chemical_cost': 19337.646707983615, 'total_water_revenue': 0.0, 'total_demand_response_revenue': 0.0, 'total_emissions_cost': 0.0, 'total_op_cost': 116485.32954012307, 'fixed_cost': 121551.98252688172, 'total_cost': 238037.3120670048, 'LCOW': 0.8435664802747548, 'degree_of_flex': 0.1437125748502994, 'total_replacement_cost': 1430.3939899298148, 'maximum_power': 1210.078248542252, 'discharge_energy_capacity': 12743.101343411085, 'charge_energy_capacity': 12292.903247388529, 'discharge_power_capacity': 509.7240537364434, 'charge_power_capacity': 85.96435837334636, 'round_trip_efficiency': 0, 'LVOF': 0.17125159811080665}
Saved operation variable results to: /home/rchurchi/watertap_test/watertap/tutorials/flex_ro/wrd_result_summer_both_4_flexible_trains.csv
Saved summary results to: /home/rchurchi/watertap_test/watertap/tutorials/flex_ro/wrd_pricetaker_summary_results_20260828_115222.csv
