2026-07-19 14:59:01 [INFO] idaes.core.surrogate.pysmo_surrogate: Decode surrogate. type=poly

===========================Polynomial Regression===============================================

The number of cross-validation cases (3) is used.
The default training/cross-validation split of 0.75 is used.
No iterations will be run.
Default parameter estimation method is used.
Parameter estimation method:  pyomo 

2026-07-19 14:59:01 [INFO] idaes.core.surrogate.pysmo_surrogate: Decode surrogate. type=poly

===========================Polynomial Regression===============================================

The number of cross-validation cases (3) is used.
The default training/cross-validation split of 0.75 is used.
No iterations will be run.
Default parameter estimation method is used.
Parameter estimation method:  pyomo 

2026-07-19 14:59:01 [INFO] idaes.core.surrogate.pysmo_surrogate: Decode surrogate. type=poly

===========================Polynomial Regression===============================================

The number of cross-validation cases (3) is used.
The default training/cross-validation split of 0.75 is used.
No iterations will be run.
Default parameter estimation method is used.
Parameter estimation method:  pyomo 

2026-07-19 14:59:01 [INFO] idaes.core.surrogate.pysmo_surrogate: Decode surrogate. type=poly

===========================Polynomial Regression===============================================

The number of cross-validation cases (3) is used.
The default training/cross-validation split of 0.75 is used.
No iterations will be run.
Default parameter estimation method is used.
Parameter estimation method:  pyomo 

2026-07-19 14:59:03 [INFO] idaes.apps.grid_integration.pricetaker.price_taker_model: Found minimum uptime/downtime data for pretreatment.uf_pumps[1] - Adding minimum uptime/downtime constraints.
2026-07-19 14:59:03 [INFO] idaes.apps.grid_integration.pricetaker.price_taker_model: Created startup/shutdown constraints for operation model  pretreatment.uf_pumps[1] at uf_pumps_1_startup_shutdown.
2026-07-19 14:59:03 [INFO] idaes.apps.grid_integration.pricetaker.price_taker_model: Found minimum uptime/downtime data for pretreatment.uf_pumps[2] - Adding minimum uptime/downtime constraints.
2026-07-19 14:59:03 [INFO] idaes.apps.grid_integration.pricetaker.price_taker_model: Created startup/shutdown constraints for operation model  pretreatment.uf_pumps[2] at uf_pumps_2_startup_shutdown.
2026-07-19 14:59:03 [INFO] idaes.apps.grid_integration.pricetaker.price_taker_model: Found minimum uptime/downtime data for pretreatment.uf_pumps[3] - Adding minimum uptime/downtime constraints.
2026-07-19 14:59:03 [INFO] idaes.apps.grid_integration.pricetaker.price_taker_model: Created startup/shutdown constraints for operation model  pretreatment.uf_pumps[3] at uf_pumps_3_startup_shutdown.
2026-07-19 14:59:03 [INFO] idaes.apps.grid_integration.pricetaker.price_taker_model: Found minimum uptime/downtime data for reverse_osmosis.ro_skid[1] - Adding minimum uptime/downtime constraints.
2026-07-19 14:59:03 [INFO] idaes.apps.grid_integration.pricetaker.price_taker_model: Created startup/shutdown constraints for operation model  reverse_osmosis.ro_skid[1] at ro_skid_1_startup_shutdown.
2026-07-19 14:59:03 [INFO] idaes.apps.grid_integration.pricetaker.price_taker_model: Found minimum uptime/downtime data for reverse_osmosis.ro_skid[2] - Adding minimum uptime/downtime constraints.
2026-07-19 14:59:03 [INFO] idaes.apps.grid_integration.pricetaker.price_taker_model: Created startup/shutdown constraints for operation model  reverse_osmosis.ro_skid[2] at ro_skid_2_startup_shutdown.
2026-07-19 14:59:03 [INFO] idaes.apps.grid_integration.pricetaker.price_taker_model: Found minimum uptime/downtime data for reverse_osmosis.ro_skid[3] - Adding minimum uptime/downtime constraints.
2026-07-19 14:59:03 [INFO] idaes.apps.grid_integration.pricetaker.price_taker_model: Created startup/shutdown constraints for operation model  reverse_osmosis.ro_skid[3] at ro_skid_3_startup_shutdown.
2026-07-19 14:59:03 [INFO] idaes.apps.grid_integration.pricetaker.price_taker_model: Found minimum uptime/downtime data for reverse_osmosis.ro_skid[4] - Adding minimum uptime/downtime constraints.
2026-07-19 14:59:03 [INFO] idaes.apps.grid_integration.pricetaker.price_taker_model: Created startup/shutdown constraints for operation model  reverse_osmosis.ro_skid[4] at ro_skid_4_startup_shutdown.
4364
Set parameter TokenServer to value "10.60.1.73"
Set parameter LogToConsole to value 1
Set parameter MIPGap to value 0.0075
Gurobi Optimizer version 12.0.3 build v12.0.3rc0 (linux64 - "Red Hat Enterprise Linux 8.8 (Ootpa)")

CPU model: Intel(R) Xeon(R) Platinum 8470QL, instruction set [SSE2|AVX|AVX2|AVX512]
Thread count: 104 physical cores, 104 logical processors, using up to 32 threads

Non-default parameters:
MIPGap  0.0075

Optimize a model with 17951 rows, 16467 columns and 49327 nonzeros
Model fingerprint: 0x24d3b706
Model has 168 quadratic objective terms
Model has 2352 quadratic constraints
Variable types: 11259 continuous, 5208 integer (5208 binary)
Coefficient statistics:
  Matrix range     [5e-04, 2e+03]
  QMatrix range    [2e-07, 1e+00]
  QLMatrix range   [3e-04, 1e+00]
  Objective range  [1e-05, 1e-03]
  QObjective range [2e-04, 2e-04]
  Bounds range     [9e-01, 1e+03]
  RHS range        [5e-02, 3e+05]
  QRHS range       [3e-01, 3e-01]
Presolve removed 6904 rows and 7586 columns
Presolve time: 0.10s
Presolved: 20287 rows, 9386 columns, 53728 nonzeros
Presolved model has 336 SOS constraint(s)
Presolved model has 2352 bilinear constraint(s)

Solving non-convex MIQCP

Variable types: 5740 continuous, 3646 integer (3646 binary)
Found heuristic solution: objective 12.5406438

Root relaxation: unbounded, 0 iterations, 0.01 seconds (0.00 work units)

    Nodes    |    Current Node    |     Objective Bounds      |     Work
 Expl Unexpl |  Obj  Depth IntInf | Incumbent    BestBd   Gap | It/Node Time

     0     2  postponed    0        12.54064          -      -     -    2s
     3     8  postponed    2        12.54064          -      -  4755    5s
    47    54  postponed    6        12.54064          -      -  8867   11s
   117   151  postponed    8        12.54064          -      -  8040   17s
   186   246  postponed    9        12.54064          -      -  8886   22s
   347   669 infeasible   11        12.54064          -      -  8457   30s
   980  1258 infeasible   20        12.54064          -      -  3621   41s
  1909  2100 infeasible   34        12.54064          -      -  2261   60s
  3295  3064 infeasible   55        12.54064          -      -  1671   85s
H 4606  3064                      12.5406436          -      -  1456   85s
  4959  4861  postponed   79        12.54064          -      -  1426  108s
H 5430  4861                      12.5406436          -      -  1397  108s
  7485  7599 infeasible  101        12.54064          -      -  1202  127s
 10764  9896  postponed  120        12.54064          -      -  1028  144s
 13637 11202 infeasible  133        12.54064          -      -   952  158s
 15503 11204    9.52118   34 2016   12.54064    9.52118  24.1%   931  178s
 15504 11205   10.96869   96 1727   12.54064   10.96869  12.5%   931  184s
 15505 11206   12.26832  712 1433   12.54064   11.15353  11.1%   931  187s
 15506 11206   11.38599  223 1237   12.54064   11.38599  9.21%   931  191s
 15507 11207   12.14825  660 1816   12.54064   11.43765  8.80%   930  196s
 15508 11208   11.47507  336 2117   12.54064   11.47507  8.50%   930  203s
 15509 11208   12.35514  214 2506   12.54064   11.48648  8.41%   930  207s
 15510 11209   11.49998   59 2311   12.54064   11.49998  8.30%   930  212s
 15511 11210   11.50281   61 2460   12.54064   11.50281  8.28%   930  215s
 15512 11210   12.20473  194 2523   12.54064   11.50950  8.22%   930  220s
 15514 11212   11.53369  188 2442   12.54064   11.53369  8.03%   930  229s
 15515 11212   12.52695  801 2522   12.54064   11.53634  8.01%   930  232s
 15516 11213   11.54106  197 2467   12.54064   11.54106  7.97%   930  236s
 15518 11214   12.10267  599 2439   12.54064   11.54385  7.95%   930  241s
 15521 11216   11.54471  133 2420   12.54064   11.54471  7.94%   930  245s
 15524 11218   12.23049  635 2416   12.54064   11.54538  7.94%   929  250s
 15527 11220   11.54548  132 2395   12.54064   11.54548  7.94%   929  271s
 15528 11221   11.54548   43 2395   12.54064   11.54548  7.94%   929  290s
 15529 11225   11.57237   11 4372   12.54064   11.54548  7.94%   941  490s
 15531 11228   11.60611   12 2927   12.54064   11.57237  7.72%   942  512s
 15535 11235   11.62265   13 2921   12.54064   11.60611  7.45%   945  528s
 15543 11248   11.66894   14 2079   12.54064   11.62265  7.32%   954  551s
 15559 11275   11.71347   15 2274   12.54064   11.66632  6.97%   970  574s
 15591 11296   11.72165   16 2483   12.54064   11.67570  6.90%  1004  593s
 15623 11364   11.75538   17 3019   12.54064   11.67570  6.90%  1022  612s
 15702 11431   11.84563   20 2088   12.54064   11.67570  6.90%  1070  629s
 15795 11489   11.87192   22 1895   12.54064   11.67570  6.90%  1103  650s
 15884 11550   11.87809   24 1821   12.54064   11.67570  6.90%  1132  664s
 15975 11615   12.00674   24 2716   12.54064   11.67570  6.90%  1147  676s
 16071 11651   11.92620   26 1863   12.54064   11.67570  6.90%  1164  692s
 16141 11704   12.04994   27 1933   12.54064   11.67570  6.90%  1189  705s
 16219 11752   12.05754   28 1890   12.54064   11.67570  6.90%  1221  722s
 16301 11796   12.07412   30 1667   12.54064   11.67570  6.90%  1251  736s
 16382 11850   12.11045   31 1578   12.54064   11.67570  6.90%  1281  749s
 16474 11912   12.19879   33 1822   12.54064   11.67570  6.90%  1317  783s
 16575 11976   12.38109   34 1831   12.54064   11.71347  6.60%  1365  799s
 16682 12026   12.19336   36 1445   12.54064   11.71347  6.60%  1403  812s
 16782 12113   12.19536   38 1428   12.54064   11.71347  6.60%  1434  826s
 16918 12162   12.19792   39 2194   12.54064   11.71347  6.60%  1462  840s
 17041 12271   12.19881   40 1369   12.54064   11.71347  6.60%  1502  853s
 17208 12400   12.19921   41 1356   12.54064   11.71347  6.60%  1519  869s
 17407 12504   12.20699   46 1365   12.54064   11.71347  6.60%  1536  880s
 17600 12633   12.20169   47 1242   12.54064   11.71347  6.60%  1556  894s
 17817 12836   12.20298   49 1236   12.54064   11.72749  6.48%  1576  908s
 18102 12778   12.20519   56 1233   12.54064   11.72749  6.48%  1582  920s
H18103 12216                      12.5406384   11.72749  6.48%  1582  920s
 18145 12445   12.20519   57 1231   12.54064   11.72749  6.48%  1583  935s
 18405 12626   12.21223   65 1210   12.54064   11.72749  6.48%  1598  947s
 18697 12850   12.22235   74 1152   12.54064   11.72749  6.48%  1610  964s
 19043 13117   12.20781   84 1192   12.54064   11.72749  6.48%  1626  978s
 19458 13365   12.20782   95 1101   12.54064   11.72749  6.48%  1624  994s
 19863 13711   12.23085  106 1215   12.54064   11.72749  6.48%  1637 1015s
 20354 14123   12.20784  108 1105   12.54064   11.72749  6.48%  1632 1030s
 20944 14350   12.20686  124 1166   12.54064   11.72749  6.48%  1624 1047s
H20978 11506                      12.2524816   11.72749  4.28%  1622 1047s
H21127 10942                      12.2491985   11.72749  4.26%  1614 1047s
H21193 10432                      12.2469970   11.72749  4.24%  1614 1047s
H21235  9232                      12.2247800   11.72749  4.07%  1612 1047s
 21369  8919   12.20686  141 1159   12.22478   11.72749  4.07%  1616 1062s
H21447  8149                      12.1942475   11.72749  3.83%  1614 1062s
 21706  8092     cutoff  159        12.19425   11.74917  3.65%  1621 1079s
H21750  7664                      12.1923245   11.74917  3.63%  1623 1079s
H21860  7235                      12.1894218   11.74917  3.61%  1625 1079s
 21924  7205   11.87346   19 4528   12.18942   11.74917  3.61%  1639 1103s
H21962  6819                      12.1750565   11.74917  3.50%  1640 1103s
 22063  6891   12.00030   22 4213   12.17506   11.74917  3.50%  1662 1120s
 22298  6928   12.07626   22 4345   12.17506   11.74917  3.50%  1688 1145s
H22353  6556                      12.1750535   11.74917  3.50%  1693 1145s
H22374  6213                      12.1750532   11.74917  3.50%  1701 1145s
H22388  5707                      12.1638276   11.74917  3.41%  1709 1145s
 22481  5728   12.12750   27 4116   12.16383   11.74917  3.41%  1724 1165s
 22627  5804   12.14815   30 4068   12.16383   11.75490  3.36%  1765 1183s
 22816  5993   12.14868   31 4039   12.16383   11.75490  3.36%  1803 1208s
 23114  6115     cutoff   32        12.16383   11.75490  3.36%  1842 1229s
H23139  5803                      12.1638275   11.76123  3.31%  1849 1229s
H23249  5473                      12.1624471   11.76123  3.30%  1860 1229s
 23385  5654     cutoff   34        12.16245   11.76123  3.30%  1878 1252s
H23387  5379                      12.1624471   11.76123  3.30%  1878 1252s
H23394  5117                      12.1624471   11.76123  3.30%  1878 1252s
 23660  5305   12.02854   25 1809   12.16245   11.76123  3.30%  1923 1273s
H23991  5199                      12.1624471   11.76123  3.30%  1957 1301s
H23998  4962                      12.1624471   11.76123  3.30%  1961 1301s
H24166  4678                      12.1614489   11.77583  3.17%  1985 1301s
 24298  4866   12.15149   34 1577   12.16145   11.77583  3.17%  2008 1324s
H24328  4644                      12.1614489   11.77583  3.17%  2011 1324s
H24434  4407                      12.1614484   11.77583  3.17%  2015 1324s
H24591  4466                      12.1614484   11.79084  3.05%  2068 1349s
H24893  4183                      12.1614484   11.79084  3.05%  2096 1349s
H24957  3960                      12.1601639   11.79084  3.04%  2117 1349s
 24962  4233   12.09501   19 4505   12.16016   11.79084  3.04%  2119 1373s
 25323  4366   12.12543   20 4280   12.16016   11.79084  3.04%  2174 1397s
 25667  4634     cutoff   24        12.16016   11.81783  2.82%  2228 1421s
 26059  4851     cutoff   24        12.16016   11.81783  2.82%  2277 1448s
H26060  4851                      12.1601639   11.81783  2.82%  2276 1448s
H26070  4752                      12.1579864   11.82072  2.77%  2278 1448s
H26102  4747                      12.1578606   11.82072  2.77%  2286 1448s
H26120  4740                      12.1576694   11.82072  2.77%  2288 1448s
H26197  4739                      12.1576087   11.82212  2.76%  2290 1448s
H26200  4739                      12.1575884   11.82212  2.76%  2291 1448s
H26291  4739                      12.1575518   11.82446  2.74%  2300 1448s
 26358  4824     cutoff   24        12.15755   11.82452  2.74%  2315 1476s
 26602  4910     cutoff   21        12.15755   11.82614  2.73%  2372 1505s
H26603  4557                      12.1548334   11.82614  2.70%  2372 1505s
H26606  4527                      12.1546360   11.82614  2.70%  2373 1505s
 26742  4706   11.95474   19 2482   12.15464   11.82614  2.70%  2405 1533s
H26999  4706                      12.1546359   11.82732  2.69%  2449 1533s
 27074  4993   12.13677   29 1557   12.15464   11.82732  2.69%  2458 1562s
 27493  5380   12.08368   20 4433   12.15464   11.82732  2.69%  2506 1591s
 27970  5717   12.11343   22 4310   12.15464   11.82732  2.69%  2544 1624s
H28467  6054                      12.1546265   11.82732  2.69%  2593 1655s
H28480  6054                      12.1546265   11.82732  2.69%  2598 1655s
H28568  6054                      12.1546264   11.82732  2.69%  2609 1655s
H28850  6054                      12.1546264   11.84122  2.58%  2635 1655s
 28944  6363     cutoff   24        12.15463   11.84122  2.58%  2640 1692s
 29426  6882     cutoff   29        12.15463   11.84122  2.58%  2712 1740s
 30129  7318   12.15313   32 1569   12.15463   11.85266  2.48%  2780 1785s
 30787  7675   12.13677   28 2041   12.15463   11.85735  2.45%  2841 1826s
 31327  8117   12.14526   35 1500   12.15463   11.86767  2.36%  2922 1874s
 31928  8369   12.06777   26 4308   12.15463   11.86767  2.36%  3000 1920s
H32079  8369                      12.1546258   11.86925  2.35%  3012 1920s
 32343  8780   12.07527   27 4283   12.15463   11.86993  2.34%  3040 1975s
H32636  8780                      12.1546258   11.86993  2.34%  3065 1975s
H32638  8176                      12.1527113   11.86993  2.33%  3065 1975s
 32925  8613   12.07563   28 4250   12.15271   11.87007  2.33%  3086 2034s
H32991  8596                      12.1525545   11.87007  2.32%  3101 2034s
 33606  9215   12.09191   46 3911   12.15255   11.87007  2.32%  3163 2091s
H34374  9479                      12.1516853   11.87969  2.24%  3224 2152s
H34429  9335                      12.1512481   11.87969  2.23%  3239 2152s
H35062  9317                      12.1512166   11.88019  2.23%  3284 2152s
H35149 10085                      12.1512166   11.88019  2.23%  3286 2213s
H35953 10085                      12.1512166   11.88200  2.22%  3342 2213s
 36114 10924   11.94934   38 4193   12.15122   11.88637  2.18%  3345 2274s
 37120 12130   11.99479   45 4030   12.15122   11.88720  2.17%  3389 2331s
H37361 12130                      12.1512166   11.88902  2.16%  3416 2331s
 38501 13600   12.01192   54 4060   12.15122   11.89050  2.15%  3392 2395s
H38517 13600                      12.1512165   11.89050  2.15%  3394 2395s
H38556 13600                      12.1512159   11.89211  2.13%  3401 2395s
H40030 13600                      12.1512158   11.89309  2.12%  3383 2395s
 40174 14539   12.14577   62 3580   12.15122   11.89309  2.12%  3373 2458s
H40191 14539                      12.1512157   11.89309  2.12%  3376 2458s
 41466 15097   12.03163   71 3340   12.15122   11.89309  2.12%  3407 2518s
 42235 15531   12.12754   80 2345   12.15122   11.89617  2.10%  3479 2580s
 42957 16582   12.02488   64 3819   12.15122   11.89690  2.09%  3572 2650s
 44204 17632   12.07432   74 3673   12.15122   11.89690  2.09%  3627 2729s
 45570 18406   12.07079   78 3485   12.15122   11.90085  2.06%  3684 2801s
 46670 19079   12.08730  103 3008   12.15122   11.90206  2.05%  3761 2873s
 47713 19559   12.13658  151 2355   12.15122   11.90491  2.03%  3858 2956s
 48617 20412   11.98268   93 3151   12.15122   11.90491  2.03%  3966 3037s
 49790 21290   12.05748   89 3404   12.15122   11.90491  2.03%  4047 3126s
 51015 22356   12.10017  112 2727   12.15122   11.91351  1.96%  4141 3218s
H51772 22356                      12.1512156   11.91351  1.96%  4187 3218s
 52367 22955   12.14816  155 2133   12.15122   11.91351  1.96%  4228 3318s
H52497 16301                      12.1376412   11.91351  1.85%  4245 3318s
H52518  6091                      12.0804101   11.91351  1.38%  4250 3318s
 53255  5950     cutoff   46        12.08041   11.91351  1.38%  4282 3419s
 54046  6260   12.06253   63 3638   12.08041   11.91886  1.34%  4395 3538s
H54064  5535                      12.0719738   11.91886  1.27%  4400 3538s
H54093  5532                      12.0719559   11.91886  1.27%  4403 3538s
H54189  5521                      12.0717468   11.91886  1.27%  4417 3538s
H54254  5506                      12.0714825   11.91886  1.26%  4428 3538s
 54844  5733     cutoff   80        12.07148   11.91886  1.26%  4512 3655s
 55850  6071     cutoff   56        12.07148   11.92534  1.21%  4632 3783s
H56100  6055                      12.0713255   11.92675  1.20%  4672 3783s
H56304  6029                      12.0709945   11.92675  1.19%  4699 3783s
 56855  6604     cutoff  111        12.07099   11.92840  1.18%  4762 3925s
 58014  6945   12.02066   27 4314   12.07099   11.93178  1.15%  4889 4043s
H58399  6945                      12.0709945   11.93234  1.15%  4940 4043s
 58993  8604   11.97982   37 4140   12.07099   11.93347  1.14%  4996 4254s
H59228  8604                      12.0709945   11.93459  1.13%  5005 4254s
H61755  8604                      12.0709945   11.93589  1.12%  5117 4254s
 61843  9237     cutoff  261        12.07099   11.93679  1.11%  5130 4406s
H61844  9237                      12.0709945   11.93679  1.11%  5130 4406s
 63367 10497   12.02371   46 3920   12.07099   11.94021  1.08%  5249 4583s
H63907 10492                      12.0709331   11.94021  1.08%  5280 4583s
 65695 12026     cutoff   62        12.07093   11.94248  1.06%  5337 4750s
H66494 12026                      12.0709331   11.94260  1.06%  5372 4750s
H66588 12023                      12.0708518   11.94260  1.06%  5382 4750s
 68294 14199     cutoff   22        12.07085   11.94524  1.04%  5394 4919s
H68298 14197                      12.0708321   11.94524  1.04%  5395 4919s
H69708 14197                      12.0708295   11.94553  1.04%  5423 4919s
 71644 15644   11.96286   49 3982   12.07083   11.94712  1.02%  5421 5084s
H72530 15644                      12.0708292   11.94712  1.02%  5461 5084s
H73597 15644                      12.0708260   11.94928  1.01%  5468 5084s
H74135 15643                      12.0708219   11.95009  1.00%  5472 5084s
H74287 18550                      12.0708218   11.95033  1.00%  5474 5251s
H74534 18550                      12.0708218   11.95033  1.00%  5470 5251s
H74538 18478                      12.0700900   11.95033  0.99%  5470 5251s
H75438 17907                      12.0672004   11.95033  0.97%  5460 5251s
 77972 20527     cutoff  298        12.06720   11.95033  0.97%  5387 5413s
H78859 20526                      12.0671750   11.95108  0.96%  5384 5413s
H80883 20523                      12.0671706   11.95200  0.95%  5381 5413s
 81746 25239   11.97722  131 2513   12.06717   11.95356  0.94%  5373 5563s
 87415 30344   11.99323  153 2211   12.06717   11.95477  0.93%  5249 5747s
H89342 30297                      12.0669565   11.95477  0.93%  5223 5747s
H89978 30293                      12.0669455   11.95477  0.93%  5221 5747s
 93970 32774   12.05643  239 1658   12.06695   11.95643  0.92%  5163 5842s
 97106 35866   12.06231  193 1923   12.06695   11.95724  0.91%  5129 5947s
 101041 38261   12.06160   61 3752   12.06695   11.95755  0.91%  5061 6036s
H102653 38261                      12.0669454   11.95807  0.90%  5043 6036s
 104185 41738   11.97325  131 2426   12.06695   11.95868  0.90%  5032 6125s
 108395 45591   12.00281  152 2228   12.06695   11.95868  0.90%  4972 6214s
 112895 49811   12.06376  246 1800   12.06695   11.95868  0.90%  4901 6294s
H116274 49811                      12.0669447   11.95975  0.89%  4846 6294s
 117712 56521   12.02117  184 2206   12.06694   11.95992  0.89%  4820 6458s
 126247 59047   12.03940  203 1807   12.06694   11.96066  0.88%  4724 6525s
 129418 62298   11.98565  153 2204   12.06694   11.96091  0.88%  4693 6591s
 133223 65515   12.00381  166 2209   12.06694   11.96093  0.88%  4646 6657s
 136963 68129   12.06536  245 1740   12.06694   11.96137  0.87%  4601 6721s
 140358 70670     cutoff   80        12.06694   11.96150  0.87%  4568 6798s
 143704 72954   12.06455  240 1721   12.06694   11.96176  0.87%  4531 6861s
 146681 79901   12.03273  174 2302   12.06694   11.96197  0.87%  4513 7005s
 154922 82412   12.06599  235 2042   12.06694   11.96219  0.87%  4433 7064s
 158058 85050   12.00837  162 2227   12.06694   11.96226  0.87%  4412 7133s
 161240 88477   11.96548  132 2297   12.06694   11.96238  0.87%  4388 7194s
 165121 91106     cutoff  249        12.06694   11.96253  0.87%  4349 7252s
 168264 93983   12.00246  168 2249   12.06694   11.96263  0.86%  4325 7312s
 171353 97891   12.05087  269 1643   12.06694   11.96263  0.86%  4303 7372s
 175524 100548   12.06357  380 1458   12.06694   11.96272  0.86%  4255 7429s
 178509 105422   11.96781  136 2335   12.06694   11.96283  0.86%  4245 7557s
 184685 108376   12.04167   67 3535   12.06694   11.96297  0.86%  4232 7627s
 188370 111228   12.02658  193 1956   12.06694   11.96314  0.86%  4216 7693s
 191895 113956   12.06561  244 1661   12.06694   11.96314  0.86%  4196 7761s
 195339 116281   12.00521  163 2258   12.06694   11.96321  0.86%  4183 7832s
 198322 119048   11.98029  135 2428   12.06694   11.96341  0.86%  4176 7897s
 201696 121699     cutoff  209        12.06694   11.96341  0.86%  4161 7965s
 205023 124047     cutoff  206        12.06694   11.96358  0.86%  4149 8031s
 207950 129049   12.01350  158 2269   12.06694   11.96361  0.86%  4143 8148s
 213575 131119     cutoff  187        12.06694   11.96367  0.86%  4126 8218s
 216211 133967   11.98387  144 2203   12.06694   11.96374  0.86%  4133 8292s
 219608 137817   12.06408  191 2152   12.06694   11.96374  0.86%  4125 8367s
 223758 142038   12.01870  176 2192   12.06694   11.96374  0.86%  4105 8438s
 228456 144590   11.98443  149 2176   12.06694   11.96388  0.85%  4078 8499s
 231583 146797   11.96766  140 2160   12.06694   11.96388  0.85%  4075 8561s
 234488 149634     cutoff  220        12.06694   11.96396  0.85%  4075 8627s
 237974 153402   12.06246  216 1651   12.06694   11.96408  0.85%  4064 8739s
 243045 156299   12.06591  231 1810   12.06694   11.96416  0.85%  4066 8812s
 246471 160038     cutoff  199        12.06694   11.96419  0.85%  4060 8884s
 250793 162512   11.97405  139 2342   12.06694   11.96430  0.85%  4041 8958s
 253863 164800     cutoff  240        12.06694   11.96431  0.85%  4041 9024s
 256808 167959   12.01005  168 2132   12.06694   11.96431  0.85%  4038 9089s
 260242 172275   12.02793  185 2065   12.06694   11.96431  0.85%  4027 9158s
 264798 175576   12.06375  271 1793   12.06694   11.96445  0.85%  4004 9221s
 268537 180005   12.02158  184 2118   12.06694   11.96451  0.85%  3991 9324s
 273984 182498     cutoff  236        12.06694   11.96462  0.85%  3985 9392s
 277180 185855   12.06482  239 1714   12.06694   11.96462  0.85%  3980 9457s
 280829 189649     cutoff  229        12.06694   11.96462  0.85%  3966 9521s
 284966 192196   12.03222  198 1978   12.06694   11.96462  0.85%  3949 9579s
 287955 193635   11.98753  153 2203   12.06694   11.96462  0.85%  3946 9637s
H288536 192089                      12.0653648   11.96462  0.83%  3944 9637s
 289746 195205   12.02194  180 2096   12.06536   11.96462  0.83%  3945 9704s
H289750 192475                      12.0643368   11.96462  0.83%  3945 9704s
 293022 195660   12.05026  237 1873   12.06434   11.96477  0.83%  3930 9768s
H293703 194809                      12.0640592   11.96477  0.82%  3928 9768s
 296420 197873     cutoff  278        12.06406   11.96485  0.82%  3923 9830s
H296519 197739                      12.0640187   11.96485  0.82%  3923 9830s
 299965 201228     cutoff  215        12.06402   11.96486  0.82%  3919 9929s
H301846 201215                      12.0640149   11.96489  0.82%  3920 9929s
 304578 203811     cutoff   57        12.06401   11.96498  0.82%  3920 10000s
 307694 206373   11.99004  152 2278   12.06401   11.96499  0.82%  3918 10070s
 310694 208706     cutoff  227        12.06401   11.96506  0.82%  3914 10141s
 313864 211214     cutoff   29        12.06401   11.96510  0.82%  3919 10215s
 317176 214167   11.99665  165 2290   12.06401   11.96511  0.82%  3922 10294s
 320976 216350   12.02303  172 2230   12.06401   11.96514  0.82%  3920 10363s
 323926 218656     cutoff  216        12.06401   11.96517  0.82%  3925 10440s
 326959 221859   11.99028  154 2213   12.06401   11.96528  0.82%  3927 10511s
 330460 226591   12.03893  220 1883   12.06401   11.96528  0.82%  3920 10608s
 335922 228036   12.04715  204 2012   12.06401   11.96537  0.82%  3914 10667s
 337996 230983   11.97691  146 2213   12.06401   11.96540  0.82%  3918 10737s
 341152 234254   12.01486  191 2079   12.06401   11.96540  0.82%  3915 10806s
 344967 236644   12.04362  237 1858   12.06401   11.96543  0.82%  3910 10870s
 348132 239243   12.05844  367 1618   12.06401   11.96543  0.82%  3909 10934s
 351472 241517   12.06035  400 1531   12.06401   11.96552  0.82%  3907 10999s
 354681 243558   11.98289  148 2210   12.06401   11.96554  0.82%  3908 11064s
 357393 246268   12.06103  209 1876   12.06401   11.96561  0.82%  3910 11131s
 360497 250628   12.06314  234 1619   12.06401   11.96561  0.82%  3909 11223s
 365580 253897   11.99749  155 2193   12.06401   11.96568  0.82%  3905 11284s
 369502 256258   11.97071  135 2264   12.06401   11.96570  0.81%  3896 11340s
 372506 258368   11.96953  140 2269   12.06401   11.96570  0.81%  3895 11398s
 375253 260336   12.06217  247 1661   12.06401   11.96577  0.81%  3897 11457s
 377888 261785   12.06232  227 1688   12.06401   11.96577  0.81%  3900 11519s
 379865 263843   12.01203  152 2301   12.06401   11.96582  0.81%  3901 11587s
 382662 267103   11.97106  143 2415   12.06401   11.96588  0.81%  3906 11659s
 386642 269595   11.98779  152 2119   12.06401   11.96592  0.81%  3900 11730s
 389853 273379   11.97063  133 2329   12.06401   11.96604  0.81%  3900 11821s
 394594 275691   12.04269  214 1810   12.06401   11.96607  0.81%  3897 11884s
 397683 278283   12.05875  212 1894   12.06401   11.96610  0.81%  3898 11948s
 400972 281302   12.02281  182 2101   12.06401   11.96611  0.81%  3897 12018s
 404675 283535   12.05822  228 1618   12.06401   11.96611  0.81%  3891 12085s
 407567 285956   11.99703  160 2161   12.06401   11.96622  0.81%  3893 12151s
 410696 288250   11.97704  141 2401   12.06401   11.96626  0.81%  3893 12219s
 413561 291715   12.06186  226 1807   12.06401   11.96630  0.81%  3892 12285s
 417354 295111     cutoff  250        12.06401   11.96632  0.81%  3884 12349s
 421255 298272   12.05728  198 1801   12.06401   11.96636  0.81%  3877 12441s
 425393 300570   12.04892  219 1717   12.06401   11.96639  0.81%  3881 12513s
 428532 302961   12.02037  169 2129   12.06401   11.96640  0.81%  3886 12584s
 431736 305708     cutoff  237        12.06401   11.96644  0.81%  3890 12656s
 435284 308375     cutoff  247        12.06401   11.96646  0.81%  3890 12737s
 438804 310856   12.06224  235 1971   12.06401   11.96653  0.81%  3891 12808s
 442106 312943   12.00149  153 2263   12.06401   11.96655  0.81%  3891 12876s
 444657 315424   12.02188  182 2087   12.06401   11.96655  0.81%  3888 12948s
 447758 319130   12.06160  276 1842   12.06401   11.96658  0.81%  3886 13024s
 451883 323335     cutoff  224        12.06401   11.96663  0.81%  3879 13113s
 456923 325522     cutoff  217        12.06401   11.96667  0.81%  3875 13172s
 459804 327690   12.06262  261 1731   12.06401   11.96668  0.81%  3876 13233s
 462663 329776   12.05442  210 1776   12.06401   11.96674  0.81%  3878 13296s
 465595 331736     cutoff  222        12.06401   11.96677  0.81%  3881 13361s
 468147 333903   12.06353  214 1908   12.06401   11.96677  0.81%  3883 13428s
 471003 337010   12.02096  184 2077   12.06401   11.96677  0.81%  3884 13497s
 474409 340171   12.04988  243 1835   12.06401   11.96684  0.81%  3881 13569s
 478283 343021   12.06051  313 1600   12.06401   11.96686  0.81%  3878 13633s
 481682 346980   12.06197  347 1561   12.06401   11.96687  0.81%  3876 13721s
 486290 350081   12.06391  230 1714   12.06401   11.96688  0.81%  3874 13784s
 490074 351989     cutoff  221        12.06401   11.96688  0.81%  3868 13842s
 492692 354453   12.05577  199 1848   12.06401   11.96688  0.81%  3870 13902s
 495852 357105   12.04346  188 1966   12.06401   11.96701  0.80%  3869 13965s
 499126 359033   12.06238  206 1748   12.06401   11.96702  0.80%  3867 14029s
 501871 361021   12.00213  153 2331   12.06401   11.96706  0.80%  3871 14099s
 504578 363904     cutoff   61        12.06401   11.96709  0.80%  3873 14166s
 507738 366373     cutoff   65        12.06401   11.96711  0.80%  3870 14232s
 510696 367936     cutoff  228        12.06401   11.96713  0.80%  3872 14315s
 513145 372043   12.01440  164 2336   12.06401   11.96713  0.80%  3881 14428s
 518050 375083   12.06137  196 2109   12.06401   11.96714  0.80%  3882 14525s
 521968 378119     cutoff  233        12.06401   11.96719  0.80%  3884 14605s
 525787 381652   12.02057  178 2080   12.06401   11.96719  0.80%  3885 14683s
 530014 384052   12.00254  152 2411   12.06401   11.96724  0.80%  3881 14755s
 533244 386857   12.01933  179 2231   12.06401   11.96726  0.80%  3885 14830s
 536846 389327   11.97093  135 2301   12.06401   11.96730  0.80%  3886 14902s
 540205 392865   11.98887  145 2315   12.06401   11.96733  0.80%  3886 14987s
 544673 395183   12.05981  216 1804   12.06401   11.96733  0.80%  3878 15050s
 547656 398460     cutoff  224        12.06401   11.96740  0.80%  3877 15114s
 551223 402046   12.01881  183 2105   12.06401   11.96742  0.80%  3873 15177s
 555197 404856   12.01848  173 2190   12.06401   11.96742  0.80%  3865 15236s
 558514 406733   12.06055  220 1653   12.06401   11.96742  0.80%  3863 15301s
 561088 409156     cutoff  223        12.06401   11.96745  0.80%  3865 15362s
 563904 411542   12.06266  229 1885   12.06401   11.96748  0.80%  3864 15427s
 566766 413572     cutoff  227        12.06401   11.96748  0.80%  3866 15495s
 569500 415974   12.06096  213 1624   12.06401   11.96748  0.80%  3870 15579s
 572946 419049     cutoff  227        12.06401   11.96749  0.80%  3875 15657s
 576728 421277   12.06003  225 1636   12.06401   11.96754  0.80%  3874 15731s
H577618 414822                      12.0626183   11.96754  0.79%  3874 15732s
 579452 417491   11.97554  143 2224   12.06262   11.96754  0.79%  3873 15811s
H581435 415130                      12.0622209   11.96758  0.78%  3873 15811s
 582731 419426   12.00156  167 2178   12.06222   11.96759  0.78%  3874 15886s
H583716 419231                      12.0621932   11.96759  0.78%  3873 15886s
 587217 422414   12.05889  277 1697   12.06219   11.96759  0.78%  3867 15956s
H587533 422414                      12.0621932   11.96761  0.78%  3867 15956s
 590827 424832   12.00872  162 2144   12.06219   11.96761  0.78%  3864 16029s
H591848 424776                      12.0621846   11.96761  0.78%  3866 16029s
H592160 424666                      12.0621677   11.96761  0.78%  3866 16029s
H592504 424426                      12.0621303   11.96761  0.78%  3866 16029s
 593973 426898     cutoff  214        12.06213   11.96763  0.78%  3867 16096s
 597229 428846   11.98161  142 2295   12.06213   11.96766  0.78%  3869 16166s
 599959 431301   11.97701  143 2213   12.06213   11.96768  0.78%  3873 16248s
 602686 435159     cutoff  167        12.06213   11.96769  0.78%  3870 16347s
 607420 437647     cutoff  198        12.06213   11.96771  0.78%  3871 16428s
 610740 441881   12.00135  162 2250   12.06213   11.96772  0.78%  3874 16505s
 615265 445366   12.02928  199 2067   12.06213   11.96775  0.78%  3867 16577s
H618595 445366                      12.0621302   11.96775  0.78%  3864 16577s
 619128 448186   12.05899  258 1858   12.06213   11.96776  0.78%  3864 16645s
 622333 450978   12.01625  179 2168   12.06213   11.96776  0.78%  3862 16717s
 625813 453057   12.02386  178 2125   12.06213   11.96777  0.78%  3862 16789s
 628046 453057   12.05930  214 1687   12.06213   11.96779  0.78%  3864 16790s
 628602 455725   11.98107  141 2274   12.06213   11.96779  0.78%  3865 16858s
 631741 458485   12.01741  164 2249   12.06213   11.96781  0.78%  3865 16941s
 635196 461032   12.06008  200 2044   12.06213   11.96782  0.78%  3869 17022s
 638564 465979   11.98078  148 2243   12.06213   11.96784  0.78%  3870 17102s
 643688 469553   12.02319  187 2102   12.06213   11.96784  0.78%  3859 17166s
 647701 471962   12.05248  243 1843   12.06213   11.96784  0.78%  3856 17227s
 650782 474163   12.06090  268 1763   12.06213   11.96786  0.78%  3856 17291s
 653744 476781   12.06024  209 1916   12.06213   11.96789  0.78%  3857 17360s
 657126 479336   12.05048  226 1941   12.06213   11.96790  0.78%  3856 17423s
 660456 480801   12.05728  232 1709   12.06213   11.96793  0.78%  3855 17484s
H660512 480801                      12.0621302   11.96793  0.78%  3855 17484s
 662673 483849     cutoff  146        12.06213   11.96794  0.78%  3858 17566s
H664779 483849                      12.0621302   11.96794  0.78%  3858 17566s
 666186 486391   12.03543  182 2197   12.06213   11.96794  0.78%  3858 17641s
 669292 488488     cutoff  204        12.06213   11.96798  0.78%  3861 17718s
 672020 491501     cutoff  211        12.06213   11.96798  0.78%  3866 17802s
 675872 494123     cutoff  222        12.06213   11.96801  0.78%  3867 17882s
 679371 497192   11.98829  151 2251   12.06213   11.96801  0.78%  3868 17959s
 683394 499757   11.97016  141 2322   12.06213   11.96806  0.78%  3868 18037s
 686712 501977     cutoff  280        12.06213   11.96806  0.78%  3870 18110s
 689804 504700     cutoff  232        12.06213   11.96807  0.78%  3873 18184s
 693358 507876     cutoff  215        12.06213   11.96813  0.78%  3872 18270s
 697451 510345     cutoff  217        12.06213   11.96816  0.78%  3872 18338s
 700591 511632   12.06132  225 1769   12.06213   11.96817  0.78%  3872 18404s
 702551 514444   11.98540  154 2259   12.06213   11.96817  0.78%  3876 18480s
 705899 517615   12.02469  196 2120   12.06213   11.96818  0.78%  3877 18553s
 709774 518236   12.06015  263 1768   12.06213   11.96821  0.78%  3876 18727s
 710714 521594     cutoff  268        12.06213   11.96823  0.78%  3877 18808s
 714814 524244   12.00542  161 2295   12.06213   11.96823  0.78%  3874 18881s
 718181 527825   11.98827  153 2239   12.06213   11.96825  0.78%  3873 18953s
 722148 531568   12.01150  177 2167   12.06213   11.96826  0.78%  3869 19023s
 726317 535296   12.05293  249 1736   12.06213   11.96828  0.78%  3864 19111s
 730477 538698   11.99937  162 2104   12.06213   11.96828  0.78%  3862 19177s
 734135 540610   12.01727  180 2175   12.06213   11.96829  0.78%  3859 19239s
 736375 542762   12.06045  260 1821   12.06213   11.96829  0.78%  3859 19306s
 739174 545670   11.99086  158 2254   12.06213   11.96829  0.78%  3860 19376s
 742367 549881   12.03746  227 1876   12.06213   11.96830  0.78%  3858 19447s
 746742 552294   12.05765  311 1522   12.06213   11.96830  0.78%  3853 19510s
 749555 554679   12.06140  361 1382   12.06213   11.96832  0.78%  3854 19578s
 752595 557160     cutoff  250        12.06213   11.96832  0.78%  3855 19643s
 755856 560377     cutoff  213        12.06213   11.96837  0.78%  3855 19726s
 760033 562448   12.05690  258 1697   12.06213   11.96837  0.78%  3854 19795s
 762689 565702   11.99022  152 2191   12.06213   11.96837  0.78%  3855 19864s
 766105 569900   12.01384  173 2152   12.06213   11.96840  0.78%  3851 19933s
 770686 572332   12.02006  182 2166   12.06213   11.96842  0.78%  3845 19996s
 773666 574352   12.06032  255 1879   12.06213   11.96842  0.78%  3845 20057s
 776340 577197   11.98877  153 2252   12.06213   11.96842  0.78%  3845 20122s
 779452 580963   12.01270  175 2122   12.06213   11.96842  0.78%  3844 20194s
 783722 583169   12.06092  254 1887   12.06213   11.96842  0.78%  3839 20255s
 786476 586016 infeasible  228        12.06213   11.96842  0.78%  3840 20335s
 790232 587783   12.01937  183 2172   12.06213   11.96846  0.78%  3842 20402s
 792616 590466   12.05985  241 1718   12.06213   11.96850  0.78%  3843 20482s
 796073 593678   12.06044  208 2001   12.06213   11.96851  0.78%  3844 20560s
 800235 596203     cutoff  215        12.06213   11.96853  0.78%  3842 20639s
 803613 598292     cutoff  214        12.06213   11.96853  0.78%  3843 20710s
 806661 600832     cutoff  207        12.06213   11.96858  0.78%  3846 20787s
 810046 603807   12.06166  218 1748   12.06213   11.96858  0.78%  3847 20860s
 813806 606097   12.05997  225 1892   12.06213   11.96860  0.78%  3846 20928s
 816912 608905   12.00627  158 2281   12.06213   11.96861  0.78%  3848 21009s
 820702 611537   12.02724  192 2128   12.06213   11.96864  0.78%  3848 21078s
 824237 613777   11.97100  136 2441   12.06213   11.96866  0.77%  3848 21144s
 827193 617320     cutoff  233        12.06213   11.96866  0.77%  3849 21212s
 830961 620782     cutoff  242        12.06213   11.96866  0.77%  3845 21279s
 834803 623103     cutoff  229        12.06213   11.96866  0.77%  3842 21342s
 837815 625035   12.06130  253 1590   12.06213   11.96870  0.77%  3844 21404s
 840286 627403   12.02845  185 2166   12.06213   11.96870  0.77%  3843 21473s
 843523 629613   12.03582  206 1885   12.06213   11.96870  0.77%  3843 21544s
 846657 632198   12.01926  171 2151   12.06213   11.96873  0.77%  3845 21625s
 850198 635079   11.97239  139 2365   12.06213   11.96875  0.77%  3847 21698s
 853889 637096   12.04000  192 2019   12.06213   11.96877  0.77%  3846 21769s
 856799 639528   11.97063  141 2359   12.06213   11.96879  0.77%  3849 21842s
 860046 642163     cutoff  272        12.06213   11.96879  0.77%  3851 21915s
 863462 644553   12.06055  256 1560   12.06213   11.96879  0.77%  3851 21988s
 866587 646689   12.05444  208 1874   12.06213   11.96879  0.77%  3852 22062s
 869621 649701   11.97167  141 2342   12.06213   11.96879  0.77%  3854 22135s
 873391 652353   12.01817  179 2176   12.06213   11.96886  0.77%  3854 22207s
 876788 654712   12.00816  168 2173   12.06213   11.96887  0.77%  3854 22288s
 880098 657361   11.99426  146 2278   12.06213   11.96887  0.77%  3855 22366s
 883059 659891   12.02485  160 2212   12.06213   11.96887  0.77%  3853 22447s
 886330 662478     cutoff  183        12.06213   11.96891  0.77%  3856 22527s
 889818 665588     cutoff  246        12.06213   11.96891  0.77%  3857 22606s
 893749 667581     cutoff  216        12.06213   11.96891  0.77%  3857 22681s
 896773 670566   11.98710  148 2211   12.06213   11.96893  0.77%  3861 22759s
 900243 673026   12.03959  179 2337   12.06213   11.96894  0.77%  3860 22842s
 903338 675373   12.06201  205 2114   12.06213   11.96894  0.77%  3862 22921s
 906530 677523   12.05950  215 1847   12.06213   11.96897  0.77%  3864 23000s
 909596 681010   12.01128  163 2199   12.06213   11.96898  0.77%  3867 23084s
 913500 683334   12.05885  187 2275   12.06213   11.96899  0.77%  3865 23158s
 916406 685009   12.05810  223 1661   12.06213   11.96899  0.77%  3869 23235s
 919042 687934   12.06071  247 1816   12.06213   11.96899  0.77%  3874 23321s
 923029 690106   11.97669  142 2366   12.06213   11.96900  0.77%  3874 23398s
 925750 692664     cutoff  229        12.06213   11.96901  0.77%  3874 23477s
 929213 695174   12.04276  225 1816   12.06213   11.96904  0.77%  3875 23556s
 932504 700231   12.01345  174 2153   12.06213   11.96904  0.77%  3877 23635s
 938041 703532   12.06067  245 1876   12.06213   11.96904  0.77%  3868 23715s
 941956 705684     cutoff  230        12.06213   11.96907  0.77%  3868 23780s
 944716 709837   12.02890  202 2018   12.06213   11.96909  0.77%  3869 23849s
 949065 712944   12.05986  353 1658   12.06213   11.96909  0.77%  3864 23914s
 952539 714764   11.99542  151 2255   12.06213   11.96909  0.77%  3861 23980s
 955000 716999     cutoff  219        12.06213   11.96909  0.77%  3864 24045s
 958074 719109   12.05754  243 1908   12.06213   11.96909  0.77%  3864 24115s
 961035 721779   11.97850  142 2384   12.06213   11.96910  0.77%  3865 24184s
 964377 724378   11.98308  150 2338   12.06213   11.96910  0.77%  3863 24254s
 967824 727121   11.97307  137 2468   12.06213   11.96915  0.77%  3863 24334s
 971464 729639   11.99415  156 2200   12.06213   11.96917  0.77%  3864 24412s
 974647 732346   12.01888  175 2115   12.06213   11.96917  0.77%  3864 24485s
 978041 735016   12.04865  214 1800   12.06213   11.96921  0.77%  3864 24555s
 981324 737405   12.05990  213 2036   12.06213   11.96921  0.77%  3863 24625s
 984522 739391   12.05775  218 1721   12.06213   11.96921  0.77%  3865 24696s
 987456 742114   12.06033  221 1727   12.06213   11.96922  0.77%  3867 24769s
 991071 744805     cutoff  240        12.06213   11.96922  0.77%  3867 24839s
 994374 747283   11.97538  138 2439   12.06213   11.96922  0.77%  3865 24908s
 997729 750018   12.01257  171 2195   12.06213   11.96922  0.77%  3866 24987s
 1001472 752620     cutoff  225        12.06213   11.96930  0.77%  3866 25054s
 1004883 755524     cutoff  310        12.06213   11.96930  0.77%  3866 25124s
 1008504 758081   12.06102  250 1695   12.06213   11.96934  0.77%  3864 25189s
 1011862 760375   12.06070  223 1694   12.06213   11.96934  0.77%  3863 25255s
 1014805 762747   12.04257  211 1982   12.06213   11.96934  0.77%  3863 25325s
 1017802 764988   12.02682  173 2148   12.06213   11.96934  0.77%  3864 25392s
 1020669 767116   12.00066  159 2211   12.06213   11.96934  0.77%  3865 25460s
 1023636 768810   12.02340  192 2107   12.06213   11.96937  0.77%  3867 25531s
 1026144 770832     cutoff  229        12.06213   11.96940  0.77%  3870 25603s
 1028744 773788     cutoff  135        12.06213   11.96940  0.77%  3870 25682s
 1032417 775508   12.04214  180 2170   12.06213   11.96940  0.77%  3869 25752s
 1034935 778139     cutoff  199        12.06213   11.96941  0.77%  3873 25828s
 1038458 780733   12.00928  169 2192   12.06213   11.96941  0.77%  3874 25903s
 1041795 783984     cutoff  138        12.06213   11.96941  0.77%  3875 25976s
 1045630 786789   12.06019  255 1604   12.06213   11.96944  0.77%  3873 26048s
 1049194 788564     cutoff  225        12.06213   11.96944  0.77%  3872 26116s
 1051924 788819 infeasible  231        12.06213   11.96947  0.77%  3875 26237s
 1052359 792950   11.98332  149 2229   12.06213   11.96947  0.77%  3875 26318s
 1056774 795614   11.97792  138 2385   12.06213   11.96948  0.77%  3871 26388s
 1059597 798657   12.00820  164 2270   12.06213   11.96948  0.77%  3869 26468s
 1063194 801311   12.02362  180 2128   12.06213   11.96948  0.77%  3871 26540s
 1066545 804240   12.06073  236 1910   12.06213   11.96948  0.77%  3871 26611s
 1070189 806805   12.01388  181 2248   12.06213   11.96951  0.77%  3871 26678s
 1073616 809568     cutoff  225        12.06213   11.96951  0.77%  3871 26746s
 1077206 811687   12.06112  214 1786   12.06213   11.96952  0.77%  3869 26811s
 1080166 813722     cutoff  233        12.06213   11.96954  0.77%  3870 26879s
 1083013 816044   12.03019  190 2178   12.06213   11.96956  0.77%  3872 26948s
 1086212 819428     cutoff  221        12.06213   11.96957  0.77%  3872 27015s
 1090302 822698   12.03376  187 2038   12.06213   11.96958  0.77%  3869 27094s
 1094343 825027   12.01897  179 2125   12.06213   11.96960  0.77%  3869 27156s
 1097375 826637     cutoff  139        12.06213   11.96960  0.77%  3869 27221s
 1099787 829669   12.02458  172 2237   12.06213   11.96961  0.77%  3871 27292s
 1103082 832328   12.05960  201 2113   12.06213   11.96962  0.77%  3870 27359s
 1106302 833744   12.01951  173 2199   12.06213   11.96963  0.77%  3870 27428s
 1108330 836128   12.06025  230 1787   12.06213   11.96963  0.77%  3872 27506s
 1111435 839111     cutoff  213        12.06213   11.96963  0.77%  3874 27583s
 1115230 842309   12.05536  252 1695   12.06213   11.96965  0.77%  3874 27664s
 1119200 845215     cutoff  139        12.06213   11.96966  0.77%  3872 27741s
 1123006 847493     cutoff  237        12.06213   11.96966  0.77%  3872 27808s
 1126157 849915     cutoff  249        12.06213   11.96969  0.77%  3873 27876s
 1129391 852547     cutoff  234        12.06213   11.96969  0.77%  3874 27943s
 1132850 854718     cutoff  250        12.06213   11.96970  0.77%  3873 28011s
 1135670 858058   12.00521  180 2145   12.06213   11.96973  0.77%  3875 28081s
 1139309 861906   12.03951  258 1840   12.06213   11.96973  0.77%  3873 28148s
 1143551 864209   12.05672  586 1380   12.06213   11.96974  0.77%  3869 28208s
 1146386 866582     cutoff  794        12.06213   11.96974  0.77%  3869 28272s
 1149336 870472   11.99841  162 2237   12.06213   11.96975  0.77%  3869 28347s
 1153578 873521   12.03074  200 1997   12.06213   11.96975  0.77%  3867 28410s
 1157004 875569   12.06049  254 1871   12.06213   11.96978  0.77%  3865 28468s
 1159701 877692   11.98361  149 2356   12.06213   11.96978  0.77%  3866 28532s
 1162497 879871   12.03274   21 1929   12.06213   11.96979  0.77%  3866 28593s
 1165349 882156   12.02714  177 2161   12.06213   11.96979  0.77%  3866 28658s
 1168261 883786   12.01875  187 2131   12.06213   11.96979  0.77%  3865 28726s
 1170765 886287   11.98387  150 2249   12.06213   11.96980  0.77%  3868 28799s
 1174116 889012   11.97371  141 2301   12.06213   11.96983  0.77%  3869 28872s
 1177623 891523   12.06115  246 1673   12.06213   11.96984  0.77%  3868 28941s
 1180953 894162     cutoff  224        12.06213   11.96985  0.77%  3869 29017s
 1184547 896620     cutoff  235        12.06213   11.96986  0.76%  3869 29088s
 1187630 900294   12.01143  170 2174   12.06213   11.96988  0.76%  3869 29159s
 1191471 902826   12.03100  192 2073   12.06213   11.96988  0.76%  3867 29229s
 1194333 905362   12.05862  241 1893   12.06213   11.96988  0.76%  3866 29298s
 1197463 907912     cutoff  245        12.06213   11.96988  0.76%  3866 29367s
 1200757 910629     cutoff  231        12.06213   11.96989  0.76%  3867 29437s
 1204326 912579   12.03372  193 2066   12.06213   11.96993  0.76%  3866 29504s
 1207091 914997   12.03536  188 2204   12.06213   11.96993  0.76%  3868 29578s
 1210307 916814   12.03779   46 4040   12.06213   11.96993  0.76%  3869 29654s
 1212863 921723   11.99645  157 2303   12.06213   11.96996  0.76%  3870 29751s
 1218218 924319   12.05742  253 1687   12.06213   11.96996  0.76%  3868 29823s
 1221345 928539   12.02265  179 2167   12.06213   11.96997  0.76%  3869 29893s
 1225967 931731   11.99923  160 2219   12.06213   11.96997  0.76%  3865 29957s
 1229677 933743     cutoff  215        12.06213   11.96998  0.76%  3863 30020s
 1232439 936316     cutoff  241        12.06213   11.96998  0.76%  3864 30085s
 1235713 938345     cutoff  135        12.06213   11.96999  0.76%  3864 30149s
 1238536 940575   12.06117  224 1898   12.06213   11.96999  0.76%  3865 30216s
 1241592 942346   12.06013  241 1686   12.06213   11.96999  0.76%  3866 30292s
 1243998 946957     cutoff  135        12.06213   11.96999  0.76%  3866 30392s
 1249146 948709   12.05836  180 2310   12.06213   11.96999  0.76%  3865 30467s
 1251808 951932   11.98971  145 2324   12.06213   11.97004  0.76%  3868 30547s
 1256113 954900   12.05993  266 1612   12.06213   11.97007  0.76%  3867 30620s
 1260003 957069   12.05789  259 1612   12.06213   11.97007  0.76%  3866 30691s
 1262904 960500   11.98523  149 2255   12.06213   11.97007  0.76%  3867 30764s
 1266575 965148   12.01870  173 2274   12.06213   11.97007  0.76%  3865 30834s
 1271637 967987   12.05897  242 1770   12.06213   11.97007  0.76%  3861 30911s
 1275330 970661   12.05527  199 2046   12.06213   11.97007  0.76%  3861 30978s
 1278772 973001   12.01898  174 2112   12.06213   11.97007  0.76%  3861 31044s
 1281909 975235   12.01292  174 2091   12.06213   11.97009  0.76%  3861 31110s
 1284980 977283   12.01813  175 2181   12.06213   11.97011  0.76%  3862 31177s
 1287700 980085     cutoff  220        12.06213   11.97013  0.76%  3861 31246s
 1291252 982551   12.06045  217 1913   12.06213   11.97013  0.76%  3861 31318s
 1294537 985000   12.06067  219 1947   12.06213   11.97015  0.76%  3861 31386s
 1297893 987294     cutoff  222        12.06213   11.97015  0.76%  3861 31455s
 1300929 989640     cutoff  244        12.06213   11.97016  0.76%  3863 31531s
 1304236 992254     cutoff  249        12.06213   11.97019  0.76%  3864 31605s
 1307741 994682     cutoff  230        12.06213   11.97020  0.76%  3865 31678s
 1311071 997010   12.06098  229 1864   12.06213   11.97021  0.76%  3866 31751s
 1314286 998842   12.05844  220 1871   12.06213   11.97022  0.76%  3867 31825s
 1316684 1001918     cutoff  225        12.06213   11.97022  0.76%  3868 31901s
 1320714 1004520   12.05956  229 1689   12.06213   11.97024  0.76%  3867 31978s
 1324187 1007109   11.99905  159 2189   12.06213   11.97024  0.76%  3867 32047s
 1327604 1009344   11.97322  137 2327   12.06213   11.97025  0.76%  3868 32118s
 1330810 1011818   11.97607  144 2123   12.06213   11.97025  0.76%  3868 32195s
 1334187 1014606   12.05955  222 1782   12.06213   11.97026  0.76%  3870 32268s
 1337922 1017238   12.06041  247 1687   12.06213   11.97028  0.76%  3869 32337s
 1341265 1019474     cutoff  235        12.06213   11.97028  0.76%  3868 32404s
 1344215 1022950   12.00347  168 2152   12.06213   11.97028  0.76%  3869 32474s
 1347891 1026671   12.03919  213 1962   12.06213   11.97028  0.76%  3867 32543s
 1351912 1028233   12.05979  259 1781   12.06213   11.97032  0.76%  3864 32608s
 1354079 1030447   12.00913  172 2111   12.06213   11.97032  0.76%  3866 32678s
 1357128 1033326   11.97233  143 2192   12.06213   11.97032  0.76%  3867 32746s
 1360856 1034775   12.00440  164 2135   12.06213   11.97032  0.76%  3866 32820s
 1363005 1039173   12.02716  178 2154   12.06213   11.97035  0.76%  3868 32936s
 1368724 1041881   11.98152  143 2379   12.06213   11.97037  0.76%  3868 33013s
 1372324 1044668     cutoff  213        12.06213   11.97037  0.76%  3868 33086s
 1376075 1047198   12.00907  174 2192   12.06213   11.97037  0.76%  3867 33160s
 1379285 1050342   12.04497  240 1884   12.06213   11.97037  0.76%  3868 33232s
 1383127 1052657     cutoff  282        12.06213   11.97040  0.76%  3867 33300s
 1385970 1055538   11.99335  156 2338   12.06213   11.97040  0.76%  3868 33373s
 1389397 1058087   12.03309  198 2033   12.06213   11.97040  0.76%  3867 33442s
 1392638 1061369     cutoff  257        12.06213   11.97040  0.76%  3867 33519s
 1396481 1064282   12.00960  165 2218   12.06213   11.97042  0.76%  3866 33584s
 1399574 1067679   12.02164  180 2197   12.06213   11.97042  0.76%  3866 33650s
 1403272 1069935     cutoff  249        12.06213   11.97043  0.76%  3865 33714s
 1405963 1072193   11.97961  141 2330   12.06213   11.97043  0.76%  3864 33780s
 1408976 1074397     cutoff  238        12.06213   11.97044  0.76%  3864 33848s
 1411838 1077191   12.02415  171 2214   12.06213   11.97044  0.76%  3865 33915s
 1414941 1079570   12.05997  207 2076   12.06213   11.97044  0.76%  3864 33987s
 1417945 1082122     cutoff  209        12.06213   11.97047  0.76%  3865 34057s
 1421286 1084582   12.01308  180 2118   12.06213   11.97048  0.76%  3866 34129s
 1424629 1087259   12.00776  168 2269   12.06213   11.97049  0.76%  3867 34206s
 1427980 1089963   12.00680  170 2207   12.06213   11.97049  0.76%  3867 34280s
 1431322 1093850   11.97711  144 2348   12.06213   11.97051  0.76%  3867 34354s
 1433157 1093850   11.98688  152 2312   12.06213   11.97051  0.76%  3866 34355s
 1435372 1097861   12.01520  175 2199   12.06213   11.97051  0.76%  3864 34422s
 1439872 1099928   12.05176  236 1797   12.06213   11.97051  0.76%  3862 34484s
 1442624 1101415     cutoff  255        12.06213   11.97051  0.76%  3863 34547s
 1444816 1103525   11.99191  153 2257   12.06213   11.97051  0.76%  3864 34621s
 1447207 1107050   12.01033  168 2162   12.06213   11.97052  0.76%  3863 34694s
 1451179 1109387   12.04855  221 1924   12.06213   11.97052  0.76%  3861 34762s
 1454212 1112081   11.98309  149 2255   12.06213   11.97052  0.76%  3863 34839s
 1457886 1114451   11.97297  136 2406   12.06213   11.97054  0.76%  3863 34906s
 1461039 1116559   11.97968  136 2489   12.06213   11.97055  0.76%  3864 34976s
 1463883 1119977   11.97267  141 2491   12.06213   11.97056  0.76%  3864 35047s
 1467663 1120889   12.01166  179 2193   12.06213   11.97056  0.76%  3863 35179s
 1468672 1124248   12.01521  182 2229   12.06213   11.97056  0.76%  3862 35257s
 1472591 1127840   12.05791  259 1903   12.06213   11.97058  0.76%  3861 35328s
 1476595 1130858   12.01849  178 2259   12.06213   11.97058  0.76%  3860 35397s
 1480176 1133186   12.01597  183 2297   12.06213   11.97059  0.76%  3859 35463s
 1483143 1135352   11.98362  155 2188   12.06213   11.97060  0.76%  3860 35538s
 1486061 1138544   12.00378  149 2417   12.06213   11.97060  0.76%  3861 35622s
 1489766 1140194   12.05575  197 2132   12.06213   11.97060  0.76%  3862 35702s
 1492370 1143381 infeasible  147        12.06213   11.97060  0.76%  3865 35787s
 1496160 1145701     cutoff  186        12.06213   11.97062  0.76%  3865 35866s
 1499164 1148273     cutoff  210        12.06213   11.97062  0.76%  3865 35948s
 1502503 1151618   12.00413  158 2315   12.06213   11.97062  0.76%  3866 36032s
 1506251 1154969   12.04734  209 2011   12.06213   11.97062  0.76%  3866 36110s
 1510257 1157468   12.00308  167 2243   12.06213   11.97065  0.76%  3865 36185s
 1513497 1161315   11.98798  148 2295   12.06213   11.97065  0.76%  3866 36260s
 1517803 1163654   12.01765  170 2212   12.06213   11.97065  0.76%  3864 36317s
 1520563 1165920   12.02933  183 2178   12.06213   11.97067  0.76%  3864 36383s
 1523482 1168294   12.06096  247 1844   12.06213   11.97067  0.76%  3864 36447s
 1526579 1170652   12.05969  232 1664   12.06213   11.97067  0.76%  3864 36512s
 1529693 1173223   12.04411  215 1939   12.06213   11.97069  0.76%  3864 36577s
 1533003 1175361   12.01504  170 2287   12.06213   11.97070  0.76%  3864 36640s
 1535881 1177028     cutoff  233        12.06213   11.97071  0.76%  3865 36707s
 1538375 1178796     cutoff  229        12.06213   11.97072  0.76%  3867 36776s
 1540602 1182134   12.03019  194 2037   12.06213   11.97073  0.76%  3867 36854s
 1544656 1184518   12.01374  179 2174   12.06213   11.97073  0.76%  3866 36928s
 1547910 1187492   12.01469  170 2186   12.06213   11.97073  0.76%  3867 37006s
 1551793 1190442   12.04642  212 1760   12.06213   11.97076  0.76%  3866 37075s
 1555368 1192849   11.97270  140 2390   12.06213   11.97077  0.76%  3865 37144s
 1558573 1194505   11.98121  150 2265   12.06213   11.97077  0.76%  3866 37211s
 1561055 1197734     cutoff  218        12.06213   11.97079  0.76%  3868 37283s
 1564589 1200159   12.01511  180 2156   12.06213   11.97079  0.76%  3866 37351s
 1567572 1202778   12.05977  251 1885   12.06213   11.97079  0.76%  3867 37420s
 1570842 1205536   12.06093  240 1774   12.06213   11.97080  0.76%  3867 37495s
 1574269 1207911     cutoff  213        12.06213   11.97080  0.76%  3867 37568s
 1577472 1211294   12.05903  244 1704   12.06213   11.97081  0.76%  3868 37645s
 1581117 1214419   12.00680  173 2136   12.06213   11.97082  0.76%  3867 37717s
 1584709 1217168   12.03880  222 1784   12.06213   11.97083  0.76%  3867 37791s
 1588243 1219441   12.06115  313 1499   12.06213   11.97084  0.76%  3867 37859s
 1591319 1222446   12.06205  253 1643   12.06213   11.97084  0.76%  3868 37928s
 1595120 1224411     cutoff  246        12.06213   11.97085  0.76%  3867 37996s
 1597908 1227099   12.04970  222 1888   12.06213   11.97086  0.76%  3868 38067s
 1601505 1229629   12.05596  230 1791   12.06213   11.97087  0.76%  3868 38134s
 1604732 1232450   11.99977  164 2203   12.06213   11.97087  0.76%  3867 38208s
 1607753 1237164   12.04103  219 1935   12.06213   11.97087  0.76%  3866 38289s
 1612760 1239614     cutoff  255        12.06213   11.97089  0.76%  3864 38353s
 1615855 1241370   12.06155  228 1682   12.06213   11.97090  0.76%  3864 38417s
 1618498 1244191   11.97768  135 2494   12.06213   11.97090  0.76%  3865 38484s
 1621630 1247148   12.03631  170 2227   12.06213   11.97090  0.76%  3864 38551s
 1625027 1249073   12.06033  190 2057   12.06213   11.97090  0.76%  3864 38617s
 1627661 1251448   12.06001  194 2037   12.06213   11.97092  0.76%  3865 38687s
 1630734 1254214   12.05958  223 1780   12.06213   11.97093  0.76%  3865 38757s
 1634256 1257255   12.06079  251 1578   12.06213   11.97093  0.76%  3866 38833s
 1638095 1259264   12.05972  212 1726   12.06213   11.97094  0.76%  3865 38897s
 1640785 1262104   12.02011  181 2133   12.06213   11.97094  0.76%  3866 38965s
 1644043 1264640   12.05783  270 1721   12.06213   11.97094  0.76%  3866 39036s
 1647203 1266911   12.05417  218 1723   12.06213   11.97094  0.76%  3866 39107s
 1650261 1269257   11.98590  144 2315   12.06213   11.97096  0.76%  3867 39177s
 1652856 1272128   12.02294  170 2257   12.06213   11.97096  0.76%  3866 39251s
 1656429 1274317   12.06041  231 1778   12.06213   11.97098  0.76%  3866 39324s
 1659367 1277263   12.05927  198 1894   12.06213   11.97098  0.76%  3868 39397s
 1663045 1279665     cutoff  227        12.06213   11.97098  0.76%  3868 39471s
 1666354 1282658   12.05900  210 1890   12.06213   11.97099  0.76%  3868 39546s
 1670197 1285024   12.06085  267 1608   12.06213   11.97099  0.76%  3868 39620s
 1673229 1286729   12.05879  233 1991   12.06213   11.97099  0.76%  3868 39686s
 1675853 1289241   11.97547  138 2362   12.06213   11.97099  0.76%  3870 39755s
 1678713 1292832   12.00794  163 2146   12.06213   11.97099  0.76%  3870 39827s
 1682723 1294956   12.01549  170 2156   12.06213   11.97103  0.76%  3869 39896s
 1685644 1297375   12.04443  209 2051   12.06213   11.97103  0.76%  3870 39968s
 1688774 1300592   12.06032  239 1754   12.06213   11.97103  0.76%  3871 40040s
 1692771 1303026   12.00520  163 2190   12.06213   11.97105  0.76%  3870 40105s
 1696026 1305534   12.03853  197 2148   12.06213   11.97105  0.76%  3870 40180s
 1699264 1309489     cutoff  228        12.06213   11.97106  0.76%  3870 40256s
 1703490 1312107   11.97863  141 2309   12.06213   11.97107  0.75%  3868 40319s
 1706383 1314488   12.00462  160 2198   12.06213   11.97107  0.75%  3867 40387s
 1709110 1317863   12.04383  228 1914   12.06213   11.97108  0.75%  3868 40458s
 1712799 1320985   12.06026  265 1842   12.06213   11.97108  0.75%  3867 40525s
 1716389 1323630   12.03562  198 1817   12.06213   11.97108  0.75%  3865 40593s
 1719711 1325831   12.02051  181 2106   12.06213   11.97108  0.75%  3865 40661s
H1722653 1325831                      12.0621302   11.97108  0.75%  3866 40661s
 1722712 1327756   12.02138  183 2202   12.06213   11.97108  0.75%  3866 40734s
 1725425 1330757   12.00791  154 2374   12.06213   11.97109  0.75%  3867 40806s
 1728880 1332626   12.05254  184 2290   12.06213   11.97112  0.75%  3867 40875s
 1731427 1334392   11.98293  148 2251   12.06213   11.97112  0.75%  3868 40952s
 1733609 1337928   12.02540  169 2222   12.06213   11.97112  0.75%  3870 41038s
 1737888 1339890   12.06033  201 2085   12.06213   11.97112  0.75%  3869 41119s
 1740769 1343184   11.99524  156 2240   12.06213   11.97112  0.75%  3871 41201s
 1744606 1345554   12.05361  197 2065   12.06213   11.97113  0.75%  3871 41279s
 1747647 1348784     cutoff  209        12.06213   11.97114  0.75%  3872 41356s
 1751335 1352370   12.05740  227 1946   12.06213   11.97114  0.75%  3871 41432s
 1755597 1354972     cutoff  244        12.06213   11.97115  0.75%  3870 41507s
 1759070 1357643   12.06108  242 1739   12.06213   11.97116  0.75%  3871 41576s
 1762515 1359748     cutoff  277        12.06213   11.97116  0.75%  3871 41645s
 1765351 1362834   12.00328  163 2220   12.06213   11.97117  0.75%  3872 41716s
 1768778 1367254   12.04633  219 1947   12.06213   11.97119  0.75%  3871 41785s
 1773507 1369663   11.97609  137 2322   12.06213   11.97119  0.75%  3868 41849s
 1776314 1372707   12.01556  172 2190   12.06213   11.97119  0.75%  3869 41915s
 1779728 1375872   12.04218  219 1971   12.06213   11.97119  0.75%  3868 41979s
 1783402 1377594   12.06018  246 1897   12.06213   11.97119  0.75%  3867 42041s
 1785885 1380374   11.99310  156 2226   12.06213   11.97120  0.75%  3868 42115s
 1789492 1382445     cutoff  231        12.06213   11.97120  0.75%  3868 42182s
 1792591 1384168   12.06086  252 1649   12.06213   11.97120  0.75%  3869 42256s
 1795029 1386612   12.03320  189 2082   12.06213   11.97122  0.75%  3869 42330s
 1798361 1389242     cutoff  225        12.06213   11.97123  0.75%  3870 42405s
 1801866 1392060   12.05984  224 2013   12.06213   11.97123  0.75%  3870 42477s
 1805554 1394555   12.01349  175 2215   12.06213   11.97125  0.75%  3870 42545s
 1808773 1396942   12.04124  191 2164   12.06213   11.97125  0.75%  3870 42616s
 1811915 1399588   12.05976  275 1560   12.06213   11.97125  0.75%  3870 42686s
 1815326 1401840   12.06093  242 1683   12.06213   11.97126  0.75%  3871 42759s
 1818101 1404548   12.06121  245 1696   12.06213   11.97127  0.75%  3870 42844s
 1821866 1406997   12.00803  161 2225   12.06213   11.97128  0.75%  3871 42923s
 1825249 1410664   12.06175  225 1713   12.06213   11.97129  0.75%  3872 43001s
 1829591 1411231   12.06049  198 1827   12.06213   11.97129  0.75%  3871 43125s
[2026-07-20T02:59:00.024] error: *** JOB 15292094 ON x1003c3s3b1n1 CANCELLED AT 2026-07-20T02:59:00 DUE TO TIME LIMIT ***
