2026-07-20 13:01:29 [INFO] idaes.core.surrogate.pysmo_surrogate: Decode surrogate. type=poly

===========================Polynomial Regression===============================================

The number of cross-validation cases (3) is used.
The default training/cross-validation split of 0.75 is used.
No iterations will be run.
Default parameter estimation method is used.
Parameter estimation method:  pyomo 

2026-07-20 13:01:29 [INFO] idaes.core.surrogate.pysmo_surrogate: Decode surrogate. type=poly

===========================Polynomial Regression===============================================

The number of cross-validation cases (3) is used.
The default training/cross-validation split of 0.75 is used.
No iterations will be run.
Default parameter estimation method is used.
Parameter estimation method:  pyomo 

2026-07-20 13:01:29 [INFO] idaes.core.surrogate.pysmo_surrogate: Decode surrogate. type=poly

===========================Polynomial Regression===============================================

The number of cross-validation cases (3) is used.
The default training/cross-validation split of 0.75 is used.
No iterations will be run.
Default parameter estimation method is used.
Parameter estimation method:  pyomo 

2026-07-20 13:01:29 [INFO] idaes.core.surrogate.pysmo_surrogate: Decode surrogate. type=poly

===========================Polynomial Regression===============================================

The number of cross-validation cases (3) is used.
The default training/cross-validation split of 0.75 is used.
No iterations will be run.
Default parameter estimation method is used.
Parameter estimation method:  pyomo 

2026-07-20 13:01:30 [INFO] idaes.apps.grid_integration.pricetaker.price_taker_model: Found minimum uptime/downtime data for pretreatment.uf_pumps[1] - Adding minimum uptime/downtime constraints.
2026-07-20 13:01:30 [INFO] idaes.apps.grid_integration.pricetaker.price_taker_model: Created startup/shutdown constraints for operation model  pretreatment.uf_pumps[1] at uf_pumps_1_startup_shutdown.
2026-07-20 13:01:30 [INFO] idaes.apps.grid_integration.pricetaker.price_taker_model: Found minimum uptime/downtime data for pretreatment.uf_pumps[2] - Adding minimum uptime/downtime constraints.
2026-07-20 13:01:30 [INFO] idaes.apps.grid_integration.pricetaker.price_taker_model: Created startup/shutdown constraints for operation model  pretreatment.uf_pumps[2] at uf_pumps_2_startup_shutdown.
2026-07-20 13:01:30 [INFO] idaes.apps.grid_integration.pricetaker.price_taker_model: Found minimum uptime/downtime data for pretreatment.uf_pumps[3] - Adding minimum uptime/downtime constraints.
2026-07-20 13:01:30 [INFO] idaes.apps.grid_integration.pricetaker.price_taker_model: Created startup/shutdown constraints for operation model  pretreatment.uf_pumps[3] at uf_pumps_3_startup_shutdown.
2026-07-20 13:01:30 [INFO] idaes.apps.grid_integration.pricetaker.price_taker_model: Found minimum uptime/downtime data for reverse_osmosis.ro_skid[1] - Adding minimum uptime/downtime constraints.
2026-07-20 13:01:30 [INFO] idaes.apps.grid_integration.pricetaker.price_taker_model: Created startup/shutdown constraints for operation model  reverse_osmosis.ro_skid[1] at ro_skid_1_startup_shutdown.
2026-07-20 13:01:30 [INFO] idaes.apps.grid_integration.pricetaker.price_taker_model: Found minimum uptime/downtime data for reverse_osmosis.ro_skid[2] - Adding minimum uptime/downtime constraints.
2026-07-20 13:01:30 [INFO] idaes.apps.grid_integration.pricetaker.price_taker_model: Created startup/shutdown constraints for operation model  reverse_osmosis.ro_skid[2] at ro_skid_2_startup_shutdown.
2026-07-20 13:01:30 [INFO] idaes.apps.grid_integration.pricetaker.price_taker_model: Found minimum uptime/downtime data for reverse_osmosis.ro_skid[3] - Adding minimum uptime/downtime constraints.
2026-07-20 13:01:30 [INFO] idaes.apps.grid_integration.pricetaker.price_taker_model: Created startup/shutdown constraints for operation model  reverse_osmosis.ro_skid[3] at ro_skid_3_startup_shutdown.
2026-07-20 13:01:30 [INFO] idaes.apps.grid_integration.pricetaker.price_taker_model: Found minimum uptime/downtime data for reverse_osmosis.ro_skid[4] - Adding minimum uptime/downtime constraints.
2026-07-20 13:01:30 [INFO] idaes.apps.grid_integration.pricetaker.price_taker_model: Created startup/shutdown constraints for operation model  reverse_osmosis.ro_skid[4] at ro_skid_4_startup_shutdown.
4364
Set parameter TokenServer to value "10.60.1.73"
Set parameter LogToConsole to value 1
Set parameter MIPGap to value 0.0083
Gurobi Optimizer version 12.0.3 build v12.0.3rc0 (linux64 - "Red Hat Enterprise Linux 8.8 (Ootpa)")

CPU model: Intel(R) Xeon(R) Platinum 8470QL, instruction set [SSE2|AVX|AVX2|AVX512]
Thread count: 104 physical cores, 104 logical processors, using up to 32 threads

Non-default parameters:
MIPGap  0.0083

Optimize a model with 17951 rows, 16467 columns and 49327 nonzeros
Model fingerprint: 0x24d3b706
Model has 168 quadratic objective terms
Model has 2352 quadratic constraints
Variable types: 11259 continuous, 5208 integer (5208 binary)
Coefficient statistics:
  Matrix range     [5e-04, 2e+03]
  QMatrix range    [2e-07, 1e+00]
  QLMatrix range   [3e-04, 1e+00]
  Objective range  [1e-05, 1e-03]
  QObjective range [2e-04, 2e-04]
  Bounds range     [9e-01, 1e+03]
  RHS range        [5e-02, 3e+05]
  QRHS range       [3e-01, 3e-01]
Presolve removed 6904 rows and 7586 columns
Presolve time: 0.10s
Presolved: 20287 rows, 9386 columns, 53728 nonzeros
Presolved model has 336 SOS constraint(s)
Presolved model has 2352 bilinear constraint(s)

Solving non-convex MIQCP

Variable types: 5740 continuous, 3646 integer (3646 binary)
Found heuristic solution: objective 12.5406438

Root relaxation: unbounded, 0 iterations, 0.01 seconds (0.00 work units)

    Nodes    |    Current Node    |     Objective Bounds      |     Work
 Expl Unexpl |  Obj  Depth IntInf | Incumbent    BestBd   Gap | It/Node Time

     0     2  postponed    0        12.54064          -      -     -    2s
     3     8  postponed    2        12.54064          -      -  4755    5s
    47    54  postponed    6        12.54064          -      -  8867   11s
   117   151  postponed    8        12.54064          -      -  8040   17s
   186   246  postponed    9        12.54064          -      -  8886   22s
   347   669 infeasible   11        12.54064          -      -  8457   30s
   980  1258 infeasible   20        12.54064          -      -  3621   42s
  1909  2100 infeasible   34        12.54064          -      -  2261   61s
  3295  3064 infeasible   55        12.54064          -      -  1671   85s
H 4606  3064                      12.5406436          -      -  1456   85s
  4959  4861  postponed   79        12.54064          -      -  1426  108s
H 5430  4861                      12.5406436          -      -  1397  108s
  7485  7599 infeasible  101        12.54064          -      -  1202  128s
 10764  9896  postponed  120        12.54064          -      -  1028  144s
 13637 11202 infeasible  133        12.54064          -      -   952  159s
 15501 11203   11.34926  179    0   12.54064          -      -   931  160s
 15503 11204    9.52118   34 2016   12.54064    9.52118  24.1%   931  179s
 15504 11205   10.96869   96 1727   12.54064   10.96869  12.5%   931  185s
 15506 11206   11.38599  223 1237   12.54064   11.38599  9.21%   931  191s
 15507 11207   12.14825  660 1816   12.54064   11.43765  8.80%   930  196s
 15508 11208   11.47507  336 2117   12.54064   11.47507  8.50%   930  204s
 15509 11208   12.35514  214 2506   12.54064   11.48648  8.41%   930  208s
 15510 11209   11.49998   59 2311   12.54064   11.49998  8.30%   930  213s
 15511 11210   11.50281   61 2460   12.54064   11.50281  8.28%   930  216s
 15512 11210   12.20473  194 2523   12.54064   11.50950  8.22%   930  221s
 15514 11212   11.53369  188 2442   12.54064   11.53369  8.03%   930  229s
 15515 11212   12.52695  801 2522   12.54064   11.53634  8.01%   930  232s
 15516 11213   11.54106  197 2467   12.54064   11.54106  7.97%   930  237s
 15518 11214   12.10267  599 2439   12.54064   11.54385  7.95%   930  241s
 15521 11216   11.54471  133 2420   12.54064   11.54471  7.94%   930  246s
 15524 11218   12.23049  635 2416   12.54064   11.54538  7.94%   929  251s
 15527 11220   11.54548  132 2395   12.54064   11.54548  7.94%   929  272s
 15528 11221   11.54548   43 2395   12.54064   11.54548  7.94%   929  290s
 15529 11225   11.57237   11 4372   12.54064   11.54548  7.94%   941  491s
 15531 11228   11.60611   12 2927   12.54064   11.57237  7.72%   942  514s
 15535 11235   11.62265   13 2921   12.54064   11.60611  7.45%   945  530s
 15543 11248   11.66894   14 2079   12.54064   11.62265  7.32%   954  553s
 15559 11275   11.71347   15 2274   12.54064   11.66632  6.97%   970  576s
 15591 11296   11.72165   16 2483   12.54064   11.67570  6.90%  1004  596s
 15623 11364   11.75538   17 3019   12.54064   11.67570  6.90%  1022  615s
 15702 11431   11.84563   20 2088   12.54064   11.67570  6.90%  1070  631s
 15795 11489   11.87192   22 1895   12.54064   11.67570  6.90%  1103  653s
 15884 11550   11.87809   24 1821   12.54064   11.67570  6.90%  1132  667s
 15975 11615   12.00674   24 2716   12.54064   11.67570  6.90%  1147  678s
 16071 11651   11.92620   26 1863   12.54064   11.67570  6.90%  1164  695s
 16141 11704   12.04994   27 1933   12.54064   11.67570  6.90%  1189  708s
 16219 11752   12.05754   28 1890   12.54064   11.67570  6.90%  1221  725s
 16301 11796   12.07412   30 1667   12.54064   11.67570  6.90%  1251  739s
 16382 11850   12.11045   31 1578   12.54064   11.67570  6.90%  1281  752s
 16474 11912   12.19879   33 1822   12.54064   11.67570  6.90%  1317  785s
 16575 11976   12.38109   34 1831   12.54064   11.71347  6.60%  1365  800s
 16682 12026   12.19336   36 1445   12.54064   11.71347  6.60%  1403  813s
 16782 12113   12.19536   38 1428   12.54064   11.71347  6.60%  1434  827s
 16918 12162   12.19792   39 2194   12.54064   11.71347  6.60%  1462  841s
 17041 12271   12.19881   40 1369   12.54064   11.71347  6.60%  1502  855s
 17208 12400   12.19921   41 1356   12.54064   11.71347  6.60%  1519  870s
 17407 12504   12.20699   46 1365   12.54064   11.71347  6.60%  1536  882s
 17600 12633   12.20169   47 1242   12.54064   11.71347  6.60%  1556  897s
 17817 12836   12.20298   49 1236   12.54064   11.72749  6.48%  1576  910s
 18102 12778   12.20519   56 1233   12.54064   11.72749  6.48%  1582  923s
H18103 12216                      12.5406384   11.72749  6.48%  1582  923s
 18145 12445   12.20519   57 1231   12.54064   11.72749  6.48%  1583  937s
 18405 12626   12.21223   65 1210   12.54064   11.72749  6.48%  1598  949s
 18697 12850   12.22235   74 1152   12.54064   11.72749  6.48%  1610  966s
 19043 13117   12.20781   84 1192   12.54064   11.72749  6.48%  1626  981s
 19458 13365   12.20782   95 1101   12.54064   11.72749  6.48%  1624  997s
 19863 13711   12.23085  106 1215   12.54064   11.72749  6.48%  1637 1018s
 20354 14123   12.20784  108 1105   12.54064   11.72749  6.48%  1632 1034s
 20944 14350   12.20686  124 1166   12.54064   11.72749  6.48%  1624 1051s
H20978 11506                      12.2524816   11.72749  4.28%  1622 1051s
H21127 10942                      12.2491985   11.72749  4.26%  1614 1051s
H21193 10432                      12.2469970   11.72749  4.24%  1614 1051s
H21235  9232                      12.2247800   11.72749  4.07%  1612 1051s
 21369  8919   12.20686  141 1159   12.22478   11.72749  4.07%  1616 1065s
H21447  8149                      12.1942475   11.72749  3.83%  1614 1065s
 21706  8092     cutoff  159        12.19425   11.74917  3.65%  1621 1081s
H21750  7664                      12.1923245   11.74917  3.63%  1623 1081s
H21860  7235                      12.1894218   11.74917  3.61%  1625 1081s
 21924  7205   11.87346   19 4528   12.18942   11.74917  3.61%  1639 1106s
H21962  6819                      12.1750565   11.74917  3.50%  1640 1106s
 22063  6891   12.00030   22 4213   12.17506   11.74917  3.50%  1662 1123s
 22298  6928   12.07626   22 4345   12.17506   11.74917  3.50%  1688 1147s
H22353  6556                      12.1750535   11.74917  3.50%  1693 1147s
H22374  6213                      12.1750532   11.74917  3.50%  1701 1147s
H22388  5707                      12.1638276   11.74917  3.41%  1709 1147s
 22481  5728   12.12750   27 4116   12.16383   11.74917  3.41%  1724 1167s
 22627  5804   12.14815   30 4068   12.16383   11.75490  3.36%  1765 1186s
 22816  5993   12.14868   31 4039   12.16383   11.75490  3.36%  1803 1210s
 23114  6115     cutoff   32        12.16383   11.75490  3.36%  1842 1232s
H23139  5803                      12.1638275   11.76123  3.31%  1849 1232s
H23249  5473                      12.1624471   11.76123  3.30%  1860 1232s
 23385  5654     cutoff   34        12.16245   11.76123  3.30%  1878 1254s
H23387  5379                      12.1624471   11.76123  3.30%  1878 1254s
H23394  5117                      12.1624471   11.76123  3.30%  1878 1254s
 23660  5305   12.02854   25 1809   12.16245   11.76123  3.30%  1923 1275s
H23991  5199                      12.1624471   11.76123  3.30%  1957 1303s
H23998  4962                      12.1624471   11.76123  3.30%  1961 1303s
H24166  4678                      12.1614489   11.77583  3.17%  1985 1303s
 24298  4866   12.15149   34 1577   12.16145   11.77583  3.17%  2008 1325s
H24328  4644                      12.1614489   11.77583  3.17%  2011 1325s
H24434  4407                      12.1614484   11.77583  3.17%  2015 1325s
H24591  4466                      12.1614484   11.79084  3.05%  2068 1349s
H24893  4183                      12.1614484   11.79084  3.05%  2096 1349s
H24957  3960                      12.1601639   11.79084  3.04%  2117 1349s
 24962  4233   12.09501   19 4505   12.16016   11.79084  3.04%  2119 1373s
 25323  4366   12.12543   20 4280   12.16016   11.79084  3.04%  2174 1398s
 25667  4634     cutoff   24        12.16016   11.81783  2.82%  2228 1423s
 26059  4851     cutoff   24        12.16016   11.81783  2.82%  2277 1449s
H26060  4851                      12.1601639   11.81783  2.82%  2276 1449s
H26070  4752                      12.1579864   11.82072  2.77%  2278 1449s
H26102  4747                      12.1578606   11.82072  2.77%  2286 1449s
H26120  4740                      12.1576694   11.82072  2.77%  2288 1449s
H26197  4739                      12.1576087   11.82212  2.76%  2290 1449s
H26200  4739                      12.1575884   11.82212  2.76%  2291 1449s
H26291  4739                      12.1575518   11.82446  2.74%  2300 1449s
 26358  4824     cutoff   24        12.15755   11.82452  2.74%  2315 1476s
 26602  4910     cutoff   21        12.15755   11.82614  2.73%  2372 1505s
H26603  4557                      12.1548334   11.82614  2.70%  2372 1505s
H26606  4527                      12.1546360   11.82614  2.70%  2373 1505s
 26742  4706   11.95474   19 2482   12.15464   11.82614  2.70%  2405 1533s
H26999  4706                      12.1546359   11.82732  2.69%  2449 1533s
 27074  4993   12.13677   29 1557   12.15464   11.82732  2.69%  2458 1562s
 27493  5380   12.08368   20 4433   12.15464   11.82732  2.69%  2506 1591s
 27970  5717   12.11343   22 4310   12.15464   11.82732  2.69%  2544 1623s
H28467  6054                      12.1546265   11.82732  2.69%  2593 1654s
H28480  6054                      12.1546265   11.82732  2.69%  2598 1654s
H28568  6054                      12.1546264   11.82732  2.69%  2609 1654s
H28850  6054                      12.1546264   11.84122  2.58%  2635 1654s
 28944  6363     cutoff   24        12.15463   11.84122  2.58%  2640 1691s
 29426  6882     cutoff   29        12.15463   11.84122  2.58%  2712 1740s
 30129  7318   12.15313   32 1569   12.15463   11.85266  2.48%  2780 1785s
 30787  7675   12.13677   28 2041   12.15463   11.85735  2.45%  2841 1826s
 31327  8117   12.14526   35 1500   12.15463   11.86767  2.36%  2922 1872s
 31928  8369   12.06777   26 4308   12.15463   11.86767  2.36%  3000 1919s
H32079  8369                      12.1546258   11.86925  2.35%  3012 1919s
 32343  8780   12.07527   27 4283   12.15463   11.86993  2.34%  3040 1973s
H32636  8780                      12.1546258   11.86993  2.34%  3065 1973s
H32638  8176                      12.1527113   11.86993  2.33%  3065 1973s
 32925  8613   12.07563   28 4250   12.15271   11.87007  2.33%  3086 2032s
H32991  8596                      12.1525545   11.87007  2.32%  3101 2032s
 33606  9215   12.09191   46 3911   12.15255   11.87007  2.32%  3163 2089s
H34374  9479                      12.1516853   11.87969  2.24%  3224 2149s
H34429  9335                      12.1512481   11.87969  2.23%  3239 2149s
H35062  9317                      12.1512166   11.88019  2.23%  3284 2149s
H35149 10085                      12.1512166   11.88019  2.23%  3286 2211s
H35953 10085                      12.1512166   11.88200  2.22%  3342 2211s
 36114 10924   11.94934   38 4193   12.15122   11.88637  2.18%  3345 2271s
 37120 12130   11.99479   45 4030   12.15122   11.88720  2.17%  3389 2328s
H37361 12130                      12.1512166   11.88902  2.16%  3416 2328s
 38501 13600   12.01192   54 4060   12.15122   11.89050  2.15%  3392 2391s
H38517 13600                      12.1512165   11.89050  2.15%  3394 2391s
H38556 13600                      12.1512159   11.89211  2.13%  3401 2391s
H40030 13600                      12.1512158   11.89309  2.12%  3383 2391s
 40174 14539   12.14577   62 3580   12.15122   11.89309  2.12%  3373 2454s
H40191 14539                      12.1512157   11.89309  2.12%  3376 2454s
 41466 15097   12.03163   71 3340   12.15122   11.89309  2.12%  3407 2514s
 42235 15531   12.12754   80 2345   12.15122   11.89617  2.10%  3479 2576s
 42957 16582   12.02488   64 3819   12.15122   11.89690  2.09%  3572 2645s
 44204 17632   12.07432   74 3673   12.15122   11.89690  2.09%  3627 2725s
 45570 18406   12.07079   78 3485   12.15122   11.90085  2.06%  3684 2796s
 46670 19079   12.08730  103 3008   12.15122   11.90206  2.05%  3761 2868s
 47713 19559   12.13658  151 2355   12.15122   11.90491  2.03%  3858 2954s
 48617 20412   11.98268   93 3151   12.15122   11.90491  2.03%  3966 3034s
 49790 21290   12.05748   89 3404   12.15122   11.90491  2.03%  4047 3121s
 51015 22356   12.10017  112 2727   12.15122   11.91351  1.96%  4141 3212s
H51772 22356                      12.1512156   11.91351  1.96%  4187 3212s
 52367 22955   12.14816  155 2133   12.15122   11.91351  1.96%  4228 3309s
H52497 16301                      12.1376412   11.91351  1.85%  4245 3309s
H52518  6091                      12.0804101   11.91351  1.38%  4250 3309s
 53255  5950     cutoff   46        12.08041   11.91351  1.38%  4282 3413s
 54046  6260   12.06253   63 3638   12.08041   11.91886  1.34%  4395 3532s
H54064  5535                      12.0719738   11.91886  1.27%  4400 3532s
H54093  5532                      12.0719559   11.91886  1.27%  4403 3532s
H54189  5521                      12.0717468   11.91886  1.27%  4417 3532s
H54254  5506                      12.0714825   11.91886  1.26%  4428 3532s
 54844  5733     cutoff   80        12.07148   11.91886  1.26%  4512 3652s
 55850  6071     cutoff   56        12.07148   11.92534  1.21%  4632 3778s
H56100  6055                      12.0713255   11.92675  1.20%  4672 3778s
H56304  6029                      12.0709945   11.92675  1.19%  4699 3778s
 56855  6604     cutoff  111        12.07099   11.92840  1.18%  4762 3915s
 58014  6945   12.02066   27 4314   12.07099   11.93178  1.15%  4889 4037s
H58399  6945                      12.0709945   11.93234  1.15%  4940 4037s
 58993  8604   11.97982   37 4140   12.07099   11.93347  1.14%  4996 4251s
H59228  8604                      12.0709945   11.93459  1.13%  5005 4251s
H61755  8604                      12.0709945   11.93589  1.12%  5117 4251s
 61843  9237     cutoff  261        12.07099   11.93679  1.11%  5130 4407s
H61844  9237                      12.0709945   11.93679  1.11%  5130 4407s
 63367 10497   12.02371   46 3920   12.07099   11.94021  1.08%  5249 4586s
H63907 10492                      12.0709331   11.94021  1.08%  5280 4586s
 65695 12026     cutoff   62        12.07093   11.94248  1.06%  5337 4754s
H66494 12026                      12.0709331   11.94260  1.06%  5372 4754s
H66588 12023                      12.0708518   11.94260  1.06%  5382 4754s
 68294 14199     cutoff   22        12.07085   11.94524  1.04%  5394 4926s
H68298 14197                      12.0708321   11.94524  1.04%  5395 4926s
H69708 14197                      12.0708295   11.94553  1.04%  5423 4926s
 71644 15644   11.96286   49 3982   12.07083   11.94712  1.02%  5421 5087s
H72530 15644                      12.0708292   11.94712  1.02%  5461 5087s
H73597 15644                      12.0708260   11.94928  1.01%  5468 5087s
H74135 15643                      12.0708219   11.95009  1.00%  5472 5087s
H74287 18550                      12.0708218   11.95033  1.00%  5474 5251s
H74534 18550                      12.0708218   11.95033  1.00%  5470 5251s
H74538 18478                      12.0700900   11.95033  0.99%  5470 5251s
H75438 17907                      12.0672004   11.95033  0.97%  5460 5251s
 77972 20527     cutoff  298        12.06720   11.95033  0.97%  5387 5409s
H78859 20526                      12.0671750   11.95108  0.96%  5384 5409s
H80883 20523                      12.0671706   11.95200  0.95%  5381 5409s
 81746 25239   11.97722  131 2513   12.06717   11.95356  0.94%  5373 5561s
 87415 30344   11.99323  153 2211   12.06717   11.95477  0.93%  5249 5746s
H89342 30297                      12.0669565   11.95477  0.93%  5223 5746s
H89978 30293                      12.0669455   11.95477  0.93%  5221 5746s
 93970 32774   12.05643  239 1658   12.06695   11.95643  0.92%  5163 5840s
 97106 35866   12.06231  193 1923   12.06695   11.95724  0.91%  5129 5943s
 101041 38261   12.06160   61 3752   12.06695   11.95755  0.91%  5061 6032s
H102653 38261                      12.0669454   11.95807  0.90%  5043 6032s
 104185 41738   11.97325  131 2426   12.06695   11.95868  0.90%  5032 6122s
 108395 45591   12.00281  152 2228   12.06695   11.95868  0.90%  4972 6212s
 112895 49811   12.06376  246 1800   12.06695   11.95868  0.90%  4901 6295s
H116274 49811                      12.0669447   11.95975  0.89%  4846 6295s
 117712 56521   12.02117  184 2206   12.06694   11.95992  0.89%  4820 6461s
 126247 59047   12.03940  203 1807   12.06694   11.96066  0.88%  4724 6528s
 129418 62298   11.98565  153 2204   12.06694   11.96091  0.88%  4693 6593s
 133223 65515   12.00381  166 2209   12.06694   11.96093  0.88%  4646 6658s
 136963 68129   12.06536  245 1740   12.06694   11.96137  0.87%  4601 6723s
 140358 70670     cutoff   80        12.06694   11.96150  0.87%  4568 6799s
 143704 72954   12.06455  240 1721   12.06694   11.96176  0.87%  4531 6862s
 146681 79901   12.03273  174 2302   12.06694   11.96197  0.87%  4513 7006s
 154922 82412   12.06599  235 2042   12.06694   11.96219  0.87%  4433 7066s
 158058 85050   12.00837  162 2227   12.06694   11.96226  0.87%  4412 7136s
 161240 88477   11.96548  132 2297   12.06694   11.96238  0.87%  4388 7197s
 165121 91106     cutoff  249        12.06694   11.96253  0.87%  4349 7253s
 168264 93983   12.00246  168 2249   12.06694   11.96263  0.86%  4325 7314s
 171353 97891   12.05087  269 1643   12.06694   11.96263  0.86%  4303 7373s
 175524 100548   12.06357  380 1458   12.06694   11.96272  0.86%  4255 7431s
 178509 105422   11.96781  136 2335   12.06694   11.96283  0.86%  4245 7558s
 184685 108376   12.04167   67 3535   12.06694   11.96297  0.86%  4232 7627s
 188370 111228   12.02658  193 1956   12.06694   11.96314  0.86%  4216 7692s
 191895 113956   12.06561  244 1661   12.06694   11.96314  0.86%  4196 7759s
 195339 116281   12.00521  163 2258   12.06694   11.96321  0.86%  4183 7830s
 198322 119048   11.98029  135 2428   12.06694   11.96341  0.86%  4176 7896s
 201696 121699     cutoff  209        12.06694   11.96341  0.86%  4161 7964s
 205023 124047     cutoff  206        12.06694   11.96358  0.86%  4149 8031s
 207950 129049   12.01350  158 2269   12.06694   11.96361  0.86%  4143 8149s
 213575 131119     cutoff  187        12.06694   11.96367  0.86%  4126 8220s
 216211 133967   11.98387  144 2203   12.06694   11.96374  0.86%  4133 8294s
 219608 137817   12.06408  191 2152   12.06694   11.96374  0.86%  4125 8368s
 223758 142038   12.01870  176 2192   12.06694   11.96374  0.86%  4105 8437s
 228456 144590   11.98443  149 2176   12.06694   11.96388  0.85%  4078 8498s
 231583 146797   11.96766  140 2160   12.06694   11.96388  0.85%  4075 8561s
 234488 149634     cutoff  220        12.06694   11.96396  0.85%  4075 8625s
 237974 153402   12.06246  216 1651   12.06694   11.96408  0.85%  4064 8737s
 243045 156299   12.06591  231 1810   12.06694   11.96416  0.85%  4066 8809s
 246471 160038     cutoff  199        12.06694   11.96419  0.85%  4060 8881s
 250793 162512   11.97405  139 2342   12.06694   11.96430  0.85%  4041 8953s
 253863 164800     cutoff  240        12.06694   11.96431  0.85%  4041 9019s
 256808 167959   12.01005  168 2132   12.06694   11.96431  0.85%  4038 9085s
 260242 172275   12.02793  185 2065   12.06694   11.96431  0.85%  4027 9153s
 264798 175576   12.06375  271 1793   12.06694   11.96445  0.85%  4004 9215s
 268537 180005   12.02158  184 2118   12.06694   11.96451  0.85%  3991 9319s
 273984 182498     cutoff  236        12.06694   11.96462  0.85%  3985 9385s
 277180 185855   12.06482  239 1714   12.06694   11.96462  0.85%  3980 9449s
 280829 189649     cutoff  229        12.06694   11.96462  0.85%  3966 9512s
 284966 192196   12.03222  198 1978   12.06694   11.96462  0.85%  3949 9570s
 287955 193635   11.98753  153 2203   12.06694   11.96462  0.85%  3946 9627s
H288536 192089                      12.0653648   11.96462  0.83%  3944 9627s
 289746 195205   12.02194  180 2096   12.06536   11.96462  0.83%  3945 9693s
H289750 192475                      12.0643368   11.96462  0.83%  3945 9693s

Cutting planes:
  Learned: 524
  Gomory: 45
  Cover: 1816
  Implied bound: 423
  Projected implied bound: 170
  Clique: 13
  MIR: 760
  StrongCG: 2
  Flow cover: 1598
  GUB cover: 67
  Inf proof: 5
  Zero half: 17
  Network: 23
  RLT: 2246
  Relax-and-lift: 754
  BQP: 5
  PSD: 1

Explored 293022 nodes (1151463453 simplex iterations) in 9693.16 seconds (22578.45 work units)
Thread count was 32 (of 104 available processors)

Solution count 10: 12.0643 12.0643 12.0654 ... 12.0701

Optimal solution found (tolerance 8.30e-03)
Best objective 1.206433684692e+01, best bound 1.196476960126e+01, gap 0.8253%
m.flow_changes_penalty(): 520.0
Total operational cost: 120123.37
Maximum power (kW): 1168.09
Discharge energy capacity (kWh): 12792.66
Charge energy capacity (kWh): 7320.38
Levelized Cost of Flexibility ($/kWh): -0.11
{'fixed_demand_cost': 5892.077230195574, 'variable_demand_cost': 5494.164219380614, 'fixed_monthly_cost': 171938.17204301074, 'total_water_production': 282179.6717129596, 'total_energy_cost': 21922.67094960691, 'total_demand_cost': 11386.241449576188, 'total_customer_cost': 0.0, 'total_feed_cost': 51194.90246044686, 'total_brine_cost': 16249.041525878789, 'total_chemical_cost': 19370.51208364458, 'total_water_revenue': 0.0, 'total_demand_response_revenue': 0.0, 'total_emissions_cost': 0.0, 'total_op_cost': 120123.36846915333, 'fixed_cost': 121551.98252688172, 'total_cost': 241675.35099603503, 'LCOW': 0.8564591117742649, 'degree_of_flex': 0.10778443113772455, 'total_replacement_cost': 1425.1988543731686, 'maximum_power': 1168.0887035395826, 'discharge_energy_capacity': 12792.663740961189, 'charge_energy_capacity': 7320.379650114728, 'discharge_power_capacity': 511.70654963844754, 'charge_power_capacity': 51.19146608471838, 'round_trip_efficiency': 0, 'LVOF': -0.11339056141074605}
Saved operation variable results to: /home/rchurchi/watertap_test/watertap/tutorials/flex_ro/wrd_result_summer_both_4_flexible_trains_higher_rate_even.csv
Saved summary results to: /home/rchurchi/watertap_test/watertap/tutorials/flex_ro/wrd_pricetaker_summary_results_20260720_154307.csv
