2026-07-13 17:08:32 [INFO] idaes.core.surrogate.pysmo_surrogate: Decode surrogate. type=poly

===========================Polynomial Regression===============================================

The number of cross-validation cases (3) is used.
The default training/cross-validation split of 0.75 is used.
No iterations will be run.
Default parameter estimation method is used.
Parameter estimation method:  pyomo 

2026-07-13 17:08:32 [INFO] idaes.core.surrogate.pysmo_surrogate: Decode surrogate. type=poly

===========================Polynomial Regression===============================================

The number of cross-validation cases (3) is used.
The default training/cross-validation split of 0.75 is used.
No iterations will be run.
Default parameter estimation method is used.
Parameter estimation method:  pyomo 

2026-07-13 17:08:32 [INFO] idaes.core.surrogate.pysmo_surrogate: Decode surrogate. type=poly

===========================Polynomial Regression===============================================

The number of cross-validation cases (3) is used.
The default training/cross-validation split of 0.75 is used.
No iterations will be run.
Default parameter estimation method is used.
Parameter estimation method:  pyomo 

2026-07-13 17:08:32 [INFO] idaes.core.surrogate.pysmo_surrogate: Decode surrogate. type=poly

===========================Polynomial Regression===============================================

The number of cross-validation cases (3) is used.
The default training/cross-validation split of 0.75 is used.
No iterations will be run.
Default parameter estimation method is used.
Parameter estimation method:  pyomo 

2026-07-13 17:08:34 [INFO] idaes.apps.grid_integration.pricetaker.price_taker_model: Found minimum uptime/downtime data for pretreatment.uf_pumps[1] - Adding minimum uptime/downtime constraints.
2026-07-13 17:08:34 [INFO] idaes.apps.grid_integration.pricetaker.price_taker_model: Created startup/shutdown constraints for operation model  pretreatment.uf_pumps[1] at uf_pumps_1_startup_shutdown.
2026-07-13 17:08:34 [INFO] idaes.apps.grid_integration.pricetaker.price_taker_model: Found minimum uptime/downtime data for pretreatment.uf_pumps[2] - Adding minimum uptime/downtime constraints.
2026-07-13 17:08:34 [INFO] idaes.apps.grid_integration.pricetaker.price_taker_model: Created startup/shutdown constraints for operation model  pretreatment.uf_pumps[2] at uf_pumps_2_startup_shutdown.
2026-07-13 17:08:34 [INFO] idaes.apps.grid_integration.pricetaker.price_taker_model: Found minimum uptime/downtime data for pretreatment.uf_pumps[3] - Adding minimum uptime/downtime constraints.
2026-07-13 17:08:34 [INFO] idaes.apps.grid_integration.pricetaker.price_taker_model: Created startup/shutdown constraints for operation model  pretreatment.uf_pumps[3] at uf_pumps_3_startup_shutdown.
2026-07-13 17:08:34 [INFO] idaes.apps.grid_integration.pricetaker.price_taker_model: Found minimum uptime/downtime data for reverse_osmosis.ro_skid[1] - Adding minimum uptime/downtime constraints.
2026-07-13 17:08:34 [INFO] idaes.apps.grid_integration.pricetaker.price_taker_model: Created startup/shutdown constraints for operation model  reverse_osmosis.ro_skid[1] at ro_skid_1_startup_shutdown.
2026-07-13 17:08:34 [INFO] idaes.apps.grid_integration.pricetaker.price_taker_model: Found minimum uptime/downtime data for reverse_osmosis.ro_skid[2] - Adding minimum uptime/downtime constraints.
2026-07-13 17:08:34 [INFO] idaes.apps.grid_integration.pricetaker.price_taker_model: Created startup/shutdown constraints for operation model  reverse_osmosis.ro_skid[2] at ro_skid_2_startup_shutdown.
2026-07-13 17:08:34 [INFO] idaes.apps.grid_integration.pricetaker.price_taker_model: Found minimum uptime/downtime data for reverse_osmosis.ro_skid[3] - Adding minimum uptime/downtime constraints.
2026-07-13 17:08:34 [INFO] idaes.apps.grid_integration.pricetaker.price_taker_model: Created startup/shutdown constraints for operation model  reverse_osmosis.ro_skid[3] at ro_skid_3_startup_shutdown.
2026-07-13 17:08:34 [INFO] idaes.apps.grid_integration.pricetaker.price_taker_model: Found minimum uptime/downtime data for reverse_osmosis.ro_skid[4] - Adding minimum uptime/downtime constraints.
2026-07-13 17:08:34 [INFO] idaes.apps.grid_integration.pricetaker.price_taker_model: Created startup/shutdown constraints for operation model  reverse_osmosis.ro_skid[4] at ro_skid_4_startup_shutdown.
2926
Set parameter TokenServer to value "10.60.1.73"
Set parameter LogToConsole to value 1
Set parameter MIPGap to value 0.01
Gurobi Optimizer version 12.0.3 build v12.0.3rc0 (linux64 - "Red Hat Enterprise Linux 8.8 (Ootpa)")

CPU model: Intel(R) Xeon(R) Platinum 8470QL, instruction set [SSE2|AVX|AVX2|AVX512]
Thread count: 104 physical cores, 104 logical processors, using up to 32 threads

Non-default parameters:
MIPGap  0.01

Optimize a model with 18623 rows, 15029 columns and 46253 nonzeros
Model fingerprint: 0x7283b307
Model has 168 quadratic objective terms
Model has 1680 quadratic constraints
Variable types: 10587 continuous, 4442 integer (4442 binary)
Coefficient statistics:
  Matrix range     [5e-04, 2e+03]
  QMatrix range    [2e-07, 1e+00]
  QLMatrix range   [3e-04, 1e+00]
  Objective range  [1e-05, 1e-03]
  QObjective range [2e-04, 2e-04]
  Bounds range     [1e+00, 1e+03]
  RHS range        [9e-02, 3e+05]
  QRHS range       [3e-01, 3e-01]
Presolve removed 11983 rows and 9301 columns
Presolve time: 0.08s
Presolved: 12776 rows, 5729 columns, 34814 nonzeros
Presolved model has 1660 bilinear constraint(s)

Solving non-convex MIQCP

Variable types: 3664 continuous, 2065 integer (2065 binary)
Found heuristic solution: objective 12.0903182

Root relaxation: objective 1.086559e+01, 26819 iterations, 4.80 seconds (7.08 work units)
Total elapsed time = 5.09s (DegenMoves)

    Nodes    |    Current Node    |     Objective Bounds      |     Work
 Expl Unexpl |  Obj  Depth IntInf | Incumbent    BestBd   Gap | It/Node Time

     0     0   10.86559    0 1701   12.09032   10.86559  10.1%     -    5s
H    0     0                      12.0903180   10.86559  10.1%     -    5s
     0     0   11.51409    0 1691   12.09032   11.51409  4.77%     -    6s
     0     0   11.57595    0 1703   12.09032   11.57595  4.25%     -    7s
     0     0   11.58726    0 1676   12.09032   11.58726  4.16%     -    7s
     0     0   11.58734    0 1656   12.09032   11.58734  4.16%     -    7s
     0     0   11.59124    0 1729   12.09032   11.59124  4.13%     -    8s
     0     0   11.59282    0 1633   12.09032   11.59282  4.11%     -    8s
     0     0   11.59484    0 1723   12.09032   11.59484  4.10%     -    8s
     0     0   11.59494    0 1726   12.09032   11.59494  4.10%     -    8s
     0     0   11.59521    0 1599   12.09032   11.59521  4.10%     -    8s
     0     0   11.59528    0 1764   12.09032   11.59528  4.09%     -    9s
     0     0   11.59533    0 1735   12.09032   11.59533  4.09%     -    9s
     0     0   11.63818    0 1526   12.09032   11.63818  3.74%     -   10s
     0     2   11.63818    0 1526   12.09032   11.63818  3.74%     -   12s
   202   289   11.76883    9 1349   12.09032   11.64227  3.71%   612   15s
  1626  1737   11.65225   30 1529   12.09032   11.64334  3.70%   276   20s
  3680  3931   11.65929   45 1459   12.09032   11.64334  3.70%   223   25s
  7228  7473   11.67727   68 1401   12.09032   11.64559  3.68%   179   30s
 10039 10289   11.69064   78 1457   12.09032   11.64587  3.68%   173   35s
H12030  9626                      11.8858351   11.64587  2.02%   172   37s
H12419  9807                      11.8698351   11.64587  1.89%   173   37s
H13111 10151                      11.8599910   11.64587  1.81%   174   38s
 14544 11235   11.65406   21  373   11.85999   11.64587  1.81%   174   45s
 14546 11236   11.79887   83  438   11.85999   11.64587  1.81%   174   52s
 14548 11238   11.85910  230  453   11.85999   11.67590  1.55%   174   55s
 14559 11245   11.79916  132  443   11.85999   11.67781  1.54%   174   60s
 14569 11252   11.82044  193  481   11.85999   11.67803  1.53%   174   65s
 14586 11264   11.82619  136  458   11.85999   11.67823  1.53%   177   72s
 14588 11266   11.77781   18  479   11.85999   11.67823  1.53%   177   75s
 14596 11271   11.78560   52  546   11.85999   11.67836  1.53%   177   80s
 14606 11278   11.83887  271  521   11.85999   11.67848  1.53%   177   89s
 14607 11278   11.83339  280  521   11.85999   11.67848  1.53%   177   90s
 14608 11282   11.67937   27 1521   11.85999   11.67848  1.53%   180  124s
 14610 11285   11.68596   28 1509   11.85999   11.67937  1.52%   181  126s
 14638 11332   11.69525   31 1550   11.85999   11.68068  1.51%   184  131s
H14643 10765                      11.8591356   11.68068  1.50%   185  131s
H14940 10452                      11.8591356   11.68177  1.50%   204  134s
 14994 10508   11.80466   35 1225   11.85914   11.68177  1.50%   206  136s
 15470 10786   11.70218   39 1564   11.85914   11.68177  1.50%   214  140s
H15738 10423                      11.8591356   11.68177  1.50%   218  143s
 15898 10554   11.81245   41 1138   11.85914   11.68177  1.50%   221  145s
 16222 10855   11.70518   44 1442   11.85914   11.68177  1.50%   228  152s
H16813 10638                      11.8577209   11.68177  1.48%   234  157s
H16817 10177                      11.8575384   11.68177  1.48%   234  157s
H16858  9727                      11.8574314   11.68177  1.48%   236  157s
H17203  9715                      11.8544314   11.68618  1.42%   238  161s
 18036 10209   11.81779   50 1183   11.85443   11.68618  1.42%   244  165s
H18389  9823                      11.8544222   11.68618  1.42%   248  166s
 18678 10116   11.81618   53 1168   11.85442   11.68674  1.41%   250  170s
H19883  9897                      11.8455837   11.68750  1.33%   265  174s
H19885  9504                      11.8445837   11.68750  1.33%   265  174s
H19886  9089                      11.8422659   11.68750  1.31%   265  174s
H19908  8736                      11.8411003   11.68750  1.30%   265  174s
 19915  9031   11.71439   59 1322   11.84110   11.68801  1.29%   266  176s
H20069  8675                      11.8411003   11.68801  1.29%   267  176s
H20260  8683                      11.8411003   11.68801  1.29%   269  177s
H20263  8387                      11.8401074   11.68801  1.28%   269  177s
H20669  8464                      11.8401074   11.68801  1.28%   273  179s
H20698  8205                      11.8401074   11.68801  1.28%   274  179s
 21142  8533   11.82225   63 1112   11.84011   11.68801  1.28%   276  180s
H21366  8222                      11.8401074   11.68801  1.28%   278  180s
H21497  7955                      11.8401074   11.68801  1.28%   278  180s
H22727  8380                      11.8400750   11.68860  1.28%   283  184s
H22728  8172                      11.8399581   11.68860  1.28%   283  184s
H22735  7978                      11.8399550   11.68860  1.28%   283  184s
H22736  7795                      11.8399233   11.68860  1.28%   283  184s
 22879  8250   11.82337   67 1117   11.83992   11.68860  1.28%   285  185s
H23727  8301                      11.8398156   11.68860  1.28%   288  186s
H24000  8271                      11.8398156   11.68860  1.28%   290  188s
H24288  8736                      11.8398156   11.68860  1.28%   293  189s
 24851  9285   11.73351   75 1674   11.83982   11.69008  1.26%   296  191s
H25478  9306                      11.8398134   11.69008  1.26%   299  192s
H25480  9222                      11.8387244   11.69008  1.26%   299  192s
H25516  9604                      11.8387244   11.69008  1.26%   300  194s
H25543  9604                      11.8387244   11.69008  1.26%   300  194s
H25547  9604                      11.8387244   11.69008  1.26%   300  194s
H25564  9604                      11.8387244   11.69008  1.26%   300  194s
 25968 10097   11.82752   79 1057   11.83872   11.69008  1.26%   303  195s
H26583 10455                      11.8387244   11.69008  1.26%   307  198s
H26648 10455                      11.8387208   11.69008  1.26%   307  198s
H26814 10449                      11.8386103   11.69008  1.25%   308  198s
H27056 11063                      11.8386103   11.69008  1.25%   312  199s
H27114 11063                      11.8386103   11.69008  1.25%   312  199s
H27506 11063                      11.8386103   11.69008  1.25%   313  199s
 27734 11596   11.74192   86 1606   11.83861   11.69008  1.25%   314  201s
H28555 12238                      11.8386103   11.69017  1.25%   319  202s
 29150 12914   11.82902   90 1106   11.83861   11.69154  1.24%   321  205s
H29944 13074                      11.8385998   11.69154  1.24%   325  207s
H29994 13073                      11.8385960   11.69154  1.24%   326  207s
H30171 13073                      11.8385959   11.69154  1.24%   329  207s
 31160 14386   11.83375   95 1072   11.83860   11.69154  1.24%   334  211s
H31827 14984                      11.8385959   11.69154  1.24%   339  214s
H31847 14984                      11.8385959   11.69154  1.24%   339  214s
H31859 14984                      11.8385959   11.69154  1.24%   340  214s
H32064 14984                      11.8385959   11.69154  1.24%   340  214s
 32530 15066   11.75766   98 1578   11.83860   11.69154  1.24%   342  215s
H32540 15066                      11.8385959   11.69154  1.24%   342  215s
H33213 15722                      11.8385959   11.69154  1.24%   345  218s
 33405 16635   11.75912   99 1565   11.83860   11.69154  1.24%   345  222s
H34888 17264                      11.8385959   11.69488  1.21%   352  224s
H34927 17264                      11.8385958   11.69488  1.21%   353  224s
 35278 18037   11.76278  101 1531   11.83860   11.69488  1.21%   352  227s
 36350 18351   11.76392  105 1498   11.83860   11.69488  1.21%   357  230s
 38080 20066     cutoff  111        11.83860   11.69488  1.21%   363  235s
 39994 22144   11.77894  118 1528   11.83860   11.69620  1.20%   375  241s
 42614 24188   11.79217  126 1462   11.83860   11.69662  1.20%   382  247s
 43561 25317   11.79579  131 1357   11.83860   11.69662  1.20%   386  250s
 45970 27141   11.81037  148 1272   11.83860   11.69876  1.18%   397  257s
 47367 28402   11.83494  189 1173   11.83860   11.69876  1.18%   402  260s
 49134 29706   11.70988   57 1472   11.83860   11.69981  1.17%   407  268s
 50613 31008   11.82970  104 1070   11.83860   11.69981  1.17%   409  272s
 52277 32661   11.82263   97  971   11.83860   11.69981  1.17%   412  276s
 54238 34362   11.81409   80 1047   11.83860   11.70049  1.17%   413  280s
 57955 38103   11.82502  157 1173   11.83860   11.70203  1.15%   412  288s
 60204 38104   11.81300   70  373   11.83860   11.70203  1.15%   410  362s
 60206 38105   11.80872   51  587   11.83860   11.70203  1.15%   410  365s
 60209 38107   11.83699  118  590   11.83860   11.70203  1.15%   409  375s
 60211 38109   11.81803   91  572   11.83860   11.70203  1.15%   409  384s
 60212 38109   11.81166   57  582   11.83860   11.70203  1.15%   409  387s
 60213 38110   11.81105   59  580   11.83860   11.70203  1.15%   409  390s
 60215 38111   11.83594  103  562   11.83860   11.70203  1.15%   409  396s
 60217 38113   11.82428  171  592   11.83860   11.70203  1.15%   409  401s
 60219 38114   11.70485   63  594   11.83860   11.70203  1.15%   409  407s
 60221 38115   11.73391   85  597   11.83860   11.70203  1.15%   409  411s
 60223 38117   11.83004  298  599   11.83860   11.70203  1.15%   409  416s
 60225 38118   11.83849  299  599   11.83860   11.70203  1.15%   409  421s
 60226 38119   11.81465   68  599   11.83860   11.70203  1.15%   409  428s
 60227 38119   11.81832   81  599   11.83860   11.70203  1.15%   409  432s
 60228 38123   11.70203   38 1648   11.83860   11.70203  1.15%   410  470s
 60242 38146   11.70203   41 1599   11.83860   11.70203  1.15%   411  475s
 60440 38345   11.80389   45 1396   11.83860   11.70203  1.15%   415  480s
 60750 38517   11.80122   47 1344   11.83860   11.70203  1.15%   417  485s
 61116 38741   11.70203   51 1551   11.83860   11.70203  1.15%   418  490s
H61253 36845                      11.8385958   11.70203  1.15%   418  492s
 61297 36913   11.70203   54 1505   11.83860   11.70203  1.15%   418  495s
H61713 35305                      11.8385958   11.70203  1.15%   419  499s
 61722 35395   11.70203   58 1480   11.83860   11.70203  1.15%   419  500s
H61816 33723                      11.8385957   11.70203  1.15%   420  502s
 62017 33890   11.70203   60 1468   11.83860   11.70203  1.15%   421  505s
H62271 32431                      11.8385957   11.70203  1.15%   421  507s
H62274 30877                      11.8385957   11.70203  1.15%   421  507s
H62625 29579                      11.8385957   11.70203  1.15%   422  509s
 62744 29665   11.70255   64 1574   11.83860   11.70203  1.15%   422  510s
H63302 28536                      11.8375989   11.70203  1.15%   424  514s
 63419 28689   11.70649   69 1614   11.83760   11.70203  1.15%   425  515s
 64181 29251   11.70905   72 1587   11.83760   11.70203  1.15%   427  520s
H64647 28058                      11.8375989   11.70203  1.15%   428  521s
 65592 28453   11.81216   76 1170   11.83760   11.70203  1.15%   430  525s
H65604 27184                      11.8375975   11.70203  1.15%   430  525s
H65875 26338                      11.8375975   11.70203  1.15%   430  526s
H65946 25172                      11.8375974   11.70203  1.15%   430  526s
H65974 24079                      11.8375974   11.70203  1.15%   430  526s
H66136 23400                      11.8375974   11.70203  1.15%   430  528s
 66992 23931   11.81423   79 1152   11.83760   11.70203  1.15%   432  531s
H67513 23002                      11.8375967   11.70203  1.15%   433  532s
H67552 22059                      11.8375956   11.70203  1.15%   433  532s
H67576 21168                      11.8375942   11.70203  1.15%   433  532s
H67824 20683                      11.8375942   11.70203  1.15%   433  534s
H68272 20169                      11.8375942   11.70203  1.15%   434  536s
H68296 19404                      11.8375941   11.70203  1.15%   434  536s
 69207 19929   11.73007   86 1695   11.83759   11.70203  1.15%   436  540s
 70989 20384   11.82033   91 1131   11.83759   11.70203  1.15%   437  546s
H71002 19660                      11.8375941   11.70203  1.15%   437  546s
H71007 18975                      11.8375941   11.70203  1.15%   437  546s
H71031 18318                      11.8375941   11.70203  1.15%   437  546s
 71480 19368   11.73516   93 1745   11.83759   11.70560  1.12%   437  551s
H72892 18913                      11.8375937   11.70560  1.12%   434  553s
H73108 19043                      11.8375937   11.70712  1.10%   435  555s
H74071 19135                      11.8375937   11.70712  1.10%   435  558s
 75169 19459   11.74161  102 1772   11.83759   11.70882  1.09%   433  560s
 77063 20690   11.82527  105 1142   11.83759   11.70882  1.09%   433  565s
H77120 20142                      11.8375936   11.70882  1.09%   433  565s
H77766 19424                      11.8375936   11.70882  1.09%   432  565s
H78210 19842                      11.8375936   11.70882  1.09%   432  567s
H78215 19387                      11.8375936   11.70882  1.09%   432  567s
H78265 18940                      11.8375936   11.70882  1.09%   432  567s
H79387 18157                      11.8375936   11.70882  1.09%   431  567s
 79403 18934   11.82478  109 1142   11.83759   11.70882  1.09%   431  570s
H79416 18541                      11.8375936   11.70882  1.09%   431  570s
H80498 18564                      11.8375936   11.70882  1.09%   433  573s
 81359 18978   11.82825  113 1206   11.83759   11.71090  1.07%   433  576s
H81385 18978                      11.8375936   11.71090  1.07%   433  576s
H81937 18978                      11.8375936   11.71275  1.05%   435  576s
H82424 19856                      11.8375936   11.71275  1.05%   436  578s
 83256 20611   11.76538  118 1584   11.83759   11.71275  1.05%   436  581s
H84412 21290                      11.8375918   11.71275  1.05%   439  584s
 85066 22103   11.76954  124 1489   11.83759   11.71275  1.05%   440  587s
H85080 22103                      11.8375917   11.71275  1.05%   440  587s
H85200 22103                      11.8375917   11.71275  1.05%   440  587s
H85385 22103                      11.8375917   11.71275  1.05%   440  587s
H85983 22103                      11.8375917   11.71542  1.03%   442  587s

Cutting planes:
  Learned: 45
  Gomory: 55
  Cover: 100
  Implied bound: 301
  Projected implied bound: 1
  MIR: 121
  StrongCG: 1
  Flow cover: 455
  GUB cover: 2
  RLT: 1083
  Relax-and-lift: 110

Explored 87041 nodes (38844193 simplex iterations) in 589.83 seconds (1159.81 work units)
Thread count was 32 (of 104 available processors)

Solution count 10: 11.8376 11.8376 11.8376 ... 11.8376

Optimal solution found (tolerance 1.00e-02)
Best objective 1.183759181523e+01, best bound 1.173566308413e+01, gap 0.8611%
m.flow_changes_penalty(): 410.0
Total operational cost: 117965.92
Maximum power (kW): 1460.33
Discharge energy capacity (kWh): 17682.54
Charge energy capacity (kWh): 17607.03
Levelized Cost of Flexibility ($/kWh): 0.12
{'fixed_demand_cost': 6536.102516795804, 'variable_demand_cost': 5997.915027015702, 'fixed_monthly_cost': 171938.17204301074, 'total_water_production': 282179.67123287683, 'total_energy_cost': 19987.387727356017, 'total_demand_cost': 12534.017543811507, 'total_customer_cost': 0.0, 'total_feed_cost': 50843.18400592378, 'total_brine_cost': 15303.798385783077, 'total_chemical_cost': 19297.530489448363, 'total_water_revenue': 0.0, 'total_demand_response_revenue': 0.0, 'total_emissions_cost': 0.0, 'total_op_cost': 117965.91815232276, 'fixed_cost': 121551.98252688172, 'total_cost': 239517.9006792045, 'LCOW': 0.8488134514889824, 'degree_of_flex': 0.17964071856287425, 'total_replacement_cost': 1010.462733029548, 'maximum_power': 1460.3271566616436, 'energy_capacity': 17682.53959411839, 'power_capacity': 148.59276969847386, 'round_trip_efficiency': 0, 'LVOF': 0.1215921191872903}
Saved operation variable results to: /home/rchurchi/watertap_test/watertap/tutorials/flex_ro/wrd_result_summer_no_flex_2_flexible_trains.csv
Saved summary results to: /home/rchurchi/watertap_test/watertap/tutorials/flex_ro/wrd_pricetaker_summary_results_20260713_171827.csv
