2026-09-01 09:14:47 [INFO] idaes.core.surrogate.pysmo_surrogate: Decode surrogate. type=poly

===========================Polynomial Regression===============================================

The number of cross-validation cases (3) is used.
The default training/cross-validation split of 0.75 is used.
No iterations will be run.
Default parameter estimation method is used.
Parameter estimation method:  pyomo 

2026-09-01 09:14:47 [INFO] idaes.core.surrogate.pysmo_surrogate: Decode surrogate. type=poly

===========================Polynomial Regression===============================================

The number of cross-validation cases (3) is used.
The default training/cross-validation split of 0.75 is used.
No iterations will be run.
Default parameter estimation method is used.
Parameter estimation method:  pyomo 

2026-09-01 09:14:47 [INFO] idaes.core.surrogate.pysmo_surrogate: Decode surrogate. type=poly

===========================Polynomial Regression===============================================

The number of cross-validation cases (3) is used.
The default training/cross-validation split of 0.75 is used.
No iterations will be run.
Default parameter estimation method is used.
Parameter estimation method:  pyomo 

2026-09-01 09:14:47 [INFO] idaes.core.surrogate.pysmo_surrogate: Decode surrogate. type=poly

===========================Polynomial Regression===============================================

The number of cross-validation cases (3) is used.
The default training/cross-validation split of 0.75 is used.
No iterations will be run.
Default parameter estimation method is used.
Parameter estimation method:  pyomo 

2026-09-01 09:14:48 [INFO] idaes.apps.grid_integration.pricetaker.price_taker_model: Found minimum uptime/downtime data for pretreatment.uf_pumps[1] - Adding minimum uptime/downtime constraints.
2026-09-01 09:14:48 [INFO] idaes.apps.grid_integration.pricetaker.price_taker_model: Created startup/shutdown constraints for operation model  pretreatment.uf_pumps[1] at uf_pumps_1_startup_shutdown.
2026-09-01 09:14:48 [INFO] idaes.apps.grid_integration.pricetaker.price_taker_model: Found minimum uptime/downtime data for pretreatment.uf_pumps[2] - Adding minimum uptime/downtime constraints.
2026-09-01 09:14:48 [INFO] idaes.apps.grid_integration.pricetaker.price_taker_model: Created startup/shutdown constraints for operation model  pretreatment.uf_pumps[2] at uf_pumps_2_startup_shutdown.
2026-09-01 09:14:48 [INFO] idaes.apps.grid_integration.pricetaker.price_taker_model: Found minimum uptime/downtime data for pretreatment.uf_pumps[3] - Adding minimum uptime/downtime constraints.
2026-09-01 09:14:48 [INFO] idaes.apps.grid_integration.pricetaker.price_taker_model: Created startup/shutdown constraints for operation model  pretreatment.uf_pumps[3] at uf_pumps_3_startup_shutdown.
2026-09-01 09:14:48 [INFO] idaes.apps.grid_integration.pricetaker.price_taker_model: Found minimum uptime/downtime data for reverse_osmosis.ro_skid[1] - Adding minimum uptime/downtime constraints.
2026-09-01 09:14:48 [INFO] idaes.apps.grid_integration.pricetaker.price_taker_model: Created startup/shutdown constraints for operation model  reverse_osmosis.ro_skid[1] at ro_skid_1_startup_shutdown.
2026-09-01 09:14:48 [INFO] idaes.apps.grid_integration.pricetaker.price_taker_model: Found minimum uptime/downtime data for reverse_osmosis.ro_skid[2] - Adding minimum uptime/downtime constraints.
2026-09-01 09:14:48 [INFO] idaes.apps.grid_integration.pricetaker.price_taker_model: Created startup/shutdown constraints for operation model  reverse_osmosis.ro_skid[2] at ro_skid_2_startup_shutdown.
2026-09-01 09:14:48 [INFO] idaes.apps.grid_integration.pricetaker.price_taker_model: Found minimum uptime/downtime data for reverse_osmosis.ro_skid[3] - Adding minimum uptime/downtime constraints.
2026-09-01 09:14:48 [INFO] idaes.apps.grid_integration.pricetaker.price_taker_model: Created startup/shutdown constraints for operation model  reverse_osmosis.ro_skid[3] at ro_skid_3_startup_shutdown.
2026-09-01 09:14:48 [INFO] idaes.apps.grid_integration.pricetaker.price_taker_model: Found minimum uptime/downtime data for reverse_osmosis.ro_skid[4] - Adding minimum uptime/downtime constraints.
2026-09-01 09:14:48 [INFO] idaes.apps.grid_integration.pricetaker.price_taker_model: Created startup/shutdown constraints for operation model  reverse_osmosis.ro_skid[4] at ro_skid_4_startup_shutdown.
4221
Set parameter TokenServer to value "10.60.1.73"
Set parameter LogToConsole to value 1
Set parameter MIPGap to value 0.01
Gurobi Optimizer version 12.0.3 build v12.0.3rc0 (linux64 - "Red Hat Enterprise Linux 8.8 (Ootpa)")

CPU model: Intel(R) Xeon(R) Platinum 8470QL, instruction set [SSE2|AVX|AVX2|AVX512]
Thread count: 104 physical cores, 104 logical processors, using up to 32 threads

Non-default parameters:
MIPGap  0.01

Optimize a model with 18262 rows, 16467 columns and 50142 nonzeros
Model fingerprint: 0x104ecd28
Model has 336 quadratic objective terms
Model has 2352 quadratic constraints
Variable types: 11259 continuous, 5208 integer (5208 binary)
Coefficient statistics:
  Matrix range     [5e-04, 2e+03]
  QMatrix range    [2e-07, 1e+00]
  QLMatrix range   [3e-04, 1e+00]
  Objective range  [6e-06, 1e-03]
  QObjective range [2e-04, 2e-04]
  Bounds range     [9e-01, 1e+03]
  RHS range        [5e-02, 3e+05]
  QRHS range       [3e-01, 3e-01]
Presolve removed 10237 rows and 8904 columns
Presolve time: 0.10s
Presolved: 17037 rows, 7726 columns, 47524 nonzeros
Presolved model has 108 SOS constraint(s)
Presolved model has 2352 bilinear constraint(s)

Solving non-convex MIQCP

Variable types: 5377 continuous, 2349 integer (2349 binary)
Found heuristic solution: objective 18.7628567

Root relaxation: unbounded, 0 iterations, 0.01 seconds (0.00 work units)

    Nodes    |    Current Node    |     Objective Bounds      |     Work
 Expl Unexpl |  Obj  Depth IntInf | Incumbent    BestBd   Gap | It/Node Time

     0     2  postponed    0        18.76286          -      -     -    6s
    15    24  postponed    4        18.76286          -      -  7321   11s
    83   124  postponed    7        18.76286          -      -  7623   17s
   147   295  postponed    8        18.76286          -      -  8816   21s
   348  1002  postponed   10        18.76286          -      -  4810   28s
H  361  1002                      14.6186185          -      -  4646   28s
H  391  1002                      14.5852937          -      -  4370   28s
H  412  1002                      14.5222361          -      -  4187   28s
H  483  1002                      13.8514619          -      -  3690   28s
H  739  1002                      13.3852255          -      -  2725   28s
H 1118  1002                      13.3846465          -      -  2075   28s
H 1144  2604                      13.3796465          -      -  2038   32s
H 1144  2604                      13.3618013          -      -  2038   32s
H 1474  2604                      13.3034743          -      -  1619   32s
H 1804  2604                      12.9923992          -      -  1354   32s
H 1805  2604                      12.8157302          -      -  1362   32s
H 1988  2604                      12.7570298          -      -  1260   32s
H 2796  2415                      12.6856400          -      -   973   35s
H 2907  2321                      12.6202684          -      -   947   35s
H 3352  2715                      12.6202684          -      -   871   37s
H 3798  2715                      12.6202684          -      -   815   37s
H 3825  3354                      12.6026795          -      -   815   39s
H 3931  3287                      12.5654795          -      -   797   39s
H 3998  3266                      12.5517161          -      -   788   39s
H 4513  3843                      12.5516808          -      -   732   41s
H 4525  3843                      12.5515941          -      -   731   41s
H 4616  3843                      12.5514083          -      -   721   41s
H 4632  3620                      12.4882228          -      -   720   41s
H 5445  3797                      12.4533657          -      -   647   42s
  5675  3762   12.20015   84    0   12.45337          -      -   633   45s
  5677  3763   11.12410    9  504   12.45337   11.12410  10.7%   632   50s
  5680  3765   12.04069   88  399   12.45337   11.82831  5.02%   632   55s
H 5683  3578                      12.4508173   11.84079  4.90%   632   59s
H 5685  3401                      12.4478173   11.84188  4.87%   631   60s
H 5687  3232                      12.4477857   11.84259  4.86%   631   61s
  5696  3238   11.84322   23  320   12.44779   11.84322  4.86%   630   69s
H 5696  3075                      12.0857155   11.84322  2.01%   630   73s
H 5696  2921                      12.0847155   11.84322  2.00%   630   73s
  5698  2925   11.84322   14 1769   12.08472   11.84322  2.00%   641  137s
  5700  2929   11.85182   15 1702   12.08472   11.84322  2.00%   643  151s
  5704  2935   11.85471   16 2071   12.08472   11.85182  1.93%   645  159s
  5712  2945   11.85470   17 1802   12.08472   11.85204  1.93%   649  163s
H 5728  2821                      12.0527347   11.85231  1.66%   655  169s
H 5733  2680                      11.9488380   11.85231  0.81%   661  169s

Cutting planes:
  Learned: 72
  Gomory: 78
  Cover: 412
  Implied bound: 175
  Projected implied bound: 229
  Clique: 2
  MIR: 150
  StrongCG: 1
  Flow cover: 401
  GUB cover: 16
  Zero half: 1
  Network: 66
  RLT: 1057
  Relax-and-lift: 174
  BQP: 13

Explored 5756 nodes (3850774 simplex iterations) in 169.19 seconds (294.77 work units)
Thread count was 32 (of 104 available processors)

Solution count 10: 11.9488 12.0527 12.0847 ... 12.5514

Optimal solution found (tolerance 1.00e-02)
Best objective 1.194883804759e+01, best bound 1.185264141613e+01, gap 0.8051%
m.flow_changes_penalty(): 1290.0
Total operational cost: 118198.38
Maximum power (kW): 1487.56
Discharge energy capacity (kWh): 36747.99
Charge energy capacity (kWh): 42963.30
Levelized Cost of Flexibility ($/kWh): 1.83
{'fixed_demand_cost': 9372.585988041907, 'variable_demand_cost': 0.0, 'fixed_monthly_cost': 171938.17204301074, 'total_water_production': 282179.6712328764, 'total_energy_cost': 22359.42882174773, 'total_demand_cost': 9372.585988041907, 'total_customer_cost': 0.0, 'total_feed_cost': 50940.35322757008, 'total_brine_cost': 15564.940668955433, 'total_chemical_cost': 19961.071769606613, 'total_water_revenue': 0.0, 'total_demand_response_revenue': 0.0, 'total_emissions_cost': 0.0, 'total_op_cost': 118198.38047592176, 'fixed_cost': 121551.98252688172, 'total_cost': 239750.36300280347, 'LCOW': 0.8496372610943436, 'degree_of_flex': 0.4311377245508982, 'total_replacement_cost': 1473.359516535967, 'maximum_power': 1487.5565523967139, 'discharge_energy_capacity': 36747.993958390594, 'charge_energy_capacity': 42963.30176818889, 'discharge_power_capacity': 816.6220879642354, 'charge_power_capacity': 349.29513632673894, 'round_trip_efficiency': 0, 'LVOF': 1.8327057548719552}
Saved operation variable results to: /home/rchurchi/watertap_test/watertap/tutorials/flex_ro/wrd_result_summer_both_4_flexible_trains_RTP.csv
Saved summary results to: /home/rchurchi/watertap_test/watertap/tutorials/flex_ro/wrd_pricetaker_summary_results_20260901_091740.csv
