2026-07-15 15:02:00 [INFO] idaes.core.surrogate.pysmo_surrogate: Decode surrogate. type=poly

===========================Polynomial Regression===============================================

The number of cross-validation cases (3) is used.
The default training/cross-validation split of 0.75 is used.
No iterations will be run.
Default parameter estimation method is used.
Parameter estimation method:  pyomo 

2026-07-15 15:02:00 [INFO] idaes.core.surrogate.pysmo_surrogate: Decode surrogate. type=poly

===========================Polynomial Regression===============================================

The number of cross-validation cases (3) is used.
The default training/cross-validation split of 0.75 is used.
No iterations will be run.
Default parameter estimation method is used.
Parameter estimation method:  pyomo 

2026-07-15 15:02:00 [INFO] idaes.core.surrogate.pysmo_surrogate: Decode surrogate. type=poly

===========================Polynomial Regression===============================================

The number of cross-validation cases (3) is used.
The default training/cross-validation split of 0.75 is used.
No iterations will be run.
Default parameter estimation method is used.
Parameter estimation method:  pyomo 

2026-07-15 15:02:00 [INFO] idaes.core.surrogate.pysmo_surrogate: Decode surrogate. type=poly

===========================Polynomial Regression===============================================

The number of cross-validation cases (3) is used.
The default training/cross-validation split of 0.75 is used.
No iterations will be run.
Default parameter estimation method is used.
Parameter estimation method:  pyomo 

2026-07-15 15:02:02 [INFO] idaes.apps.grid_integration.pricetaker.price_taker_model: Found minimum uptime/downtime data for pretreatment.uf_pumps[1] - Adding minimum uptime/downtime constraints.
2026-07-15 15:02:02 [INFO] idaes.apps.grid_integration.pricetaker.price_taker_model: Created startup/shutdown constraints for operation model  pretreatment.uf_pumps[1] at uf_pumps_1_startup_shutdown.
2026-07-15 15:02:02 [INFO] idaes.apps.grid_integration.pricetaker.price_taker_model: Found minimum uptime/downtime data for pretreatment.uf_pumps[2] - Adding minimum uptime/downtime constraints.
2026-07-15 15:02:02 [INFO] idaes.apps.grid_integration.pricetaker.price_taker_model: Created startup/shutdown constraints for operation model  pretreatment.uf_pumps[2] at uf_pumps_2_startup_shutdown.
2026-07-15 15:02:02 [INFO] idaes.apps.grid_integration.pricetaker.price_taker_model: Found minimum uptime/downtime data for pretreatment.uf_pumps[3] - Adding minimum uptime/downtime constraints.
2026-07-15 15:02:02 [INFO] idaes.apps.grid_integration.pricetaker.price_taker_model: Created startup/shutdown constraints for operation model  pretreatment.uf_pumps[3] at uf_pumps_3_startup_shutdown.
2026-07-15 15:02:02 [INFO] idaes.apps.grid_integration.pricetaker.price_taker_model: Found minimum uptime/downtime data for reverse_osmosis.ro_skid[1] - Adding minimum uptime/downtime constraints.
2026-07-15 15:02:02 [INFO] idaes.apps.grid_integration.pricetaker.price_taker_model: Created startup/shutdown constraints for operation model  reverse_osmosis.ro_skid[1] at ro_skid_1_startup_shutdown.
2026-07-15 15:02:02 [INFO] idaes.apps.grid_integration.pricetaker.price_taker_model: Found minimum uptime/downtime data for reverse_osmosis.ro_skid[2] - Adding minimum uptime/downtime constraints.
2026-07-15 15:02:02 [INFO] idaes.apps.grid_integration.pricetaker.price_taker_model: Created startup/shutdown constraints for operation model  reverse_osmosis.ro_skid[2] at ro_skid_2_startup_shutdown.
2026-07-15 15:02:02 [INFO] idaes.apps.grid_integration.pricetaker.price_taker_model: Found minimum uptime/downtime data for reverse_osmosis.ro_skid[3] - Adding minimum uptime/downtime constraints.
2026-07-15 15:02:02 [INFO] idaes.apps.grid_integration.pricetaker.price_taker_model: Created startup/shutdown constraints for operation model  reverse_osmosis.ro_skid[3] at ro_skid_3_startup_shutdown.
2026-07-15 15:02:02 [INFO] idaes.apps.grid_integration.pricetaker.price_taker_model: Found minimum uptime/downtime data for reverse_osmosis.ro_skid[4] - Adding minimum uptime/downtime constraints.
2026-07-15 15:02:02 [INFO] idaes.apps.grid_integration.pricetaker.price_taker_model: Created startup/shutdown constraints for operation model  reverse_osmosis.ro_skid[4] at ro_skid_4_startup_shutdown.
2930
Set parameter TokenServer to value "10.60.1.73"
Set parameter LogToConsole to value 1
Set parameter MIPGap to value 0.0037
Gurobi Optimizer version 12.0.3 build v12.0.3rc0 (linux64 - "Red Hat Enterprise Linux 8.8 (Ootpa)")

CPU model: Intel(R) Xeon(R) Platinum 8470QL, instruction set [SSE2|AVX|AVX2|AVX512]
Thread count: 104 physical cores, 104 logical processors, using up to 32 threads

Non-default parameters:
MIPGap  0.0037

Optimize a model with 17951 rows, 15029 columns and 43909 nonzeros
Model fingerprint: 0x30461b92
Model has 168 quadratic objective terms
Model has 2352 quadratic constraints
Variable types: 11259 continuous, 3770 integer (3770 binary)
Coefficient statistics:
  Matrix range     [5e-04, 2e+03]
  QMatrix range    [2e-07, 1e+00]
  QLMatrix range   [3e-04, 1e+00]
  Objective range  [1e-05, 1e-03]
  QObjective range [2e-04, 2e-04]
  Bounds range     [9e-01, 1e+03]
  RHS range        [5e-02, 3e+05]
  QRHS range       [3e-01, 3e-01]
Presolve removed 13055 rows and 9640 columns
Presolve time: 0.06s
Presolved: 12456 rows, 5390 columns, 35461 nonzeros
Presolved model has 2016 bilinear constraint(s)

Solving non-convex MIQCP

Variable types: 4060 continuous, 1330 integer (1330 binary)
Found heuristic solution: objective 12.0903187

Root relaxation: objective 1.129216e+01, 19083 iterations, 2.85 seconds (4.40 work units)

    Nodes    |    Current Node    |     Objective Bounds      |     Work
 Expl Unexpl |  Obj  Depth IntInf | Incumbent    BestBd   Gap | It/Node Time

     0     0   11.29216    0 1573   12.09032   11.29216  6.60%     -    3s
H    0     0                      12.0903185   11.29216  6.60%     -    3s
     0     0   11.74491    0 1615   12.09032   11.74491  2.86%     -    3s
     0     0   11.74491    0 1615   12.09032   11.74491  2.86%     -    3s
     0     0   11.75502    0 1774   12.09032   11.75502  2.77%     -    4s
     0     0   11.75524    0 1774   12.09032   11.75524  2.77%     -    4s
     0     0   11.75835    0 1830   12.09032   11.75835  2.75%     -    4s
     0     0   11.75841    0 1792   12.09032   11.75841  2.75%     -    4s
     0     0   11.75868    0 1774   12.09032   11.75868  2.74%     -    4s
     0     0   11.75979    0 1772   12.09032   11.75979  2.73%     -    4s
     0     0   11.75988    0 1771   12.09032   11.75988  2.73%     -    4s
     0     0   11.80177    0 1699   12.09032   11.80177  2.39%     -    5s
     0     2   11.80182    0 1668   12.09032   11.80182  2.39%     -    6s
   659   726   11.81836   16 1800   12.09032   11.80529  2.36%   130   11s
  1054  1101   11.81930   23 1809   12.09032   11.80529  2.36%   126   15s
H 3620  3683                      12.0656348   11.80529  2.16%  89.4   18s
H 3951  4140                      12.0656280   11.80529  2.16%  87.8   20s
H 3970  4140                      12.0641358   11.80529  2.15%  87.7   20s
H 3992  4140                      12.0384211   11.80529  1.94%  88.0   20s
H 4042  4140                      12.0319579   11.80529  1.88%  87.9   20s
H 4326  4394                      12.0319386   11.80529  1.88%  87.7   20s
H 4405  4657                      12.0319330   11.80529  1.88%  90.4   21s
H 4544  4657                      12.0319286   11.80529  1.88%  89.2   21s
H 4565  4657                      12.0308610   11.80529  1.87%  88.9   21s
H 4625  4657                      12.0222188   11.80529  1.80%  88.9   21s
H 4982  5301                      12.0222188   11.80529  1.80%  89.1   24s
H 5034  5301                      12.0222184   11.80529  1.80%  89.8   24s
H 5053  5301                      12.0222132   11.80529  1.80%  89.7   24s
H 5091  5301                      12.0143219   11.80529  1.74%  92.2   24s
H 5287  5301                      12.0129543   11.80529  1.73%  90.6   24s
  5300  5705   11.84651  112 1741   12.01295   11.80529  1.73%  90.5   25s
H 5714  6003                      12.0128550   11.80529  1.73%  88.5   26s
H 5781  6003                      12.0128550   11.80529  1.73%  88.0   26s
H 5866  6003                      12.0103107   11.80529  1.71%  88.1   26s
H 5919  6003                      12.0095774   11.80529  1.70%  88.1   26s
H 6033  6323                      12.0079544   11.80529  1.69%  88.3   26s
H 6423  6820                      12.0078123   11.80529  1.69%  86.9   27s
H 7070  7240                      12.0078123   11.80529  1.69%  83.7   27s
H 7098  7240                      12.0077136   11.80529  1.69%  83.6   27s
H 7233  7240                      12.0040539   11.80529  1.66%  83.1   27s
H 7767  8035                      12.0032933   11.80529  1.65%  80.8   28s
H 7849  8035                      12.0023814   11.80529  1.64%  80.4   28s
H 7900  8035                      11.9998566   11.80529  1.62%  81.5   28s
H 7929  8035                      11.9943122   11.80529  1.58%  81.3   28s
H 7953  8035                      11.9883631   11.80529  1.53%  81.2   28s
H 8278  8528                      11.9882735   11.80529  1.53%  80.6   29s
H 8705  9051                      11.9882732   11.80529  1.53%  79.3   29s
  9507  9972   11.86374  218 1704   11.98827   11.80529  1.53%  78.4   32s
H10001 10110                      11.9874814   11.80529  1.52%  81.6   33s
H10002  9971                      11.9689498   11.80529  1.37%  81.6   33s
H10032  9971                      11.9685960   11.80529  1.36%  81.5   33s
H10143 10306                      11.9585960   11.80529  1.28%  81.5   34s
 10627 10535   11.87372  223 1652   11.95860   11.80535  1.28%  85.2   35s
H10829 10496                      11.9567166   11.80556  1.26%  87.5   35s
H11154 10746                      11.9552460   11.80556  1.25%  95.8   37s
H11519 11119                      11.9552457   11.80556  1.25%   101   38s
H11608 11119                      11.9552457   11.80584  1.25%   102   38s
 11617 11763   11.87950  234 1534   11.95525   11.80584  1.25%   102   40s
H12307 12501                      11.9552457   11.80584  1.25%   103   42s
H12881 12465                      11.9545112   11.80603  1.24%   103   42s
 13005 13339   11.88498  280 1415   11.95451   11.80603  1.24%   103   57s
H13347 13249                      11.9524942   11.80603  1.23%   102   57s
H13906 14073                      11.9510413   11.80603  1.21%   102   59s
H14051 14064                      11.9509712   11.80603  1.21%   102   59s
H14394 14064                      11.9509477   11.80603  1.21%   101   59s
H14569 14063                      11.9509367   11.80603  1.21%   101   59s
H14788 13488                      11.9297095   11.80603  1.04%   102   60s
H14788 13469                      11.9287095   11.80603  1.03%   102   60s
 14791 13467   11.85601  259   74   11.92871   11.80603  1.03%   102   68s
 14792 13468   11.84698   35  153   11.92871   11.84698  0.69%   102   70s
H14793 12795                      11.9287059   11.84848  0.67%   102   70s
 14815 12810   11.85488   91  148   11.92871   11.84937  0.67%   104   78s
 14816 12811   11.88033  178  159   11.92871   11.84937  0.67%   104   80s
H14823 12175                      11.9277060   11.84953  0.66%   104   83s
 14835 12183   11.88287  133  194   11.92771   11.84953  0.66%   104   89s
H14835 11573                      11.9276981   11.84953  0.66%   104   90s
 14837 11577   11.85087   29 1701   11.92770   11.84953  0.66%   106  131s
 14839 11580   11.85150   30 1808   11.92770   11.85087  0.64%   106  135s
H14898 11038                      11.9274127   11.85307  0.62%   108  138s
 14931 11138   11.85751   35 1862   11.92741   11.85307  0.62%   109  142s
H15104 10694                      11.9274108   11.85307  0.62%   117  143s
 15174 10736   11.85964   39 1858   11.92741   11.85307  0.62%   118  145s
H15254 10246                      11.9274071   11.85307  0.62%   119  146s
H15265  9746                      11.9264108   11.85307  0.61%   119  146s
H15419  9368                      11.9263635   11.85307  0.61%   121  147s
 15565  9508   11.86272   46 1822   11.92636   11.85307  0.61%   122  150s
H15667  9082                      11.9256368   11.85307  0.61%   123  150s
H16071  9044                      11.9256308   11.85340  0.61%   124  154s
 16220  9172   11.86656   57 1763   11.92563   11.85340  0.61%   125  155s
H16803  9105                      11.9247927   11.85340  0.60%   127  157s
 17102  9361   11.87525   75 1725   11.92479   11.85340  0.60%   128  160s
H17110  8974                      11.9246316   11.85340  0.60%   128  160s
H17203  8578                      11.9246245   11.85340  0.60%   129  160s
H17684  8625                      11.9244841   11.85340  0.60%   130  164s
H17709  8287                      11.9243675   11.85340  0.60%   132  164s
H17796  7945                      11.9242798   11.85340  0.59%   131  164s
 17849  8232   11.88118   93 1639   11.92428   11.85340  0.59%   131  165s
H17868  7929                      11.9242762   11.85340  0.59%   131  165s
H18737  8047                      11.9240466   11.85408  0.59%   132  168s
H19137  7993                      11.9240466   11.85408  0.59%   132  169s
 19238  8194   11.88480  114 1688   11.92405   11.85408  0.59%   131  172s
H19500  7852                      11.9240419   11.85408  0.59%   133  172s
H19978  7922                      11.9228177   11.85408  0.58%   132  173s
H19979  7631                      11.9210734   11.85408  0.56%   132  173s
 20010  8122   11.88722  129 1624   11.92107   11.85408  0.56%   132  177s
H21048  7970                      11.9203075   11.85458  0.55%   132  178s
H21080  8279                      11.9193075   11.85458  0.54%   132  179s
 22242  8727   11.89551  170 1610   11.91931   11.85458  0.54%   130  180s
 23317  9817   11.91073  208 1566   11.91931   11.85458  0.54%   128  186s
H25230 10233                      11.9193075   11.85458  0.54%   126  188s
H25235 10004                      11.9186062   11.85458  0.54%   126  188s
H25241  9845                      11.9173133   11.85458  0.53%   126  188s
 26052 11539   11.90931  250 1342   11.91731   11.85458  0.53%   125  190s
H27063 11896                      11.9169828   11.85458  0.52%   123  192s
H27098 11887                      11.9168447   11.85458  0.52%   123  192s
H27099 11886                      11.9167790   11.85458  0.52%   123  192s
H27102 11886                      11.9167737   11.85458  0.52%   123  192s
H27311 11838                      11.9162319   11.85458  0.52%   123  192s
H27449 11759                      11.9148882   11.85458  0.51%   123  192s
 28220 12831   11.91226  310 1308   11.91489   11.85458  0.51%   123  197s
 29603 15122   11.86039   37 1764   11.91489   11.85484  0.50%   123  201s
 31802 16583   11.86562   47 1738   11.91489   11.85504  0.50%   120  205s
H32581 16883                      11.9147055   11.85544  0.50%   120  206s
 35582 20281   11.87893   93 1581   11.91471   11.85571  0.50%   118  211s
 38384 22675   11.89103  136 1418   11.91471   11.85573  0.50%   117  216s
 40029 23288   11.90037  166 1376   11.91471   11.85591  0.49%   119  220s
H40033 23288                      11.9147048   11.85591  0.49%   119  220s
H40040 23220                      11.9144135   11.85591  0.49%   119  220s
H40053 23049                      11.9135041   11.85591  0.48%   119  220s
 41141 24155   11.90364  225 1361   11.91350   11.85595  0.48%   121  225s
H41326 23717                      11.9124989   11.85595  0.47%   122  225s
 42350 25406   11.91047  253 1340   11.91250   11.85595  0.47%   124  230s
 44767 28091   11.86074   38 1825   11.91250   11.85627  0.47%   124  235s
 47872 30890   11.90029  104 1447   11.91250   11.85637  0.47%   122  240s
H47903 30884                      11.9124760   11.85637  0.47%   122  240s
H47905 30867                      11.9124254   11.85637  0.47%   122  240s
H48902 30851                      11.9123861   11.85656  0.47%   121  240s
 51091 34857   11.87793   65 1592   11.91239   11.85656  0.47%   120  245s
 54666 37854   11.86457   39 1729   11.91239   11.85672  0.47%   118  251s
H57707 39592                      11.9123839   11.85672  0.47%   118  254s
 58491 39593   11.87195   61  226   11.91238   11.85672  0.47%   118  296s
 58494 39595   11.90855  354  183   11.91238   11.85672  0.47%   118  301s
 58497 39597   11.88399   84  250   11.91238   11.85672  0.47%   118  306s
 58499 39598   11.87701  220  253   11.91238   11.85672  0.47%   118  310s
 58503 39601   11.88675  398  241   11.91238   11.85672  0.47%   118  316s
 58506 39603   11.89987  220  244   11.91238   11.85672  0.47%   118  320s
 58510 39606   11.86425   46  251   11.91238   11.85672  0.47%   118  325s
 58514 39608   11.88357   78  253   11.91238   11.85672  0.47%   118  330s
 58518 39611   11.90717  254  245   11.91238   11.85672  0.47%   118  337s
 58519 39612   11.89761  327  245   11.91238   11.85672  0.47%   118  340s
 58523 39614   11.89500  254  254   11.91238   11.85672  0.47%   118  345s
 58526 39616   11.89065  100  249   11.91238   11.85672  0.47%   118  351s
 58530 39619   11.87217   62  253   11.91238   11.85672  0.47%   118  356s
 58533 39621   11.89249  138  253   11.91238   11.85672  0.47%   118  360s
 58535 39622   11.90298  210  261   11.91238   11.85672  0.47%   118  366s
 58538 39624   11.89372  288  261   11.91238   11.85672  0.47%   118  370s
 58539 39625   11.87367   78  261   11.91238   11.85672  0.47%   118  375s
 58541 39629   11.85672   43 1846   11.91238   11.85672  0.47%   119  428s
 58543 39633   11.85672   44 1790   11.91238   11.85672  0.47%   119  432s
 58555 39653   11.85722   46 1803   11.91238   11.85672  0.47%   119  436s
H58572 37696                      11.9123831   11.85672  0.47%   119  439s
 58603 37718   11.86009   48 1845   11.91238   11.85672  0.47%   120  440s
 58828 37897   11.86543   52 1668   11.91238   11.85672  0.47%   124  448s
 58889 37988   11.86573   53 1635   11.91238   11.85672  0.47%   124  450s
 59183 38148   11.86834   57 1620   11.91238   11.85672  0.47%   125  456s
 59675 38461   11.87130   64 1587   11.91238   11.85672  0.47%   125  460s
H59961 36788                      11.9123821   11.85672  0.47%   125  462s
 60192 36974   11.87462   68 1585   11.91238   11.85672  0.47%   125  467s
 60335 37106   11.87292   70 1595   11.91238   11.85672  0.47%   126  470s
 61125 37800   11.87509   76 1581   11.91238   11.85672  0.47%   127  475s
H62432 36712                      11.9123790   11.85672  0.47%   126  478s
H63025 35198                      11.9123765   11.85672  0.47%   126  479s
 63115 35512   11.88589  111 1530   11.91238   11.85672  0.47%   126  482s
H63428 33793                      11.9123765   11.85672  0.47%   126  482s
 63479 34158   11.88973  117 1577   11.91238   11.85672  0.47%   127  485s
H63887 32507                      11.9123764   11.85728  0.46%   128  487s
H63888 31050                      11.9123763   11.85728  0.46%   128  487s
H63921 29655                      11.9123751   11.85749  0.46%   128  487s
 64404 30448   11.88813  125 1574   11.91238   11.85762  0.46%   128  492s
 64911 30759   11.88897  128 1556   11.91238   11.85775  0.46%   129  497s
 65765 31214   11.89541  144 1410   11.91238   11.85781  0.46%   130  501s
H65998 29822                      11.9123622   11.85781  0.46%   130  501s
 67621 31199   11.89940  168 1486   11.91236   11.85781  0.46%   130  506s
 68973 32161   11.90167  193 1510   11.91236   11.85814  0.46%   131  511s
 69854 32423   11.90706  214 1511   11.91236   11.85814  0.46%   132  519s
H69886 31164                      11.9123622   11.85814  0.46%   132  519s
 70440 31703   11.90814  216 1491   11.91236   11.85814  0.46%   133  524s
 71262 32126     cutoff  214        11.91236   11.85846  0.45%   134  527s
H71296 30928                      11.9123596   11.85846  0.45%   134  527s
 72068 31236   11.86882   56 1755   11.91236   11.85853  0.45%   135  531s
 73626 32288   11.90623  108 1570   11.91236   11.85924  0.45%   136  537s
 74476 32572   11.91211  120 1645   11.91236   11.85938  0.44%   138  540s
 76100 33696   11.91209  119 1655   11.91236   11.85938  0.44%   141  547s
 76960 34163   11.86950   65 1615   11.91236   11.85945  0.44%   143  551s
 78931 35986   11.90612  176 1468   11.91236   11.85952  0.44%   146  558s
 80370 36635   11.86452   53 1682   11.91236   11.85952  0.44%   146  562s
 81583 37481   11.86879   59 1579   11.91236   11.85957  0.44%   148  566s
 82911 38610   11.88739   93 1369   11.91236   11.85957  0.44%   149  570s
 85739 39733     cutoff  165        11.91236   11.85957  0.44%   151  577s
 86879 40450     cutoff  164        11.91236   11.86010  0.44%   152  581s
 88122 41566   11.86367   53 1594   11.91236   11.86010  0.44%   154  586s
 89875 41871   11.91015  109 1374   11.91236   11.86023  0.44%   157  590s
 92160 43745     cutoff  115        11.91236   11.86070  0.43%   162  600s
 94035 44724   11.87011   65 1486   11.91236   11.86070  0.43%   164  605s
 95790 45158   11.90993  175 1405   11.91236   11.86075  0.43%   167  611s
 97039 46190   11.87087   60 1611   11.91236   11.86082  0.43%   171  616s
 98640 46527     cutoff  112        11.91236   11.86082  0.43%   174  622s
 99741 47929     cutoff  113        11.91236   11.86082  0.43%   178  628s
 101812 50084   11.87767   88 1444   11.91236   11.86098  0.43%   181  635s
 104770 52094   11.89121  187 1387   11.91236   11.86098  0.43%   181  641s
H107511 50051                      11.9123591   11.86098  0.43%   179  641s
 107866 54427   11.89591  308 1396   11.91236   11.86098  0.43%   179  646s
 112499 55299   11.90696  538 1289   11.91236   11.86098  0.43%   176  653s
 115155 56443     cutoff  544        11.91236   11.86098  0.43%   176  658s
 117482 58000     cutoff  546        11.91236   11.86178  0.42%   176  665s
 120159 58871   11.88038   65 1711   11.91236   11.86188  0.42%   179  672s
 122215 60942   11.91162  117 1539   11.91236   11.86199  0.42%   182  680s
 125286 62636   11.90687  128 1521   11.91236   11.86200  0.42%   185  687s
 127523 64856   11.87960   97 1361   11.91236   11.86200  0.42%   189  695s
 129920 72573   11.88820  150 1382   11.91236   11.86200  0.42%   190  704s
 137779 76875   11.89665  327 1248   11.91236   11.86200  0.42%   185  711s
 142506 78495   11.90489  344 1412   11.91236   11.86200  0.42%   185  717s
H143307 78495                      11.9123589   11.86200  0.42%   185  717s
 144492 80433   11.87246   54 1812   11.91236   11.86200  0.42%   186  725s
 146831 84263   11.91160  129 1526   11.91236   11.86253  0.42%   189  733s
 150883 88745   11.87289   59 1673   11.91236   11.86271  0.42%   189  741s
 155586 91820   11.86946   51 1867   11.91236   11.86271  0.42%   189  749s
 159030 93896     cutoff   71        11.91236   11.86281  0.42%   189  754s
 161416 95977   11.87527   70 1424   11.91236   11.86286  0.42%   190  761s
 163886 98134 infeasible  176        11.91236   11.86291  0.42%   192  768s
 166418 100115   11.91069   75 1592   11.91236   11.86306  0.41%   194  775s
 168556 106947   11.88679  118 1464   11.91236   11.86306  0.41%   195  784s
 175496 111081   11.89707  269 1392   11.91236   11.86306  0.41%   191  790s
H177684 111081                      11.9123588   11.86306  0.41%   189  790s
H178161 111081                      11.9123588   11.86306  0.41%   189  790s
 179738 116542   11.90078  354 1260   11.91236   11.86306  0.41%   188  799s
 185720 118871   11.91110  466 1239   11.91236   11.86318  0.41%   187  805s
 188303 120075   11.91116  476 1252   11.91236   11.86328  0.41%   187  812s
 189835 121442   11.91126  486 1240   11.91236   11.86328  0.41%   190  818s
 191587 123359   11.89555  115 1478   11.91236   11.86340  0.41%   192  825s
 193769 125604   11.86894   55 1748   11.91236   11.86340  0.41%   194  833s
 196297 127155   11.88595   75 1681   11.91236   11.86340  0.41%   195  840s
 198191 128744   11.90185  106 1486   11.91236   11.86344  0.41%   198  849s
 200185 131066   11.86893   58 1807   11.91236   11.86361  0.41%   201  858s
 202894 133645     cutoff  109        11.91236   11.86366  0.41%   204  868s
 205871 135825     cutoff  163        11.91236   11.86366  0.41%   206  877s
H208018 135825                      11.9123588   11.86383  0.41%   209  877s
 208394 138363   11.88436   67 1741   11.91236   11.86383  0.41%   209  888s
 211323 139489   11.86816   56 1775   11.91236   11.86383  0.41%   212  897s
H211443 139489                      11.9123587   11.86383  0.41%   212  897s
 212725 145308   11.88115   79 1633   11.91236   11.86383  0.41%   214  917s
 219337 148893   11.91218  226 1523   11.91236   11.86423  0.40%   220  928s
 223312 156822   11.88081   78 1526   11.91236   11.86424  0.40%   221  939s
 231394 163500   11.89699  197 1368   11.91236   11.86424  0.40%   217  949s
 238305 167780   11.90201  317 1225   11.91236   11.86432  0.40%   214  955s
 242878 170399   11.90719  494 1166   11.91236   11.86432  0.40%   212  965s
 246055 173695   11.89387  119 1597   11.91236   11.86433  0.40%   213  973s
 249794 177765   11.87773   70 1563   11.91236   11.86436  0.40%   214  981s
 253989 181925   11.90017  146 1506   11.91236   11.86440  0.40%   214  988s
 258403 185053   11.90728  216 1506   11.91236   11.86440  0.40%   213  996s
 261824 187757     cutoff  271        11.91236   11.86440  0.40%   214 1004s
 264851 189887 infeasible  269        11.91236   11.86449  0.40%   214 1011s
 267405 191141   11.88121   78 1562   11.91236   11.86451  0.40%   215 1020s
 269043 193591     cutoff  169        11.91236   11.86452  0.40%   218 1030s
 271833 194591     cutoff  172        11.91236   11.86460  0.40%   220 1038s
H271843 194589                      11.9123575   11.86460  0.40%   220 1038s
 273019 199134   11.86751   62 1600   11.91236   11.86461  0.40%   221 1058s
 278535 204311   11.88505   77 1610   11.91236   11.86476  0.40%   224 1073s
 284168 214049   11.88354  148 1440   11.91236   11.86478  0.40%   225 1087s
 294166 219829   11.88954  254 1463   11.91236   11.86489  0.40%   221 1094s
 300335 222310   11.89598  425 1419   11.91236   11.86490  0.40%   219 1102s
 303246 224397   11.90553  539 1340   11.91236   11.86491  0.40%   219 1111s
 306005 226398   11.88227   89 1539   11.91236   11.86491  0.40%   220 1120s
 308488 229524   11.89282  120 1561   11.91236   11.86491  0.40%   222 1130s
 312112 233191 infeasible  173        11.91236   11.86502  0.40%   224 1140s
 316201 237393   11.87263   55 1852   11.91236   11.86507  0.40%   225 1150s
 320838 240175     cutoff  140        11.91236   11.86507  0.40%   225 1160s
 324063 243028   11.86959   54 1637   11.91236   11.86507  0.40%   227 1170s
 327455 246500   11.91127  128 1560   11.91236   11.86507  0.40%   228 1180s
 331420 249383   11.87785   76 1622   11.91236   11.86512  0.40%   228 1190s
 334714 252149   11.88424   83 1563   11.91236   11.86525  0.40%   229 1198s
 337784 254207   11.91222  200 1508   11.91236   11.86528  0.40%   231 1207s
 340175 260009   11.87441   68 1481   11.91236   11.86528  0.40%   232 1217s
 346102 265780   11.89241  137 1403   11.91236   11.86528  0.40%   231 1225s
 352092 270582   11.90269  246 1177   11.91236   11.86528  0.40%   229 1232s
 357177 273726   11.90839  360 1195   11.91236   11.86539  0.39%   228 1239s
 360753 276150   11.91061  393 1140   11.91236   11.86539  0.39%   227 1245s
 363535 277683   11.91094  408 1135   11.91236   11.86539  0.39%   227 1251s
H363677 277633                      11.9123283   11.86539  0.39%   227 1251s
H365106 277633                      11.9123283   11.86540  0.39%   227 1251s
 365366 280168   11.86928   59 1849   11.91233   11.86540  0.39%   227 1259s
 368262 282374   11.86869   56 1762   11.91233   11.86545  0.39%   228 1270s
 370846 283547   11.87322   65 1772   11.91233   11.86545  0.39%   230 1282s
 372289 286667   11.90334  129 1541   11.91233   11.86546  0.39%   231 1294s
H373167 286667                      11.9123283   11.86546  0.39%   232 1294s
 375912 290726   11.87223   69 1627   11.91233   11.86551  0.39%   233 1306s
 380501 293434     cutoff  155        11.91233   11.86554  0.39%   235 1317s
 383752 295572     cutoff   68        11.91233   11.86556  0.39%   237 1329s
 386477 299767   11.88462   94 1553   11.91233   11.86561  0.39%   239 1341s
 391071 303822   11.89598  216 1469   11.91233   11.86568  0.39%   240 1352s
 395613 305778   11.90606  372 1267   11.91233   11.86569  0.39%   241 1360s
 398031 307928   11.91132  511 1341   11.91233   11.86569  0.39%   242 1372s
 400735 310684   11.87611   61 1791   11.91233   11.86572  0.39%   244 1385s
 403918 312851   11.91202   98 1650   11.91233   11.86573  0.39%   246 1397s
 406753 315062   11.88863  102 1469   11.91233   11.86578  0.39%   249 1410s
H407169 314760                      11.9120913   11.86578  0.39%   249 1410s
H408981 314128                      11.9117117   11.86578  0.39%   250 1410s
 409355 314228   11.87822   79 1616   11.91171   11.86578  0.39%   250 1422s
H409549 317638                      11.9116124   11.86580  0.38%   250 1435s
H409864 317638                      11.9116124   11.86580  0.38%   250 1435s
H410466 317623                      11.9116073   11.86580  0.38%   251 1435s
 413897 321476   11.86816   58 1855   11.91161   11.86584  0.38%   252 1448s
H414473 321464                      11.9116038   11.86584  0.38%   252 1448s
H414982 321460                      11.9116029   11.86584  0.38%   251 1448s
 418308 324849   11.87675   76 1501   11.91160   11.86585  0.38%   253 1460s
 422144 328357   11.87450   59 1776   11.91160   11.86588  0.38%   254 1472s
 426126 331125   11.91105  103 1595   11.91160   11.86588  0.38%   255 1480s
 429253 336710   11.88454  117 1564   11.91160   11.86588  0.38%   256 1490s
 435023 341712   11.90088  261 1296   11.91160   11.86588  0.38%   254 1497s
 440193 344384   11.87960   61 1629   11.91160   11.86593  0.38%   253 1503s
 443190 346383     cutoff  104        11.91160   11.86593  0.38%   253 1509s
 445445 348363   11.88741   87 1479   11.91160   11.86595  0.38%   253 1515s
 447767 350350     cutoff  167        11.91160   11.86596  0.38%   254 1523s
 450040 354303   11.91022  101 1609   11.91160   11.86596  0.38%   254 1530s
 454187 358272   11.87889   83 1522   11.91160   11.86597  0.38%   253 1538s
 458394 363266   11.88996  145 1515   11.91160   11.86597  0.38%   253 1547s
 463712 366517   11.89527  260 1397   11.91160   11.86597  0.38%   252 1553s
 467216 368893   11.89921  336 1332   11.91160   11.86597  0.38%   251 1559s
 469881 371058   11.90393  404 1300   11.91160   11.86600  0.38%   251 1566s
 472379 372931   11.90450  561 1300   11.91160   11.86602  0.38%   251 1573s
 474643 374879   11.91016  708 1197   11.91160   11.86602  0.38%   252 1581s
 476858 378024   11.87837   80 1621   11.91160   11.86605  0.38%   252 1588s
 480246 382210   11.89238  456 1038   11.91160   11.86607  0.38%   252 1597s
H484693 382439                      11.9112559   11.86608  0.38%   252 1605s
 486550 385087   11.90861  600 1126   11.91126   11.86608  0.38%   252 1613s
H487026 384214                      11.9111176   11.86608  0.38%   252 1613s
 489575 386659     cutoff  606        11.91112   11.86608  0.38%   252 1621s
H489629 386659                      11.9111176   11.86608  0.38%   252 1621s
H489840 386659                      11.9111171   11.86608  0.38%   252 1621s
 492582 389374   11.87769   70 1636   11.91112   11.86610  0.38%   253 1631s
 495728 391886     cutoff  109        11.91112   11.86611  0.38%   253 1641s
H495730 391849                      11.9111105   11.86611  0.38%   253 1642s
 498682 394662     cutoff  131        11.91111   11.86611  0.38%   254 1654s
 501994 397613   11.90901  149 1528   11.91111   11.86613  0.38%   255 1664s
 505428 399229   11.86827   66 1705   11.91111   11.86613  0.38%   256 1675s
 507244 401787   11.89986  126 1513   11.91111   11.86617  0.38%   256 1687s
 510342 403969   11.87324   70 1641   11.91111   11.86619  0.38%   258 1703s
 513009 407331   11.87947   84 1535   11.91111   11.86621  0.38%   260 1715s
 516891 410209   11.87076   57 1784   11.91111   11.86626  0.38%   260 1727s
 520284 412686   11.87156   60 1657   11.91111   11.86626  0.38%   262 1735s
 523205 415417   11.91003  138 1548   11.91111   11.86626  0.38%   262 1745s
 526323 417419   11.88197   79 1425   11.91111   11.86632  0.38%   263 1755s
 528661 422881   11.91078  173 1589   11.91111   11.86634  0.38%   264 1766s
 534418 427998   11.87392   57 1708   11.91111   11.86635  0.38%   263 1775s
 539836 430670   11.88703   72 1658   11.91111   11.86636  0.38%   262 1783s
 542988 431627   11.90529   98 1606   11.91111   11.86637  0.38%   263 1792s
 544453 434113     cutoff  107        11.91111   11.86637  0.38%   264 1805s
 547428 435730   11.87526   67 1620   11.91111   11.86639  0.38%   265 1814s
 549295 437473   11.90678  156 1481   11.91111   11.86640  0.38%   265 1823s
 551135 447227   11.87332   55 1871   11.91111   11.86640  0.38%   265 1840s
 561611 449957   11.90855  114 1600   11.91111   11.86640  0.38%   264 1846s
 564729 453157     cutoff  122        11.91111   11.86640  0.38%   264 1857s
 568216 456994     cutoff  120        11.91111   11.86642  0.38%   264 1869s
 572337 460815   11.87306   62 1618   11.91111   11.86643  0.38%   263 1876s
 576487 462555   11.90620  222 1419   11.91111   11.86644  0.38%   262 1882s
 578630 465539   11.89534  109 1537   11.91111   11.86646  0.37%   263 1891s
 581870 468244   11.90527  122 1427   11.91111   11.86647  0.37%   263 1899s
 584933 473250   11.87654   72 1592   11.91111   11.86648  0.37%   263 1908s
 590073 478780   11.89465  120 1492   11.91111   11.86649  0.37%   263 1920s
 595869 482147   11.90670  318 1359   11.91111   11.86650  0.37%   261 1927s
 599695 484052     cutoff  397        11.91111   11.86650  0.37%   261 1937s
 602000 485931   11.87747   89 1571   11.91111   11.86650  0.37%   261 1945s
 604302 488164   11.88990  241 1576   11.91111   11.86651  0.37%   262 1952s
 606861 490578   11.90723  345 1606   11.91111   11.86651  0.37%   262 1961s
 609599 493700   11.87012   59 1605   11.91111   11.86652  0.37%   262 1969s
 613050 496102     cutoff  176        11.91111   11.86654  0.37%   262 1979s
 615799 498459   11.87984   72 1698   11.91111   11.86654  0.37%   263 1989s
 618481 503895   11.87113   77 1634   11.91111   11.86657  0.37%   264 2000s
 624143 509339   11.88966  169 1441   11.91111   11.86657  0.37%   263 2008s
 629847 512740   11.89799  288 1301   11.91111   11.86658  0.37%   262 2020s
 633612 515514   11.90561  418 1249   11.91111   11.86658  0.37%   261 2029s
 636673 518026   11.89344   99 1517   11.91111   11.86660  0.37%   261 2037s
 639555 519643     cutoff  173        11.91111   11.86661  0.37%   261 2047s
H639687 519643                      11.9111105   11.86661  0.37%   262 2047s
H639928 519643                      11.9111104   11.86661  0.37%   262 2047s
 641477 523155     cutoff   88        11.91111   11.86661  0.37%   262 2061s
H641640 523155                      11.9111104   11.86661  0.37%   262 2061s
 645588 527147     cutoff  188        11.91111   11.86664  0.37%   263 2077s
H648394 527147                      11.9111104   11.86665  0.37%   264 2077s
 649948 529914   11.90146  157 1483   11.91111   11.86665  0.37%   264 2088s
H650090 529914                      11.9111104   11.86665  0.37%   264 2088s
H651176 529914                      11.9111104   11.86666  0.37%   264 2088s
H651547 529912                      11.9111103   11.86666  0.37%   264 2088s
 652779 539344   11.91013  228 1480   11.91111   11.86666  0.37%   263 2099s
 662510 543954   11.90985  271 1420   11.91111   11.86666  0.37%   261 2107s
 667529 546699   11.90997  277 1419   11.91111   11.86666  0.37%   260 2114s
 670613 550219   11.91020  284 1410   11.91111   11.86667  0.37%   260 2122s
 674524 553276 infeasible  163        11.91111   11.86668  0.37%   260 2129s
 677882 555163   11.87718   63 1754   11.91111   11.86668  0.37%   260 2136s
 679996 558230     cutoff  114        11.91111   11.86668  0.37%   260 2145s
 683488 560697   11.91098  115 1560   11.91111   11.86670  0.37%   260 2153s
 686335 563140     cutoff  128        11.91111   11.86670  0.37%   261 2161s
 689124 567959   11.87326   74 1542   11.91111   11.86670  0.37%   261 2170s
 694104 572376   11.88245  116 1477   11.91111   11.86670  0.37%   260 2178s
 698801 575515   11.89569  389 1221   11.91111   11.86671  0.37%   260 2188s
 702145 580154   11.90311  494 1248   11.91111   11.86673  0.37%   259 2197s
 707064 582181   11.90652  500 1211   11.91111   11.86673  0.37%   259 2203s
 709513 584095   11.88999   79 1623   11.91111   11.86673  0.37%   259 2210s
 711673 586658   11.91105  127 1520   11.91111   11.86674  0.37%   260 2219s
 714453 591795   11.86865   65 1705   11.91111   11.86675  0.37%   260 2226s
 719731 595042   11.89459  158 1522   11.91111   11.86676  0.37%   259 2234s
 723194 599057   11.89396  212 1572   11.91111   11.86676  0.37%   258 2240s
 727533 602670   11.90100  308 1347   11.91111   11.86677  0.37%   257 2247s
 731471 605517   11.90925  465 1306   11.91111   11.86678  0.37%   257 2256s
 734875 607620   11.87751   78 1568   11.91111   11.86678  0.37%   257 2264s
 737277 609786   11.90997  156 1601   11.91111   11.86679  0.37%   258 2273s
 739853 612027   11.91100  159 1555   11.91111   11.86679  0.37%   258 2284s
 742509 615314   11.91000  200 1515   11.91111   11.86681  0.37%   259 2294s
 746228 618856   11.89146  139 1557   11.91111   11.86682  0.37%   259 2304s
 750202 621702   11.88205   70 1660   11.91111   11.86684  0.37%   260 2314s
 753496 624562   11.87412   71 1673   11.91111   11.86685  0.37%   260 2324s
 756731 626899   11.87878   65 1618   11.91111   11.86685  0.37%   261 2335s
H756958 626897                      11.9111099   11.86686  0.37%   261 2335s
 759425 629717     cutoff  133        11.91111   11.86689  0.37%   261 2347s
 762706 630780   11.90207  165 1606   11.91111   11.86689  0.37%   262 2355s
 763968 636835   11.90904  227 1548   11.91111   11.86691  0.37%   262 2378s
 770861 642963   11.90229  106 1591   11.91111   11.86694  0.37%   263 2390s
H772878 642963                      11.9111099   11.86694  0.37%   263 2390s
 777302 649080   11.89132  105 1485   11.91111   11.86694  0.37%   263 2400s
H777783 649080                      11.9111098   11.86694  0.37%   262 2400s
H781179 649045                      11.9111058   11.86694  0.37%   262 2400s
 783598 653503   11.90518  215 1415   11.91111   11.86696  0.37%   261 2408s
H784514 653500                      11.9111054   11.86696  0.37%   261 2408s
H787666 653500                      11.9111054   11.86696  0.37%   261 2408s
 788452 655778   11.90736   99 1637   11.91111   11.86696  0.37%   261 2415s
H790662 655777                      11.9111051   11.86696  0.37%   261 2415s
 791181 657785   11.86773   55 1558   11.91111   11.86696  0.37%   261 2422s
 793520 659988   11.87561   72 1649   11.91111   11.86696  0.37%   261 2431s
 796159 662703   11.87066   65 1730   11.91111   11.86697  0.37%   262 2441s
 799373 664538   11.86833   60 1722   11.91111   11.86698  0.37%   262 2453s
H800902 664538                      11.9111047   11.86699  0.37%   263 2453s
 801582 667603   11.87227   62 1697   11.91110   11.86699  0.37%   263 2465s
H802018 667603                      11.9111047   11.86699  0.37%   263 2465s
H805101 675604                      11.9111047   11.86700  0.37%   263 2476s
 813327 680239   11.87791   74 1540   11.91110   11.86701  0.37%   262 2485s
 818312 684006   11.89597  159 1440   11.91110   11.86701  0.37%   261 2493s
 822381 688828   11.90346  220 1421   11.91110   11.86702  0.37%   261 2501s
 827535 690363   11.86855   61 1600   11.91110   11.86702  0.37%   261 2508s
H829312 691941                      11.9111046   11.86702  0.37%   261 2518s
H830345 691941                      11.9111046   11.86702  0.37%   261 2518s
 831209 693484     cutoff  208        11.91110   11.86702  0.37%   261 2529s
H831211 693484                      11.9111046   11.86702  0.37%   261 2529s
H831519 693484                      11.9111046   11.86703  0.37%   261 2529s
 833155 696196     cutoff  210        11.91110   11.86703  0.37%   262 2537s
H833157 696196                      11.9111046   11.86703  0.37%   262 2537s
H833858 696196                      11.9111046   11.86703  0.37%   262 2537s
 836114 699251   11.90081  174 1553   11.91110   11.86703  0.37%   262 2549s

Cutting planes:
  Learned: 55
  Gomory: 19
  Cover: 175
  Implied bound: 69
  Projected implied bound: 1
  MIR: 175
  Mixing: 5
  Flow cover: 1007
  GUB cover: 1
  Network: 1
  RLT: 1348
  Relax-and-lift: 15

Explored 839479 nodes (220397510 simplex iterations) in 2549.98 seconds (5872.97 work units)
Thread count was 32 (of 104 available processors)

Solution count 10: 11.9111 11.9111 11.9111 ... 11.9111

Optimal solution found (tolerance 3.70e-03)
Best objective 1.191110484458e+01, best bound 1.186704317497e+01, gap 0.3699%
m.flow_changes_penalty(): 500.0
Total operational cost: 118611.05
Maximum power (kW): 1143.39
Discharge energy capacity (kWh): 5393.79
Charge energy capacity (kWh): 6059.27
Levelized Cost of Flexibility ($/kWh): 0.33
{'fixed_demand_cost': 5117.566532599562, 'variable_demand_cost': 7308.538582458405, 'fixed_monthly_cost': 171938.17204301074, 'total_water_production': 282179.67177163536, 'total_energy_cost': 20424.331721278726, 'total_demand_cost': 12426.105115057966, 'total_customer_cost': 0.0, 'total_feed_cost': 50924.339061968574, 'total_brine_cost': 15521.902367260882, 'total_chemical_cost': 19314.37018027913, 'total_water_revenue': 0.0, 'total_demand_response_revenue': 0.0, 'total_emissions_cost': 0.0, 'total_op_cost': 118611.04844584528, 'fixed_cost': 121551.98252688172, 'total_cost': 240163.030972727, 'LCOW': 0.8510996893039413, 'degree_of_flex': 0.0, 'total_replacement_cost': 992.3107078853046, 'maximum_power': 1143.3910977538485, 'energy_capacity': 5393.786508766699, 'power_capacity': 215.75146035066794, 'round_trip_efficiency': 0, 'LVOF': 0.33425013552507843}
Saved operation variable results to: /home/rchurchi/watertap_test/watertap/tutorials/flex_ro/wrd_result_summer_both_0_flexible_trains.csv
Saved summary results to: /home/rchurchi/watertap_test/watertap/tutorials/flex_ro/wrd_pricetaker_summary_results_20260715_154435.csv
