2026-07-15 13:20:10 [INFO] idaes.core.surrogate.pysmo_surrogate: Decode surrogate. type=poly

===========================Polynomial Regression===============================================

The number of cross-validation cases (3) is used.
The default training/cross-validation split of 0.75 is used.
No iterations will be run.
Default parameter estimation method is used.
Parameter estimation method:  pyomo 

2026-07-15 13:20:10 [INFO] idaes.core.surrogate.pysmo_surrogate: Decode surrogate. type=poly

===========================Polynomial Regression===============================================

The number of cross-validation cases (3) is used.
The default training/cross-validation split of 0.75 is used.
No iterations will be run.
Default parameter estimation method is used.
Parameter estimation method:  pyomo 

2026-07-15 13:20:10 [INFO] idaes.core.surrogate.pysmo_surrogate: Decode surrogate. type=poly

===========================Polynomial Regression===============================================

The number of cross-validation cases (3) is used.
The default training/cross-validation split of 0.75 is used.
No iterations will be run.
Default parameter estimation method is used.
Parameter estimation method:  pyomo 

2026-07-15 13:20:10 [INFO] idaes.core.surrogate.pysmo_surrogate: Decode surrogate. type=poly

===========================Polynomial Regression===============================================

The number of cross-validation cases (3) is used.
The default training/cross-validation split of 0.75 is used.
No iterations will be run.
Default parameter estimation method is used.
Parameter estimation method:  pyomo 

2026-07-15 13:20:12 [INFO] idaes.apps.grid_integration.pricetaker.price_taker_model: Found minimum uptime/downtime data for pretreatment.uf_pumps[1] - Adding minimum uptime/downtime constraints.
2026-07-15 13:20:12 [INFO] idaes.apps.grid_integration.pricetaker.price_taker_model: Created startup/shutdown constraints for operation model  pretreatment.uf_pumps[1] at uf_pumps_1_startup_shutdown.
2026-07-15 13:20:12 [INFO] idaes.apps.grid_integration.pricetaker.price_taker_model: Found minimum uptime/downtime data for pretreatment.uf_pumps[2] - Adding minimum uptime/downtime constraints.
2026-07-15 13:20:12 [INFO] idaes.apps.grid_integration.pricetaker.price_taker_model: Created startup/shutdown constraints for operation model  pretreatment.uf_pumps[2] at uf_pumps_2_startup_shutdown.
2026-07-15 13:20:12 [INFO] idaes.apps.grid_integration.pricetaker.price_taker_model: Found minimum uptime/downtime data for pretreatment.uf_pumps[3] - Adding minimum uptime/downtime constraints.
2026-07-15 13:20:12 [INFO] idaes.apps.grid_integration.pricetaker.price_taker_model: Created startup/shutdown constraints for operation model  pretreatment.uf_pumps[3] at uf_pumps_3_startup_shutdown.
2026-07-15 13:20:12 [INFO] idaes.apps.grid_integration.pricetaker.price_taker_model: Found minimum uptime/downtime data for reverse_osmosis.ro_skid[1] - Adding minimum uptime/downtime constraints.
2026-07-15 13:20:12 [INFO] idaes.apps.grid_integration.pricetaker.price_taker_model: Created startup/shutdown constraints for operation model  reverse_osmosis.ro_skid[1] at ro_skid_1_startup_shutdown.
2026-07-15 13:20:12 [INFO] idaes.apps.grid_integration.pricetaker.price_taker_model: Found minimum uptime/downtime data for reverse_osmosis.ro_skid[2] - Adding minimum uptime/downtime constraints.
2026-07-15 13:20:12 [INFO] idaes.apps.grid_integration.pricetaker.price_taker_model: Created startup/shutdown constraints for operation model  reverse_osmosis.ro_skid[2] at ro_skid_2_startup_shutdown.
2026-07-15 13:20:12 [INFO] idaes.apps.grid_integration.pricetaker.price_taker_model: Found minimum uptime/downtime data for reverse_osmosis.ro_skid[3] - Adding minimum uptime/downtime constraints.
2026-07-15 13:20:12 [INFO] idaes.apps.grid_integration.pricetaker.price_taker_model: Created startup/shutdown constraints for operation model  reverse_osmosis.ro_skid[3] at ro_skid_3_startup_shutdown.
2026-07-15 13:20:12 [INFO] idaes.apps.grid_integration.pricetaker.price_taker_model: Found minimum uptime/downtime data for reverse_osmosis.ro_skid[4] - Adding minimum uptime/downtime constraints.
2026-07-15 13:20:12 [INFO] idaes.apps.grid_integration.pricetaker.price_taker_model: Created startup/shutdown constraints for operation model  reverse_osmosis.ro_skid[4] at ro_skid_4_startup_shutdown.
2930
Set parameter TokenServer to value "10.60.1.73"
Set parameter LogToConsole to value 1
Set parameter MIPGap to value 0.0025
Gurobi Optimizer version 12.0.3 build v12.0.3rc0 (linux64 - "Red Hat Enterprise Linux 8.8 (Ootpa)")

CPU model: Intel(R) Xeon(R) Platinum 8470QL, instruction set [SSE2|AVX|AVX2|AVX512]
Thread count: 104 physical cores, 104 logical processors, using up to 32 threads

Non-default parameters:
MIPGap  0.0025

Optimize a model with 17951 rows, 15029 columns and 43909 nonzeros
Model fingerprint: 0x30461b92
Model has 168 quadratic objective terms
Model has 2352 quadratic constraints
Variable types: 11259 continuous, 3770 integer (3770 binary)
Coefficient statistics:
  Matrix range     [5e-04, 2e+03]
  QMatrix range    [2e-07, 1e+00]
  QLMatrix range   [3e-04, 1e+00]
  Objective range  [1e-05, 1e-03]
  QObjective range [2e-04, 2e-04]
  Bounds range     [9e-01, 1e+03]
  RHS range        [5e-02, 3e+05]
  QRHS range       [3e-01, 3e-01]
Presolve removed 13055 rows and 9640 columns
Presolve time: 0.06s
Presolved: 12456 rows, 5390 columns, 35461 nonzeros
Presolved model has 2016 bilinear constraint(s)

Solving non-convex MIQCP

Variable types: 4060 continuous, 1330 integer (1330 binary)
Found heuristic solution: objective 12.0903187

Root relaxation: objective 1.129216e+01, 19083 iterations, 2.84 seconds (4.40 work units)

    Nodes    |    Current Node    |     Objective Bounds      |     Work
 Expl Unexpl |  Obj  Depth IntInf | Incumbent    BestBd   Gap | It/Node Time

     0     0   11.29216    0 1573   12.09032   11.29216  6.60%     -    3s
H    0     0                      12.0903185   11.29216  6.60%     -    3s
     0     0   11.74491    0 1615   12.09032   11.74491  2.86%     -    3s
     0     0   11.74491    0 1615   12.09032   11.74491  2.86%     -    3s
     0     0   11.75502    0 1774   12.09032   11.75502  2.77%     -    4s
     0     0   11.75524    0 1774   12.09032   11.75524  2.77%     -    4s
     0     0   11.75835    0 1830   12.09032   11.75835  2.75%     -    4s
     0     0   11.75841    0 1792   12.09032   11.75841  2.75%     -    4s
     0     0   11.75868    0 1774   12.09032   11.75868  2.74%     -    4s
     0     0   11.75979    0 1772   12.09032   11.75979  2.73%     -    4s
     0     0   11.75988    0 1771   12.09032   11.75988  2.73%     -    4s
     0     0   11.80177    0 1699   12.09032   11.80177  2.39%     -    5s
     0     2   11.80182    0 1668   12.09032   11.80182  2.39%     -    6s
   659   726   11.81836   16 1800   12.09032   11.80529  2.36%   130   11s
  1054  1101   11.81930   23 1809   12.09032   11.80529  2.36%   126   15s
H 3620  3683                      12.0656348   11.80529  2.16%  89.4   18s
H 3951  4140                      12.0656280   11.80529  2.16%  87.8   20s
H 3970  4140                      12.0641358   11.80529  2.15%  87.7   20s
H 3992  4140                      12.0384211   11.80529  1.94%  88.0   20s
H 4042  4140                      12.0319579   11.80529  1.88%  87.9   20s
H 4326  4394                      12.0319386   11.80529  1.88%  87.7   20s
H 4405  4657                      12.0319330   11.80529  1.88%  90.4   21s
H 4544  4657                      12.0319286   11.80529  1.88%  89.2   21s
H 4565  4657                      12.0308610   11.80529  1.87%  88.9   21s
H 4625  4657                      12.0222188   11.80529  1.80%  88.9   21s
H 4982  5301                      12.0222188   11.80529  1.80%  89.1   24s
H 5034  5301                      12.0222184   11.80529  1.80%  89.8   24s
H 5053  5301                      12.0222132   11.80529  1.80%  89.7   24s
H 5091  5301                      12.0143219   11.80529  1.74%  92.2   24s
H 5287  5301                      12.0129543   11.80529  1.73%  90.6   24s
  5300  5705   11.84651  112 1741   12.01295   11.80529  1.73%  90.5   25s
H 5714  6003                      12.0128550   11.80529  1.73%  88.5   26s
H 5781  6003                      12.0128550   11.80529  1.73%  88.0   26s
H 5866  6003                      12.0103107   11.80529  1.71%  88.1   26s
H 5919  6003                      12.0095774   11.80529  1.70%  88.1   26s
H 6033  6323                      12.0079544   11.80529  1.69%  88.3   26s
H 6423  6820                      12.0078123   11.80529  1.69%  86.9   27s
H 7070  7240                      12.0078123   11.80529  1.69%  83.7   27s
H 7098  7240                      12.0077136   11.80529  1.69%  83.6   27s
H 7233  7240                      12.0040539   11.80529  1.66%  83.1   27s
H 7767  8035                      12.0032933   11.80529  1.65%  80.8   28s
H 7849  8035                      12.0023814   11.80529  1.64%  80.4   28s
H 7900  8035                      11.9998566   11.80529  1.62%  81.5   28s
H 7929  8035                      11.9943122   11.80529  1.58%  81.3   28s
H 7953  8035                      11.9883631   11.80529  1.53%  81.2   28s
H 8278  8528                      11.9882735   11.80529  1.53%  80.6   29s
H 8705  9051                      11.9882732   11.80529  1.53%  79.3   29s
  9076  9482   11.86035  214 1733   11.98827   11.80529  1.53%  78.9   30s
H10001 10110                      11.9874814   11.80529  1.52%  81.6   33s
H10002  9971                      11.9689498   11.80529  1.37%  81.6   33s
H10032  9971                      11.9685960   11.80529  1.36%  81.5   33s
H10143 10306                      11.9585960   11.80529  1.28%  81.5   34s
 10627 10535   11.87372  223 1652   11.95860   11.80535  1.28%  85.2   35s
H10829 10496                      11.9567166   11.80556  1.26%  87.5   35s
H11154 10746                      11.9552460   11.80556  1.25%  95.8   36s
H11519 11119                      11.9552457   11.80556  1.25%   101   38s
H11608 11119                      11.9552457   11.80584  1.25%   102   38s
 11617 11763   11.87950  234 1534   11.95525   11.80584  1.25%   102   40s
H12307 12501                      11.9552457   11.80584  1.25%   103   42s
H12881 12465                      11.9545112   11.80603  1.24%   103   42s
 13005 13339   11.88498  280 1415   11.95451   11.80603  1.24%   103   58s
H13347 13249                      11.9524942   11.80603  1.23%   102   58s
H13906 14073                      11.9510413   11.80603  1.21%   102   59s
H14051 14064                      11.9509712   11.80603  1.21%   102   59s
H14394 14064                      11.9509477   11.80603  1.21%   101   59s
H14569 14063                      11.9509367   11.80603  1.21%   101   59s
H14788 13488                      11.9297095   11.80603  1.04%   102   60s
H14788 13469                      11.9287095   11.80603  1.03%   102   60s
 14789 13466   11.84618   80  226   11.92871   11.80603  1.03%   102   65s
 14792 13468   11.84698   35  153   11.92871   11.84698  0.69%   102   70s
H14793 12795                      11.9287059   11.84848  0.67%   102   71s
 14808 12805   11.87969  346  201   11.92871   11.84937  0.67%   101   75s
 14816 12811   11.88033  178  159   11.92871   11.84937  0.67%   104   80s
H14823 12175                      11.9277060   11.84953  0.66%   104   83s
 14832 12181   11.84953   68  194   11.92771   11.84953  0.66%   104   85s
H14835 11573                      11.9276981   11.84953  0.66%   104   90s
 14837 11577   11.85087   29 1701   11.92770   11.84953  0.66%   106  131s
 14839 11580   11.85150   30 1808   11.92770   11.85087  0.64%   106  135s
H14898 11038                      11.9274127   11.85307  0.62%   108  138s
 14931 11138   11.85751   35 1862   11.92741   11.85307  0.62%   109  142s
H15104 10694                      11.9274108   11.85307  0.62%   117  144s
 15174 10736   11.85964   39 1858   11.92741   11.85307  0.62%   118  146s
H15254 10246                      11.9274071   11.85307  0.62%   119  146s
H15265  9746                      11.9264108   11.85307  0.61%   119  146s
H15419  9368                      11.9263635   11.85307  0.61%   121  148s
 15504  9461   11.86204   45 1821   11.92636   11.85307  0.61%   122  150s
H15667  9082                      11.9256368   11.85307  0.61%   123  151s
H16071  9044                      11.9256308   11.85340  0.61%   124  154s
 16220  9172   11.86656   57 1763   11.92563   11.85340  0.61%   125  155s
H16803  9105                      11.9247927   11.85340  0.60%   127  158s
 17102  9361   11.87525   75 1725   11.92479   11.85340  0.60%   128  161s
H17110  8974                      11.9246316   11.85340  0.60%   128  161s
H17203  8578                      11.9246245   11.85340  0.60%   129  161s
 17573  9010   11.87635   87 1690   11.92462   11.85340  0.60%   130  165s
H17684  8625                      11.9244841   11.85340  0.60%   130  165s
H17709  8287                      11.9243675   11.85340  0.60%   132  165s
H17796  7945                      11.9242798   11.85340  0.59%   131  165s
H17868  7929                      11.9242762   11.85340  0.59%   131  166s
H18737  8047                      11.9240466   11.85408  0.59%   132  169s
 18873  8349   11.88304  106 1663   11.92405   11.85408  0.59%   132  170s
H19137  7993                      11.9240466   11.85408  0.59%   132  170s
H19500  7852                      11.9240419   11.85408  0.59%   133  173s
H19978  7922                      11.9228177   11.85408  0.58%   132  174s
H19979  7631                      11.9210734   11.85408  0.56%   132  174s
 20010  8122   11.88722  129 1624   11.92107   11.85408  0.56%   132  177s
H21048  7970                      11.9203075   11.85458  0.55%   132  178s
H21080  8279                      11.9193075   11.85458  0.54%   132  179s
 21651  8641   11.89449  162 1638   11.91931   11.85458  0.54%   131  180s
 23317  9817   11.91073  208 1566   11.91931   11.85458  0.54%   128  186s
H25230 10233                      11.9193075   11.85458  0.54%   126  189s
H25235 10004                      11.9186062   11.85458  0.54%   126  189s
H25241  9845                      11.9173133   11.85458  0.53%   126  189s
 25262 10608   11.90580  241 1356   11.91731   11.85458  0.53%   126  190s
H27063 11896                      11.9169828   11.85458  0.52%   123  193s
H27098 11887                      11.9168447   11.85458  0.52%   123  193s
H27099 11886                      11.9167790   11.85458  0.52%   123  193s
H27102 11886                      11.9167737   11.85458  0.52%   123  193s
H27311 11838                      11.9162319   11.85458  0.52%   123  193s
H27449 11759                      11.9148882   11.85458  0.51%   123  193s
 27465 12456   11.91135  293 1309   11.91489   11.85458  0.51%   123  195s
 29603 15122   11.86039   37 1764   11.91489   11.85484  0.50%   123  201s
 31802 16583   11.86562   47 1738   11.91489   11.85504  0.50%   120  205s
H32581 16883                      11.9147055   11.85544  0.50%   120  207s
 34748 19426   11.87837   80 1503   11.91471   11.85551  0.50%   118  210s
 38384 22675   11.89103  136 1418   11.91471   11.85573  0.50%   117  217s
 40029 23288   11.90037  166 1376   11.91471   11.85591  0.49%   119  220s
H40033 23288                      11.9147048   11.85591  0.49%   119  220s
H40040 23220                      11.9144135   11.85591  0.49%   119  220s
H40053 23049                      11.9135041   11.85591  0.48%   119  220s
 41141 24155   11.90364  225 1361   11.91350   11.85595  0.48%   121  225s
H41326 23717                      11.9124989   11.85595  0.47%   122  225s
 42350 25406   11.91047  253 1340   11.91250   11.85595  0.47%   124  231s
 44767 28091   11.86074   38 1825   11.91250   11.85627  0.47%   124  235s
 47872 30890   11.90029  104 1447   11.91250   11.85637  0.47%   122  240s
H47903 30884                      11.9124760   11.85637  0.47%   122  240s
H47905 30867                      11.9124254   11.85637  0.47%   122  240s
H48902 30851                      11.9123861   11.85656  0.47%   121  240s
 51091 34857   11.87793   65 1592   11.91239   11.85656  0.47%   120  245s
 54666 37854   11.86457   39 1729   11.91239   11.85672  0.47%   118  251s
H57707 39592                      11.9123839   11.85672  0.47%   118  254s
 58491 39593   11.87195   61  226   11.91238   11.85672  0.47%   118  296s
 58494 39595   11.90855  354  183   11.91238   11.85672  0.47%   118  301s
 58496 39596   11.88891  112  244   11.91238   11.85672  0.47%   118  305s
 58499 39598   11.87701  220  253   11.91238   11.85672  0.47%   118  310s
 58503 39601   11.88675  398  241   11.91238   11.85672  0.47%   118  316s
 58506 39603   11.89987  220  244   11.91238   11.85672  0.47%   118  320s
 58510 39606   11.86425   46  251   11.91238   11.85672  0.47%   118  325s
 58514 39608   11.88357   78  253   11.91238   11.85672  0.47%   118  330s
 58518 39611   11.90717  254  245   11.91238   11.85672  0.47%   118  337s
 58519 39612   11.89761  327  245   11.91238   11.85672  0.47%   118  340s
 58523 39614   11.89500  254  254   11.91238   11.85672  0.47%   118  345s
 58526 39616   11.89065  100  249   11.91238   11.85672  0.47%   118  351s
 58530 39619   11.87217   62  253   11.91238   11.85672  0.47%   118  356s
 58533 39621   11.89249  138  253   11.91238   11.85672  0.47%   118  360s
 58535 39622   11.90298  210  261   11.91238   11.85672  0.47%   118  366s
 58538 39624   11.89372  288  261   11.91238   11.85672  0.47%   118  370s
 58540 39626   11.87714  233  261   11.91238   11.85672  0.47%   118  379s
 58541 39629   11.85672   43 1846   11.91238   11.85672  0.47%   119  427s
 58543 39633   11.85672   44 1790   11.91238   11.85672  0.47%   119  432s
 58555 39653   11.85722   46 1803   11.91238   11.85672  0.47%   119  436s
H58572 37696                      11.9123831   11.85672  0.47%   119  439s
 58603 37718   11.86009   48 1845   11.91238   11.85672  0.47%   120  440s
 58828 37897   11.86543   52 1668   11.91238   11.85672  0.47%   124  448s
 58889 37988   11.86573   53 1635   11.91238   11.85672  0.47%   124  450s
 59183 38148   11.86834   57 1620   11.91238   11.85672  0.47%   125  455s
 59756 38521   11.87095   65 1579   11.91238   11.85672  0.47%   125  460s
H59961 36788                      11.9123821   11.85672  0.47%   125  461s
 60192 36974   11.87462   68 1585   11.91238   11.85672  0.47%   125  466s
 60518 37303   11.87350   71 1602   11.91238   11.85672  0.47%   126  472s
 61125 37800   11.87509   76 1581   11.91238   11.85672  0.47%   127  475s
H62432 36712                      11.9123790   11.85672  0.47%   126  478s
H63025 35198                      11.9123765   11.85672  0.47%   126  479s
 63115 35512   11.88589  111 1530   11.91238   11.85672  0.47%   126  482s
H63428 33793                      11.9123765   11.85672  0.47%   126  482s
 63479 34158   11.88973  117 1577   11.91238   11.85672  0.47%   127  485s
H63887 32507                      11.9123764   11.85728  0.46%   128  487s
H63888 31050                      11.9123763   11.85728  0.46%   128  487s
H63921 29655                      11.9123751   11.85749  0.46%   128  487s
 64404 30448   11.88813  125 1574   11.91238   11.85762  0.46%   128  492s
 64911 30759   11.88897  128 1556   11.91238   11.85775  0.46%   129  496s
 65765 31214   11.89541  144 1410   11.91238   11.85781  0.46%   130  500s
H65998 29822                      11.9123622   11.85781  0.46%   130  500s
 67621 31199   11.89940  168 1486   11.91236   11.85781  0.46%   130  505s
 68973 32161   11.90167  193 1510   11.91236   11.85814  0.46%   131  510s
 69854 32423   11.90706  214 1511   11.91236   11.85814  0.46%   132  518s
H69886 31164                      11.9123622   11.85814  0.46%   132  518s
 70440 31703   11.90814  216 1491   11.91236   11.85814  0.46%   133  523s
 71262 32126     cutoff  214        11.91236   11.85846  0.45%   134  526s
H71296 30928                      11.9123596   11.85846  0.45%   134  526s
 72068 31236   11.86882   56 1755   11.91236   11.85853  0.45%   135  530s
 73626 32288   11.90623  108 1570   11.91236   11.85924  0.45%   136  536s
 75098 33250     cutoff  121        11.91236   11.85938  0.44%   141  542s
 76100 33696   11.91209  119 1655   11.91236   11.85938  0.44%   141  546s
 76960 34163   11.86950   65 1615   11.91236   11.85945  0.44%   143  550s
 78931 35986   11.90612  176 1468   11.91236   11.85952  0.44%   146  557s
 80370 36635   11.86452   53 1682   11.91236   11.85952  0.44%   146  561s
 81583 37481   11.86879   59 1579   11.91236   11.85957  0.44%   148  565s
 84569 39095     cutoff  165        11.91236   11.85957  0.44%   149  572s
 85739 39733     cutoff  165        11.91236   11.85957  0.44%   151  576s
 86879 40450     cutoff  164        11.91236   11.86010  0.44%   152  580s
 88122 41566   11.86367   53 1594   11.91236   11.86010  0.44%   154  585s
 90998 42465     cutoff  114        11.91236   11.86056  0.43%   160  594s
 92160 43745     cutoff  115        11.91236   11.86070  0.43%   162  600s
 94035 44724   11.87011   65 1486   11.91236   11.86070  0.43%   164  605s
 95790 45158   11.90993  175 1405   11.91236   11.86075  0.43%   167  610s
 97039 46190   11.87087   60 1611   11.91236   11.86082  0.43%   171  615s
 98640 46527     cutoff  112        11.91236   11.86082  0.43%   174  621s
 99741 47929     cutoff  113        11.91236   11.86082  0.43%   178  628s
 101812 50084   11.87767   88 1444   11.91236   11.86098  0.43%   181  634s
 104770 52094   11.89121  187 1387   11.91236   11.86098  0.43%   181  640s
H107511 50051                      11.9123591   11.86098  0.43%   179  640s
 107866 54427   11.89591  308 1396   11.91236   11.86098  0.43%   179  645s
 112499 55299   11.90696  538 1289   11.91236   11.86098  0.43%   176  652s
 115155 56443     cutoff  544        11.91236   11.86098  0.43%   176  657s
 117482 58000     cutoff  546        11.91236   11.86178  0.42%   176  664s
 120159 58871   11.88038   65 1711   11.91236   11.86188  0.42%   179  671s
 122215 60942   11.91162  117 1539   11.91236   11.86199  0.42%   182  678s
 125286 62636   11.90687  128 1521   11.91236   11.86200  0.42%   185  686s
 127523 64856   11.87960   97 1361   11.91236   11.86200  0.42%   189  694s
 129920 72573   11.88820  150 1382   11.91236   11.86200  0.42%   190  702s
 137779 76875   11.89665  327 1248   11.91236   11.86200  0.42%   185  709s
 142506 78495   11.90489  344 1412   11.91236   11.86200  0.42%   185  715s
H143307 78495                      11.9123589   11.86200  0.42%   185  715s
 144492 80433   11.87246   54 1812   11.91236   11.86200  0.42%   186  723s
 146831 84263   11.91160  129 1526   11.91236   11.86253  0.42%   189  731s
 150883 88745   11.87289   59 1673   11.91236   11.86271  0.42%   189  739s
 155586 91820   11.86946   51 1867   11.91236   11.86271  0.42%   189  747s
 159030 93896     cutoff   71        11.91236   11.86281  0.42%   189  752s
 161416 95977   11.87527   70 1424   11.91236   11.86286  0.42%   190  759s
 163886 98134 infeasible  176        11.91236   11.86291  0.42%   192  766s
 166418 100115   11.91069   75 1592   11.91236   11.86306  0.41%   194  773s
 168556 106947   11.88679  118 1464   11.91236   11.86306  0.41%   195  782s
 175496 111081   11.89707  269 1392   11.91236   11.86306  0.41%   191  788s
H177684 111081                      11.9123588   11.86306  0.41%   189  788s
H178161 111081                      11.9123588   11.86306  0.41%   189  788s
 179738 116542   11.90078  354 1260   11.91236   11.86306  0.41%   188  797s
 185720 118871   11.91110  466 1239   11.91236   11.86318  0.41%   187  803s
 188303 120075   11.91116  476 1252   11.91236   11.86328  0.41%   187  810s
 189835 121442   11.91126  486 1240   11.91236   11.86328  0.41%   190  816s
 191587 123359   11.89555  115 1478   11.91236   11.86340  0.41%   192  823s
 193769 125604   11.86894   55 1748   11.91236   11.86340  0.41%   194  830s
 196297 127155   11.88595   75 1681   11.91236   11.86340  0.41%   195  838s
 198191 128744   11.90185  106 1486   11.91236   11.86344  0.41%   198  847s
 200185 131066   11.86893   58 1807   11.91236   11.86361  0.41%   201  856s
 202894 133645     cutoff  109        11.91236   11.86366  0.41%   204  866s
 205871 135825     cutoff  163        11.91236   11.86366  0.41%   206  875s
H208018 135825                      11.9123588   11.86383  0.41%   209  875s
 208394 138363   11.88436   67 1741   11.91236   11.86383  0.41%   209  886s
 211323 139489   11.86816   56 1775   11.91236   11.86383  0.41%   212  894s
H211443 139489                      11.9123587   11.86383  0.41%   212  894s
 212725 145308   11.88115   79 1633   11.91236   11.86383  0.41%   214  914s
 219337 148893   11.91218  226 1523   11.91236   11.86423  0.40%   220  926s
 223312 156822   11.88081   78 1526   11.91236   11.86424  0.40%   221  936s
 231394 163500   11.89699  197 1368   11.91236   11.86424  0.40%   217  946s
 238305 167780   11.90201  317 1225   11.91236   11.86432  0.40%   214  952s
 242878 170399   11.90719  494 1166   11.91236   11.86432  0.40%   212  961s
 246055 173695   11.89387  119 1597   11.91236   11.86433  0.40%   213  970s
 249794 177765   11.87773   70 1563   11.91236   11.86436  0.40%   214  977s
 253989 181925   11.90017  146 1506   11.91236   11.86440  0.40%   214  985s
 258403 185053   11.90728  216 1506   11.91236   11.86440  0.40%   213  993s
 261824 187757     cutoff  271        11.91236   11.86440  0.40%   214 1000s
 264851 189887 infeasible  269        11.91236   11.86449  0.40%   214 1008s
 267405 191141   11.88121   78 1562   11.91236   11.86451  0.40%   215 1017s
 269043 193591     cutoff  169        11.91236   11.86452  0.40%   218 1027s
 271833 194591     cutoff  172        11.91236   11.86460  0.40%   220 1035s
H271843 194589                      11.9123575   11.86460  0.40%   220 1035s
 273019 199134   11.86751   62 1600   11.91236   11.86461  0.40%   221 1055s
 278535 204311   11.88505   77 1610   11.91236   11.86476  0.40%   224 1070s
 284168 214049   11.88354  148 1440   11.91236   11.86478  0.40%   225 1084s
 294166 219829   11.88954  254 1463   11.91236   11.86489  0.40%   221 1091s
 300335 222310   11.89598  425 1419   11.91236   11.86490  0.40%   219 1100s
 303246 224397   11.90553  539 1340   11.91236   11.86491  0.40%   219 1108s
 306005 226398   11.88227   89 1539   11.91236   11.86491  0.40%   220 1117s
 308488 229524   11.89282  120 1561   11.91236   11.86491  0.40%   222 1128s
 312112 233191 infeasible  173        11.91236   11.86502  0.40%   224 1138s
 316201 237393   11.87263   55 1852   11.91236   11.86507  0.40%   225 1147s
 320838 240175     cutoff  140        11.91236   11.86507  0.40%   225 1158s
 324063 243028   11.86959   54 1637   11.91236   11.86507  0.40%   227 1167s
 327455 246500   11.91127  128 1560   11.91236   11.86507  0.40%   228 1178s
 331420 249383   11.87785   76 1622   11.91236   11.86512  0.40%   228 1187s
 334714 252149   11.88424   83 1563   11.91236   11.86525  0.40%   229 1195s
 337784 254207   11.91222  200 1508   11.91236   11.86528  0.40%   231 1205s
 340175 260009   11.87441   68 1481   11.91236   11.86528  0.40%   232 1215s
 346102 265780   11.89241  137 1403   11.91236   11.86528  0.40%   231 1223s
 352092 270582   11.90269  246 1177   11.91236   11.86528  0.40%   229 1230s
 357177 273726   11.90839  360 1195   11.91236   11.86539  0.39%   228 1237s
 360753 276150   11.91061  393 1140   11.91236   11.86539  0.39%   227 1243s
 363535 277683   11.91094  408 1135   11.91236   11.86539  0.39%   227 1249s
H363677 277633                      11.9123283   11.86539  0.39%   227 1249s
H365106 277633                      11.9123283   11.86540  0.39%   227 1249s
 365366 280168   11.86928   59 1849   11.91233   11.86540  0.39%   227 1257s
 368262 282374   11.86869   56 1762   11.91233   11.86545  0.39%   228 1267s
 370846 283547   11.87322   65 1772   11.91233   11.86545  0.39%   230 1280s
 372289 286667   11.90334  129 1541   11.91233   11.86546  0.39%   231 1292s
H373167 286667                      11.9123283   11.86546  0.39%   232 1292s
 375912 290726   11.87223   69 1627   11.91233   11.86551  0.39%   233 1305s
 380501 293434     cutoff  155        11.91233   11.86554  0.39%   235 1316s
 383752 295572     cutoff   68        11.91233   11.86556  0.39%   237 1328s
 386477 299767   11.88462   94 1553   11.91233   11.86561  0.39%   239 1339s
 391071 303822   11.89598  216 1469   11.91233   11.86568  0.39%   240 1351s
 395613 305778   11.90606  372 1267   11.91233   11.86569  0.39%   241 1359s
 398031 307928   11.91132  511 1341   11.91233   11.86569  0.39%   242 1371s
 400735 310684   11.87611   61 1791   11.91233   11.86572  0.39%   244 1383s
 403918 312851   11.91202   98 1650   11.91233   11.86573  0.39%   246 1396s
 406753 315062   11.88863  102 1469   11.91233   11.86578  0.39%   249 1409s
H407169 314760                      11.9120913   11.86578  0.39%   249 1409s
H408981 314128                      11.9117117   11.86578  0.39%   250 1409s
 409355 314228   11.87822   79 1616   11.91171   11.86578  0.39%   250 1421s
H409549 317638                      11.9116124   11.86580  0.38%   250 1434s
H409864 317638                      11.9116124   11.86580  0.38%   250 1434s
H410466 317623                      11.9116073   11.86580  0.38%   251 1434s
 413897 321476   11.86816   58 1855   11.91161   11.86584  0.38%   252 1447s
H414473 321464                      11.9116038   11.86584  0.38%   252 1447s
H414982 321460                      11.9116029   11.86584  0.38%   251 1447s
 418308 324849   11.87675   76 1501   11.91160   11.86585  0.38%   253 1459s
 422144 328357   11.87450   59 1776   11.91160   11.86588  0.38%   254 1471s
 426126 331125   11.91105  103 1595   11.91160   11.86588  0.38%   255 1479s
 429253 336710   11.88454  117 1564   11.91160   11.86588  0.38%   256 1489s
 435023 341712   11.90088  261 1296   11.91160   11.86588  0.38%   254 1496s
 440193 344384   11.87960   61 1629   11.91160   11.86593  0.38%   253 1502s
 443190 346383     cutoff  104        11.91160   11.86593  0.38%   253 1509s
 445445 348363   11.88741   87 1479   11.91160   11.86595  0.38%   253 1515s
 447767 350350     cutoff  167        11.91160   11.86596  0.38%   254 1523s
 450040 354303   11.91022  101 1609   11.91160   11.86596  0.38%   254 1530s
 454187 358272   11.87889   83 1522   11.91160   11.86597  0.38%   253 1538s
 458394 363266   11.88996  145 1515   11.91160   11.86597  0.38%   253 1547s
 463712 366517   11.89527  260 1397   11.91160   11.86597  0.38%   252 1553s
 467216 368893   11.89921  336 1332   11.91160   11.86597  0.38%   251 1559s
 469881 371058   11.90393  404 1300   11.91160   11.86600  0.38%   251 1567s
 472379 372931   11.90450  561 1300   11.91160   11.86602  0.38%   251 1574s
 474643 374879   11.91016  708 1197   11.91160   11.86602  0.38%   252 1581s
 476858 378024   11.87837   80 1621   11.91160   11.86605  0.38%   252 1589s
 480246 382210   11.89238  456 1038   11.91160   11.86607  0.38%   252 1598s
H484693 382439                      11.9112559   11.86608  0.38%   252 1606s
 486550 385087   11.90861  600 1126   11.91126   11.86608  0.38%   252 1614s
H487026 384214                      11.9111176   11.86608  0.38%   252 1614s
 489575 386659     cutoff  606        11.91112   11.86608  0.38%   252 1622s
H489629 386659                      11.9111176   11.86608  0.38%   252 1622s
H489840 386659                      11.9111171   11.86608  0.38%   252 1622s
 492582 389374   11.87769   70 1636   11.91112   11.86610  0.38%   253 1632s
 495728 391886     cutoff  109        11.91112   11.86611  0.38%   253 1643s
H495730 391849                      11.9111105   11.86611  0.38%   253 1643s
 498682 394662     cutoff  131        11.91111   11.86611  0.38%   254 1655s
 501994 397613   11.90901  149 1528   11.91111   11.86613  0.38%   255 1665s
 505428 399229   11.86827   66 1705   11.91111   11.86613  0.38%   256 1676s
 507244 401787   11.89986  126 1513   11.91111   11.86617  0.38%   256 1688s
 510342 403969   11.87324   70 1641   11.91111   11.86619  0.38%   258 1704s
 513009 407331   11.87947   84 1535   11.91111   11.86621  0.38%   260 1716s
 516891 410209   11.87076   57 1784   11.91111   11.86626  0.38%   260 1728s
 520284 412686   11.87156   60 1657   11.91111   11.86626  0.38%   262 1737s
 523205 415417   11.91003  138 1548   11.91111   11.86626  0.38%   262 1746s
 526323 417419   11.88197   79 1425   11.91111   11.86632  0.38%   263 1757s
 528661 422881   11.91078  173 1589   11.91111   11.86634  0.38%   264 1767s
 534418 427998   11.87392   57 1708   11.91111   11.86635  0.38%   263 1777s
 539836 430670   11.88703   72 1658   11.91111   11.86636  0.38%   262 1785s
 542988 431627   11.90529   98 1606   11.91111   11.86637  0.38%   263 1793s
 544453 434113     cutoff  107        11.91111   11.86637  0.38%   264 1807s
 547428 435730   11.87526   67 1620   11.91111   11.86639  0.38%   265 1816s
 549295 437473   11.90678  156 1481   11.91111   11.86640  0.38%   265 1825s
 551135 447227   11.87332   55 1871   11.91111   11.86640  0.38%   265 1842s
 561611 449957   11.90855  114 1600   11.91111   11.86640  0.38%   264 1849s
 564729 453157     cutoff  122        11.91111   11.86640  0.38%   264 1859s
 568216 456994     cutoff  120        11.91111   11.86642  0.38%   264 1871s
 572337 460815   11.87306   62 1618   11.91111   11.86643  0.38%   263 1878s
 576487 462555   11.90620  222 1419   11.91111   11.86644  0.38%   262 1885s
 578630 465539   11.89534  109 1537   11.91111   11.86646  0.37%   263 1893s
 581870 468244   11.90527  122 1427   11.91111   11.86647  0.37%   263 1902s
 584933 473250   11.87654   72 1592   11.91111   11.86648  0.37%   263 1910s
 590073 478780   11.89465  120 1492   11.91111   11.86649  0.37%   263 1922s
 595869 482147   11.90670  318 1359   11.91111   11.86650  0.37%   261 1929s
 599695 484052     cutoff  397        11.91111   11.86650  0.37%   261 1940s
 602000 485931   11.87747   89 1571   11.91111   11.86650  0.37%   261 1947s
 604302 488164   11.88990  241 1576   11.91111   11.86651  0.37%   262 1955s
 606861 490578   11.90723  345 1606   11.91111   11.86651  0.37%   262 1964s
 609599 493700   11.87012   59 1605   11.91111   11.86652  0.37%   262 1972s
 613050 496102     cutoff  176        11.91111   11.86654  0.37%   262 1982s
 615799 498459   11.87984   72 1698   11.91111   11.86654  0.37%   263 1992s
 618481 503895   11.87113   77 1634   11.91111   11.86657  0.37%   264 2003s
 624143 509339   11.88966  169 1441   11.91111   11.86657  0.37%   263 2011s
 629847 512740   11.89799  288 1301   11.91111   11.86658  0.37%   262 2023s
 633612 515514   11.90561  418 1249   11.91111   11.86658  0.37%   261 2032s
 636673 518026   11.89344   99 1517   11.91111   11.86660  0.37%   261 2040s
 639555 519643     cutoff  173        11.91111   11.86661  0.37%   261 2050s
H639687 519643                      11.9111105   11.86661  0.37%   262 2050s
H639928 519643                      11.9111104   11.86661  0.37%   262 2050s
 641477 523155     cutoff   88        11.91111   11.86661  0.37%   262 2065s
H641640 523155                      11.9111104   11.86661  0.37%   262 2065s
 645588 527147     cutoff  188        11.91111   11.86664  0.37%   263 2080s
H648394 527147                      11.9111104   11.86665  0.37%   264 2080s
 649948 529914   11.90146  157 1483   11.91111   11.86665  0.37%   264 2092s
H650090 529914                      11.9111104   11.86665  0.37%   264 2092s
H651176 529914                      11.9111104   11.86666  0.37%   264 2092s
H651547 529912                      11.9111103   11.86666  0.37%   264 2092s
 652779 539344   11.91013  228 1480   11.91111   11.86666  0.37%   263 2103s
 662510 543954   11.90985  271 1420   11.91111   11.86666  0.37%   261 2111s
 667529 546699   11.90997  277 1419   11.91111   11.86666  0.37%   260 2118s
 670613 550219   11.91020  284 1410   11.91111   11.86667  0.37%   260 2126s
 674524 553276 infeasible  163        11.91111   11.86668  0.37%   260 2133s
 677882 555163   11.87718   63 1754   11.91111   11.86668  0.37%   260 2140s
 679996 558230     cutoff  114        11.91111   11.86668  0.37%   260 2148s
 683488 560697   11.91098  115 1560   11.91111   11.86670  0.37%   260 2157s
 686335 563140     cutoff  128        11.91111   11.86670  0.37%   261 2165s
 689124 567959   11.87326   74 1542   11.91111   11.86670  0.37%   261 2173s
 694104 572376   11.88245  116 1477   11.91111   11.86670  0.37%   260 2181s
 698801 575515   11.89569  389 1221   11.91111   11.86671  0.37%   260 2191s
 702145 580154   11.90311  494 1248   11.91111   11.86673  0.37%   259 2200s
 707064 582181   11.90652  500 1211   11.91111   11.86673  0.37%   259 2206s
 709513 584095   11.88999   79 1623   11.91111   11.86673  0.37%   259 2213s
 711673 586658   11.91105  127 1520   11.91111   11.86674  0.37%   260 2222s
 714453 591795   11.86865   65 1705   11.91111   11.86675  0.37%   260 2229s
 719731 595042   11.89459  158 1522   11.91111   11.86676  0.37%   259 2237s
 723194 599057   11.89396  212 1572   11.91111   11.86676  0.37%   258 2243s
 727533 602670   11.90100  308 1347   11.91111   11.86677  0.37%   257 2250s
 731471 605517   11.90925  465 1306   11.91111   11.86678  0.37%   257 2259s
 734875 607620   11.87751   78 1568   11.91111   11.86678  0.37%   257 2267s
 737277 609786   11.90997  156 1601   11.91111   11.86679  0.37%   258 2276s
 739853 612027   11.91100  159 1555   11.91111   11.86679  0.37%   258 2287s
 742509 615314   11.91000  200 1515   11.91111   11.86681  0.37%   259 2297s
 746228 618856   11.89146  139 1557   11.91111   11.86682  0.37%   259 2307s
 750202 621702   11.88205   70 1660   11.91111   11.86684  0.37%   260 2317s
 753496 624562   11.87412   71 1673   11.91111   11.86685  0.37%   260 2327s
 756731 626899   11.87878   65 1618   11.91111   11.86685  0.37%   261 2338s
H756958 626897                      11.9111099   11.86686  0.37%   261 2338s
 759425 629717     cutoff  133        11.91111   11.86689  0.37%   261 2349s
 762706 630780   11.90207  165 1606   11.91111   11.86689  0.37%   262 2358s
 763968 636835   11.90904  227 1548   11.91111   11.86691  0.37%   262 2381s
 770861 642963   11.90229  106 1591   11.91111   11.86694  0.37%   263 2392s
H772878 642963                      11.9111099   11.86694  0.37%   263 2392s
 777302 649080   11.89132  105 1485   11.91111   11.86694  0.37%   263 2402s
H777783 649080                      11.9111098   11.86694  0.37%   262 2402s
H781179 649045                      11.9111058   11.86694  0.37%   262 2402s
 783598 653503   11.90518  215 1415   11.91111   11.86696  0.37%   261 2411s
H784514 653500                      11.9111054   11.86696  0.37%   261 2411s
H787666 653500                      11.9111054   11.86696  0.37%   261 2411s
 788452 655778   11.90736   99 1637   11.91111   11.86696  0.37%   261 2417s
H790662 655777                      11.9111051   11.86696  0.37%   261 2417s
 791181 657785   11.86773   55 1558   11.91111   11.86696  0.37%   261 2425s
 793520 659988   11.87561   72 1649   11.91111   11.86696  0.37%   261 2434s
 796159 662703   11.87066   65 1730   11.91111   11.86697  0.37%   262 2444s
 799373 664538   11.86833   60 1722   11.91111   11.86698  0.37%   262 2455s
H800902 664538                      11.9111047   11.86699  0.37%   263 2455s
 801582 667603   11.87227   62 1697   11.91110   11.86699  0.37%   263 2467s
H802018 667603                      11.9111047   11.86699  0.37%   263 2467s
H805101 675604                      11.9111047   11.86700  0.37%   263 2479s
 813327 680239   11.87791   74 1540   11.91110   11.86701  0.37%   262 2487s
 818312 684006   11.89597  159 1440   11.91110   11.86701  0.37%   261 2495s
 822381 688828   11.90346  220 1421   11.91110   11.86702  0.37%   261 2503s
 827535 690363   11.86855   61 1600   11.91110   11.86702  0.37%   261 2510s
H829312 691941                      11.9111046   11.86702  0.37%   261 2520s
H830345 691941                      11.9111046   11.86702  0.37%   261 2520s
 831209 693484     cutoff  208        11.91110   11.86702  0.37%   261 2531s
H831211 693484                      11.9111046   11.86702  0.37%   261 2531s
H831519 693484                      11.9111046   11.86703  0.37%   261 2531s
 833155 696196     cutoff  210        11.91110   11.86703  0.37%   262 2539s
H833157 696196                      11.9111046   11.86703  0.37%   262 2539s
H833858 696196                      11.9111046   11.86703  0.37%   262 2539s
 836114 699251   11.90081  174 1553   11.91110   11.86703  0.37%   262 2551s
 839479 701079   11.88498   81 1784   11.91110   11.86704  0.37%   263 2560s
H840717 701079                      11.9111046   11.86705  0.37%   263 2560s
 841587 704256     cutoff  131        11.91110   11.86707  0.37%   263 2570s
 845152 706973     cutoff  144        11.91110   11.86707  0.37%   263 2580s
H845277 706967                      11.9111038   11.86707  0.37%   263 2580s
 848209 711550   11.91101  145 1589   11.91110   11.86708  0.37%   263 2590s
 852947 716159     cutoff  149        11.91110   11.86709  0.37%   263 2598s
 857843 719127   11.88201   89 1679   11.91110   11.86710  0.37%   262 2604s
 861011 722466   11.89894  213 1537   11.91110   11.86710  0.37%   262 2611s
 864653 724462   11.88879  104 1621   11.91110   11.86710  0.37%   262 2616s
 867063 725802   11.91071  178 1656   11.91110   11.86711  0.37%   262 2622s
 868721 727708   11.89956   97 1675   11.91110   11.86711  0.37%   262 2630s
 870892 730050   11.91091  122 1535   11.91110   11.86711  0.37%   263 2638s
 873517 733881   11.88625   95 1632   11.91110   11.86713  0.37%   263 2645s
 877488 738565   11.89698  135 1551   11.91110   11.86713  0.37%   263 2654s
 882353 742587   11.91057  286 1432   11.91110   11.86714  0.37%   262 2663s
 886809 744764   11.87621   77 1673   11.91110   11.86714  0.37%   262 2671s
 889368 746979   11.90998  192 1628   11.91110   11.86715  0.37%   262 2678s
 892044 749778     cutoff  194        11.91110   11.86715  0.37%   262 2685s
 895191 751384     cutoff  194        11.91110   11.86716  0.37%   262 2693s
 897154 753809   11.90357  114 1528   11.91110   11.86717  0.37%   263 2702s
 899913 756054     cutoff  157        11.91110   11.86718  0.37%   263 2711s
 902548 759091   11.87999   79 1453   11.91110   11.86718  0.37%   264 2721s
 905844 762824   11.89815  288 1367   11.91110   11.86719  0.37%   264 2730s
 909980 765225   11.90920  533 1267   11.91110   11.86720  0.37%   264 2739s
 912795 767365     cutoff  535        11.91110   11.86720  0.37%   264 2748s
H913144 767305                      11.9110927   11.86720  0.37%   264 2748s
H913483 766622                      11.9109958   11.86720  0.37%   265 2748s
 915203 768557     cutoff  536        11.91100   11.86721  0.37%   265 2760s
H915214 768538                      11.9109942   11.86721  0.37%   265 2760s
H915221 768106                      11.9109515   11.86721  0.37%   265 2760s
H915268 767696                      11.9109098   11.86721  0.37%   265 2760s
H917380 775039                      11.9108685   11.86721  0.37%   265 2775s
 925584 778940   11.88152  114 1533   11.91087   11.86723  0.37%   264 2782s
H926174 778937                      11.9108680   11.86723  0.37%   264 2783s
H926863 778873                      11.9108621   11.86723  0.37%   264 2783s
H929652 784068                      11.9108621   11.86723  0.37%   264 2791s
 935153 786985   11.88626  139 1548   11.91086   11.86723  0.37%   263 2798s
H936480 786985                      11.9108621   11.86723  0.37%   263 2798s
 938343 789542   11.89031  215 1518   11.91086   11.86724  0.37%   263 2805s
 941334 792242   11.89400  294 1401   11.91086   11.86724  0.37%   263 2815s
 944253 797143   11.89838  353 1511   11.91086   11.86725  0.37%   263 2824s
 949350 800039   11.90812  575 1469   11.91086   11.86725  0.37%   262 2831s
 952544 802367   11.87734   71 1521   11.91086   11.86725  0.37%   262 2837s
 955068 805387   11.89162  121 1495   11.91086   11.86726  0.37%   262 2845s
 958316 808306   11.90101  206 1413   11.91086   11.86726  0.37%   262 2852s
 961445 811816   11.90882  283 1379   11.91086   11.86726  0.37%   262 2859s
 965163 814500     cutoff  297        11.91086   11.86726  0.37%   261 2866s
 968167 816789   11.87443   78 1461   11.91086   11.86726  0.37%   261 2873s
 970820 819174     cutoff  150        11.91086   11.86726  0.37%   262 2881s
 973567 822656   11.87582   87 1568   11.91086   11.86727  0.37%   262 2889s
 977256 828317   11.88543  152 1494   11.91086   11.86727  0.37%   261 2897s
 983008 829921     cutoff  207        11.91086   11.86728  0.37%   261 2903s
 984716 833217   11.88737  225 1407   11.91086   11.86728  0.37%   260 2909s
H985857 833170                      11.9108572   11.86728  0.37%   260 2909s
 988189 836714   11.88881  290 1392   11.91086   11.86728  0.37%   260 2916s
 991950 840337   11.89071  361 1323   11.91086   11.86728  0.37%   260 2923s
 995912 842547   11.89075  502 1307   11.91086   11.86728  0.37%   259 2928s
 998473 845092   11.89689  555 1312   11.91086   11.86728  0.37%   259 2935s
 1001264 847392   11.90777  633 1236   11.91086   11.86729  0.37%   259 2941s
 1003836 850719   11.90979  686 1259   11.91086   11.86729  0.37%   259 2950s
 1007493 854268   11.90992  686 1254   11.91086   11.86730  0.37%   259 2958s
 1011340 857697   11.88045   76 1599   11.91086   11.86730  0.37%   259 2965s
 1015083 859481   11.89141  103 1567   11.91086   11.86731  0.37%   259 2974s
 1017176 861802     cutoff  207        11.91086   11.86731  0.37%   259 2983s
 1019877 863526   11.90975  158 1594   11.91086   11.86732  0.37%   260 2992s
H1020703 863526                      11.9108572   11.86732  0.37%   260 2992s
H1020778 863522                      11.9108562   11.86732  0.37%   260 2992s
 1021912 865461   11.87064   65 1579   11.91086   11.86732  0.37%   260 3002s
H1023885 865461                      11.9108562   11.86733  0.37%   260 3002s
 1024243 867908   11.86862   64 1681   11.91086   11.86733  0.37%   261 3012s
 1027038 870858   11.86864   62 1651   11.91086   11.86735  0.37%   261 3021s
 1030394 872882   11.91005  167 1562   11.91086   11.86735  0.37%   261 3032s
H1030567 872882                      11.9108562   11.86735  0.37%   261 3032s
H1032023 872873                      11.9108558   11.86735  0.37%   262 3032s
 1032749 875174     cutoff  187        11.91086   11.86735  0.37%   262 3041s
 1035373 877830     cutoff  187        11.91086   11.86737  0.37%   262 3051s
 1038469 881247   11.87478   66 1705   11.91086   11.86737  0.37%   263 3062s
 1042292 884279   11.91080  167 1511   11.91086   11.86738  0.37%   263 3072s
H1042502 884278                      11.9108557   11.86738  0.37%   263 3072s
 1045847 884729     cutoff  128        11.91086   11.86738  0.37%   263 3084s
H1045928 884704                      11.9108535   11.86738  0.37%   264 3084s
H1046058 884703                      11.9108535   11.86738  0.37%   264 3084s
 1046532 887560   11.87572   64 1644   11.91085   11.86739  0.36%   264 3096s
H1047947 887560                      11.9108535   11.86739  0.36%   264 3096s
 1049907 891371   11.90351  143 1478   11.91085   11.86739  0.36%   264 3107s
H1050980 891371                      11.9108535   11.86739  0.36%   264 3107s
 1054046 897493   11.88120   95 1478   11.91085   11.86741  0.36%   264 3118s
H1057859 897493                      11.9108534   11.86741  0.36%   264 3118s
 1060367 903921   11.89330  210 1426   11.91085   11.86741  0.36%   264 3133s
 1067019 909505   11.89543  324 1372   11.91085   11.86742  0.36%   263 3141s
 1073087 911493   11.90759  544 1267   11.91085   11.86742  0.36%   262 3146s
 1075359 913293   11.90979  573 1339   11.91085   11.86742  0.36%   262 3153s
 1077441 914981   11.88995   86 1615   11.91085   11.86743  0.36%   262 3163s
 1079408 916450   11.86963   63 1695   11.91085   11.86743  0.36%   262 3170s
 1081183 918240   11.90432  153 1505   11.91085   11.86743  0.36%   263 3177s
 1083232 920936   11.87246   61 1551   11.91085   11.86743  0.36%   263 3186s
 1086149 925623   11.88921  107 1498   11.91085   11.86743  0.36%   263 3197s
 1091083 929096   11.89469  144 1525   11.91085   11.86743  0.36%   263 3204s
 1094826 931377   11.90292  289 1335   11.91085   11.86744  0.36%   263 3216s
 1097517 932683   11.90966  565 1237   11.91085   11.86745  0.36%   263 3225s
 1099260 936415   11.89162  114 1536   11.91085   11.86745  0.36%   263 3239s
 1103580 939466   11.87160   56 1751   11.91085   11.86745  0.36%   264 3252s
 1107051 942937   11.88539   81 1615   11.91085   11.86747  0.36%   265 3265s
 1111047 946295     cutoff  213        11.91085   11.86747  0.36%   265 3277s
 1114892 949207     cutoff   58        11.91085   11.86749  0.36%   266 3288s
 1118209 952076   11.91057  103 1564   11.91085   11.86749  0.36%   266 3300s
 1121605 954902   11.87533   61 1693   11.91085   11.86750  0.36%   267 3312s
 1124836 957697   11.89184  108 1604   11.91085   11.86751  0.36%   267 3323s
 1128048 959571   11.91065  190 1678   11.91085   11.86751  0.36%   268 3333s
 1130231 963864   11.86993   66 1725   11.91085   11.86753  0.36%   268 3345s
 1135070 966242     cutoff  255        11.91085   11.86754  0.36%   269 3356s
H1137081 966242                      11.9108534   11.86754  0.36%   269 3356s
 1137969 968641     cutoff  104        11.91085   11.86754  0.36%   269 3367s
 1140731 971209   11.87833   69 1675   11.91085   11.86755  0.36%   269 3377s
 1143690 973951   11.89839  114 1590   11.91085   11.86757  0.36%   270 3389s
 1146894 976747   11.90642  198 1539   11.91085   11.86757  0.36%   270 3400s
 1150247 979253   11.91006  246 1563   11.91085   11.86757  0.36%   271 3412s
 1153332 981577   11.87348   63 1628   11.91085   11.86759  0.36%   272 3424s
 1156224 983854   11.89708  102 1545   11.91085   11.86759  0.36%   272 3436s
 1158950 986183   11.87528   65 1718   11.91085   11.86759  0.36%   273 3445s
 1161575 990189   11.87597   58 1842   11.91085   11.86760  0.36%   273 3456s
 1165740 994530   11.90467  160 1413   11.91085   11.86760  0.36%   273 3467s
 1170378 997331   11.90791  181 1449   11.91085   11.86761  0.36%   273 3475s
 1173371 1000663   11.90883  188 1493   11.91085   11.86761  0.36%   273 3485s
 1176923 1006094   11.89915  123 1738   11.91085   11.86761  0.36%   273 3495s
 1182582 1008977   11.89256  123 1555   11.91085   11.86762  0.36%   272 3503s
 1186029 1011682   11.87683   70 1699   11.91085   11.86762  0.36%   272 3511s
 1189097 1014013     cutoff  142        11.91085   11.86763  0.36%   272 3519s
 1191782 1016118   11.86856   65 1666   11.91085   11.86763  0.36%   272 3530s
 1194399 1016547   11.88663  133 1575   11.91085   11.86764  0.36%   273 3543s
H1194821 1016547                      11.9108534   11.86764  0.36%   273 3543s
 1194984 1021624   11.88828  143 1572   11.91085   11.86764  0.36%   273 3556s
 1200555 1025199   11.90007  237 1483   11.91085   11.86765  0.36%   273 3567s
 1204512 1028335     cutoff  333        11.91085   11.86765  0.36%   273 3578s
 1208093 1030618   11.91047  145 1556   11.91085   11.86766  0.36%   274 3589s
 1210760 1032930   11.87472   67 1615   11.91085   11.86767  0.36%   274 3601s
 1213517 1036485   11.87600   67 1613   11.91085   11.86767  0.36%   275 3612s
 1217512 1039722   11.87416   62 1739   11.91085   11.86768  0.36%   275 3623s
 1221109 1042168   11.87646   75 1547   11.91085   11.86769  0.36%   275 3632s
 1223884 1045181   11.87541   64 1622   11.91085   11.86769  0.36%   276 3642s
 1227246 1047567     cutoff  162        11.91085   11.86770  0.36%   276 3652s
 1230002 1050602   11.90468  160 1630   11.91085   11.86770  0.36%   276 3663s
 1233407 1053482   11.90791  166 1582   11.91085   11.86771  0.36%   277 3673s
 1236678 1057013     cutoff  176        11.91085   11.86771  0.36%   277 3683s
 1240290 1063855   11.90825  138 1504   11.91085   11.86771  0.36%   277 3697s
 1247442 1068942     cutoff  144        11.91085   11.86772  0.36%   276 3706s
 1252846 1073051     cutoff  140        11.91085   11.86772  0.36%   275 3715s
 1257382 1075375   11.91078  137 1535   11.91085   11.86772  0.36%   275 3723s
 1260088 1077308     cutoff  135        11.91085   11.86772  0.36%   275 3732s
 1262355 1079191   11.90963  135 1492   11.91085   11.86772  0.36%   276 3742s
 1264594 1081091     cutoff  137        11.91085   11.86773  0.36%   276 3751s
 1266802 1083501   11.87065   69 1640   11.91085   11.86773  0.36%   276 3761s
 1269614 1086816   11.88090   77 1544   11.91085   11.86773  0.36%   277 3770s
 1273276 1089481     cutoff  208        11.91085   11.86774  0.36%   277 3780s
 1276327 1092566   11.88955  152 1535   11.91085   11.86774  0.36%   277 3790s
 1279766 1095270   11.86888   64 1805   11.91085   11.86776  0.36%   277 3800s
 1282846 1096961   11.86837   59 1582   11.91085   11.86776  0.36%   278 3809s
 1284940 1099435   11.89802  127 1530   11.91085   11.86776  0.36%   278 3823s
 1288008 1103274   11.86943   71 1750   11.91085   11.86776  0.36%   279 3837s
 1292400 1106662   11.89935  155 1554   11.91085   11.86778  0.36%   279 3849s
 1296271 1109634   11.89641  115 1558   11.91085   11.86779  0.36%   280 3862s
 1299739 1112635   11.88410   83 1572   11.91085   11.86779  0.36%   280 3875s
 1303242 1116031   11.87900   81 1488   11.91085   11.86780  0.36%   281 3887s
 1307139 1118079   11.87066   64 1728   11.91085   11.86780  0.36%   281 3899s
 1309610 1120999   11.86898   62 1596   11.91085   11.86780  0.36%   281 3911s
 1312978 1122651   11.87383   69 1668   11.91085   11.86781  0.36%   282 3919s
 1314903 1126006   11.90953  144 1563   11.91085   11.86782  0.36%   282 3934s
 1318927 1129306   11.87185   57 1719   11.91085   11.86783  0.36%   283 3948s
 1322680 1132537   11.87838   88 1592   11.91085   11.86783  0.36%   283 3961s
 1326480 1135052   11.88482   78 1605   11.91085   11.86784  0.36%   284 3974s
 1329383 1140063     cutoff  147        11.91085   11.86784  0.36%   284 3987s
 1334843 1143520     cutoff  164        11.91085   11.86785  0.36%   284 3998s
 1338789 1147148   11.90518  230 1519   11.91085   11.86785  0.36%   284 4008s
 1342848 1149662   11.90283  154 1563   11.91085   11.86785  0.36%   284 4017s
 1345692 1152479     cutoff  184        11.91085   11.86786  0.36%   285 4027s
 1348917 1154297   11.90116  185 1546   11.91085   11.86787  0.36%   285 4038s
 1351027 1157104     cutoff  202        11.91085   11.86787  0.36%   285 4050s
 1354242 1160508     cutoff  203        11.91085   11.86788  0.36%   286 4063s
 1358079 1163788     cutoff  202        11.91085   11.86788  0.36%   286 4075s
 1361832 1167282   11.89878  249 1513   11.91085   11.86789  0.36%   286 4087s
 1365704 1170085   11.88003   91 1564   11.91085   11.86789  0.36%   286 4098s
 1368924 1172461     cutoff  161        11.91085   11.86789  0.36%   287 4108s
 1371690 1175983     cutoff  183        11.91085   11.86790  0.36%   287 4119s
 1375708 1177947     cutoff  175        11.91085   11.86790  0.36%   287 4129s
 1378023 1182461   11.90006  173 1528   11.91085   11.86791  0.36%   287 4142s
 1382932 1189008     cutoff  235        11.91085   11.86791  0.36%   288 4151s
 1389654 1192769   11.87185   59 1899   11.91085   11.86791  0.36%   287 4160s
 1393661 1196163     cutoff  123        11.91085   11.86792  0.36%   287 4167s
 1397451 1198613   11.87635   72 1658   11.91085   11.86792  0.36%   286 4173s
 1400205 1201677   11.88625  129 1519   11.91085   11.86792  0.36%   286 4181s
 1403598 1203884   11.89019  162 1509   11.91085   11.86792  0.36%   286 4191s
 1406038 1207628   11.89114  225 1376   11.91085   11.86792  0.36%   286 4200s
 1410167 1210035   11.89454  415 1257   11.91085   11.86792  0.36%   286 4208s
 1412943 1211898   11.90918  543 1294   11.91085   11.86792  0.36%   286 4217s
 1415154 1213922     cutoff  612        11.91085   11.86793  0.36%   286 4226s
 1417511 1216223   11.90927  152 1643   11.91085   11.86793  0.36%   287 4235s
 1420174 1219055   11.88698  102 1487   11.91085   11.86794  0.36%   287 4244s
 1423337 1221786   11.87020   54 1879   11.91085   11.86794  0.36%   287 4253s
 1426496 1224951   11.87680   80 1618   11.91085   11.86795  0.36%   287 4263s
 1429980 1229810   11.86937   57 1778   11.91085   11.86795  0.36%   287 4273s
 1435046 1234784   11.89466  187 1381   11.91085   11.86795  0.36%   287 4282s
 1440292 1237386   11.90356  315 1430   11.91085   11.86796  0.36%   287 4289s
 1443222 1239426   11.90915  542 1259   11.91085   11.86796  0.36%   286 4296s
 1445594 1240673   11.89552   89 1664   11.91085   11.86796  0.36%   286 4303s
 1447123 1243476     cutoff  119        11.91085   11.86796  0.36%   287 4311s
 1450135 1245698   11.87604   68 1543   11.91085   11.86796  0.36%   287 4319s
 1452642 1247975   11.90312  115 1564   11.91085   11.86797  0.36%   287 4327s
 1455164 1249219     cutoff  134        11.91085   11.86797  0.36%   287 4337s
 1456711 1250657   11.90994  138 1513   11.91085   11.86797  0.36%   287 4347s
 1458583 1251456   11.88328   71 1690   11.91085   11.86797  0.36%   288 4359s
 1459636 1255147   11.89713  101 1639   11.91085   11.86797  0.36%   288 4370s
 1463688 1261373   11.88296   92 1517   11.91085   11.86798  0.36%   288 4382s
 1470086 1266594   11.88966  261 1391   11.91085   11.86798  0.36%   288 4391s
 1475601 1269155   11.89453  447 1386   11.91085   11.86798  0.36%   287 4398s
 1478520 1272203   11.90203  596 1371   11.91085   11.86798  0.36%   287 4406s
 1481897 1274826   11.88235   96 1544   11.91085   11.86798  0.36%   287 4412s
 1484700 1277894   11.90722  157 1476   11.91085   11.86798  0.36%   287 4419s
 1487967 1281253     cutoff  172        11.91085   11.86799  0.36%   286 4427s
 1491568 1283417   11.87810   81 1557   11.91085   11.86799  0.36%   286 4434s
 1494008 1286032   11.88488  107 1560   11.91085   11.86799  0.36%   286 4441s
 1496838 1290729   11.89405  168 1516   11.91085   11.86799  0.36%   286 4448s
 1501697 1296189   11.90353  375 1360   11.91085   11.86800  0.36%   286 4458s
 1507445 1298573     cutoff  490        11.91085   11.86800  0.36%   285 4464s
 1510048 1301279     cutoff  496        11.91085   11.86800  0.36%   285 4470s
 1513097 1303469   11.90953  498 1381   11.91085   11.86800  0.36%   285 4477s
 1515606 1305185   11.90859  502 1348   11.91085   11.86800  0.36%   285 4484s
 1517658 1306377   11.90957  501 1427   11.91085   11.86801  0.36%   285 4491s
 1518980 1308715     cutoff  502        11.91085   11.86801  0.36%   285 4500s
 1521612 1312831   11.87220   72 1598   11.91085   11.86801  0.36%   285 4508s
 1526024 1316384   11.88852  119 1533   11.91085   11.86801  0.36%   285 4517s
 1529863 1319520   11.89857  228 1430   11.91085   11.86801  0.36%   285 4525s
 1533390 1322234   11.91040  332 1273   11.91085   11.86801  0.36%   284 4534s
 1536335 1327246   11.89735  133 1642   11.91085   11.86802  0.36%   284 4544s
 1541627 1330311     cutoff  207        11.91085   11.86802  0.36%   284 4552s
 1544977 1333542   11.87240   58 1698   11.91085   11.86802  0.36%   284 4560s
 1548514 1337039   11.88420  111 1480   11.91085   11.86802  0.36%   284 4572s
 1552266 1340671   11.88815  220 1494   11.91085   11.86802  0.36%   284 4580s
 1556252 1342533   11.89238  333 1423   11.91085   11.86802  0.36%   284 4588s
 1558452 1345342   11.89415  451 1359   11.91085   11.86803  0.36%   284 4596s
 1561642 1348857     cutoff  511        11.91085   11.86803  0.36%   284 4604s
 1565377 1353540   11.89706  121 1541   11.91085   11.86803  0.36%   283 4614s
 1570311 1356623     cutoff  167        11.91085   11.86803  0.36%   283 4620s
 1573680 1358776   11.86906   64 1698   11.91085   11.86804  0.36%   283 4627s
 1576125 1360726   11.89306  137 1550   11.91085   11.86804  0.36%   283 4635s
 1578364 1362481     cutoff  222        11.91085   11.86804  0.36%   283 4647s
 1580509 1363953     cutoff   81        11.91085   11.86804  0.36%   283 4656s
 1582370 1366050     cutoff   81        11.91085   11.86804  0.36%   284 4665s
 1584830 1368967   11.87484   61 1676   11.91085   11.86804  0.36%   284 4674s
 1588083 1372431   11.87544   73 1570   11.91085   11.86805  0.36%   284 4683s
 1591755 1377834   11.88707  135 1470   11.91085   11.86805  0.36%   284 4693s
 1597351 1381392   11.89554  231 1447   11.91085   11.86805  0.36%   283 4703s
 1601206 1383191   11.90091  305 1488   11.91085   11.86805  0.36%   283 4716s
 1603335 1385550   11.90572  332 1387   11.91085   11.86805  0.36%   283 4725s
 1606138 1389890   11.87242   58 1838   11.91085   11.86806  0.36%   284 4738s
 1610749 1395357   11.89248  127 1493   11.91085   11.86806  0.36%   283 4747s
 1616436 1399269   11.90758  269 1324   11.91085   11.86806  0.36%   283 4756s
 1620636 1402190   11.90904  340 1308   11.91085   11.86806  0.36%   283 4763s
 1623853 1404287   11.89122  117 1546   11.91085   11.86806  0.36%   283 4770s
 1626322 1406920   11.90709  263 1488   11.91085   11.86806  0.36%   283 4778s
 1629231 1410418   11.88568   97 1492   11.91085   11.86807  0.36%   283 4788s
 1632972 1414287   11.89217  173 1399   11.91085   11.86807  0.36%   283 4798s
 1636922 1421196   11.89549  232 1374   11.91085   11.86807  0.36%   282 4808s
 1644131 1424971   11.90722  359 1283   11.91085   11.86807  0.36%   282 4815s
 1648303 1427365   11.88345   75 1639   11.91085   11.86807  0.36%   281 4823s
 1651029 1428367   11.90944  110 1671   11.91085   11.86807  0.36%   281 4831s
 1652452 1429429     cutoff  111        11.91085   11.86808  0.36%   282 4840s
 1653911 1431171   11.90215  174 1611   11.91085   11.86808  0.36%   282 4849s
 1655948 1435948     cutoff  185        11.91085   11.86808  0.36%   282 4858s
 1660887 1438460     cutoff  158        11.91085   11.86809  0.36%   282 4865s
H1661478 1438455                      11.9108531   11.86809  0.36%   282 4865s
H1663523 1441721                      11.9108531   11.86809  0.36%   282 4875s
H1665341 1441721                      11.9108531   11.86809  0.36%   282 4875s
 1667077 1444301   11.89332  146 1588   11.91085   11.86809  0.36%   282 4883s
H1667289 1444301                      11.9108531   11.86809  0.36%   282 4883s
 1670002 1445641     cutoff  221        11.91085   11.86809  0.36%   282 4891s
H1671743 1446589                      11.9108530   11.86809  0.36%   282 4899s
H1671804 1446583                      11.9108523   11.86809  0.36%   282 4899s
 1672795 1448606   11.87219   61 1704   11.91085   11.86809  0.36%   282 4907s
 1675088 1450686     cutoff  158        11.91085   11.86809  0.36%   282 4916s
 1677592 1453761     cutoff  125        11.91085   11.86810  0.36%   282 4929s
 1680961 1459106   11.88876  151 1546   11.91085   11.86810  0.36%   283 4939s
 1686510 1464304 infeasible  367        11.91085   11.86810  0.36%   282 4948s
 1692021 1466913     cutoff  441        11.91085   11.86810  0.36%   282 4954s
 1694907 1468684   11.87000   53 1706   11.91085   11.86810  0.36%   282 4961s
 1697001 1470277   11.89695  123 1560   11.91085   11.86811  0.36%   282 4967s
 1698943 1471991     cutoff  195        11.91085   11.86811  0.36%   282 4975s
 1701005 1474066   11.88714   96 1602   11.91085   11.86811  0.36%   282 4984s
 1703341 1475938     cutoff  200        11.91085   11.86811  0.36%   282 4993s
H1703744 1475938                      11.9108523   11.86811  0.36%   283 4993s
H1704241 1475938                      11.9108523   11.86811  0.36%   283 4993s
 1705551 1480164   11.91080  197 1582   11.91085   11.86811  0.36%   283 5003s
 1709951 1485209   11.88117   95 1641   11.91085   11.86812  0.36%   282 5012s
 1715270 1487639   11.90133  220 1587   11.91085   11.86812  0.36%   282 5019s
 1718171 1489859     cutoff  279        11.91085   11.86812  0.36%   282 5028s
 1720809 1490935   11.87385   70 1590   11.91085   11.86813  0.36%   282 5039s
 1722120 1495076   11.88974   90 1517   11.91085   11.86813  0.36%   283 5054s
 1726900 1497724   11.87615   70 1710   11.91085   11.86814  0.36%   283 5067s
 1730058 1500818   11.88380  127 1663   11.91085   11.86814  0.36%   283 5080s
 1733671 1505413   11.89911  125 1559   11.91085   11.86814  0.36%   284 5093s
 1738721 1508258   11.89570  160 1609   11.91085   11.86815  0.36%   284 5104s
 1741939 1511647   11.88182   79 1630   11.91085   11.86815  0.36%   284 5115s
H1743141 1511647                      11.9108523   11.86815  0.36%   284 5115s
 1745677 1513362   11.88671   93 1555   11.91085   11.86815  0.36%   284 5126s
 1747753 1517630     cutoff  173        11.91085   11.86815  0.36%   285 5135s
 1752109 1522213   11.87568   78 1586   11.91085   11.86816  0.36%   284 5143s
 1756832 1524939   11.86932   69 1764   11.91085   11.86816  0.36%   284 5149s
 1759769 1527558   11.90771  185 1556   11.91085   11.86816  0.36%   284 5156s
 1762730 1529392   11.88128   84 1531   11.91085   11.86816  0.36%   284 5163s
 1764865 1531398     cutoff  221        11.91085   11.86816  0.36%   284 5170s
H1766547 1531398                      11.9108523   11.86816  0.36%   284 5171s
 1767151 1532881   11.90131  104 1566   11.91085   11.86816  0.36%   284 5178s
 1768956 1534608   11.86965   58 1679   11.91085   11.86816  0.36%   284 5187s
 1770977 1536655   11.90474  169 1415   11.91085   11.86817  0.36%   284 5196s
 1773472 1538456   11.89500   85 1617   11.91085   11.86817  0.36%   284 5206s
 1775695 1540791     cutoff  124        11.91085   11.86818  0.36%   285 5217s
 1778403 1543005   11.87583   68 1515   11.91085   11.86818  0.36%   285 5226s
 1780876 1547726   11.89965  176 1456   11.91085   11.86818  0.36%   285 5238s
 1785899 1551452   11.87065   58 1788   11.91085   11.86819  0.36%   285 5250s
 1790002 1554193   11.88096   80 1532   11.91085   11.86819  0.36%   285 5263s
 1793170 1555768     cutoff  169        11.91085   11.86819  0.36%   285 5272s
 1795153 1557674   11.88791   94 1594   11.91085   11.86819  0.36%   285 5282s
 1797454 1560123     cutoff  141        11.91085   11.86819  0.36%   286 5293s
 1800246 1562585   11.89559  104 1633   11.91085   11.86819  0.36%   286 5304s
 1803167 1564645   11.90927  138 1505   11.91085   11.86820  0.36%   286 5322s
 1805662 1567738   11.88122   68 1616   11.91085   11.86820  0.36%   287 5334s
 1809204 1570003   11.87669   80 1624   11.91085   11.86820  0.36%   287 5343s
 1811839 1573177   11.90853  154 1529   11.91085   11.86821  0.36%   287 5354s
 1815412 1575599     cutoff  218        11.91085   11.86822  0.36%   287 5366s
 1818263 1578927   11.89829  106 1518   11.91085   11.86822  0.36%   287 5378s
 1821963 1581614   11.88332   98 1631   11.91085   11.86822  0.36%   288 5390s
H1822328 1581614                      11.9108523   11.86822  0.36%   288 5390s
 1825106 1584209     cutoff  305        11.91085   11.86822  0.36%   288 5402s
H1826923 1584209                      11.9108522   11.86822  0.36%   288 5402s
 1828106 1586831     cutoff  113        11.91085   11.86822  0.36%   288 5415s
 1831170 1589786   11.90309  165 1567   11.91085   11.86823  0.36%   288 5427s
 1834570 1591966   11.88526   87 1665   11.91085   11.86824  0.36%   289 5440s
H1835025 1591966                      11.9108521   11.86824  0.36%   289 5440s
H1835455 1591965                      11.9108520   11.86824  0.36%   289 5440s
 1837127 1599407   11.87580   79 1623   11.91085   11.86824  0.36%   289 5453s
 1844730 1604221   11.89071  198 1413   11.91085   11.86825  0.36%   288 5465s
 1849876 1607661   11.89606  300 1345   11.91085   11.86825  0.36%   288 5472s
 1853529 1609971   11.90372  382 1248   11.91085   11.86825  0.36%   288 5480s
 1856127 1611545   11.91076  491 1209   11.91085   11.86825  0.36%   288 5487s
 1857947 1613052   11.87325   66 1702   11.91085   11.86825  0.36%   288 5494s
 1859711 1615143     cutoff  116        11.91085   11.86825  0.36%   288 5503s
 1862156 1616664   11.89487  129 1574   11.91085   11.86825  0.36%   288 5511s
 1863976 1618406   11.90961  196 1551   11.91085   11.86825  0.36%   288 5520s
 1866162 1620100   11.87350   76 1638   11.91085   11.86826  0.36%   289 5530s
 1868222 1623566     cutoff  209        11.91085   11.86826  0.36%   289 5543s
 1871897 1628597     cutoff  142        11.91085   11.86826  0.36%   289 5553s
 1877238 1630481   11.88263   84 1644   11.91085   11.86826  0.36%   289 5562s
 1879301 1633037     cutoff  176        11.91085   11.86826  0.36%   289 5576s
 1882449 1637069   11.88110   66 1689   11.91085   11.86827  0.36%   289 5592s
[2026-07-15T14:53:26.278] error: *** JOB 15202613 ON x1007c1s3b0n1 CANCELLED AT 2026-07-15T14:53:26 DUE to SIGNAL Terminated ***
