2026-08-05 20:20:20 [INFO] idaes.core.surrogate.pysmo_surrogate: Decode surrogate. type=poly

===========================Polynomial Regression===============================================

The number of cross-validation cases (3) is used.
The default training/cross-validation split of 0.75 is used.
No iterations will be run.
Default parameter estimation method is used.
Parameter estimation method:  pyomo 

2026-08-05 20:20:20 [INFO] idaes.core.surrogate.pysmo_surrogate: Decode surrogate. type=poly

===========================Polynomial Regression===============================================

The number of cross-validation cases (3) is used.
The default training/cross-validation split of 0.75 is used.
No iterations will be run.
Default parameter estimation method is used.
Parameter estimation method:  pyomo 

2026-08-05 20:20:20 [INFO] idaes.core.surrogate.pysmo_surrogate: Decode surrogate. type=poly

===========================Polynomial Regression===============================================

The number of cross-validation cases (3) is used.
The default training/cross-validation split of 0.75 is used.
No iterations will be run.
Default parameter estimation method is used.
Parameter estimation method:  pyomo 

2026-08-05 20:20:20 [INFO] idaes.core.surrogate.pysmo_surrogate: Decode surrogate. type=poly

===========================Polynomial Regression===============================================

The number of cross-validation cases (3) is used.
The default training/cross-validation split of 0.75 is used.
No iterations will be run.
Default parameter estimation method is used.
Parameter estimation method:  pyomo 

2026-08-05 20:20:22 [INFO] idaes.apps.grid_integration.pricetaker.price_taker_model: Found minimum uptime/downtime data for pretreatment.uf_pumps[1] - Adding minimum uptime/downtime constraints.
2026-08-05 20:20:22 [INFO] idaes.apps.grid_integration.pricetaker.price_taker_model: Created startup/shutdown constraints for operation model  pretreatment.uf_pumps[1] at uf_pumps_1_startup_shutdown.
2026-08-05 20:20:22 [INFO] idaes.apps.grid_integration.pricetaker.price_taker_model: Found minimum uptime/downtime data for pretreatment.uf_pumps[2] - Adding minimum uptime/downtime constraints.
2026-08-05 20:20:22 [INFO] idaes.apps.grid_integration.pricetaker.price_taker_model: Created startup/shutdown constraints for operation model  pretreatment.uf_pumps[2] at uf_pumps_2_startup_shutdown.
2026-08-05 20:20:22 [INFO] idaes.apps.grid_integration.pricetaker.price_taker_model: Found minimum uptime/downtime data for pretreatment.uf_pumps[3] - Adding minimum uptime/downtime constraints.
2026-08-05 20:20:22 [INFO] idaes.apps.grid_integration.pricetaker.price_taker_model: Created startup/shutdown constraints for operation model  pretreatment.uf_pumps[3] at uf_pumps_3_startup_shutdown.
2026-08-05 20:20:22 [INFO] idaes.apps.grid_integration.pricetaker.price_taker_model: Found minimum uptime/downtime data for reverse_osmosis.ro_skid[1] - Adding minimum uptime/downtime constraints.
2026-08-05 20:20:22 [INFO] idaes.apps.grid_integration.pricetaker.price_taker_model: Created startup/shutdown constraints for operation model  reverse_osmosis.ro_skid[1] at ro_skid_1_startup_shutdown.
2026-08-05 20:20:22 [INFO] idaes.apps.grid_integration.pricetaker.price_taker_model: Found minimum uptime/downtime data for reverse_osmosis.ro_skid[2] - Adding minimum uptime/downtime constraints.
2026-08-05 20:20:22 [INFO] idaes.apps.grid_integration.pricetaker.price_taker_model: Created startup/shutdown constraints for operation model  reverse_osmosis.ro_skid[2] at ro_skid_2_startup_shutdown.
2026-08-05 20:20:22 [INFO] idaes.apps.grid_integration.pricetaker.price_taker_model: Found minimum uptime/downtime data for reverse_osmosis.ro_skid[3] - Adding minimum uptime/downtime constraints.
2026-08-05 20:20:22 [INFO] idaes.apps.grid_integration.pricetaker.price_taker_model: Created startup/shutdown constraints for operation model  reverse_osmosis.ro_skid[3] at ro_skid_3_startup_shutdown.
2026-08-05 20:20:22 [INFO] idaes.apps.grid_integration.pricetaker.price_taker_model: Found minimum uptime/downtime data for reverse_osmosis.ro_skid[4] - Adding minimum uptime/downtime constraints.
2026-08-05 20:20:22 [INFO] idaes.apps.grid_integration.pricetaker.price_taker_model: Created startup/shutdown constraints for operation model  reverse_osmosis.ro_skid[4] at ro_skid_4_startup_shutdown.
4364
Set parameter TokenServer to value "10.60.1.73"
Set parameter LogToConsole to value 1
Set parameter MIPGap to value 0.01
Gurobi Optimizer version 12.0.3 build v12.0.3rc0 (linux64 - "Red Hat Enterprise Linux 8.8 (Ootpa)")

CPU model: Intel(R) Xeon(R) Platinum 8470QL, instruction set [SSE2|AVX|AVX2|AVX512]
Thread count: 104 physical cores, 104 logical processors, using up to 32 threads

Non-default parameters:
MIPGap  0.01

Optimize a model with 18119 rows, 16467 columns and 49999 nonzeros
Model fingerprint: 0x744533ff
Model has 168 quadratic objective terms
Model has 2352 quadratic constraints
Variable types: 11259 continuous, 5208 integer (5208 binary)
Coefficient statistics:
  Matrix range     [5e-04, 2e+03]
  QMatrix range    [2e-07, 1e+00]
  QLMatrix range   [3e-04, 1e+00]
  Objective range  [1e-05, 1e-03]
  QObjective range [2e-04, 2e-04]
  Bounds range     [9e-01, 1e+03]
  RHS range        [5e-02, 3e+05]
  QRHS range       [3e-01, 3e-01]
Presolve removed 6979 rows and 7572 columns
Presolve time: 0.11s
Presolved: 20380 rows, 9400 columns, 55029 nonzeros
Presolved model has 336 SOS constraint(s)
Presolved model has 2352 bilinear constraint(s)

Solving non-convex MIQCP

Variable types: 5740 continuous, 3660 integer (3660 binary)
Found heuristic solution: objective 12.0903187

Root relaxation: unbounded, 0 iterations, 0.01 seconds (0.00 work units)

    Nodes    |    Current Node    |     Objective Bounds      |     Work
 Expl Unexpl |  Obj  Depth IntInf | Incumbent    BestBd   Gap | It/Node Time

     0     2  postponed    0        12.09032          -      -     -    4s
     1     4  postponed    1        12.09032          -      -   0.0    6s
     7    12  postponed    3        12.09032          -      -  9637   10s
    47    54  postponed    6        12.09032          -      -  9926   17s
    79    86  postponed    7        12.09032          -      -  8658   20s
   184   356  postponed    9        12.09032          -      - 10262   29s
   487   756  postponed   12        12.09032          -      -  4597   36s
  1075  1304 infeasible   20        12.09032          -      -  2513   49s
  1931  2059 infeasible   31        12.09032          -      -  1838   67s
  3200  2999 infeasible   50        12.09032          -      -  1512   94s
H 4380  2999                      12.0903185          -      -  1404   94s
H 4423  2999                      12.0903185          -      -  1399   94s
  4925  4529 infeasible   78        12.09032          -      -  1335  117s
  7225  6825 infeasible   98        12.09032          -      -  1184  139s
H 8147  6825                      12.0903185          -      -  1150  139s
 10111  8750  postponed  120        12.09032          -      -  1062  158s
 12596 10036 infeasible  135        12.09032          -      -  1028  176s
 14394 11890 infeasible  149        12.09032          -      -  1020  193s
 16843 11892    9.58194   54 2288   12.09032    9.58194  20.7%   982  233s
 16844 11893   11.74188  623 2189   12.09032   10.92583  9.63%   982  244s
 16845 11894   11.08351   77 2046   12.09032   11.08351  8.33%   982  253s
 16846 11894   11.19658  155 2183   12.09032   11.19658  7.39%   982  264s
 16847 11895   11.21121  411 2603   12.09032   11.21121  7.27%   982  268s
 16848 11896   11.23400  601 2497   12.09032   11.23400  7.08%   982  274s
 16849 11896   11.28280  216 2571   12.09032   11.24082  7.03%   982  276s
 16850 11897   11.54288  853 2496   12.09032   11.26329  6.84%   982  283s
 16851 11898   11.26613   53 2551   12.09032   11.26613  6.82%   982  285s
 16852 11898   11.27152   23 2515   12.09032   11.27152  6.77%   982  290s
 16854 11900   12.04559  434 2474   12.09032   11.29056  6.61%   981  299s
 16855 11900   11.29387  361 2503   12.09032   11.29387  6.59%   981  302s
 16856 11901   11.62351  359 2521   12.09032   11.30152  6.52%   981  308s
 16857 11902   11.30272   66 2524   12.09032   11.30272  6.51%   981  310s
 16859 11903   11.94586  511 2541   12.09032   11.30441  6.50%   981  316s
 16862 11905   11.74655  636 2506   12.09032   11.30538  6.49%   981  321s
 16866 11908   11.71779  590 2501   12.09032   11.30576  6.49%   981  326s
 16867 11908   11.30576  147 2501   12.09032   11.30576  6.49%   981  358s
 16868 11909   11.30576  121 2501   12.09032   11.30576  6.49%   981  376s
 16869 11913   11.34692   11 3800   12.09032   11.30576  6.49%   995  602s
 16871 11916   11.40573   12 3336   12.09032   11.32004  6.37%  1000  617s
 16875 11923   11.46577   13 3032   12.09032   11.36405  6.01%  1002  631s
 16883 11936   11.47576   14 3065   12.09032   11.37702  5.90%  1008  654s
 16899 11963   11.48805   15 2943   12.09032   11.42991  5.46%  1022  675s
 16931 11983   11.51838   16 2960   12.09032   11.44458  5.34%  1045  696s
 16962 12048   11.52032   17 3029   12.09032   11.44458  5.34%  1056  716s
 17037 12108   11.53819   19 3061   12.09032   11.44458  5.34%  1087  733s
 17122 12169   11.62494   21 2257   12.09032   11.44458  5.34%  1106  748s
 17216 12224   11.68470   23 2266   12.09032   11.44458  5.34%  1126  762s
 17306 12271   11.64250   26 2208   12.09032   11.44458  5.34%  1144  776s
 17389 12300   11.74687   28 1999   12.09032   11.44458  5.34%  1158  788s
 17456 12348   11.71208   31 2129   12.09032   11.44458  5.34%  1188  802s
 17542 12368   11.80992   33 2079   12.09032   11.44458  5.34%  1208  815s
 17602 12409   11.77914   35 1874   12.09032   11.44458  5.34%  1233  835s
 17677 12439   11.76651   37 2525   12.09032   11.44458  5.34%  1258  849s
 17750 12472   11.76603   39 1945   12.09032   11.44458  5.34%  1279  863s
 17823 12514   11.89957   40 1992   12.09032   11.44458  5.34%  1307  878s
 17898 12561   11.94876   42 2019   12.09032   11.44458  5.34%  1331  893s
 17990 12607   11.79217   44 1829   12.09032   11.46479  5.17%  1356  909s
 18080 12671   11.89377   44 1719   12.09032   11.46479  5.17%  1388  924s
 18194 12742   11.88389   48 1430   12.09032   11.46479  5.17%  1420  941s
 18320 12839   11.88454   50 1399   12.09032   11.46479  5.17%  1453  958s
 18476 12915   11.88818   55 1365   12.09032   11.46479  5.17%  1484  977s
 18637 13016   11.88850   57 1317   12.09032   11.46479  5.17%  1514  993s
 18815 13099   11.89273   63 1235   12.09032   11.46479  5.17%  1537 1013s
 18994 13234   11.89598   69 1235   12.09032   11.46479  5.17%  1561 1029s
 19231 13290   11.89827   76 1146   12.09032   11.46479  5.17%  1581 1047s
 19416 13426   11.89597   84 1047   12.09032   11.46479  5.17%  1602 1065s
 19647 13520   11.90287   84 1103   12.09032   11.46479  5.17%  1620 1085s
 19835 13669   11.89604   86 1056   12.09032   11.46479  5.17%  1656 1104s
 20071 13849   11.92182   89 1091   12.09032   11.46479  5.17%  1683 1122s
 20359 14040   11.90994   95  951   12.09032   11.46479  5.17%  1710 1140s
 20673 14313   11.89725   99 1059   12.09032   11.46479  5.17%  1737 1162s
H21061 13653                      12.0903182   11.46479  5.17%  1756 1182s
H21063 13086                      12.0903180   11.46479  5.17%  1756 1182s
H21065 12548                      12.0903158   11.46479  5.17%  1756 1182s
H21070 12035                      12.0903116   11.46479  5.17%  1756 1182s
 21135 12487   11.89650  106 1031   12.09031   11.46479  5.17%  1769 1209s
 21614 12800   11.89755  119 1031   12.09031   11.46479  5.17%  1771 1229s
H22111 11301                      11.9589627   11.46479  4.13%  1779 1250s
H22133  9225                      11.8628662   11.46479  3.36%  1779 1250s
H22142  8784                      11.7745995   11.46479  2.63%  1779 1250s
 22559  8094     cutoff  145        11.77460   11.46479  2.63%  1778 1277s
H22576  7672                      11.7745995   11.46479  2.63%  1781 1277s
H22594  7271                      11.7745995   11.46479  2.63%  1782 1277s
H22598  6894                      11.7745995   11.46479  2.63%  1782 1277s
H22674  6512                      11.7745668   11.46603  2.62%  1794 1277s
 22722  6538   11.65739   23 4198   11.77457   11.46603  2.62%  1804 1299s
 22802  6530   11.69085   24 4199   11.77457   11.46603  2.62%  1840 1320s
H22828  6183                      11.7745668   11.46603  2.62%  1846 1320s
H22855  5852                      11.7745668   11.46603  2.62%  1861 1320s
 22894  5848     cutoff   31        11.77457   11.46603  2.62%  1878 1348s
 23006  5805     cutoff   31        11.77457   11.46603  2.62%  1915 1372s
H23010  5498                      11.7745668   11.46603  2.62%  1916 1372s
H23044  5195                      11.7745668   11.46603  2.62%  1927 1372s
 23118  5140   11.52819   18 4554   11.77457   11.46603  2.62%  1952 1401s
 23195  5133   11.53007   19 4506   11.77457   11.46603  2.62%  1986 1428s
H23196  4857                      11.7745411   11.46603  2.62%  1986 1428s
H23214  4589                      11.7745296   11.46603  2.62%  1994 1428s
 23319  4585   11.53007   20 4506   11.77453   11.46603  2.62%  2030 1455s
 23442  4524   11.60921   29 4366   11.77453   11.46603  2.62%  2068 1486s
 23563  4477   11.61076   32 4393   11.77453   11.46603  2.62%  2112 1516s
 23663  4442   11.61195   34 4247   11.77453   11.46603  2.62%  2165 1543s
H23665  4192                      11.7745290   11.46603  2.62%  2167 1543s
H23700  3944                      11.7745283   11.46603  2.62%  2186 1543s
H23707  3716                      11.7744701   11.46603  2.62%  2188 1543s
 23777  3709   11.61696   35 4238   11.77447   11.46603  2.62%  2212 1569s
 23894  3649   11.62307   36 4232   11.77447   11.46603  2.62%  2258 1598s
 24004  3633   11.76639   38 3962   11.77447   11.46603  2.62%  2317 1626s
 24103  3642   11.65429   37 4101   11.77447   11.46603  2.62%  2373 1655s
H24116  3424                      11.7744701   11.46603  2.62%  2382 1655s
H24131  3216                      11.7744701   11.46603  2.62%  2388 1655s
H24163  3013                      11.7744697   11.46603  2.62%  2404 1655s
H24177  2825                      11.7744116   11.46603  2.62%  2408 1655s
H24192  2646                      11.7743168   11.46603  2.62%  2415 1655s
 24227  2608   11.76067   38 3992   11.77432   11.46603  2.62%  2432 1685s
 24346  2559   11.76752   41 3800   11.77432   11.46603  2.62%  2487 1716s
H24361  2389                      11.7743168   11.46603  2.62%  2491 1716s
H24369  2230                      11.7743168   11.46603  2.62%  2495 1716s
H24425  2062                      11.7743163   11.46603  2.62%  2538 1716s
 24451  2017     cutoff   43        11.77432   11.46603  2.62%  2548 1747s
 24572  1967     cutoff   37        11.77432   11.48806  2.43%  2607 1787s
H24587  1820                      11.7743163   11.48806  2.43%  2612 1787s
H24593  1710                      11.7743163   11.48806  2.43%  2613 1787s
H24608  1710                      11.7743163   11.48806  2.43%  2620 1787s
H24623  1710                      11.7742704   11.48806  2.43%  2624 1787s
H24665  1710                      11.7742596   11.48806  2.43%  2654 1787s
 24700  1768     cutoff   26        11.77426   11.48806  2.43%  2663 1821s
H24869  1791                      11.7742596   11.48919  2.42%  2719 1859s
H24943  1791                      11.7742534   11.48919  2.42%  2738 1859s
 25020  1791     cutoff   33        11.77425   11.48919  2.42%  2771 1893s
 25150  1826     cutoff   34        11.77425   11.48919  2.42%  2841 1932s
H25245  1826                      11.7742534   11.48919  2.42%  2868 1932s
H25275  1826                      11.7742106   11.48919  2.42%  2875 1932s
 25336  1897     cutoff   33        11.77421   11.48919  2.42%  2908 1968s
 25500  1987     cutoff   25        11.77421   11.49513  2.37%  2978 2006s
H25529  1987                      11.7742106   11.49513  2.37%  2990 2006s
H25543  1987                      11.7742105   11.49513  2.37%  3001 2006s
 25663  2067   11.66186   38 4118   11.77421   11.49513  2.37%  3055 2045s
 25842  2130     cutoff   47        11.77421   11.49895  2.34%  3124 2089s
H25856  2130                      11.7742105   11.49895  2.34%  3127 2089s
H25878  2130                      11.7742105   11.49895  2.34%  3140 2089s
H25909  2130                      11.7742105   11.49895  2.34%  3161 2089s
H25936  2130                      11.7742104   11.49895  2.34%  3180 2089s
 25989  2174     cutoff   52        11.77421   11.49895  2.34%  3207 2129s
 26156  2290   11.67023   33 4054   11.77421   11.50095  2.32%  3293 2170s
H26326  2288                      11.7741905   11.50212  2.31%  3360 2170s
 26341  2398   11.69041   41 3881   11.77419   11.50212  2.31%  3375 2218s
H26530  2515                      11.7741905   11.50500  2.29%  3457 2269s
H26554  2515                      11.7741904   11.50701  2.27%  3467 2269s
H26610  2515                      11.7741904   11.50701  2.27%  3485 2269s
 26737  2669   11.69660   55 3526   11.77419   11.50701  2.27%  3548 2315s
 26933  2827   11.69891   63 3429   11.77419   11.50701  2.27%  3640 2368s
H26983  2827                      11.7741714   11.50701  2.27%  3651 2368s
 27181  2972   11.72288   77 3072   11.77417   11.50701  2.27%  3732 2418s
 27433  3155     cutoff   81        11.77417   11.50775  2.26%  3822 2468s
H27436  3155                      11.7741322   11.50775  2.26%  3823 2468s
H27724  3207                      11.7741261   11.50898  2.25%  3913 2512s
H27790  3207                      11.7741205   11.51209  2.23%  3932 2512s
H27791  3203                      11.7731637   11.51209  2.22%  3932 2512s
H27818  3477                      11.7731637   11.51209  2.22%  3936 2566s
H28043  3477                      11.7731637   11.51209  2.22%  3986 2566s
 28181  3701   11.64359   80 3389   11.77316   11.51651  2.18%  4018 2619s
 28532  3975   11.68597  100 3059   11.77316   11.51651  2.18%  4122 2676s
H28599  3975                      11.7731637   11.51651  2.18%  4144 2676s
 28908  4245   11.67799   52 3941   11.77316   11.53189  2.05%  4226 2747s
 29265  5087   11.68744   64 3694   11.77316   11.53189  2.05%  4360 2854s
H30220  5680                      11.7704288   11.54066  1.95%  4550 2927s
H31004  5679                      11.7703294   11.54158  1.94%  4623 2927s
 31167  6079     cutoff   87        11.77033   11.54283  1.93%  4652 2990s
H31350  6079                      11.7703294   11.54283  1.93%  4667 2990s
H31447  6079                      11.7703294   11.54283  1.93%  4673 2990s
H31471  6079                      11.7703294   11.54283  1.93%  4682 2990s
H31502  6079                      11.7703294   11.54283  1.93%  4691 2990s
 31770  6631     cutoff   90        11.77033   11.54382  1.92%  4756 3056s
H32147  6631                      11.7703279   11.54470  1.92%  4779 3056s
 32509  7167   11.72862   94 2981   11.77033   11.54746  1.89%  4848 3122s
H33001  7167                      11.7703279   11.54799  1.89%  4893 3122s
H33369  7652                      11.7703278   11.55083  1.86%  4921 3190s
 33954  8617   11.58054  111 2803   11.77033   11.55148  1.86%  4947 3258s
 35002  9539   11.63470  179 2263   11.77033   11.55148  1.86%  4973 3332s
H35614  9539                      11.7703276   11.55228  1.85%  4964 3332s
H35980  9539                      11.7703273   11.55228  1.85%  4980 3332s
 36214 10371   11.76134  293 1995   11.77033   11.55228  1.85%  5002 3400s
 37292 11044   11.67196  112 2684   11.77033   11.55228  1.85%  5047 3471s
H37367 11038                      11.7699713   11.55228  1.85%  5050 3471s
 38202 11777   11.72685  166 2177   11.76997   11.55777  1.80%  5114 3546s
H38270 11777                      11.7699713   11.55777  1.80%  5117 3546s
H38718 11777                      11.7699712   11.55777  1.80%  5127 3546s
H39114 12473                      11.7699712   11.55854  1.80%  5187 3618s
H39503 12473                      11.7699712   11.55854  1.80%  5171 3618s
H39808 12473                      11.7699712   11.55854  1.80%  5186 3618s
 40012 13409   11.72394  126 2250   11.76997   11.55854  1.80%  5221 3696s
H40424 13409                      11.7699712   11.55854  1.80%  5195 3696s
 41145 14221   11.67984  115 2679   11.76997   11.55855  1.80%  5265 3778s
 42230 14893   11.76155  137 2106   11.76997   11.56001  1.78%  5330 3864s
H42264 14893                      11.7699712   11.56001  1.78%  5336 3864s
H42582 14893                      11.7699712   11.56001  1.78%  5339 3864s
H43078 14893                      11.7699711   11.56017  1.78%  5363 3864s
H43168 14893                      11.7699711   11.56040  1.78%  5371 3864s
 43282 16083   11.67424  100 3152   11.76997   11.56101  1.78%  5391 3944s
H44144 16083                      11.7699705   11.56101  1.78%  5380 3944s
 44751 16083   11.68615   36 3958   11.76997   11.56101  1.78%  5401 3945s
 44777 17297   11.66283   33 4082   11.76997   11.56101  1.78%  5408 4026s
 46294 18615   11.74781   39 3882   11.76997   11.56306  1.76%  5425 4110s
 47954 20213 infeasible   54        11.76997   11.56322  1.76%  5415 4191s
 49899 21622     cutoff   60        11.76997   11.56347  1.75%  5376 4276s
 51773 23007     cutoff  140        11.76997   11.56521  1.74%  5362 4359s
 53621 23945   11.74635  116 2713   11.76997   11.56521  1.74%  5356 4444s
 54969 25060   11.76466  126 2271   11.76997   11.56673  1.73%  5388 4535s
 56540 26377   11.71492   30 4304   11.76997   11.56731  1.72%  5411 4627s
 58231 27017   11.74295  118 2671   11.76997   11.56865  1.71%  5424 4764s
H58369 27017                      11.7699451   11.56865  1.71%  5426 4764s
H58706 27017                      11.7699099   11.56865  1.71%  5453 4764s
H58759 27015                      11.7698441   11.56865  1.71%  5453 4764s
 59168 30459   11.57190   29 4201   11.76984   11.56942  1.70%  5491 5002s
 63578 31825   11.73327   60 3643   11.76984   11.56982  1.70%  5492 5113s
H64437 31825                      11.7697646   11.57023  1.70%  5508 5113s
H64730 31825                      11.7697645   11.57023  1.70%  5487 5113s
 65607 33506   11.73951   68 3343   11.76976   11.57054  1.69%  5504 5229s
 67871 34414   11.74897   81 2994   11.76976   11.57121  1.69%  5524 5351s
 69548 35804     cutoff   64        11.76976   11.57146  1.68%  5589 5478s
H69561 35804                      11.7697640   11.57146  1.68%  5591 5478s
H69988 35804                      11.7697639   11.57316  1.67%  5611 5478s
H70480 35804                      11.7697635   11.57316  1.67%  5626 5478s
H71635 37094                      11.7697635   11.57371  1.67%  5632 5606s
H71775 37094                      11.7697635   11.57371  1.67%  5637 5606s
H73077 37094                      11.7697635   11.57409  1.66%  5670 5606s
 73587 38203     cutoff  152        11.76976   11.57426  1.66%  5699 5742s
 75620 39605   11.76891  143 2145   11.76976   11.57434  1.66%  5764 5891s
 77838 42404   11.73916   69 3340   11.76976   11.57490  1.66%  5832 6042s
 81418 44624   11.58340  112 2921   11.76976   11.57589  1.65%  5819 6196s
H84449 44624                      11.7697635   11.57667  1.64%  5825 6196s
 84560 46802   11.76682  134 2194   11.76976   11.57674  1.64%  5831 6341s
 87593 50566   11.75812  149 2122   11.76976   11.57674  1.64%  5845 6537s
H89710 50566                      11.7697635   11.57748  1.63%  5814 6537s
 92099 53767   11.74407  133 2311   11.76976   11.57827  1.63%  5815 6676s
 96106 57133   11.59775  137 2526   11.76976   11.57862  1.62%  5751 6794s
 100193 60447   11.73956  134 2197   11.76976   11.57884  1.62%  5659 6904s
 104516 63615     cutoff  158        11.76976   11.57884  1.62%  5567 7006s
 108422 68323   11.76325  141 2255   11.76976   11.57966  1.62%  5490 7100s
 113673 73176   11.73446  125 2372   11.76976   11.57977  1.61%  5354 7187s
 119312 81794   11.73568  121 2414   11.76976   11.58022  1.61%  5204 7374s
 129293 86183   11.69290   22 4475   11.76976   11.58022  1.61%  5003 7438s
 134225 91244   11.74847   24 4444   11.76976   11.58022  1.61%  4884 7497s
 139933 94983     cutoff   22        11.76976   11.58065  1.61%  4740 7547s
 144403 97909   11.70137   30 4120   11.76976   11.58067  1.61%  4639 7596s
 148008 100452   11.70871   34 4059   11.76976   11.58067  1.61%  4568 7642s
 151108 104662   11.71106   36 4039   11.76976   11.58067  1.61%  4511 7789s
 156575 108926   11.61074  157 2188   11.76976   11.58131  1.60%  4483 7873s
H161183 108926                      11.7697635   11.58162  1.60%  4417 7873s
 161613 113082   11.65822  222 1757   11.76976   11.58162  1.60%  4416 7947s
 166344 116231   11.71381  597 1212   11.76976   11.58170  1.60%  4340 8020s
H167826 116231                      11.7697634   11.58170  1.60%  4317 8020s
 170088 119730   11.73441 1043 1011   11.76976   11.58195  1.60%  4291 8091s
 174411 122113   11.75191 1304 1157   11.76976   11.58199  1.60%  4228 8146s
 177536 124856   11.76089 1565 1021   11.76976   11.58224  1.59%  4187 8214s
 180977 129630   11.76259 1792  980   11.76976   11.58231  1.59%  4148 8350s
 187046 134100     cutoff 1917        11.76976   11.58290  1.59%  4105 8423s
 192223 138115   11.76806 2045  964   11.76976   11.58292  1.59%  4044 8488s
 196783 142246     cutoff  101        11.76976   11.58306  1.59%  3988 8545s
*198069 104625            4233      11.7497821   11.58306  1.42%  3973 8545s
 201490 104639     cutoff  142        11.74978   11.58306  1.42%  3929 8598s
H201493 80138                      11.7385211   11.58306  1.32%  3929 8598s
H201501 78704                      11.7377301   11.58306  1.32%  3929 8598s
H202272 78683                      11.7377128   11.58306  1.32%  3920 8598s
H202980 69929                      11.7317128   11.58326  1.27%  3928 8655s
H203729 69929                      11.7317128   11.58326  1.27%  3919 8655s
H204573 69929                      11.7317128   11.58326  1.27%  3923 8655s
 204843 72805   11.72246   27 4218   11.73171   11.58326  1.27%  3925 8711s
 208252 75501   11.61985  152 2340   11.73171   11.58349  1.26%  3896 8773s
H208637 75501                      11.7317128   11.58349  1.26%  3894 8773s
H209217 75501                      11.7317128   11.58349  1.26%  3887 8773s
 211363 80979   11.59431  137 2281   11.73171   11.58375  1.26%  3874 8896s
H211970 80680                      11.7315099   11.58375  1.26%  3876 8896s
 218017 82728   11.65154  165 2188   11.73151   11.58375  1.26%  3833 8961s
H219148 82725                      11.7315071   11.58375  1.26%  3827 8961s
 220771 83768   11.68206  187 2186   11.73151   11.58375  1.26%  3825 9033s
H222347 83655                      11.7314083   11.58448  1.25%  3834 9033s
 222494 84994   11.72983  233 2079   11.73141   11.58448  1.25%  3836 9109s
 224486 86311     cutoff  310        11.73141   11.58504  1.25%  3845 9193s
H224561 83828                      11.7297678   11.58504  1.23%  3847 9193s
 226402 85559     cutoff  139        11.72977   11.58504  1.23%  3850 9280s
H226601 85466                      11.7296939   11.58504  1.23%  3849 9280s
H227812 85169                      11.7294882   11.58504  1.23%  3853 9280s
H228513 85090                      11.7294345   11.58504  1.23%  3851 9281s
 228802 87179   11.69377  259 1768   11.72943   11.58504  1.23%  3855 9374s
H231394 94014                      11.7294341   11.58574  1.23%  3860 9474s
H237984 93896                      11.7293598   11.58608  1.22%  3802 9474s
 238759 99590     cutoff  252        11.72936   11.58610  1.22%  3797 9553s
 245058 104670   11.69040   26 4276   11.72936   11.58622  1.22%  3739 9678s
H250631 104635                      11.7293316   11.58624  1.22%  3710 9678s
H250928 102918                      11.7282324   11.58624  1.21%  3711 9678s
 251268 105996     cutoff  137        11.72823   11.58624  1.21%  3713 9748s
 254841 107823     cutoff  134        11.72823   11.58624  1.21%  3694 9814s
H254843 107823                      11.7282322   11.58624  1.21%  3694 9814s
H254871 107701                      11.7281535   11.58624  1.21%  3696 9814s
H255712 107676                      11.7281367   11.58624  1.21%  3693 9814s
 257262 109341   11.71984  133 2167   11.72814   11.58675  1.21%  3694 9888s
H258028 109287                      11.7281025   11.58675  1.21%  3692 9888s
 259511 110546   11.59868   24 4584   11.72810   11.58675  1.21%  3696 9969s
H259554 110537                      11.7280991   11.58675  1.21%  3698 9969s
H259591 110529                      11.7280953   11.58689  1.20%  3699 9969s
H259737 110503                      11.7280807   11.58689  1.20%  3698 9969s
H260682 110503                      11.7280804   11.58716  1.20%  3700 9969s
H260689 110503                      11.7280804   11.58716  1.20%  3701 9969s
 261344 113093     cutoff   31        11.72808   11.58716  1.20%  3705 10053s
 264588 115679   11.71979  129 2341   11.72808   11.58716  1.20%  3700 10140s
H264629 115679                      11.7280804   11.58716  1.20%  3701 10140s
H265055 115679                      11.7280804   11.58716  1.20%  3701 10140s
H267212 115679                      11.7280803   11.58766  1.20%  3698 10140s
 267713 117524   11.59813  131 2409   11.72808   11.58766  1.20%  3697 10223s
H267902 117524                      11.7280803   11.58766  1.20%  3697 10223s
H268289 117524                      11.7280802   11.58768  1.20%  3698 10223s
 270094 120194   11.59805  135 2188   11.72808   11.58784  1.20%  3696 10317s
H270201 120194                      11.7280800   11.58784  1.20%  3697 10317s
 273351 124095   11.64868  160 2276   11.72808   11.58807  1.19%  3692 10400s
H273552 124095                      11.7280799   11.58807  1.19%  3692 10400s
H274521 124095                      11.7280799   11.58812  1.19%  3687 10400s
 277761 130268   11.69046  195 2142   11.72808   11.58812  1.19%  3678 10517s
H282711 129864                      11.7279083   11.58818  1.19%  3660 10517s
 285046 132198     cutoff  138        11.72791   11.58818  1.19%  3647 10567s
 287731 134261   11.68614  189 2106   11.72791   11.58829  1.19%  3638 10630s
 290470 136899   11.65959  203 1989   11.72791   11.58831  1.19%  3636 10690s
 293748 139330     cutoff  141        11.72791   11.58831  1.19%  3624 10750s
 296727 142304   11.63423  168 2181   11.72791   11.58867  1.19%  3618 10813s
 300155 145240   11.59511  131 2372   11.72791   11.58871  1.19%  3605 10878s
H300339 145240                      11.7279083   11.58871  1.19%  3604 10879s
H300959 145240                      11.7279083   11.58871  1.19%  3601 10879s
 303464 148735   11.72638  285 1677   11.72791   11.58871  1.19%  3595 10942s
 307500 154918   11.60086  140 2286   11.72791   11.58871  1.19%  3579 11045s
 314682 158079   11.67288  254 1679   11.72791   11.58913  1.18%  3548 11096s
 318178 163886   11.68641  306 1649   11.72791   11.58921  1.18%  3532 11147s
 324360 169040   11.69125  492 1425   11.72791   11.58928  1.18%  3487 11186s
 329827 172562   11.69831  720 1434   11.72791   11.58930  1.18%  3448 11220s
 333730 175941   11.70057  953 1153   11.72791   11.58933  1.18%  3423 11253s
 337538 181911   11.71169 1084 1232   11.72791   11.58933  1.18%  3398 11353s
H337552 181911                      11.7279082   11.58933  1.18%  3398 11353s
 344941 183689   11.72450  268 1822   11.72791   11.58945  1.18%  3374 11400s
H345167 183687                      11.7279082   11.58947  1.18%  3374 11400s
 346973 186744     cutoff  278        11.72791   11.58951  1.18%  3366 11455s
H348333 186744                      11.7279081   11.58951  1.18%  3360 11455s
 350579 189453     cutoff  240        11.72791   11.58951  1.18%  3354 11522s
 353771 191970   11.72640  310 1232   11.72791   11.58951  1.18%  3345 11576s
 356864 194507   11.72344  258 1699   11.72791   11.58982  1.18%  3337 11627s
 359921 196794   11.64758  181 2165   11.72791   11.58982  1.18%  3329 11688s
 362794 199913   11.62289  149 2301   11.72791   11.58997  1.18%  3325 11745s
 366406 205980   11.72653  243 1710   11.72791   11.58997  1.18%  3314 11854s
 373539 208148   11.62240  150 2400   11.72791   11.59026  1.17%  3291 11904s
 376184 210553   11.72689  254 1715   11.72791   11.59026  1.17%  3287 11962s
H376720 210553                      11.7279081   11.59026  1.17%  3286 11962s
 379197 213102   11.60996  146 2318   11.72791   11.59031  1.17%  3282 12015s
 382108 215760     cutoff  275        11.72791   11.59038  1.17%  3274 12068s
 385438 218383   11.71790   28 4343   11.72791   11.59038  1.17%  3267 12123s
 388657 220959   11.72280   30 4183   11.72791   11.59048  1.17%  3260 12182s
 391718 223660     cutoff  136        11.72791   11.59059  1.17%  3255 12241s
 394924 226744   11.72311  306 1197   11.72791   11.59070  1.17%  3248 12300s
 398663 232363   11.62452  159 2235   11.72791   11.59090  1.17%  3240 12389s
 405271 235710   11.66857  217 1713   11.72791   11.59095  1.17%  3223 12437s
 409066 238955   11.71308  314 1388   11.72791   11.59095  1.17%  3210 12485s
 412756 240862   11.72041  386 1071   11.72791   11.59103  1.17%  3199 12529s
 415092 243351   11.72482  445 1087   11.72791   11.59105  1.17%  3195 12581s
 417799 247332 infeasible  472        11.72791   11.59105  1.17%  3191 12629s
 422088 251269   11.69325  249 1614   11.72791   11.59105  1.17%  3176 12674s
 426299 255323   11.61885  155 2274   11.72791   11.59111  1.17%  3161 12725s
 430639 261156     cutoff  251        11.72791   11.59122  1.17%  3143 12826s
 437170 264090   11.72661  283 1496   11.72791   11.59123  1.17%  3126 12879s
 440588 268806   11.61272  149 2348   11.72791   11.59127  1.17%  3118 12923s
H443027 263087                      11.7260306   11.59131  1.15%  3108 12923s
H443030 261270                      11.7255589   11.59131  1.14%  3108 12923s
H445589 259775                      11.7245589   11.59131  1.14%  3097 12962s
H445589 259743                      11.7245544   11.59131  1.14%  3097 12962s
H445630 255402                      11.7236171   11.59131  1.13%  3097 12962s
H446448 255342                      11.7236062   11.59131  1.13%  3094 12962s
H447080 253101                      11.7231238   11.59131  1.12%  3092 12962s
 449139 256949   11.63691  165 2259   11.72312   11.59134  1.12%  3084 13006s
 453530 260144   11.66008  208 2041   11.72312   11.59134  1.12%  3066 13041s
 457247 264302   11.67653  247 1874   11.72312   11.59134  1.12%  3055 13078s
 461712 269045   11.69256  282 1871   11.72312   11.59139  1.12%  3037 13162s
 467371 272288   11.71380  362 1706   11.72312   11.59143  1.12%  3029 13210s
 470903 276761   11.71831  388 1672   11.72312   11.59143  1.12%  3022 13257s
H471029 276660                      11.7230987   11.59143  1.12%  3022 13257s
 475575 279942   11.72148  418 1674   11.72310   11.59143  1.12%  3008 13300s
H475604 277740                      11.7226391   11.59143  1.12%  3008 13300s
H477944 277735                      11.7226380   11.59143  1.12%  3000 13300s
H478964 202227                      11.7063650   11.59143  0.98%  2996 13301s

Cutting planes:
  Learned: 491
  Gomory: 48
  Cover: 1563
  Implied bound: 464
  Projected implied bound: 119
  Clique: 2
  MIR: 816
  StrongCG: 3
  Flow cover: 1779
  GUB cover: 53
  Inf proof: 4
  Zero half: 4
  Network: 40
  RLT: 2212
  Relax-and-lift: 795
  BQP: 17

Explored 479043 nodes (1434944109 simplex iterations) in 13301.14 seconds (30872.50 work units)
Thread count was 32 (of 104 available processors)

Solution count 10: 11.7064 11.7064 11.7226 ... 11.7246

Optimal solution found (tolerance 1.00e-02)
Best objective 1.170636512612e+01, best bound 1.159142999484e+01, gap 0.9818%
m.flow_changes_penalty(): 640.0
Total operational cost: 116423.65
Maximum power (kW): 1179.39
Discharge energy capacity (kWh): 12705.82
Charge energy capacity (kWh): 10512.25
Levelized Cost of Flexibility ($/kWh): 0.18
{'fixed_demand_cost': 5278.707357788026, 'variable_demand_cost': 4906.139378856565, 'fixed_monthly_cost': 171938.17204301074, 'total_water_production': 282179.671232577, 'total_energy_cost': 19793.405782867165, 'total_demand_cost': 10184.846736644591, 'total_customer_cost': 0.0, 'total_feed_cost': 51100.15085047972, 'total_brine_cost': 15994.396781481795, 'total_chemical_cost': 19350.851109684467, 'total_water_revenue': 0.0, 'total_demand_response_revenue': 0.0, 'total_emissions_cost': 0.0, 'total_op_cost': 116423.65126115773, 'fixed_cost': 121551.98252688172, 'total_cost': 237975.63378803944, 'LCOW': 0.8433479022374227, 'degree_of_flex': 0.16167664670658682, 'total_replacement_cost': 1433.0057866247566, 'maximum_power': 1179.3939118506605, 'discharge_energy_capacity': 12705.818966426776, 'charge_energy_capacity': 10512.253416414074, 'discharge_power_capacity': 508.23275865707103, 'charge_power_capacity': 73.51226165324528, 'round_trip_efficiency': 0, 'LVOF': 0.17640287164014476}
Saved operation variable results to: /home/rchurchi/watertap_test/watertap/tutorials/flex_ro/wrd_result_summer_both_4_flexible_trains.csv
Saved summary results to: /home/rchurchi/watertap_test/watertap/tutorials/flex_ro/wrd_pricetaker_summary_results_20260806_000206.csv
