2026-08-06 10:00:37 [INFO] idaes.core.surrogate.pysmo_surrogate: Decode surrogate. type=poly

===========================Polynomial Regression===============================================

The number of cross-validation cases (3) is used.
The default training/cross-validation split of 0.75 is used.
No iterations will be run.
Default parameter estimation method is used.
Parameter estimation method:  pyomo 

2026-08-06 10:00:37 [INFO] idaes.core.surrogate.pysmo_surrogate: Decode surrogate. type=poly

===========================Polynomial Regression===============================================

The number of cross-validation cases (3) is used.
The default training/cross-validation split of 0.75 is used.
No iterations will be run.
Default parameter estimation method is used.
Parameter estimation method:  pyomo 

2026-08-06 10:00:37 [INFO] idaes.core.surrogate.pysmo_surrogate: Decode surrogate. type=poly

===========================Polynomial Regression===============================================

The number of cross-validation cases (3) is used.
The default training/cross-validation split of 0.75 is used.
No iterations will be run.
Default parameter estimation method is used.
Parameter estimation method:  pyomo 

2026-08-06 10:00:37 [INFO] idaes.core.surrogate.pysmo_surrogate: Decode surrogate. type=poly

===========================Polynomial Regression===============================================

The number of cross-validation cases (3) is used.
The default training/cross-validation split of 0.75 is used.
No iterations will be run.
Default parameter estimation method is used.
Parameter estimation method:  pyomo 

2026-08-06 10:00:38 [INFO] idaes.apps.grid_integration.pricetaker.price_taker_model: Found minimum uptime/downtime data for pretreatment.uf_pumps[1] - Adding minimum uptime/downtime constraints.
2026-08-06 10:00:38 [INFO] idaes.apps.grid_integration.pricetaker.price_taker_model: Created startup/shutdown constraints for operation model  pretreatment.uf_pumps[1] at uf_pumps_1_startup_shutdown.
2026-08-06 10:00:38 [INFO] idaes.apps.grid_integration.pricetaker.price_taker_model: Found minimum uptime/downtime data for pretreatment.uf_pumps[2] - Adding minimum uptime/downtime constraints.
2026-08-06 10:00:38 [INFO] idaes.apps.grid_integration.pricetaker.price_taker_model: Created startup/shutdown constraints for operation model  pretreatment.uf_pumps[2] at uf_pumps_2_startup_shutdown.
2026-08-06 10:00:38 [INFO] idaes.apps.grid_integration.pricetaker.price_taker_model: Found minimum uptime/downtime data for pretreatment.uf_pumps[3] - Adding minimum uptime/downtime constraints.
2026-08-06 10:00:38 [INFO] idaes.apps.grid_integration.pricetaker.price_taker_model: Created startup/shutdown constraints for operation model  pretreatment.uf_pumps[3] at uf_pumps_3_startup_shutdown.
2026-08-06 10:00:38 [INFO] idaes.apps.grid_integration.pricetaker.price_taker_model: Found minimum uptime/downtime data for reverse_osmosis.ro_skid[1] - Adding minimum uptime/downtime constraints.
2026-08-06 10:00:38 [INFO] idaes.apps.grid_integration.pricetaker.price_taker_model: Created startup/shutdown constraints for operation model  reverse_osmosis.ro_skid[1] at ro_skid_1_startup_shutdown.
2026-08-06 10:00:38 [INFO] idaes.apps.grid_integration.pricetaker.price_taker_model: Found minimum uptime/downtime data for reverse_osmosis.ro_skid[2] - Adding minimum uptime/downtime constraints.
2026-08-06 10:00:38 [INFO] idaes.apps.grid_integration.pricetaker.price_taker_model: Created startup/shutdown constraints for operation model  reverse_osmosis.ro_skid[2] at ro_skid_2_startup_shutdown.
2026-08-06 10:00:38 [INFO] idaes.apps.grid_integration.pricetaker.price_taker_model: Found minimum uptime/downtime data for reverse_osmosis.ro_skid[3] - Adding minimum uptime/downtime constraints.
2026-08-06 10:00:38 [INFO] idaes.apps.grid_integration.pricetaker.price_taker_model: Created startup/shutdown constraints for operation model  reverse_osmosis.ro_skid[3] at ro_skid_3_startup_shutdown.
2026-08-06 10:00:38 [INFO] idaes.apps.grid_integration.pricetaker.price_taker_model: Found minimum uptime/downtime data for reverse_osmosis.ro_skid[4] - Adding minimum uptime/downtime constraints.
2026-08-06 10:00:38 [INFO] idaes.apps.grid_integration.pricetaker.price_taker_model: Created startup/shutdown constraints for operation model  reverse_osmosis.ro_skid[4] at ro_skid_4_startup_shutdown.
4220
Set parameter TokenServer to value "10.60.1.73"
Set parameter LogToConsole to value 1
Set parameter MIPGap to value 0.009
Gurobi Optimizer version 12.0.3 build v12.0.3rc0 (linux64 - "Red Hat Enterprise Linux 8.8 (Ootpa)")

CPU model: Intel(R) Xeon(R) Platinum 8470QL, instruction set [SSE2|AVX|AVX2|AVX512]
Thread count: 104 physical cores, 104 logical processors, using up to 32 threads

Non-default parameters:
MIPGap  0.009

Optimize a model with 18263 rows, 16467 columns and 50167 nonzeros
Model fingerprint: 0x58fb3954
Model has 168 quadratic objective terms
Model has 2352 quadratic constraints
Variable types: 11259 continuous, 5208 integer (5208 binary)
Coefficient statistics:
  Matrix range     [5e-04, 2e+03]
  QMatrix range    [2e-07, 1e+00]
  QLMatrix range   [3e-04, 1e+00]
  Objective range  [1e-05, 1e-03]
  QObjective range [2e-04, 2e-04]
  Bounds range     [9e-01, 1e+03]
  RHS range        [5e-02, 3e+05]
  QRHS range       [3e-01, 3e-01]
Presolve removed 11567 rows and 10061 columns
Presolve time: 0.09s
Presolved: 14724 rows, 6413 columns, 40504 nonzeros
Presolved model has 4 SOS constraint(s)
Presolved model has 2132 bilinear constraint(s)

Solving non-convex MIQCP

Variable types: 4461 continuous, 1952 integer (1952 binary)
Found heuristic solution: objective 19.4235098

Root relaxation: unbounded, 0 iterations, 0.01 seconds (0.00 work units)

    Nodes    |    Current Node    |     Objective Bounds      |     Work
 Expl Unexpl |  Obj  Depth IntInf | Incumbent    BestBd   Gap | It/Node Time

     0     2  postponed    0        19.42351          -      -     -    4s
     1     4   11.41749    1 1755   19.42351          -      - 16642    6s
    31    64   11.59124    5 1778   19.42351   11.46057  41.0%  3414   11s
H   33    64                      12.4605077   11.46057  8.02%  3669   11s
H   36    64                      12.3672521   11.46057  7.33%  3372   11s
H   63    96                      12.3642521   11.46168  7.30%  2407   13s
H   95   212                      12.3629206   11.46168  7.29%  2262   14s
H  110   212                      12.3626736   11.46168  7.29%  2045   14s
H  115   212                      12.3625433   11.46168  7.29%  1965   14s
H  136   212                      12.3625370   11.46168  7.29%  1767   14s
H  142   212                      12.3623080   11.46168  7.29%  1716   14s
H  154   212                      12.3622352   11.46168  7.28%  1613   14s
H  175   212                      12.1351090   11.46168  5.55%  1434   14s
   211   353   11.60540    8 1729   12.13511   11.46168  5.55%  1222   16s
H  356   419                      12.0881703   11.46168  5.18%   809   17s
H  361   419                      12.0594022   11.46168  4.96%   799   17s
H  369   419                      11.9694299   11.46168  4.24%   782   17s
H  389   419                      11.9558225   11.46168  4.13%   750   17s
H  571   598                      11.9545757   11.46168  4.12%   687   19s
H  592   598                      11.9542016   11.46168  4.12%   669   19s
H  595   598                      11.9508029   11.46168  4.09%   667   19s
   597   687   11.61170   20 1752   11.95080   11.46168  4.09%   666   21s
H  692   727                      11.9496821   11.46168  4.08%   637   21s
H  700   727                      11.9475896   11.46168  4.07%   638   21s
H  708   727                      11.9468606   11.46168  4.06%   638   21s
H  810   875                      11.9462687   11.46168  4.06%   643   24s
H  812   875                      11.9165709   11.46168  3.82%   642   24s
   874   964   11.62864   28 1854   11.91657   11.46168  3.82%   652   25s
H  973  1056                      11.9122200   11.46168  3.78%   668   26s
H 1044  1056                      11.9107586   11.46168  3.77%   636   26s
H 1109  1148                      11.9084702   11.46475  3.73%   626   27s
H 1163  1289                      11.9066406   11.46634  3.70%   607   27s
H 1174  1289                      11.9064742   11.46634  3.70%   603   27s
H 1189  1289                      11.9062057   11.46634  3.69%   596   27s
H 1211  1289                      11.9050470   11.46634  3.69%   587   27s
H 1237  1289                      11.9046951   11.46634  3.68%   578   27s
H 1485  1620                      11.9020056   11.46634  3.66%   522   29s
  1637  1785   11.63817   47 1819   11.90201   11.46634  3.66%   487   31s
H 1824  1924                      11.9005656   11.46861  3.63%   464   31s
H 1826  1923                      11.9001155   11.46861  3.63%   464   31s
H 1861  1921                      11.8999041   11.46861  3.62%   458   31s
H 1872  1920                      11.8996281   11.46861  3.62%   456   31s
H 1954  1920                      11.8995717   11.46861  3.62%   441   31s
H 2193  2305                      11.8995677   11.46861  3.62%   408   33s
H 2193  2305                      11.8995313   11.46861  3.62%   408   33s
H 2355  2291                      11.8971203   11.46931  3.60%   396   33s
  2363  2468   11.64388   58 1863   11.89712   11.46931  3.60%   396   35s
H 2551  2648                      11.8965261   11.46931  3.59%   393   36s
H 2581  2644                      11.8959543   11.46931  3.59%   402   36s
H 2921  2972                      11.8946828   11.47018  3.57%   384   39s
H 2927  2965                      11.8942082   11.47018  3.56%   384   39s
  3089  3192   11.65239   74 1796   11.89421   11.47018  3.56%   381   40s
H 3373  3457                      11.8929295   11.47018  3.55%   374   42s
H 3395  3457                      11.8926682   11.47018  3.55%   373   42s
H 3621  3726                      11.8918820   11.47020  3.55%   369   43s
H 3800  3711                      11.8903431   11.47020  3.53%   357   43s
H 3867  3681                      11.8865886   11.47020  3.50%   352   43s
  4155  4228   11.66520  104 1779   11.88659   11.47020  3.50%   338   46s
H 4195  4228                      11.8864044   11.47020  3.50%   336   46s
H 4218  4196                      11.8842427   11.47020  3.48%   338   46s
H 4575  4530                      11.8840381   11.47020  3.48%   331   47s
H 4636  4525                      11.8836218   11.47020  3.48%   327   47s
H 4835  4862                      11.8829532   11.47257  3.45%   330   49s
H 4879  4854                      11.8820728   11.47257  3.45%   328   49s
H 5053  4853                      11.8819288   11.47257  3.45%   322   49s
  5109  5075   11.67489  131 1792   11.88193   11.47257  3.45%   322   50s
H 5227  5075                      11.8819288   11.47488  3.43%   321   50s
H 5230  5075                      11.8819287   11.47488  3.43%   321   50s
H 5321  4967                      11.8745402   11.47488  3.37%   320   50s
H 5573  5262                      11.8745402   11.47758  3.34%   316   51s
H 5754  5567                      11.8730493   11.47758  3.33%   311   52s
H 6188  6252                      11.8730109   11.47790  3.33%   316   56s
H 6226  6252                      11.8730109   11.47790  3.33%   314   56s
H 6250  6252                      11.8729666   11.47790  3.33%   313   56s
H 7322  7157                      11.8729665   11.47790  3.33%   307   61s
H 7324  7137                      11.8709321   11.47790  3.31%   307   61s
H 7464  6443                      11.8335895   11.47790  3.01%   307   61s
H 7594  6680                      11.8285895   11.47837  2.96%   303   63s
H 8010  7197                      11.8285895   11.47837  2.96%   307   64s
H 8138  7197                      11.8285892   11.47837  2.96%   304   64s
  8523  7721   11.70569  237 1762   11.82859   11.47837  2.96%   296   66s
H 9366  8245                      11.8285890   11.47837  2.96%   290   68s
  9577  8839   11.71079  246 1752   11.82859   11.47837  2.96%   288   78s
H 9806  8839                      11.8285885   11.47837  2.96%   288   78s
 10179  9478   11.71397  258 1721   11.82859   11.47837  2.96%   281  101s
H10848  9505                      11.8282124   11.47892  2.95%   275  103s
 10860 10071   11.71673  276 1674   11.82821   11.47892  2.95%   276  105s
H11157  9923                      11.8228756   11.47892  2.91%   277  105s
H11444 10429                      11.8218756   11.47892  2.90%   274  108s
 12553 11118   11.72502  289 1760   11.82188   11.47892  2.90%   276  111s
H12590 11118                      11.8218747   11.47892  2.90%   276  111s
H12860 11526                      11.8218739   11.47892  2.90%   277  113s
 13280 12222   11.72599  290 1758   11.82187   11.48068  2.89%   276  115s
H13504 12222                      11.8218738   11.48068  2.89%   279  115s
 14637 12868   11.60398   59    0   11.82187   11.48075  2.89%   274  120s
 14653 12879   11.64491   68  330   11.82187   11.64491  1.50%   273  128s
 14655 12883   11.64768   13 1292   11.82187   11.64491  1.50%   276  160s
 14661 12893   11.65177   15 1081   11.82187   11.64522  1.49%   276  165s
 14685 12933   11.65852   17 1031   11.82187   11.64556  1.49%   277  171s
 14749 12996   11.67541   19 1143   11.82187   11.64671  1.48%   292  176s
 14907 13139   11.67867   22 1421   11.82187   11.64671  1.48%   304  180s
 15306 13409   11.68532   28 1451   11.82187   11.64671  1.48%   313  185s
 15692 13599   11.69388   33 1445   11.82187   11.64671  1.48%   317  193s
 15804 13665   11.69444   34 1375   11.82187   11.64671  1.48%   321  195s
H16017 13144                      11.8218720   11.64671  1.48%   324  199s
 16105 13222   11.76761   38 1560   11.82187   11.64671  1.48%   325  200s
 16471 13442   11.76831   42 1487   11.82187   11.64741  1.48%   330  205s
 17040 13824   11.77969   48 1488   11.82187   11.64741  1.48%   339  212s
 17441 14161   11.77129   53 1475   11.82187   11.64844  1.47%   344  215s
 18344 14634   11.77290   61 1504   11.82187   11.64937  1.46%   350  221s
 18932 14974   11.77996   66 1456   11.82187   11.64962  1.46%   357  226s
 19565 15466   11.77650   75 1470   11.82187   11.64978  1.46%   363  231s
 20057 15790   11.77805   81 1432   11.82187   11.64978  1.46%   367  236s
 21050 16386   11.77913   87 1433   11.82187   11.64978  1.46%   367  241s
 21729 16765   11.78459  102 1407   11.82187   11.64978  1.46%   373  247s
 22195 17089   11.78612  108 1406   11.82187   11.64978  1.46%   376  250s
 23182 17778   11.78802  119 1358   11.82187   11.65057  1.45%   383  256s
 24363 18342   11.78891  128 1345   11.82187   11.65068  1.45%   388  262s
 24894 18581   11.78960  133 1346   11.82187   11.65079  1.45%   392  265s
 25816 19280   11.79669  141 1239   11.82187   11.65079  1.45%   398  272s
 26465 19695   11.79052  144 1330   11.82187   11.65079  1.45%   399  275s
 27956 20697   11.79817  154 1291   11.82187   11.65101  1.45%   399  281s
 29827 22163   11.79416  164 1300   11.82187   11.65134  1.44%   399  288s
[2026-08-06T10:05:29.012] error: *** JOB 15751236 ON x1002c0s7b0n0 CANCELLED AT 2026-08-06T10:05:29 DUE TO TIME LIMIT ***
