2026-08-07 18:21:52 [INFO] idaes.core.surrogate.pysmo_surrogate: Decode surrogate. type=poly

===========================Polynomial Regression===============================================

The number of cross-validation cases (3) is used.
The default training/cross-validation split of 0.75 is used.
No iterations will be run.
Default parameter estimation method is used.
Parameter estimation method:  pyomo 

2026-08-07 18:21:52 [INFO] idaes.core.surrogate.pysmo_surrogate: Decode surrogate. type=poly

===========================Polynomial Regression===============================================

The number of cross-validation cases (3) is used.
The default training/cross-validation split of 0.75 is used.
No iterations will be run.
Default parameter estimation method is used.
Parameter estimation method:  pyomo 

2026-08-07 18:21:52 [INFO] idaes.core.surrogate.pysmo_surrogate: Decode surrogate. type=poly

===========================Polynomial Regression===============================================

The number of cross-validation cases (3) is used.
The default training/cross-validation split of 0.75 is used.
No iterations will be run.
Default parameter estimation method is used.
Parameter estimation method:  pyomo 

2026-08-07 18:21:52 [INFO] idaes.core.surrogate.pysmo_surrogate: Decode surrogate. type=poly

===========================Polynomial Regression===============================================

The number of cross-validation cases (3) is used.
The default training/cross-validation split of 0.75 is used.
No iterations will be run.
Default parameter estimation method is used.
Parameter estimation method:  pyomo 

2026-08-07 18:21:53 [INFO] idaes.apps.grid_integration.pricetaker.price_taker_model: Found minimum uptime/downtime data for pretreatment.uf_pumps[1] - Adding minimum uptime/downtime constraints.
2026-08-07 18:21:53 [INFO] idaes.apps.grid_integration.pricetaker.price_taker_model: Created startup/shutdown constraints for operation model  pretreatment.uf_pumps[1] at uf_pumps_1_startup_shutdown.
2026-08-07 18:21:53 [INFO] idaes.apps.grid_integration.pricetaker.price_taker_model: Found minimum uptime/downtime data for pretreatment.uf_pumps[2] - Adding minimum uptime/downtime constraints.
2026-08-07 18:21:53 [INFO] idaes.apps.grid_integration.pricetaker.price_taker_model: Created startup/shutdown constraints for operation model  pretreatment.uf_pumps[2] at uf_pumps_2_startup_shutdown.
2026-08-07 18:21:53 [INFO] idaes.apps.grid_integration.pricetaker.price_taker_model: Found minimum uptime/downtime data for pretreatment.uf_pumps[3] - Adding minimum uptime/downtime constraints.
2026-08-07 18:21:53 [INFO] idaes.apps.grid_integration.pricetaker.price_taker_model: Created startup/shutdown constraints for operation model  pretreatment.uf_pumps[3] at uf_pumps_3_startup_shutdown.
2026-08-07 18:21:53 [INFO] idaes.apps.grid_integration.pricetaker.price_taker_model: Found minimum uptime/downtime data for reverse_osmosis.ro_skid[1] - Adding minimum uptime/downtime constraints.
2026-08-07 18:21:53 [INFO] idaes.apps.grid_integration.pricetaker.price_taker_model: Created startup/shutdown constraints for operation model  reverse_osmosis.ro_skid[1] at ro_skid_1_startup_shutdown.
2026-08-07 18:21:53 [INFO] idaes.apps.grid_integration.pricetaker.price_taker_model: Found minimum uptime/downtime data for reverse_osmosis.ro_skid[2] - Adding minimum uptime/downtime constraints.
2026-08-07 18:21:53 [INFO] idaes.apps.grid_integration.pricetaker.price_taker_model: Created startup/shutdown constraints for operation model  reverse_osmosis.ro_skid[2] at ro_skid_2_startup_shutdown.
2026-08-07 18:21:53 [INFO] idaes.apps.grid_integration.pricetaker.price_taker_model: Found minimum uptime/downtime data for reverse_osmosis.ro_skid[3] - Adding minimum uptime/downtime constraints.
2026-08-07 18:21:53 [INFO] idaes.apps.grid_integration.pricetaker.price_taker_model: Created startup/shutdown constraints for operation model  reverse_osmosis.ro_skid[3] at ro_skid_3_startup_shutdown.
2026-08-07 18:21:53 [INFO] idaes.apps.grid_integration.pricetaker.price_taker_model: Found minimum uptime/downtime data for reverse_osmosis.ro_skid[4] - Adding minimum uptime/downtime constraints.
2026-08-07 18:21:53 [INFO] idaes.apps.grid_integration.pricetaker.price_taker_model: Created startup/shutdown constraints for operation model  reverse_osmosis.ro_skid[4] at ro_skid_4_startup_shutdown.
4220
Set parameter TokenServer to value "10.60.1.73"
Set parameter LogToConsole to value 1
Set parameter MIPGap to value 0.007
Gurobi Optimizer version 12.0.3 build v12.0.3rc0 (linux64 - "Red Hat Enterprise Linux 8.8 (Ootpa)")

CPU model: Intel(R) Xeon(R) Platinum 8470QL, instruction set [SSE2|AVX|AVX2|AVX512]
Thread count: 104 physical cores, 104 logical processors, using up to 32 threads

Non-default parameters:
MIPGap  0.007

Optimize a model with 18263 rows, 16467 columns and 49833 nonzeros
Model fingerprint: 0xa3b74c5e
Model has 168 quadratic objective terms
Model has 2352 quadratic constraints
Variable types: 11259 continuous, 5208 integer (5208 binary)
Coefficient statistics:
  Matrix range     [5e-04, 2e+03]
  QMatrix range    [2e-07, 1e+00]
  QLMatrix range   [3e-04, 1e+00]
  Objective range  [1e-05, 1e-03]
  QObjective range [2e-04, 2e-04]
  Bounds range     [9e-01, 1e+03]
  RHS range        [5e-02, 3e+05]
  QRHS range       [3e-01, 3e-01]
Presolve removed 11565 rows and 10058 columns
Presolve time: 0.08s
Presolved: 14724 rows, 6413 columns, 40504 nonzeros
Presolved model has 2 SOS constraint(s)
Presolved model has 2132 bilinear constraint(s)

Solving non-convex MIQCP

Variable types: 4462 continuous, 1951 integer (1951 binary)
Found heuristic solution: objective 19.5874800

Root relaxation: unbounded, 0 iterations, 0.01 seconds (0.00 work units)

    Nodes    |    Current Node    |     Objective Bounds      |     Work
 Expl Unexpl |  Obj  Depth IntInf | Incumbent    BestBd   Gap | It/Node Time

     0     2  postponed    0        19.58748          -      -     -    4s
     1     4   10.97953    1 1935   19.58748          -      - 21502    7s
    15    32   11.12833    4 1745   19.58748   11.03665  43.7%  3574   10s
H   33    64                      12.4179196   11.03665  11.1%  3730   12s
H   34    64                      12.3329205   11.03665  10.5%  3653   12s
H   36    64                      12.2909495   11.03665  10.2%  3522   12s
H   37    64                      12.2320215   11.03665  9.77%  3453   12s
H   41    64                      12.2229183   11.03665  9.71%  3367   12s
H   47    64                      12.1302429   11.03665  9.02%  3364   12s
    63    96   11.14922    6 1750   12.13024   11.03765  9.01%  2527   15s
H   95   196                      12.1267034   11.03765  8.98%  5045   17s
H  103   196                      12.1257513   11.03765  8.97%  4860   17s
H  109   196                      12.1256387   11.03765  8.97%  4716   17s
H  124   196                      12.1102132   11.03765  8.86%  4419   17s
H  131   196                      11.9498379   11.03765  7.63%  4208   17s
H  195   330                      11.9488379   11.03765  7.63%  3146   18s
H  329   454                      11.9252435   11.03765  7.44%  2079   20s
H  340   454                      11.6064688   11.03765  4.90%  2026   20s
H  581   697                      11.5938569   11.03765  4.80%  1405   23s
H  640   697                      11.5721491   11.03765  4.62%  1332   23s
   696   841   11.16680   22 1773   11.57215   11.03765  4.62%  1236   25s
H  841   978                      11.5649762   11.03765  4.56%  1050   25s
H  955   978                      11.5634942   11.03765  4.55%   940   25s
H 1149  1216                      11.5585977   11.03765  4.51%   812   28s
H 1194  1216                      11.5583821   11.03765  4.51%   798   28s
  1217  1336   11.18161   33 1831   11.55838   11.03765  4.51%   805   30s
H 1460  1510                      11.5580533   11.03765  4.50%   751   31s
H 1460  1510                      11.5575903   11.03765  4.50%   751   31s
H 1907  1962                      11.5575751   11.03765  4.50%   611   32s
H 1907  1962                      11.5574256   11.03765  4.50%   611   32s
H 1925  1962                      11.5574230   11.03765  4.50%   607   32s
  2161  2330   11.18821   51 1553   11.55742   11.03765  4.50%   573   35s
H 2574  2688                      11.5573334   11.03765  4.50%   524   38s
  2939  3170   11.20733   63 1563   11.55733   11.03765  4.50%   484   40s
H 2956  3170                      11.5557852   11.03765  4.48%   483   40s
H 3695  3700                      11.5557721   11.03765  4.48%   434   43s
  3705  3999   11.21604   97 1497   11.55577   11.03765  4.48%   433   45s
  4603  4923   11.22658  145 1503   11.55577   11.03765  4.48%   392   50s
H 4959  5047                      11.5134488   11.03765  4.13%   389   51s
H 5054  5272                      11.5104488   11.03765  4.11%   383   52s
  5644  6040   11.24118  153 1537   11.51045   11.03765  4.11%   387   55s
H 6077  6070                      11.5104375   11.03765  4.11%   374   57s
H 6080  6070                      11.5102358   11.03765  4.11%   374   57s
  6529  6968   11.25020  181 1556   11.51024   11.04083  4.08%   370   60s
  7601  8175   11.26274  226 1590   11.51024   11.04083  4.08%   340   65s
  9840 10133   11.27518  265 1520   11.51024   11.04293  4.06%   296   71s
 11447 11612   11.34859  338 1691   11.51024   11.04641  4.03%   282   75s
 12402 12579   11.36063  357 1745   11.51024   11.04641  4.03%   288   80s
 13749 13948   11.36750  383 1685   11.51024   11.04641  4.03%   299   86s
H14410 14516                      11.5102221   11.04687  4.03%   309   89s
 14713 14518   11.30281   62  295   11.51022   11.30281  1.80%   306   93s
 14726 14527   11.48903  287  317   11.51022   11.30979  1.74%   306   98s
 14727 14528   11.30979   21  317   11.51022   11.30979  1.74%   306  100s
 14728 14531   11.31229   13 1294   11.51022   11.30979  1.74%   308  131s
 14734 14541   11.31953   15 1295   11.51022   11.30979  1.74%   308  136s
 14742 14555   11.32072   16 1264   11.51022   11.30987  1.74%   308  143s
 14758 14581   11.32361   17 1259   11.51022   11.31008  1.74%   311  145s
 14822 14668   11.33177   19 1271   11.51022   11.31029  1.74%   318  150s
H14832 13938                      11.5102221   11.31029  1.74%   320  150s
 15223 14210   11.34563   25 1306   11.51022   11.31029  1.74%   349  155s
 15544 14415   11.35625   29 1389   11.51022   11.31029  1.74%   358  161s
H15703 13808                      11.5102221   11.31029  1.74%   363  163s
H15711 13150                      11.5102221   11.31029  1.74%   363  163s
 15752 13200   11.35975   32 1444   11.51022   11.31029  1.74%   364  165s
H15865 12607                      11.5102221   11.31029  1.74%   369  166s
 16005 12715   11.36788   35 1475   11.51022   11.31029  1.74%   374  170s
H16085 12096                      11.5102153   11.31029  1.74%   377  170s
 16398 12346   11.40598   41 1682   11.51022   11.31029  1.74%   382  175s
 16736 12560   11.41383   45 1666   11.51022   11.31229  1.72%   387  180s
 17194 12785   11.41276   52 1667   11.51022   11.31424  1.70%   396  185s
H17212 12217                      11.5098223   11.31424  1.70%   397  185s
H17231 11676                      11.5098193   11.31424  1.70%   397  185s
H17255 11161                      11.5098079   11.31424  1.70%   398  185s
H17283 10835                      11.5088079   11.31424  1.69%   398  187s
 17720 11158   11.42596   58 1595   11.50881   11.31424  1.69%   406  190s
H18379 10933                      11.5083177   11.31516  1.68%   417  195s
H18394 10493                      11.5083122   11.31516  1.68%   417  195s
H18929 10449                      11.5083122   11.31516  1.68%   425  199s
H18935 10054                      11.5083122   11.31516  1.68%   426  199s
 18995 10271   11.43768   74 1599   11.50831   11.31516  1.68%   427  201s
H19319 10076                      11.5083122   11.31516  1.68%   434  203s
 19559 10294   11.45320   84 1554   11.50831   11.31516  1.68%   436  206s
H19822  9852                      11.5083122   11.31516  1.68%   441  206s
H19885  9544                      11.5083113   11.31516  1.68%   441  208s
 19934  9585   11.45894   89 1516   11.50831   11.31516  1.68%   444  210s
H20010  9349                      11.5083109   11.31516  1.68%   447  212s
H20019  9042                      11.5083108   11.31516  1.68%   447  212s
H20037  8748                      11.5083106   11.31516  1.68%   446  212s
 20484  9324   11.46065   95 1527   11.50831   11.31586  1.67%   451  217s
 21395  9870   11.46031  102 1531   11.50831   11.31625  1.67%   454  221s
 22260 10479   11.46660  110 1469   11.50831   11.31713  1.66%   459  226s
H22863 10535                      11.5083105   11.31713  1.66%   464  229s
 23326 11055   11.47423  120 1464   11.50831   11.31713  1.66%   465  231s
 24035 11480   11.47634  127 1471   11.50831   11.31713  1.66%   464  235s
 25653 11847   11.47844  138 1502   11.50831   11.31717  1.66%   460  240s
H25656 11586                      11.5083105   11.31717  1.66%   460  240s
H25663 11335                      11.5083104   11.31717  1.66%   460  240s
 26322 12278   11.47897  140 1494   11.50831   11.31717  1.66%   457  247s
 27031 12926   11.48240  145 1561   11.50831   11.31721  1.66%   454  251s
H27487 12539                      11.5083096   11.31721  1.66%   451  251s
 28986 14374   11.49678  183 1480   11.50831   11.31784  1.66%   446  256s
 31034 15603   11.50735  262 1567   11.50831   11.31822  1.65%   436  261s
 32345 16937   11.36427   33 1500   11.50831   11.31827  1.65%   434  266s
 33496 17966   11.40363   68 1515   11.50831   11.31828  1.65%   432  271s
 35010 19432   11.47710  125 1471   11.50831   11.31916  1.64%   430  275s
 36498 20832   11.33942   22 1415   11.50831   11.31927  1.64%   430  281s
 37422 21738   11.37168   32 1521   11.50831   11.31927  1.64%   429  285s
 39752 24073   11.39617   40 1606   11.50831   11.31936  1.64%   423  292s
 42068 26301   11.43716   52 1603   11.50831   11.31994  1.64%   416  298s
 43349 27375   11.49290   60 1614   11.50831   11.32048  1.63%   413  302s
 44540 28486   11.50535   70 1505   11.50831   11.32088  1.63%   412  306s
 45808 29466   11.37395   40 1577   11.50831   11.32106  1.63%   410  310s
 48096 31179   11.46109   80 1660   11.50831   11.32176  1.62%   411  317s
 48908 31778   11.49651  126 1473   11.50831   11.32193  1.62%   416  321s
 49572 32473     cutoff  145        11.50831   11.32193  1.62%   422  325s
 50322 33297   11.36504   28 1420   11.50831   11.32193  1.62%   429  330s
 51166 34327   11.45065   45 1424   11.50831   11.32193  1.62%   437  335s
 53564 37328   11.48638   60 1589   11.50831   11.32193  1.62%   446  344s
 55438 40412     cutoff   72        11.50831   11.32311  1.61%   445  350s
 58731 40413   11.48523  150    0   11.50831   11.32311  1.61%   432  411s
 58735 40416   11.42413   48  553   11.50831   11.41601  0.80%   432  418s
 58737 40417   11.45152   85  571   11.50831   11.42098  0.76%   432  422s
 58739 40418   11.42108   51  585   11.50831   11.42108  0.76%   432  425s

Cutting planes:
  Learned: 99
  Gomory: 91
  Cover: 39
  Implied bound: 29
  Projected implied bound: 144
  Clique: 10
  MIR: 57
  Flow cover: 125
  Network: 5
  RLT: 516
  Relax-and-lift: 138
  BQP: 3

Explored 58740 nodes (25387260 simplex iterations) in 429.61 seconds (909.73 work units)
Thread count was 32 (of 104 available processors)

Solution count 10: 11.5083 11.5083 11.5083 ... 11.5083

Optimal solution found (tolerance 7.00e-03)
Best objective 1.150830957135e+01, best bound 1.143673357005e+01, gap 0.6220%
m.flow_changes_penalty(): 930.0
Total operational cost: 114153.10
Maximum power (kW): 1388.05
Discharge energy capacity (kWh): 32406.88
Charge energy capacity (kWh): 32883.09
Levelized Cost of Flexibility ($/kWh): 0.14
{'fixed_demand_cost': 6212.600886909832, 'variable_demand_cost': 1.2197588510973236e-05, 'fixed_monthly_cost': 171938.17204301074, 'total_water_production': 282179.6712334318, 'total_energy_cost': 19390.341043477314, 'total_demand_cost': 6212.60089910742, 'total_customer_cost': 0.0, 'total_feed_cost': 50959.945205482254, 'total_brine_cost': 17946.760793761525, 'total_chemical_cost': 19643.447771707273, 'total_water_revenue': 0.0, 'total_demand_response_revenue': 0.0, 'total_emissions_cost': 0.0, 'total_op_cost': 114153.09571353579, 'fixed_cost': 121551.98252688172, 'total_cost': 235705.07824041753, 'LCOW': 0.835301413493503, 'degree_of_flex': 0.3413173652694611, 'total_replacement_cost': 1459.6580951174674, 'maximum_power': 1388.0488829376618, 'discharge_energy_capacity': 32406.87791819123, 'charge_energy_capacity': 32883.08726013714, 'discharge_power_capacity': 611.450526758325, 'charge_power_capacity': 285.9398892185838, 'round_trip_efficiency': 0, 'LVOF': 0.13840414379532068}
Saved operation variable results to: /home/rchurchi/watertap_test/watertap/tutorials/flex_ro/wrd_result_summer_both_4_flexible_trains_1_hr_delay.csv
Saved summary results to: /home/rchurchi/watertap_test/watertap/tutorials/flex_ro/wrd_pricetaker_summary_results_20260807_182906.csv
