2026-08-07 03:28:36 [INFO] idaes.core.surrogate.pysmo_surrogate: Decode surrogate. type=poly

===========================Polynomial Regression===============================================

The number of cross-validation cases (3) is used.
The default training/cross-validation split of 0.75 is used.
No iterations will be run.
Default parameter estimation method is used.
Parameter estimation method:  pyomo 

2026-08-07 03:28:36 [INFO] idaes.core.surrogate.pysmo_surrogate: Decode surrogate. type=poly

===========================Polynomial Regression===============================================

The number of cross-validation cases (3) is used.
The default training/cross-validation split of 0.75 is used.
No iterations will be run.
Default parameter estimation method is used.
Parameter estimation method:  pyomo 

2026-08-07 03:28:36 [INFO] idaes.core.surrogate.pysmo_surrogate: Decode surrogate. type=poly

===========================Polynomial Regression===============================================

The number of cross-validation cases (3) is used.
The default training/cross-validation split of 0.75 is used.
No iterations will be run.
Default parameter estimation method is used.
Parameter estimation method:  pyomo 

2026-08-07 03:28:36 [INFO] idaes.core.surrogate.pysmo_surrogate: Decode surrogate. type=poly

===========================Polynomial Regression===============================================

The number of cross-validation cases (3) is used.
The default training/cross-validation split of 0.75 is used.
No iterations will be run.
Default parameter estimation method is used.
Parameter estimation method:  pyomo 

2026-08-07 03:28:38 [INFO] idaes.apps.grid_integration.pricetaker.price_taker_model: Found minimum uptime/downtime data for pretreatment.uf_pumps[1] - Adding minimum uptime/downtime constraints.
2026-08-07 03:28:38 [INFO] idaes.apps.grid_integration.pricetaker.price_taker_model: Created startup/shutdown constraints for operation model  pretreatment.uf_pumps[1] at uf_pumps_1_startup_shutdown.
2026-08-07 03:28:38 [INFO] idaes.apps.grid_integration.pricetaker.price_taker_model: Found minimum uptime/downtime data for pretreatment.uf_pumps[2] - Adding minimum uptime/downtime constraints.
2026-08-07 03:28:38 [INFO] idaes.apps.grid_integration.pricetaker.price_taker_model: Created startup/shutdown constraints for operation model  pretreatment.uf_pumps[2] at uf_pumps_2_startup_shutdown.
2026-08-07 03:28:38 [INFO] idaes.apps.grid_integration.pricetaker.price_taker_model: Found minimum uptime/downtime data for pretreatment.uf_pumps[3] - Adding minimum uptime/downtime constraints.
2026-08-07 03:28:38 [INFO] idaes.apps.grid_integration.pricetaker.price_taker_model: Created startup/shutdown constraints for operation model  pretreatment.uf_pumps[3] at uf_pumps_3_startup_shutdown.
2026-08-07 03:28:38 [INFO] idaes.apps.grid_integration.pricetaker.price_taker_model: Found minimum uptime/downtime data for reverse_osmosis.ro_skid[1] - Adding minimum uptime/downtime constraints.
2026-08-07 03:28:38 [INFO] idaes.apps.grid_integration.pricetaker.price_taker_model: Created startup/shutdown constraints for operation model  reverse_osmosis.ro_skid[1] at ro_skid_1_startup_shutdown.
2026-08-07 03:28:38 [INFO] idaes.apps.grid_integration.pricetaker.price_taker_model: Found minimum uptime/downtime data for reverse_osmosis.ro_skid[2] - Adding minimum uptime/downtime constraints.
2026-08-07 03:28:38 [INFO] idaes.apps.grid_integration.pricetaker.price_taker_model: Created startup/shutdown constraints for operation model  reverse_osmosis.ro_skid[2] at ro_skid_2_startup_shutdown.
2026-08-07 03:28:38 [INFO] idaes.apps.grid_integration.pricetaker.price_taker_model: Found minimum uptime/downtime data for reverse_osmosis.ro_skid[3] - Adding minimum uptime/downtime constraints.
2026-08-07 03:28:38 [INFO] idaes.apps.grid_integration.pricetaker.price_taker_model: Created startup/shutdown constraints for operation model  reverse_osmosis.ro_skid[3] at ro_skid_3_startup_shutdown.
2026-08-07 03:28:38 [INFO] idaes.apps.grid_integration.pricetaker.price_taker_model: Found minimum uptime/downtime data for reverse_osmosis.ro_skid[4] - Adding minimum uptime/downtime constraints.
2026-08-07 03:28:38 [INFO] idaes.apps.grid_integration.pricetaker.price_taker_model: Created startup/shutdown constraints for operation model  reverse_osmosis.ro_skid[4] at ro_skid_4_startup_shutdown.
4220
Set parameter TokenServer to value "10.60.1.73"
Set parameter LogToConsole to value 1
Set parameter MIPGap to value 0.009
Gurobi Optimizer version 12.0.3 build v12.0.3rc0 (linux64 - "Red Hat Enterprise Linux 8.8 (Ootpa)")

CPU model: Intel(R) Xeon(R) Platinum 8470Q, instruction set [SSE2|AVX|AVX2|AVX512]
Thread count: 104 physical cores, 104 logical processors, using up to 32 threads

Non-default parameters:
MIPGap  0.009

Optimize a model with 18263 rows, 16467 columns and 50167 nonzeros
Model fingerprint: 0x58fb3954
Model has 168 quadratic objective terms
Model has 2352 quadratic constraints
Variable types: 11259 continuous, 5208 integer (5208 binary)
Coefficient statistics:
  Matrix range     [5e-04, 2e+03]
  QMatrix range    [2e-07, 1e+00]
  QLMatrix range   [3e-04, 1e+00]
  Objective range  [1e-05, 1e-03]
  QObjective range [2e-04, 2e-04]
  Bounds range     [9e-01, 1e+03]
  RHS range        [5e-02, 3e+05]
  QRHS range       [3e-01, 3e-01]
Presolve removed 11567 rows and 10061 columns
Presolve time: 0.09s
Presolved: 14724 rows, 6413 columns, 40504 nonzeros
Presolved model has 4 SOS constraint(s)
Presolved model has 2132 bilinear constraint(s)

Solving non-convex MIQCP

Variable types: 4461 continuous, 1952 integer (1952 binary)
Found heuristic solution: objective 19.4235098

Root relaxation: unbounded, 0 iterations, 0.01 seconds (0.00 work units)

    Nodes    |    Current Node    |     Objective Bounds      |     Work
 Expl Unexpl |  Obj  Depth IntInf | Incumbent    BestBd   Gap | It/Node Time

     0     2  postponed    0        19.42351          -      -     -    3s
     1     4   11.41749    1 1755   19.42351          -      - 16642    6s
    31    64   11.59124    5 1778   19.42351   11.46057  41.0%  3414   11s
H   33    64                      12.4605077   11.46057  8.02%  3669   11s
H   36    64                      12.3672521   11.46057  7.33%  3372   11s
H   63    96                      12.3642521   11.46168  7.30%  2407   13s
H   95   212                      12.3629206   11.46168  7.29%  2262   14s
H  110   212                      12.3626736   11.46168  7.29%  2045   14s
H  115   212                      12.3625433   11.46168  7.29%  1965   14s
H  136   212                      12.3625370   11.46168  7.29%  1767   14s
H  142   212                      12.3623080   11.46168  7.29%  1716   14s
H  154   212                      12.3622352   11.46168  7.28%  1613   14s
H  175   212                      12.1351090   11.46168  5.55%  1434   14s
   211   353   11.60540    8 1729   12.13511   11.46168  5.55%  1222   15s
H  356   419                      12.0881703   11.46168  5.18%   809   17s
H  361   419                      12.0594022   11.46168  4.96%   799   17s
H  369   419                      11.9694299   11.46168  4.24%   782   17s
H  389   419                      11.9558225   11.46168  4.13%   750   17s
H  571   598                      11.9545757   11.46168  4.12%   687   19s
H  592   598                      11.9542016   11.46168  4.12%   669   19s
H  595   598                      11.9508029   11.46168  4.09%   667   19s
   597   687   11.61170   20 1752   11.95080   11.46168  4.09%   666   20s
H  692   727                      11.9496821   11.46168  4.08%   637   21s
H  700   727                      11.9475896   11.46168  4.07%   638   21s
H  708   727                      11.9468606   11.46168  4.06%   638   21s
H  810   875                      11.9462687   11.46168  4.06%   643   23s
H  812   875                      11.9165709   11.46168  3.82%   642   23s
   874   964   11.62864   28 1854   11.91657   11.46168  3.82%   652   25s
H  973  1056                      11.9122200   11.46168  3.78%   668   25s
H 1044  1056                      11.9107586   11.46168  3.77%   636   25s
H 1109  1148                      11.9084702   11.46475  3.73%   626   26s
H 1163  1289                      11.9066406   11.46634  3.70%   607   27s
H 1174  1289                      11.9064742   11.46634  3.70%   603   27s
H 1189  1289                      11.9062057   11.46634  3.69%   596   27s
H 1211  1289                      11.9050470   11.46634  3.69%   587   27s
H 1237  1289                      11.9046951   11.46634  3.68%   578   27s
H 1485  1620                      11.9020056   11.46634  3.66%   522   29s
  1637  1785   11.63817   47 1819   11.90201   11.46634  3.66%   487   30s
H 1824  1924                      11.9005656   11.46861  3.63%   464   30s
H 1826  1923                      11.9001155   11.46861  3.63%   464   30s
H 1861  1921                      11.8999041   11.46861  3.62%   458   30s
H 1872  1920                      11.8996281   11.46861  3.62%   456   30s
H 1954  1920                      11.8995717   11.46861  3.62%   441   30s
H 2193  2305                      11.8995677   11.46861  3.62%   408   33s
H 2193  2305                      11.8995313   11.46861  3.62%   408   33s
H 2355  2291                      11.8971203   11.46931  3.60%   396   33s
  2544  2649   11.65356   67 1813   11.89712   11.46931  3.60%   393   36s
H 2551  2648                      11.8965261   11.46931  3.59%   393   36s
H 2581  2644                      11.8959543   11.46931  3.59%   402   36s
H 2921  2972                      11.8946828   11.47018  3.57%   384   38s
H 2927  2965                      11.8942082   11.47018  3.56%   384   38s
  3089  3192   11.65239   74 1796   11.89421   11.47018  3.56%   381   40s
H 3373  3457                      11.8929295   11.47018  3.55%   374   41s
H 3395  3457                      11.8926682   11.47018  3.55%   373   41s
H 3621  3726                      11.8918820   11.47020  3.55%   369   43s
H 3800  3711                      11.8903431   11.47020  3.53%   357   43s
H 3867  3681                      11.8865886   11.47020  3.50%   352   43s
  4155  4228   11.66520  104 1779   11.88659   11.47020  3.50%   338   45s
H 4195  4228                      11.8864044   11.47020  3.50%   336   45s
H 4218  4196                      11.8842427   11.47020  3.48%   338   45s
H 4575  4530                      11.8840381   11.47020  3.48%   331   46s
H 4636  4525                      11.8836218   11.47020  3.48%   327   46s
H 4835  4862                      11.8829532   11.47257  3.45%   330   48s
H 4879  4854                      11.8820728   11.47257  3.45%   328   48s
H 5053  4853                      11.8819288   11.47257  3.45%   322   48s
  5109  5075   11.67489  131 1792   11.88193   11.47257  3.45%   322   50s
H 5227  5075                      11.8819288   11.47488  3.43%   321   50s
H 5230  5075                      11.8819287   11.47488  3.43%   321   50s
H 5321  4967                      11.8745402   11.47488  3.37%   320   50s
H 5573  5262                      11.8745402   11.47758  3.34%   316   50s
H 5754  5567                      11.8730493   11.47758  3.33%   311   51s
H 6188  6252                      11.8730109   11.47790  3.33%   316   55s
H 6226  6252                      11.8730109   11.47790  3.33%   314   55s
H 6250  6252                      11.8729666   11.47790  3.33%   313   55s
H 7322  7157                      11.8729665   11.47790  3.33%   307   60s
H 7324  7137                      11.8709321   11.47790  3.31%   307   60s
H 7464  6443                      11.8335895   11.47790  3.01%   307   60s
H 7594  6680                      11.8285895   11.47837  2.96%   303   63s
H 8010  7197                      11.8285895   11.47837  2.96%   307   63s
H 8138  7197                      11.8285892   11.47837  2.96%   304   63s
  8523  7721   11.70569  237 1762   11.82859   11.47837  2.96%   296   65s
H 9366  8245                      11.8285890   11.47837  2.96%   290   67s
  9577  8839   11.71079  246 1752   11.82859   11.47837  2.96%   288   78s
H 9806  8839                      11.8285885   11.47837  2.96%   288   78s
 10179  9478   11.71397  258 1721   11.82859   11.47837  2.96%   281  101s
H10848  9505                      11.8282124   11.47892  2.95%   275  103s
 10860 10071   11.71673  276 1674   11.82821   11.47892  2.95%   276  105s
H11157  9923                      11.8228756   11.47892  2.91%   277  105s
H11444 10429                      11.8218756   11.47892  2.90%   274  107s
 12553 11118   11.72502  289 1760   11.82188   11.47892  2.90%   276  111s
H12590 11118                      11.8218747   11.47892  2.90%   276  111s
H12860 11526                      11.8218739   11.47892  2.90%   277  112s
H13504 12222                      11.8218738   11.48068  2.89%   279  114s
 13989 12867   11.72967  296 1621   11.82187   11.48075  2.89%   274  119s
 14639 12869   11.63784   49  304   11.82187   11.63784  1.56%   274  123s
 14653 12879   11.64491   68  330   11.82187   11.64491  1.50%   273  127s
 14655 12883   11.64768   13 1292   11.82187   11.64491  1.50%   276  159s
 14657 12886   11.65120   14 1048   11.82187   11.64491  1.50%   276  162s
 14669 12906   11.65512   16 1066   11.82187   11.64538  1.49%   276  168s
 14685 12933   11.65852   17 1031   11.82187   11.64556  1.49%   277  171s
 14749 12996   11.67541   19 1143   11.82187   11.64671  1.48%   292  176s
 14907 13139   11.67867   22 1421   11.82187   11.64671  1.48%   304  180s
 15306 13409   11.68532   28 1451   11.82187   11.64671  1.48%   313  185s
 15692 13599   11.69388   33 1445   11.82187   11.64671  1.48%   317  192s
 15804 13665   11.69444   34 1375   11.82187   11.64671  1.48%   321  195s
H16017 13144                      11.8218720   11.64671  1.48%   324  199s
 16105 13222   11.76761   38 1560   11.82187   11.64671  1.48%   325  200s
 16471 13442   11.76831   42 1487   11.82187   11.64741  1.48%   330  205s
 17040 13824   11.77969   48 1488   11.82187   11.64741  1.48%   339  212s
 17441 14161   11.77129   53 1475   11.82187   11.64844  1.47%   344  215s
 18344 14634   11.77290   61 1504   11.82187   11.64937  1.46%   350  221s
 18932 14974   11.77996   66 1456   11.82187   11.64962  1.46%   357  226s
 19565 15466   11.77650   75 1470   11.82187   11.64978  1.46%   363  231s
 20057 15790   11.77805   81 1432   11.82187   11.64978  1.46%   367  236s
 21050 16386   11.77913   87 1433   11.82187   11.64978  1.46%   367  241s
 21729 16765   11.78459  102 1407   11.82187   11.64978  1.46%   373  247s
 22195 17089   11.78612  108 1406   11.82187   11.64978  1.46%   376  250s
 23182 17778   11.78802  119 1358   11.82187   11.65057  1.45%   383  256s
 24363 18342   11.78891  128 1345   11.82187   11.65068  1.45%   388  262s
 24894 18581   11.78960  133 1346   11.82187   11.65079  1.45%   392  265s
 25816 19280   11.79669  141 1239   11.82187   11.65079  1.45%   398  272s
 26465 19695   11.79052  144 1330   11.82187   11.65079  1.45%   399  275s
 27956 20697   11.79817  154 1291   11.82187   11.65101  1.45%   399  281s
 29827 22163   11.79416  164 1300   11.82187   11.65134  1.44%   399  288s
 31117 22050   11.79612  178 1290   11.82187   11.65134  1.44%   395  292s
 32428 23192   11.79823  195 1252   11.82187   11.65191  1.44%   391  297s
 33210 23934   11.80783  238 1371   11.82187   11.65203  1.44%   388  300s
 35756 25701   11.81137  335 1271   11.82187   11.65203  1.44%   374  306s
H37343 24084                      11.8195745   11.65244  1.41%   366  309s
 37530 25258   11.81159  385 1362   11.81957   11.65244  1.41%   365  311s
H38569 24331                      11.8195744   11.65259  1.41%   359  311s
 40272 25255   11.81830  485 1397   11.81957   11.65302  1.41%   353  317s
H40307 24690                      11.8195743   11.65302  1.41%   353  317s
H40386 24140                      11.8195742   11.65302  1.41%   352  317s
 40636 25032   11.81849  495 1333   11.81957   11.65302  1.41%   352  320s
H41502 24243                      11.8195689   11.65302  1.41%   348  320s
H42311 25143                      11.8194465   11.65306  1.41%   345  322s
H43356 24102                      11.8174465   11.65307  1.39%   342  326s
H43358 24087                      11.8174224   11.65334  1.39%   342  326s
H43366 19557                      11.8106109   11.65334  1.33%   342  326s
H43367 19410                      11.8104015   11.65334  1.33%   342  326s
H44626 20062                      11.8100152   11.65334  1.33%   341  333s
H44646 20055                      11.8100088   11.65334  1.33%   341  333s
H44662 20048                      11.8100025   11.65334  1.33%   341  333s
 44735 20966   11.75229   70 1549   11.81000   11.65334  1.33%   341  337s
 45771 21718   11.77763  128 1413   11.81000   11.65340  1.33%   342  340s
 47686 23199   11.68298   36 1570   11.81000   11.65401  1.32%   345  347s
 48552 24130   11.78387   75 1493   11.81000   11.65433  1.32%   348  351s
 49657 25360   11.66112   26 1618   11.81000   11.65452  1.32%   349  356s
 51061 26337   11.76896   75 1550   11.81000   11.65489  1.31%   348  360s
 52198 28047   11.80250  129 1266   11.81000   11.65515  1.31%   347  365s
 56310 31471     cutoff  160        11.81000   11.65549  1.31%   339  373s
 57849 33282   11.69674   41 1507   11.81000   11.65556  1.31%   339  379s
 59884 33283   11.76969   91    0   11.81000   11.65556  1.31%   337  430s
 59887 33285   11.80244  103  476   11.81000   11.70151  0.92%   337  435s

Cutting planes:
  Learned: 34
  Gomory: 33
  Cover: 56
  Implied bound: 31
  Projected implied bound: 171
  Clique: 8
  MIR: 32
  Flow cover: 94
  Network: 5
  RLT: 765
  Relax-and-lift: 104
  BQP: 4

Explored 59887 nodes (20224435 simplex iterations) in 437.29 seconds (904.89 work units)
Thread count was 32 (of 104 available processors)

Solution count 10: 11.81 11.81 11.81 ... 11.8196

Optimal solution found (tolerance 9.00e-03)
Best objective 1.181000249872e+01, best bound 1.172534346070e+01, gap 0.7168%
m.flow_changes_penalty(): 950.0
Total operational cost: 117150.02
Maximum power (kW): 1403.01
Discharge energy capacity (kWh): 34780.71
Charge energy capacity (kWh): 38522.34
Levelized Cost of Flexibility ($/kWh): 0.04
{'fixed_demand_cost': 6279.558840465986, 'variable_demand_cost': 9.557962402016184e-06, 'fixed_monthly_cost': 171938.17204301074, 'total_water_production': 282179.6712327986, 'total_energy_cost': 19727.881383691474, 'total_demand_cost': 6279.558850023948, 'total_customer_cost': 0.0, 'total_feed_cost': 50944.945205485885, 'total_brine_cost': 20235.614942973243, 'total_chemical_cost': 19962.02460502179, 'total_water_revenue': 0.0, 'total_demand_response_revenue': 0.0, 'total_emissions_cost': 0.0, 'total_op_cost': 117150.02498719635, 'fixed_cost': 121551.98252688172, 'total_cost': 238702.00751407805, 'LCOW': 0.8459220555159999, 'degree_of_flex': 0.3592814371257485, 'total_replacement_cost': 1462.3779549220344, 'maximum_power': 1403.0089504643263, 'discharge_energy_capacity': 34780.70917184067, 'charge_energy_capacity': 38522.344526992434, 'discharge_power_capacity': 869.5177292960167, 'charge_power_capacity': 300.9558166171284, 'round_trip_efficiency': 0, 'LVOF': 0.04271324804050851}
Saved operation variable results to: /home/rchurchi/watertap_test/watertap/tutorials/flex_ro/wrd_result_summer_both_4_flexible_trains.csv
Saved summary results to: /home/rchurchi/watertap_test/watertap/tutorials/flex_ro/wrd_pricetaker_summary_results_20260807_033558.csv
