2026-08-05 20:00:05 [INFO] idaes.core.surrogate.pysmo_surrogate: Decode surrogate. type=poly

===========================Polynomial Regression===============================================

The number of cross-validation cases (3) is used.
The default training/cross-validation split of 0.75 is used.
No iterations will be run.
Default parameter estimation method is used.
Parameter estimation method:  pyomo 

2026-08-05 20:00:05 [INFO] idaes.core.surrogate.pysmo_surrogate: Decode surrogate. type=poly

===========================Polynomial Regression===============================================

The number of cross-validation cases (3) is used.
The default training/cross-validation split of 0.75 is used.
No iterations will be run.
Default parameter estimation method is used.
Parameter estimation method:  pyomo 

2026-08-05 20:00:05 [INFO] idaes.core.surrogate.pysmo_surrogate: Decode surrogate. type=poly

===========================Polynomial Regression===============================================

The number of cross-validation cases (3) is used.
The default training/cross-validation split of 0.75 is used.
No iterations will be run.
Default parameter estimation method is used.
Parameter estimation method:  pyomo 

2026-08-05 20:00:05 [INFO] idaes.core.surrogate.pysmo_surrogate: Decode surrogate. type=poly

===========================Polynomial Regression===============================================

The number of cross-validation cases (3) is used.
The default training/cross-validation split of 0.75 is used.
No iterations will be run.
Default parameter estimation method is used.
Parameter estimation method:  pyomo 

2026-08-05 20:00:06 [INFO] idaes.apps.grid_integration.pricetaker.price_taker_model: Found minimum uptime/downtime data for pretreatment.uf_pumps[1] - Adding minimum uptime/downtime constraints.
2026-08-05 20:00:06 [INFO] idaes.apps.grid_integration.pricetaker.price_taker_model: Created startup/shutdown constraints for operation model  pretreatment.uf_pumps[1] at uf_pumps_1_startup_shutdown.
2026-08-05 20:00:06 [INFO] idaes.apps.grid_integration.pricetaker.price_taker_model: Found minimum uptime/downtime data for pretreatment.uf_pumps[2] - Adding minimum uptime/downtime constraints.
2026-08-05 20:00:06 [INFO] idaes.apps.grid_integration.pricetaker.price_taker_model: Created startup/shutdown constraints for operation model  pretreatment.uf_pumps[2] at uf_pumps_2_startup_shutdown.
2026-08-05 20:00:06 [INFO] idaes.apps.grid_integration.pricetaker.price_taker_model: Found minimum uptime/downtime data for pretreatment.uf_pumps[3] - Adding minimum uptime/downtime constraints.
2026-08-05 20:00:06 [INFO] idaes.apps.grid_integration.pricetaker.price_taker_model: Created startup/shutdown constraints for operation model  pretreatment.uf_pumps[3] at uf_pumps_3_startup_shutdown.
2026-08-05 20:00:06 [INFO] idaes.apps.grid_integration.pricetaker.price_taker_model: Found minimum uptime/downtime data for reverse_osmosis.ro_skid[1] - Adding minimum uptime/downtime constraints.
2026-08-05 20:00:07 [INFO] idaes.apps.grid_integration.pricetaker.price_taker_model: Created startup/shutdown constraints for operation model  reverse_osmosis.ro_skid[1] at ro_skid_1_startup_shutdown.
2026-08-05 20:00:07 [INFO] idaes.apps.grid_integration.pricetaker.price_taker_model: Found minimum uptime/downtime data for reverse_osmosis.ro_skid[2] - Adding minimum uptime/downtime constraints.
2026-08-05 20:00:07 [INFO] idaes.apps.grid_integration.pricetaker.price_taker_model: Created startup/shutdown constraints for operation model  reverse_osmosis.ro_skid[2] at ro_skid_2_startup_shutdown.
2026-08-05 20:00:07 [INFO] idaes.apps.grid_integration.pricetaker.price_taker_model: Found minimum uptime/downtime data for reverse_osmosis.ro_skid[3] - Adding minimum uptime/downtime constraints.
2026-08-05 20:00:07 [INFO] idaes.apps.grid_integration.pricetaker.price_taker_model: Created startup/shutdown constraints for operation model  reverse_osmosis.ro_skid[3] at ro_skid_3_startup_shutdown.
2026-08-05 20:00:07 [INFO] idaes.apps.grid_integration.pricetaker.price_taker_model: Found minimum uptime/downtime data for reverse_osmosis.ro_skid[4] - Adding minimum uptime/downtime constraints.
2026-08-05 20:00:07 [INFO] idaes.apps.grid_integration.pricetaker.price_taker_model: Created startup/shutdown constraints for operation model  reverse_osmosis.ro_skid[4] at ro_skid_4_startup_shutdown.
4364
Set parameter TokenServer to value "10.60.1.73"
Set parameter LogToConsole to value 1
Set parameter MIPGap to value 0.01
Gurobi Optimizer version 12.0.3 build v12.0.3rc0 (linux64 - "Red Hat Enterprise Linux 8.8 (Ootpa)")

CPU model: Intel(R) Xeon(R) Platinum 8470QL, instruction set [SSE2|AVX|AVX2|AVX512]
Thread count: 104 physical cores, 104 logical processors, using up to 32 threads

Non-default parameters:
MIPGap  0.01

Optimize a model with 18119 rows, 16467 columns and 49999 nonzeros
Model fingerprint: 0x744533ff
Model has 168 quadratic objective terms
Model has 2352 quadratic constraints
Variable types: 11259 continuous, 5208 integer (5208 binary)
Coefficient statistics:
  Matrix range     [5e-04, 2e+03]
  QMatrix range    [2e-07, 1e+00]
  QLMatrix range   [3e-04, 1e+00]
  Objective range  [1e-05, 1e-03]
  QObjective range [2e-04, 2e-04]
  Bounds range     [9e-01, 1e+03]
  RHS range        [5e-02, 3e+05]
  QRHS range       [3e-01, 3e-01]
Presolve removed 6979 rows and 7572 columns
Presolve time: 0.12s
Presolved: 20380 rows, 9400 columns, 55029 nonzeros
Presolved model has 336 SOS constraint(s)
Presolved model has 2352 bilinear constraint(s)

Solving non-convex MIQCP

Variable types: 5740 continuous, 3660 integer (3660 binary)
Found heuristic solution: objective 12.0903187

Root relaxation: unbounded, 0 iterations, 0.01 seconds (0.00 work units)

    Nodes    |    Current Node    |     Objective Bounds      |     Work
 Expl Unexpl |  Obj  Depth IntInf | Incumbent    BestBd   Gap | It/Node Time

     0     2  postponed    0        12.09032          -      -     -    4s
     1     4  postponed    1        12.09032          -      -   0.0    6s
     7    12  postponed    3        12.09032          -      -  9637   10s
    47    54  postponed    6        12.09032          -      -  9926   17s
    79    86  postponed    7        12.09032          -      -  8658   20s
   184   356  postponed    9        12.09032          -      - 10262   29s
   487   756  postponed   12        12.09032          -      -  4597   36s
  1075  1304 infeasible   20        12.09032          -      -  2513   48s
  1931  2059 infeasible   31        12.09032          -      -  1838   68s
  3200  2999 infeasible   50        12.09032          -      -  1512   93s
H 4380  2999                      12.0903185          -      -  1404   93s
H 4423  2999                      12.0903185          -      -  1399   93s
  4925  4529 infeasible   78        12.09032          -      -  1335  118s
  7225  6825 infeasible   98        12.09032          -      -  1184  140s
H 8147  6825                      12.0903185          -      -  1150  140s
 10111  8750  postponed  120        12.09032          -      -  1062  158s
 12596 10036 infeasible  135        12.09032          -      -  1028  176s
 14394 11890 infeasible  149        12.09032          -      -  1020  194s
 16841 11891 -1.000e+100   90    0   12.09032          -      -   982  195s
 16843 11892    9.58194   54 2288   12.09032    9.58194  20.7%   982  235s
 16844 11893   11.74188  623 2189   12.09032   10.92583  9.63%   982  245s
 16845 11894   11.08351   77 2046   12.09032   11.08351  8.33%   982  254s
 16846 11894   11.19658  155 2183   12.09032   11.19658  7.39%   982  264s
 16847 11895   11.21121  411 2603   12.09032   11.21121  7.27%   982  269s
 16848 11896   11.23400  601 2497   12.09032   11.23400  7.08%   982  275s
 16850 11897   11.54288  853 2496   12.09032   11.26329  6.84%   982  284s
 16851 11898   11.26613   53 2551   12.09032   11.26613  6.82%   982  286s
 16852 11898   11.27152   23 2515   12.09032   11.27152  6.77%   982  291s
 16854 11900   12.04559  434 2474   12.09032   11.29056  6.61%   981  300s
 16856 11901   11.62351  359 2521   12.09032   11.30152  6.52%   981  309s
 16857 11902   11.30272   66 2524   12.09032   11.30272  6.51%   981  311s
 16858 11902   11.30424  331 2503   12.09032   11.30424  6.50%   981  315s
[2026-08-05T20:05:25.012] error: *** JOB 15727439 ON x1004c4s7b0n1 CANCELLED AT 2026-08-05T20:05:25 DUE TO TIME LIMIT ***
