2026-09-11 14:17:13 [INFO] idaes.core.surrogate.pysmo_surrogate: Decode surrogate. type=poly

===========================Polynomial Regression===============================================

The number of cross-validation cases (3) is used.
The default training/cross-validation split of 0.75 is used.
No iterations will be run.
Default parameter estimation method is used.
Parameter estimation method:  pyomo 

2026-09-11 14:17:13 [INFO] idaes.core.surrogate.pysmo_surrogate: Decode surrogate. type=poly

===========================Polynomial Regression===============================================

The number of cross-validation cases (3) is used.
The default training/cross-validation split of 0.75 is used.
No iterations will be run.
Default parameter estimation method is used.
Parameter estimation method:  pyomo 

2026-09-11 14:17:13 [INFO] idaes.core.surrogate.pysmo_surrogate: Decode surrogate. type=poly

===========================Polynomial Regression===============================================

The number of cross-validation cases (3) is used.
The default training/cross-validation split of 0.75 is used.
No iterations will be run.
Default parameter estimation method is used.
Parameter estimation method:  pyomo 

2026-09-11 14:17:13 [INFO] idaes.core.surrogate.pysmo_surrogate: Decode surrogate. type=poly

===========================Polynomial Regression===============================================

The number of cross-validation cases (3) is used.
The default training/cross-validation split of 0.75 is used.
No iterations will be run.
Default parameter estimation method is used.
Parameter estimation method:  pyomo 

2026-09-11 14:17:15 [INFO] idaes.apps.grid_integration.pricetaker.price_taker_model: Found minimum uptime/downtime data for pretreatment.uf_pumps[1] - Adding minimum uptime/downtime constraints.
2026-09-11 14:17:15 [INFO] idaes.apps.grid_integration.pricetaker.price_taker_model: Created startup/shutdown constraints for operation model  pretreatment.uf_pumps[1] at uf_pumps_1_startup_shutdown.
2026-09-11 14:17:15 [INFO] idaes.apps.grid_integration.pricetaker.price_taker_model: Found minimum uptime/downtime data for pretreatment.uf_pumps[2] - Adding minimum uptime/downtime constraints.
2026-09-11 14:17:15 [INFO] idaes.apps.grid_integration.pricetaker.price_taker_model: Created startup/shutdown constraints for operation model  pretreatment.uf_pumps[2] at uf_pumps_2_startup_shutdown.
2026-09-11 14:17:15 [INFO] idaes.apps.grid_integration.pricetaker.price_taker_model: Found minimum uptime/downtime data for pretreatment.uf_pumps[3] - Adding minimum uptime/downtime constraints.
2026-09-11 14:17:15 [INFO] idaes.apps.grid_integration.pricetaker.price_taker_model: Created startup/shutdown constraints for operation model  pretreatment.uf_pumps[3] at uf_pumps_3_startup_shutdown.
2026-09-11 14:17:15 [INFO] idaes.apps.grid_integration.pricetaker.price_taker_model: Found minimum uptime/downtime data for reverse_osmosis.ro_skid[1] - Adding minimum uptime/downtime constraints.
2026-09-11 14:17:15 [INFO] idaes.apps.grid_integration.pricetaker.price_taker_model: Created startup/shutdown constraints for operation model  reverse_osmosis.ro_skid[1] at ro_skid_1_startup_shutdown.
2026-09-11 14:17:15 [INFO] idaes.apps.grid_integration.pricetaker.price_taker_model: Found minimum uptime/downtime data for reverse_osmosis.ro_skid[2] - Adding minimum uptime/downtime constraints.
2026-09-11 14:17:15 [INFO] idaes.apps.grid_integration.pricetaker.price_taker_model: Created startup/shutdown constraints for operation model  reverse_osmosis.ro_skid[2] at ro_skid_2_startup_shutdown.
2026-09-11 14:17:15 [INFO] idaes.apps.grid_integration.pricetaker.price_taker_model: Found minimum uptime/downtime data for reverse_osmosis.ro_skid[3] - Adding minimum uptime/downtime constraints.
2026-09-11 14:17:15 [INFO] idaes.apps.grid_integration.pricetaker.price_taker_model: Created startup/shutdown constraints for operation model  reverse_osmosis.ro_skid[3] at ro_skid_3_startup_shutdown.
2026-09-11 14:17:15 [INFO] idaes.apps.grid_integration.pricetaker.price_taker_model: Found minimum uptime/downtime data for reverse_osmosis.ro_skid[4] - Adding minimum uptime/downtime constraints.
2026-09-11 14:17:15 [INFO] idaes.apps.grid_integration.pricetaker.price_taker_model: Created startup/shutdown constraints for operation model  reverse_osmosis.ro_skid[4] at ro_skid_4_startup_shutdown.
4221
Set parameter TokenServer to value "10.60.1.73"
Set parameter LogToConsole to value 1
Set parameter MIPGap to value 0.01
Gurobi Optimizer version 12.0.3 build v12.0.3rc0 (linux64 - "Red Hat Enterprise Linux 8.8 (Ootpa)")

CPU model: Intel(R) Xeon(R) Platinum 8470QL, instruction set [SSE2|AVX|AVX2|AVX512]
Thread count: 104 physical cores, 104 logical processors, using up to 32 threads

Non-default parameters:
MIPGap  0.01

Optimize a model with 18262 rows, 16467 columns and 50142 nonzeros
Model fingerprint: 0x3495da51
Model has 168 quadratic objective terms
Model has 2352 quadratic constraints
Variable types: 11259 continuous, 5208 integer (5208 binary)
Coefficient statistics:
  Matrix range     [5e-04, 2e+03]
  QMatrix range    [2e-07, 1e+00]
  QLMatrix range   [3e-04, 1e+00]
  Objective range  [6e-06, 1e-03]
  QObjective range [2e-04, 2e-04]
  Bounds range     [9e-01, 1e+03]
  RHS range        [5e-02, 3e+05]
  QRHS range       [3e-01, 3e-01]
Presolve removed 10286 rows and 9051 columns
Presolve time: 0.10s
Presolved: 16934 rows, 7498 columns, 46879 nonzeros
Presolved model has 54 SOS constraint(s)
Presolved model has 2352 bilinear constraint(s)

Solving non-convex MIQCP

Variable types: 5176 continuous, 2322 integer (2322 binary)
Found heuristic solution: objective 18.1893466

Root relaxation: unbounded, 0 iterations, 0.01 seconds (0.00 work units)

    Nodes    |    Current Node    |     Objective Bounds      |     Work
 Expl Unexpl |  Obj  Depth IntInf | Incumbent    BestBd   Gap | It/Node Time

     0     2  postponed    0        18.18935          -      -     -    5s
    15    24  postponed    4        18.18935          -      -  6681   10s
    83   132  postponed    7        18.18935          -      -  6635   15s
   155   235  postponed    9        18.18935          -      -  7947   20s
   276   558  postponed   10        18.18935          -      -  7173   27s
H  288   558                      13.9420826          -      -  6884   27s
H  582   558                      13.6997178          -      -  3950   27s
H  681  2244                      13.6977178          -      -  3564   33s
H  699  2244                      13.6956755          -      -  3488   33s
H  754  2244                      13.6946322          -      -  3248   33s
H  864  2244                      13.6926652          -      -  2872   33s
H 1305  2244                      13.2763249          -      -  2001   33s
H 2441  2532                      13.0049840          -      -  1210   35s
H 2442  2532                      13.0049656          -      -  1210   35s
H 2443  2507                      12.9688115          -      -  1209   35s
H 3046  2805                      12.9675022          -      -  1010   37s
H 3156  2736                      12.9354293          -      -   986   37s
H 3442  3016                      12.9039183          -      -   941   39s
H 3469  2907                      12.8338983          -      -   935   39s
H 3471  2866                      12.8123394          -      -   934   39s
  3832  3289   12.36439  102 1891   12.81234          -      -   876   41s
H 4055  3205                      12.7869072          -      -   839   41s
H 4350  3789                      12.7758828          -      -   810   43s
H 4429  3547                      12.6904264          -      -   801   43s
  5014  3522   12.52927  107  539   12.69043   11.08686  12.6%   739   51s
  5017  3524   12.40677   33  679   12.69043   12.05371  5.02%   739   58s
  5019  3526   12.64114   66  301   12.69043   12.05770  4.99%   739   60s
H 5020  3349                      12.6787097   12.05943  4.88%   739   62s
H 5020  3181                      12.6767920   12.05943  4.87%   739   63s
  5025  3185   12.05994   10  549   12.67679   12.05994  4.87%   738   65s
  5027  3186   12.55268  101  549   12.67679   12.05995  4.87%   738   72s
H 5027  3027                      12.6767920   12.05995  4.87%   738   79s
H 5027  2875                      12.6709254   12.05995  4.82%   738   79s
H 5027  2731                      12.6709043   12.05995  4.82%   738   79s
H 5027  2594                      12.6700345   12.05995  4.82%   738   79s
H 5027  2464                      12.6683097   12.05995  4.80%   738   79s
H 5028  2344                      12.6663640   12.05995  4.79%   752  148s
  5029  2345   12.05995   12 2155   12.66636   12.05995  4.79%   752  170s
  5031  2347   12.05995   13 2128   12.66636   12.05995  4.79%   755  175s
  5035  2351   12.05995   14 1718   12.66636   12.05995  4.79%   757  182s
  5041  2361   12.06196   15 1761   12.66636   12.05995  4.79%   764  185s
  5053  2381   12.06439   16 1742   12.66636   12.06024  4.79%   768  191s
H 5079  2287                      12.6637849   12.06045  4.76%   782  194s
H 5080  2175                      12.6426149   12.06045  4.60%   782  194s
  5109  2253   12.06454   18 1735   12.64261   12.06065  4.60%   793  201s
H 5210  2182                      12.6342210   12.06065  4.54%   807  205s
H 5272  2060                      12.3483675   12.06065  2.33%   817  205s
  5291  2023   12.06481   23 1663   12.34837   12.06065  2.33%   816  211s
  5396  2026   12.06506   24 1691   12.34837   12.06065  2.33%   828  215s
H 5416  1924                      12.3476695   12.06096  2.32%   833  215s
H 5529  1921                      12.3476692   12.06097  2.32%   844  221s
  5607  1947   12.06635   27 1580   12.34767   12.06097  2.32%   848  227s
H 5680  1875                      12.3433401   12.06097  2.29%   856  229s
H 5685  1792                      12.3317349   12.06097  2.20%   856  229s
H 5691  1712                      12.3291021   12.06097  2.17%   858  229s
  5747  1749   12.14636   29 1576   12.32910   12.06097  2.17%   861  234s
H 5834  1717                      12.3286264   12.06126  2.17%   866  240s
H 5862  1638                      12.3285620   12.06164  2.17%   868  240s
H 5894  1560                      12.3189331   12.06164  2.09%   870  240s
  5915  1631   12.14822   32 1559   12.31893   12.06164  2.09%   880  246s
  6010  1660   12.14866   32 1537   12.31893   12.06164  2.09%   889  251s
H 6020  1593                      12.3173174   12.06164  2.08%   890  251s
H 6076  1514                      12.3161935   12.06164  2.07%   901  251s
  6086  1571   12.15185   33 1536   12.31619   12.06306  2.06%   910  259s
H 6171  1544                      12.3063918   12.06306  1.98%   938  266s
H 6175  1488                      12.3054832   12.06306  1.97%   943  266s
  6248  1505   12.15107   35 1519   12.30548   12.06306  1.97%   971  272s
H 6359  1491                      12.2990323   12.06325  1.92%   986  282s
  6445  1527   12.15443   42 1491   12.29903   12.06325  1.92%   998  288s
  6543  1574   12.15573   47 1484   12.29903   12.06325  1.92%  1020  292s
H 6580  1512                      12.2990208   12.06325  1.92%  1028  292s
H 6580  1465                      12.2988645   12.06325  1.92%  1028  292s
  6645  1553   12.15823   52 1437   12.29886   12.06325  1.92%  1040  296s
H 6773  1570                      12.2965448   12.06325  1.90%  1047  301s
H 6790  1522                      12.2963588   12.06325  1.90%  1046  301s
H 6794  1481                      12.2958358   12.06325  1.89%  1049  301s
H 6801  1441                      12.2932732   12.06325  1.87%  1051  301s
  6892  1545   12.16229   60 1433   12.29327   12.06325  1.87%  1055  305s
  7047  1620   12.16389   66 1410   12.29327   12.06325  1.87%  1058  314s
H 7060  1579                      12.2911441   12.06325  1.85%  1056  314s
H 7067  1577                      12.2869775   12.06325  1.82%  1056  314s
  7180  1731   12.16566   73 1424   12.28698   12.06325  1.82%  1072  319s
H 7278  1731                      12.2799146   12.06325  1.76%  1071  319s
H 7346  1943                      12.2789146   12.06342  1.75%  1077  324s
H 7346  1943                      12.2782852   12.06342  1.75%  1077  324s
H 7397  1943                      12.2768942   12.06342  1.74%  1076  324s
H 7414  1943                      12.2767020   12.06342  1.74%  1074  324s
H 7446  1943                      12.2760210   12.06342  1.73%  1072  324s
H 7463  1943                      12.2722469   12.06342  1.70%  1074  324s
H 7562  2017                      12.2712469   12.06342  1.69%  1075  329s
H 7789  2039                      12.2689919   12.06342  1.68%  1074  336s
H 7803  2039                      12.2689025   12.06342  1.67%  1075  336s
H 7810  2039                      12.2666143   12.06342  1.66%  1076  336s
H 7891  2039                      12.2658722   12.06342  1.65%  1084  336s
  8037  2246   12.16907   93 1407   12.26587   12.06342  1.65%  1086  342s
H 8047  2244                      12.2621702   12.06342  1.62%  1087  342s
H 8103  2241                      12.2620197   12.06342  1.62%  1081  342s
H 8151  2241                      12.2618957   12.06342  1.62%  1085  342s
H 8199  2239                      12.2592310   12.06342  1.60%  1091  342s
H 8308  2443                      12.2582310   12.06342  1.59%  1095  348s
H 8536  2742                      12.2565832   12.06342  1.58%  1117  355s
H 8627  2737                      12.2556033   12.06342  1.57%  1125  355s
H 8786  2735                      12.2544085   12.06342  1.56%  1131  355s
H 8808  2732                      12.2538952   12.06342  1.55%  1129  355s
  8849  3144   12.17072  109 1419   12.25390   12.06342  1.55%  1129  361s
  9281  3682   12.17281  118 1397   12.25390   12.06351  1.55%  1115  369s
H 9828  3823                      12.2497200   12.06351  1.52%  1084  374s
H 9906  3795                      12.2470073   12.06351  1.50%  1081  374s
 10005  4095   12.17354  139 1360   12.24701   12.06351  1.50%  1083  381s
H10062  3986                      12.2399099   12.06351  1.44%  1091  381s
H10333  4241                      12.2341780   12.06351  1.40%  1090  392s
H10446  4201                      12.2308226   12.06352  1.37%  1087  392s
H10688  4200                      12.2305773   12.06352  1.37%  1090  392s
 10691  4708   12.17377  159 1351   12.23058   12.06352  1.37%  1091  399s
H10750  4708                      12.2305761   12.06352  1.37%  1085  399s
H10767  4424                      12.2036396   12.06352  1.15%  1086  399s
H10882  4290                      12.1958091   12.06352  1.08%  1082  399s
H11217  4594                      12.1948091   12.06352  1.08%  1075  406s
H11217  4594                      12.1948068   12.06352  1.08%  1075  406s
H11233  4594                      12.1948025   12.06352  1.08%  1078  406s
H11357  4594                      12.1947962   12.06352  1.08%  1079  406s
H11477  4585                      12.1941911   12.06352  1.07%  1080  406s
H11680  5074                      12.1931911   12.06352  1.06%  1073  412s
H11821  5074                      12.1931328   12.06352  1.06%  1073  412s
H12215  5507                      12.1931261   12.06352  1.06%  1062  420s
H12238  5507                      12.1931209   12.06352  1.06%  1062  420s
H12242  5507                      12.1931171   12.06352  1.06%  1065  420s
H12436  5507                      12.1931168   12.06352  1.06%  1060  420s
H12606  5507                      12.1931146   12.06352  1.06%  1062  420s
 12698  5902   12.17339  196 1308   12.19311   12.06352  1.06%  1068  426s
H12715  5902                      12.1931143   12.06352  1.06%  1067  426s
H12822  5854                      12.1915493   12.06352  1.05%  1069  426s
H13108  6289                      12.1915459   12.06352  1.05%  1079  435s
H13128  6289                      12.1915457   12.06408  1.05%  1081  435s
H13139  6289                      12.1915428   12.06408  1.05%  1085  435s
H13162  6249                      12.1895760   12.06408  1.03%  1088  435s
 13592  6853   12.17440  217 1328   12.18958   12.06408  1.03%  1086  443s
H13613  6853                      12.1895726   12.06408  1.03%  1085  443s
H13676  6783                      12.1881951   12.06408  1.02%  1081  443s
H14136  6771                      12.1879694   12.06408  1.02%  1065  443s
H14218  6693                      12.1865549   12.06408  1.00%  1068  443s
 14261  7530   12.17485  244 1348   12.18655   12.06408  1.00%  1073  452s
H14268  7530                      12.1865549   12.06408  1.00%  1073  452s
 15147  8146   12.17457  267 1350   12.18655   12.06408  1.00%  1046  462s
H15171  8146                      12.1865511   12.06408  1.00%  1045  462s
H15199  6964                      12.1755671   12.06408  0.92%  1043  462s
H15541  6958                      12.1755167   12.06408  0.92%  1036  462s
H15697  6914                      12.1752352   12.06408  0.91%  1033  462s

Cutting planes:
  Learned: 86
  Gomory: 85
  Cover: 289
  Implied bound: 166
  Projected implied bound: 197
  Clique: 6
  MIR: 143
  Flow cover: 390
  GUB cover: 6
  Network: 48
  RLT: 1089
  Relax-and-lift: 144
  BQP: 10
  PSD: 3

Explored 15793 nodes (16377953 simplex iterations) in 462.53 seconds (853.22 work units)
Thread count was 32 (of 104 available processors)

Solution count 10: 12.1752 12.1755 12.1756 ... 12.1896

Optimal solution found (tolerance 1.00e-02)
Best objective 1.217523524954e+01, best bound 1.206408345471e+01, gap 0.9129%
m.flow_changes_penalty(): 1240.0
Total operational cost: 120512.35
Maximum power (kW): 1460.17
Discharge energy capacity (kWh): 37676.48
Charge energy capacity (kWh): 43664.30
Levelized Cost of Flexibility ($/kWh): 1.73
{'fixed_demand_cost': 8679.246857890874, 'variable_demand_cost': 0.0, 'fixed_monthly_cost': 171938.17204301074, 'total_water_production': 282179.6712328788, 'total_energy_cost': 20995.449422334583, 'total_demand_cost': 8679.246857890874, 'total_customer_cost': 0.0, 'total_feed_cost': 50866.65796769956, 'total_brine_cost': 20025.218226134482, 'total_chemical_cost': 19945.780021308234, 'total_water_revenue': 0.0, 'total_demand_response_revenue': 0.0, 'total_emissions_cost': 0.0, 'total_op_cost': 120512.35249536774, 'fixed_cost': 121551.98252688172, 'total_cost': 242064.33502224946, 'LCOW': 0.8578376109258319, 'degree_of_flex': 0.4311377245508982, 'total_replacement_cost': 1473.359516535967, 'maximum_power': 1460.1650793650795, 'discharge_energy_capacity': 37676.48307084608, 'charge_energy_capacity': 43664.3037494342, 'discharge_power_capacity': 819.0539798010017, 'charge_power_capacity': 357.90412909372293, 'round_trip_efficiency': 0, 'LVOF': 1.7261241678478099}
Saved operation variable results to: /home/rchurchi/watertap_test/watertap/tutorials/flex_ro/wrd_result_summer_both_4_flexible_trains_RTP.csv
Saved summary results to: /home/rchurchi/watertap_test/watertap/tutorials/flex_ro/wrd_pricetaker_summary_results_20260911_142500.csv
