2026-09-11 15:10:39 [INFO] idaes.core.surrogate.pysmo_surrogate: Decode surrogate. type=poly

===========================Polynomial Regression===============================================

The number of cross-validation cases (3) is used.
The default training/cross-validation split of 0.75 is used.
No iterations will be run.
Default parameter estimation method is used.
Parameter estimation method:  pyomo 

2026-09-11 15:10:39 [INFO] idaes.core.surrogate.pysmo_surrogate: Decode surrogate. type=poly

===========================Polynomial Regression===============================================

The number of cross-validation cases (3) is used.
The default training/cross-validation split of 0.75 is used.
No iterations will be run.
Default parameter estimation method is used.
Parameter estimation method:  pyomo 

2026-09-11 15:10:39 [INFO] idaes.core.surrogate.pysmo_surrogate: Decode surrogate. type=poly

===========================Polynomial Regression===============================================

The number of cross-validation cases (3) is used.
The default training/cross-validation split of 0.75 is used.
No iterations will be run.
Default parameter estimation method is used.
Parameter estimation method:  pyomo 

2026-09-11 15:10:39 [INFO] idaes.core.surrogate.pysmo_surrogate: Decode surrogate. type=poly

===========================Polynomial Regression===============================================

The number of cross-validation cases (3) is used.
The default training/cross-validation split of 0.75 is used.
No iterations will be run.
Default parameter estimation method is used.
Parameter estimation method:  pyomo 

2026-09-11 15:10:40 [INFO] idaes.apps.grid_integration.pricetaker.price_taker_model: Found minimum uptime/downtime data for pretreatment.uf_pumps[1] - Adding minimum uptime/downtime constraints.
2026-09-11 15:10:40 [INFO] idaes.apps.grid_integration.pricetaker.price_taker_model: Created startup/shutdown constraints for operation model  pretreatment.uf_pumps[1] at uf_pumps_1_startup_shutdown.
2026-09-11 15:10:40 [INFO] idaes.apps.grid_integration.pricetaker.price_taker_model: Found minimum uptime/downtime data for pretreatment.uf_pumps[2] - Adding minimum uptime/downtime constraints.
2026-09-11 15:10:40 [INFO] idaes.apps.grid_integration.pricetaker.price_taker_model: Created startup/shutdown constraints for operation model  pretreatment.uf_pumps[2] at uf_pumps_2_startup_shutdown.
2026-09-11 15:10:40 [INFO] idaes.apps.grid_integration.pricetaker.price_taker_model: Found minimum uptime/downtime data for pretreatment.uf_pumps[3] - Adding minimum uptime/downtime constraints.
2026-09-11 15:10:40 [INFO] idaes.apps.grid_integration.pricetaker.price_taker_model: Created startup/shutdown constraints for operation model  pretreatment.uf_pumps[3] at uf_pumps_3_startup_shutdown.
2026-09-11 15:10:40 [INFO] idaes.apps.grid_integration.pricetaker.price_taker_model: Found minimum uptime/downtime data for reverse_osmosis.ro_skid[1] - Adding minimum uptime/downtime constraints.
2026-09-11 15:10:40 [INFO] idaes.apps.grid_integration.pricetaker.price_taker_model: Created startup/shutdown constraints for operation model  reverse_osmosis.ro_skid[1] at ro_skid_1_startup_shutdown.
2026-09-11 15:10:40 [INFO] idaes.apps.grid_integration.pricetaker.price_taker_model: Found minimum uptime/downtime data for reverse_osmosis.ro_skid[2] - Adding minimum uptime/downtime constraints.
2026-09-11 15:10:40 [INFO] idaes.apps.grid_integration.pricetaker.price_taker_model: Created startup/shutdown constraints for operation model  reverse_osmosis.ro_skid[2] at ro_skid_2_startup_shutdown.
2026-09-11 15:10:40 [INFO] idaes.apps.grid_integration.pricetaker.price_taker_model: Found minimum uptime/downtime data for reverse_osmosis.ro_skid[3] - Adding minimum uptime/downtime constraints.
2026-09-11 15:10:40 [INFO] idaes.apps.grid_integration.pricetaker.price_taker_model: Created startup/shutdown constraints for operation model  reverse_osmosis.ro_skid[3] at ro_skid_3_startup_shutdown.
2026-09-11 15:10:40 [INFO] idaes.apps.grid_integration.pricetaker.price_taker_model: Found minimum uptime/downtime data for reverse_osmosis.ro_skid[4] - Adding minimum uptime/downtime constraints.
2026-09-11 15:10:40 [INFO] idaes.apps.grid_integration.pricetaker.price_taker_model: Created startup/shutdown constraints for operation model  reverse_osmosis.ro_skid[4] at ro_skid_4_startup_shutdown.
3884
Set parameter TokenServer to value "10.60.1.73"
Set parameter LogToConsole to value 1
Set parameter MIPGap to value 0.01
Gurobi Optimizer version 12.0.3 build v12.0.3rc0 (linux64 - "Red Hat Enterprise Linux 8.8 (Ootpa)")

CPU model: Intel(R) Xeon(R) Platinum 8470Q, instruction set [SSE2|AVX|AVX2|AVX512]
Thread count: 104 physical cores, 104 logical processors, using up to 32 threads

Non-default parameters:
MIPGap  0.01

Optimize a model with 18935 rows, 14955 columns and 43105 nonzeros
Model fingerprint: 0x8e7e1536
Model has 168 quadratic objective terms
Model has 1680 quadratic constraints
Variable types: 9915 continuous, 5040 integer (5040 binary)
Coefficient statistics:
  Matrix range     [3e-02, 2e+03]
  QMatrix range    [2e-07, 1e+00]
  QLMatrix range   [3e-04, 1e+00]
  Objective range  [6e-06, 1e-03]
  QObjective range [2e-04, 2e-04]
  Bounds range     [1e+00, 1e+03]
  RHS range        [9e-02, 3e+05]
  QRHS range       [3e-01, 3e-01]
Presolve removed 18930 rows and 14948 columns
Presolve time: 0.06s
Presolved: 21 rows, 12 columns, 48 nonzeros
Presolved model has 6 bilinear constraint(s)

Solving non-convex MIQCP

Variable types: 11 continuous, 1 integer (1 binary)
Found heuristic solution: objective 18.3083869

Root relaxation: objective 1.651718e+01, 12 iterations, 0.00 seconds (0.00 work units)

    Nodes    |    Current Node    |     Objective Bounds      |     Work
 Expl Unexpl |  Obj  Depth IntInf | Incumbent    BestBd   Gap | It/Node Time

     0     0   16.51718    0    6   18.30839   16.51718  9.78%     -    0s
     0     0   17.50749    0    6   18.30839   17.50749  4.37%     -    0s
     0     0   17.77775    0    7   18.30839   17.77775  2.90%     -    0s
     0     0   17.78898    0    7   18.30839   17.78898  2.84%     -    0s
     0     0   17.78965    0    6   18.30839   17.78965  2.83%     -    0s
     0     0   17.78980    0    7   18.30839   17.78980  2.83%     -    0s
     0     0   18.05663    0    4   18.30839   18.05663  1.38%     -    0s
H    0     0                      18.0868777   18.05663  0.17%     -    0s

Explored 1 nodes (50 simplex iterations) in 0.08 seconds (0.11 work units)
Thread count was 32 (of 104 available processors)

Solution count 2: 18.0869 18.3084 

Optimal solution found (tolerance 1.00e-02)
Best objective 1.808687768160e+01, best bound 1.805662986818e+01, gap 0.1672%
m.flow_changes_penalty(): 0.0
Total operational cost: 180868.78
Maximum power (kW): 1101.77
Discharge energy capacity (kWh): 38.49
Charge energy capacity (kWh): 0.00
Levelized Cost of Flexibility ($/kWh): 123.17
{'fixed_demand_cost': 6548.945411203644, 'variable_demand_cost': 4775.807357024225, 'fixed_monthly_cost': 171938.17204301074, 'total_water_production': 282190.8599999995, 'total_energy_cost': 84096.12318782174, 'total_demand_cost': 11324.752768227869, 'total_customer_cost': 0.0, 'total_feed_cost': 50845.20000000015, 'total_brine_cost': 15304.405199999956, 'total_chemical_cost': 19298.295660000025, 'total_water_revenue': 0.0, 'total_demand_response_revenue': 0.0, 'total_emissions_cost': 0.0, 'total_op_cost': 180868.77681604974, 'fixed_cost': 121551.98252688172, 'total_cost': 302420.75934293144, 'LCOW': 1.0716887121820031, 'degree_of_flex': 0.0, 'total_replacement_cost': 1409.837429595494, 'maximum_power': 1101.7708739717136, 'discharge_energy_capacity': 38.493172752110695, 'charge_energy_capacity': 0.0, 'discharge_power_capacity': 0.22912602828637318, 'charge_power_capacity': nan, 'round_trip_efficiency': 0, 'LVOF': 123.17471944670447}
Saved operation variable results to: /home/rchurchi/watertap_test/watertap/tutorials/flex_ro/wrd_result_summer_no_flex_0_flexible_trains_RTP.csv
Saved summary results to: /home/rchurchi/watertap_test/watertap/tutorials/flex_ro/wrd_pricetaker_summary_results_20260911_151043.csv
