2026-08-04 13:38:53 [INFO] idaes.core.surrogate.pysmo_surrogate: Decode surrogate. type=poly

===========================Polynomial Regression===============================================

The number of cross-validation cases (3) is used.
The default training/cross-validation split of 0.75 is used.
No iterations will be run.
Default parameter estimation method is used.
Parameter estimation method:  pyomo 

2026-08-04 13:38:53 [INFO] idaes.core.surrogate.pysmo_surrogate: Decode surrogate. type=poly

===========================Polynomial Regression===============================================

The number of cross-validation cases (3) is used.
The default training/cross-validation split of 0.75 is used.
No iterations will be run.
Default parameter estimation method is used.
Parameter estimation method:  pyomo 

2026-08-04 13:38:53 [INFO] idaes.core.surrogate.pysmo_surrogate: Decode surrogate. type=poly

===========================Polynomial Regression===============================================

The number of cross-validation cases (3) is used.
The default training/cross-validation split of 0.75 is used.
No iterations will be run.
Default parameter estimation method is used.
Parameter estimation method:  pyomo 

2026-08-04 13:38:53 [INFO] idaes.core.surrogate.pysmo_surrogate: Decode surrogate. type=poly

===========================Polynomial Regression===============================================

The number of cross-validation cases (3) is used.
The default training/cross-validation split of 0.75 is used.
No iterations will be run.
Default parameter estimation method is used.
Parameter estimation method:  pyomo 

2026-08-04 13:38:54 [INFO] idaes.apps.grid_integration.pricetaker.price_taker_model: Found minimum uptime/downtime data for pretreatment.uf_pumps[1] - Adding minimum uptime/downtime constraints.
2026-08-04 13:38:54 [INFO] idaes.apps.grid_integration.pricetaker.price_taker_model: Created startup/shutdown constraints for operation model  pretreatment.uf_pumps[1] at uf_pumps_1_startup_shutdown.
2026-08-04 13:38:54 [INFO] idaes.apps.grid_integration.pricetaker.price_taker_model: Found minimum uptime/downtime data for pretreatment.uf_pumps[2] - Adding minimum uptime/downtime constraints.
2026-08-04 13:38:54 [INFO] idaes.apps.grid_integration.pricetaker.price_taker_model: Created startup/shutdown constraints for operation model  pretreatment.uf_pumps[2] at uf_pumps_2_startup_shutdown.
2026-08-04 13:38:54 [INFO] idaes.apps.grid_integration.pricetaker.price_taker_model: Found minimum uptime/downtime data for pretreatment.uf_pumps[3] - Adding minimum uptime/downtime constraints.
2026-08-04 13:38:54 [INFO] idaes.apps.grid_integration.pricetaker.price_taker_model: Created startup/shutdown constraints for operation model  pretreatment.uf_pumps[3] at uf_pumps_3_startup_shutdown.
2026-08-04 13:38:54 [INFO] idaes.apps.grid_integration.pricetaker.price_taker_model: Found minimum uptime/downtime data for reverse_osmosis.ro_skid[1] - Adding minimum uptime/downtime constraints.
2026-08-04 13:38:54 [INFO] idaes.apps.grid_integration.pricetaker.price_taker_model: Created startup/shutdown constraints for operation model  reverse_osmosis.ro_skid[1] at ro_skid_1_startup_shutdown.
2026-08-04 13:38:54 [INFO] idaes.apps.grid_integration.pricetaker.price_taker_model: Found minimum uptime/downtime data for reverse_osmosis.ro_skid[2] - Adding minimum uptime/downtime constraints.
2026-08-04 13:38:54 [INFO] idaes.apps.grid_integration.pricetaker.price_taker_model: Created startup/shutdown constraints for operation model  reverse_osmosis.ro_skid[2] at ro_skid_2_startup_shutdown.
2026-08-04 13:38:54 [INFO] idaes.apps.grid_integration.pricetaker.price_taker_model: Found minimum uptime/downtime data for reverse_osmosis.ro_skid[3] - Adding minimum uptime/downtime constraints.
2026-08-04 13:38:54 [INFO] idaes.apps.grid_integration.pricetaker.price_taker_model: Created startup/shutdown constraints for operation model  reverse_osmosis.ro_skid[3] at ro_skid_3_startup_shutdown.
2026-08-04 13:38:54 [INFO] idaes.apps.grid_integration.pricetaker.price_taker_model: Found minimum uptime/downtime data for reverse_osmosis.ro_skid[4] - Adding minimum uptime/downtime constraints.
2026-08-04 13:38:54 [INFO] idaes.apps.grid_integration.pricetaker.price_taker_model: Created startup/shutdown constraints for operation model  reverse_osmosis.ro_skid[4] at ro_skid_4_startup_shutdown.
4364
Set parameter TokenServer to value "10.60.1.73"
Set parameter LogToConsole to value 1
Set parameter MIPGap to value 0.01
Gurobi Optimizer version 12.0.3 build v12.0.3rc0 (linux64 - "Red Hat Enterprise Linux 8.8 (Ootpa)")

CPU model: Intel(R) Xeon(R) Platinum 8470, instruction set [SSE2|AVX|AVX2|AVX512]
Thread count: 104 physical cores, 104 logical processors, using up to 32 threads

Non-default parameters:
MIPGap  0.01

Optimize a model with 18119 rows, 16467 columns and 49999 nonzeros
Model fingerprint: 0x43147574
Model has 168 quadratic objective terms
Model has 2352 quadratic constraints
Variable types: 11259 continuous, 5208 integer (5208 binary)
Coefficient statistics:
  Matrix range     [5e-04, 2e+03]
  QMatrix range    [2e-07, 1e+00]
  QLMatrix range   [3e-04, 1e+00]
  Objective range  [6e-06, 1e-03]
  QObjective range [2e-04, 2e-04]
  Bounds range     [9e-01, 1e+03]
  RHS range        [5e-02, 3e+05]
  QRHS range       [3e-01, 3e-01]
Presolve removed 6979 rows and 7572 columns
Presolve time: 0.17s
Presolved: 20380 rows, 9400 columns, 55029 nonzeros
Presolved model has 336 SOS constraint(s)
Presolved model has 2352 bilinear constraint(s)

Solving non-convex MIQCP

Variable types: 5740 continuous, 3660 integer (3660 binary)
Found heuristic solution: objective 18.7628566

Root relaxation: unbounded, 0 iterations, 0.02 seconds (0.00 work units)

    Nodes    |    Current Node    |     Objective Bounds      |     Work
 Expl Unexpl |  Obj  Depth IntInf | Incumbent    BestBd   Gap | It/Node Time

     0     2  postponed    0        18.76286          -      -     -    5s
     7    12  postponed    3        18.76286          -      -  8286   12s
    15    20  postponed    4        18.76286          -      -  8293   15s
    47    54  postponed    6        18.76286          -      - 10958   22s
    79    84  postponed    7        18.76286          -      -  9656   25s
   184   451  postponed    9        18.76286          -      - 10957   37s
   628   876  postponed   15        18.76286          -      -  4109   47s
  1273  1470 infeasible   27        18.76286          -      -  2537   65s
  2151  2262  postponed   40        18.76286          -      -  2056   94s
  3391  4996 infeasible   61        18.76286          -      -  1909  128s
H 4067  4986                      18.0358471          -      -  1786  128s
H 4491  4985                      17.3676152          -      -  1730  128s
  7115  8004 infeasible   93        17.36762          -      -  1317  149s
H 7473  8004                      17.0107147          -      -  1327  149s
H 7473  8004                      16.5463682          -      -  1327  149s
H 7810  7874                      16.2602406          -      -  1303  149s
H 9756  7872                      16.2570104          -      -  1136  149s
 10661  9327 infeasible  117        16.25701          -      -  1074  165s
H10896  9291                      16.2342318          -      -  1087  165s
H11218  9290                      16.2337475          -      -  1077  165s
H12135  9287                      16.2319812          -      -  1047  165s
H12508  9205                      16.1356553          -      -  1037  165s
 13077 10361 infeasible  129        16.13566          -      -  1012  180s
H13269 10353                      16.1300749          -      -  1026  180s
H13549 10349                      16.1193434          -      -  1022  180s
 14785 10349   10.47342   31 2089   16.11934   10.47342  35.0%  1008  201s
 14786 10350   14.32447  264 1447   16.11934   11.09591  31.2%  1007  206s
H14787  9833                      16.1101893   11.70098  27.4%  1007  211s
H14787  9341                      16.1081893   11.70098  27.4%  1007  211s
 14790  9343   14.67825  394 1428   16.10819   11.86846  26.3%  1007  219s
 14791  9343   11.88296   12 1471   16.10819   11.88296  26.2%  1007  221s
 14793  9345   14.48043  381 1120   16.10819   11.94058  25.9%  1007  226s
H14795  8879                      16.1075533   11.95894  25.8%  1007  231s
H14795  8434                      16.1074858   11.95894  25.8%  1007  231s
H14798  8014                      16.1068206   11.96601  25.7%  1007  235s
H14799  7614                      16.0953421   11.96781  25.6%  1007  237s
H14799  7233                      16.0911908   11.96781  25.6%  1007  237s
H14799  6871                      16.0892897   11.96781  25.6%  1007  237s
H14799  6528                      16.0860511   11.96802  25.6%  1007  237s
H14799  6201                      16.0857399   11.96802  25.6%  1007  237s
H14799  5891                      16.0834893   11.96802  25.6%  1007  237s
 14802  5893   15.40266  746 1189   16.08349   11.96908  25.6%  1006  241s
 14806  5895   15.60230  890 1170   16.08349   11.97809  25.5%  1006  246s
H14807  5600                      16.0462198   11.97926  25.3%  1006  248s
H14807  5320                      16.0405719   11.97926  25.3%  1006  248s
H14807  5054                      16.0385719   11.97926  25.3%  1006  248s
 14810  5056   14.57061  449 1245   16.03857   11.98006  25.3%  1006  250s
 14811  5057   14.56740  350 1245   16.03857   11.98006  25.3%  1006  272s
 14812  5057   15.51955  806 1245   16.03857   11.98006  25.3%  1006  286s
[2026-08-04T13:44:01.024] error: *** JOB 15563730 ON x3000c0s25b0n0 CANCELLED AT 2026-08-04T13:44:01 DUE TO TIME LIMIT ***
