2026-07-23 10:07:50 [INFO] idaes.core.surrogate.pysmo_surrogate: Decode surrogate. type=poly

===========================Polynomial Regression===============================================

The number of cross-validation cases (3) is used.
The default training/cross-validation split of 0.75 is used.
No iterations will be run.
Default parameter estimation method is used.
Parameter estimation method:  pyomo 

2026-07-23 10:07:50 [INFO] idaes.core.surrogate.pysmo_surrogate: Decode surrogate. type=poly

===========================Polynomial Regression===============================================

The number of cross-validation cases (3) is used.
The default training/cross-validation split of 0.75 is used.
No iterations will be run.
Default parameter estimation method is used.
Parameter estimation method:  pyomo 

2026-07-23 10:07:50 [INFO] idaes.core.surrogate.pysmo_surrogate: Decode surrogate. type=poly

===========================Polynomial Regression===============================================

The number of cross-validation cases (3) is used.
The default training/cross-validation split of 0.75 is used.
No iterations will be run.
Default parameter estimation method is used.
Parameter estimation method:  pyomo 

2026-07-23 10:07:50 [INFO] idaes.core.surrogate.pysmo_surrogate: Decode surrogate. type=poly

===========================Polynomial Regression===============================================

The number of cross-validation cases (3) is used.
The default training/cross-validation split of 0.75 is used.
No iterations will be run.
Default parameter estimation method is used.
Parameter estimation method:  pyomo 

2026-07-23 10:07:51 [INFO] idaes.apps.grid_integration.pricetaker.price_taker_model: Found minimum uptime/downtime data for pretreatment.uf_pumps[1] - Adding minimum uptime/downtime constraints.
2026-07-23 10:07:51 [INFO] idaes.apps.grid_integration.pricetaker.price_taker_model: Created startup/shutdown constraints for operation model  pretreatment.uf_pumps[1] at uf_pumps_1_startup_shutdown.
2026-07-23 10:07:51 [INFO] idaes.apps.grid_integration.pricetaker.price_taker_model: Found minimum uptime/downtime data for pretreatment.uf_pumps[2] - Adding minimum uptime/downtime constraints.
2026-07-23 10:07:51 [INFO] idaes.apps.grid_integration.pricetaker.price_taker_model: Created startup/shutdown constraints for operation model  pretreatment.uf_pumps[2] at uf_pumps_2_startup_shutdown.
2026-07-23 10:07:51 [INFO] idaes.apps.grid_integration.pricetaker.price_taker_model: Found minimum uptime/downtime data for pretreatment.uf_pumps[3] - Adding minimum uptime/downtime constraints.
2026-07-23 10:07:51 [INFO] idaes.apps.grid_integration.pricetaker.price_taker_model: Created startup/shutdown constraints for operation model  pretreatment.uf_pumps[3] at uf_pumps_3_startup_shutdown.
2026-07-23 10:07:51 [INFO] idaes.apps.grid_integration.pricetaker.price_taker_model: Found minimum uptime/downtime data for reverse_osmosis.ro_skid[1] - Adding minimum uptime/downtime constraints.
2026-07-23 10:07:51 [INFO] idaes.apps.grid_integration.pricetaker.price_taker_model: Created startup/shutdown constraints for operation model  reverse_osmosis.ro_skid[1] at ro_skid_1_startup_shutdown.
2026-07-23 10:07:51 [INFO] idaes.apps.grid_integration.pricetaker.price_taker_model: Found minimum uptime/downtime data for reverse_osmosis.ro_skid[2] - Adding minimum uptime/downtime constraints.
2026-07-23 10:07:51 [INFO] idaes.apps.grid_integration.pricetaker.price_taker_model: Created startup/shutdown constraints for operation model  reverse_osmosis.ro_skid[2] at ro_skid_2_startup_shutdown.
2026-07-23 10:07:51 [INFO] idaes.apps.grid_integration.pricetaker.price_taker_model: Found minimum uptime/downtime data for reverse_osmosis.ro_skid[3] - Adding minimum uptime/downtime constraints.
2026-07-23 10:07:51 [INFO] idaes.apps.grid_integration.pricetaker.price_taker_model: Created startup/shutdown constraints for operation model  reverse_osmosis.ro_skid[3] at ro_skid_3_startup_shutdown.
2026-07-23 10:07:51 [INFO] idaes.apps.grid_integration.pricetaker.price_taker_model: Found minimum uptime/downtime data for reverse_osmosis.ro_skid[4] - Adding minimum uptime/downtime constraints.
2026-07-23 10:07:51 [INFO] idaes.apps.grid_integration.pricetaker.price_taker_model: Created startup/shutdown constraints for operation model  reverse_osmosis.ro_skid[4] at ro_skid_4_startup_shutdown.
4363
Set parameter TokenServer to value "10.60.1.73"
Set parameter LogToConsole to value 1
Set parameter MIPGap to value 0.019
Gurobi Optimizer version 12.0.3 build v12.0.3rc0 (linux64 - "Red Hat Enterprise Linux 8.8 (Ootpa)")

CPU model: Intel(R) Xeon(R) Platinum 8470QL, instruction set [SSE2|AVX|AVX2|AVX512]
Thread count: 104 physical cores, 104 logical processors, using up to 32 threads

Non-default parameters:
MIPGap  0.019

Optimize a model with 17952 rows, 16467 columns and 49495 nonzeros
Model fingerprint: 0x7eb6526b
Model has 168 quadratic objective terms
Model has 2352 quadratic constraints
Variable types: 11259 continuous, 5208 integer (5208 binary)
Coefficient statistics:
  Matrix range     [5e-04, 2e+03]
  QMatrix range    [2e-07, 1e+00]
  QLMatrix range   [3e-04, 1e+00]
  Objective range  [1e-05, 1e-03]
  QObjective range [2e-04, 2e-04]
  Bounds range     [9e-01, 1e+03]
  RHS range        [5e-02, 3e+05]
  QRHS range       [3e-01, 3e-01]
Presolve removed 6904 rows and 7585 columns
Presolve time: 0.10s
Presolved: 20288 rows, 9387 columns, 53894 nonzeros
Presolved model has 336 SOS constraint(s)
Presolved model has 2352 bilinear constraint(s)

Solving non-convex MIQCP

Variable types: 5740 continuous, 3647 integer (3647 binary)

Root relaxation: unbounded, 0 iterations, 0.01 seconds (0.00 work units)

    Nodes    |    Current Node    |     Objective Bounds      |     Work
 Expl Unexpl |  Obj  Depth IntInf | Incumbent    BestBd   Gap | It/Node Time

H    0     0                      14.3175740          -      -     -    4s
     0     2  postponed    0        14.31757          -      -     -    8s
     3     6  postponed    2        14.31757          -      -  4755   11s
    13    16  postponed    4        14.31757          -      -  8211   16s
    39    42  postponed    6        14.31757          -      -  9193   23s
    65    61  postponed    7        14.31757          -      -  8648   26s
   130   156  postponed    9        14.31757          -      -  9310   34s
   201   297  postponed   10        14.31757          -      -  9587   44s
   430   531  postponed   12        14.31757          -      -  5235   56s
   806   907 infeasible   17        14.31757          -      -  3226   78s
  1446  1463  postponed   24        14.31757          -      -  2272  110s
  2404  2378  postponed   34        14.31757          -      -  1795  160s
  3965  3424 infeasible   51        14.31757          -      -  1553  218s
H 4694  3424                      13.4197867          -      -  1526  218s
  5761  7308  postponed   70        13.41979          -      -  1436  272s
H 6372  7308                      13.3249695          -      -  1425  272s
H 6507  7308                      13.1576795          -      -  1403  272s
H 7702  7308                      13.0130513          -      -  1264  272s
 10551 11118  postponed   89        13.01305          -      -  1070  303s
H10881 11118                      12.7469453          -      -  1087  303s
 14801 10765   11.75995  335    0   12.74695          -      -   960  305s
H14802 10227                      12.7369453   10.45196  17.9%   960  323s
 14804 10228   10.69307   30 1325   12.73695   10.69307  16.0%   960  329s
 14805 10229   12.19924  489 1476   12.73695   10.73252  15.7%   960  332s
 14806 10229   12.09505  577 1395   12.73695   10.93503  14.1%   960  339s
 14807 10230   12.46347  494 1573   12.73695   10.96536  13.9%   960  343s
 14808 10231   11.07916  125 1446   12.73695   11.07916  13.0%   960  351s
 14810 10232   11.17987  178 2246   12.73695   11.17196  12.3%   960  361s
 14811 10233   11.75835  389 2303   12.73695   11.17859  12.2%   960  366s
 14812 10233   11.57479  425 2507   12.73695   11.20844  12.0%   959  373s
 14813 10234   12.06155  565 2510   12.73695   11.21318  12.0%   959  376s
H14813  9722                      12.7148862   11.25486  11.5%   959  386s
 14815  9723   11.58259  222 2322   12.71489   11.26190  11.4%   959  391s
H14815  9237                      12.7148862   11.26492  11.4%   959  395s
H14817  8777                      12.7148708   11.26677  11.4%   959  401s
 14820  8779   11.26717   87 2155   12.71487   11.26717  11.4%   959  406s
H14821  8339                      12.7148708   11.26744  11.4%   959  410s
 14826  8343   11.37404  194 2179   12.71487   11.26795  11.4%   959  416s
 14829  8345   11.26806   98 2269   12.71487   11.26806  11.4%   958  420s
 14833  8347   11.26813   86 2169   12.71487   11.26813  11.4%   958  441s
 14834  8348   11.74460  366 2169   12.71487   11.26813  11.4%   958  458s
 14835  8352   11.28566   15 4400   12.71487   11.26813  11.4%   976  676s
 14837  8355   11.30415   16 3863   12.71487   11.29906  11.1%   977  703s
 14841  8362   11.37431   17 3113   12.71487   11.30415  11.1%   981  721s
 14849  8375   11.43128   18 3007   12.71487   11.30559  11.1%   989  741s
 14865  8402   11.43642   19 2961   12.71487   11.33928  10.8%  1005  767s
 14897  8421   11.44214   20 2940   12.71487   11.34253  10.8%  1022  787s
 14927  8493   11.47312   21 2969   12.71487   11.34253  10.8%  1045  805s
H14930  8074                      12.7148586   11.34253  10.8%  1048  805s
H14932  7676                      12.6917723   11.34253  10.6%  1051  805s
H14935  7298                      12.6913580   11.34253  10.6%  1052  805s
 15009  7357   11.57712   22 3191   12.69136   11.34253  10.6%  1084  821s
 15092  7413   11.54480   24 2851   12.69136   11.34253  10.6%  1111  836s
H15120  7046                      12.6912503   11.34253  10.6%  1127  836s
 15176  7116   11.56466   27 2944   12.69125   11.34253  10.6%  1139  850s
H15265  6822                      12.6912028   11.34253  10.6%  1163  870s
H15309  6485                      12.6681728   11.34253  10.5%  1180  870s
H15313  6175                      12.6541675   11.34253  10.4%  1182  870s
 15342  6248   11.64853   29 2575   12.65417   11.34253  10.4%  1191  885s
 15424  6296   11.74851   30 3635   12.65417   11.34253  10.4%  1213  900s
 15502  6337   11.81054   31 2439   12.65417   11.34253  10.4%  1244  913s
 15573  6388   11.91405   31 2455   12.65417   11.34253  10.4%  1268  927s
 15657  6444   11.87511   32 3000   12.65417   11.34253  10.4%  1294  938s
 15749  6495   11.90205   33 2335   12.65417   11.34253  10.4%  1313  953s
H15775  6195                      12.6541192   11.34253  10.4%  1324  953s
 15848  6256   12.02749   36 2884   12.65412   11.34253  10.4%  1344  969s
 15942  6325   11.99009   36 2655   12.65412   11.34253  10.4%  1373  984s
H15951  6044                      12.6533525   11.34253  10.4%  1376  984s
H16011  5761                      12.6397063   11.34253  10.3%  1388  984s
H16019  5508                      12.6310602   11.34253  10.2%  1388  984s
 16053  5595     cutoff   37        12.63106   11.34253  10.2%  1395  998s
 16168  5653   12.02942   38 2018   12.63106   11.34253  10.2%  1427 1016s
H16234  5393                      12.6310424   11.34253  10.2%  1450 1016s
 16285  5495   12.04334   39 2320   12.63104   11.35909  10.1%  1467 1031s
H16431  5349                      12.6310346   11.36625  10.0%  1496 1044s
H16512  5107                      12.6310275   11.36625  10.0%  1515 1044s
H16532  4897                      12.6310257   11.36625  10.0%  1527 1044s
 16584  5020   12.28169   43 2486   12.63103   11.36625  10.0%  1534 1066s
H16757  4915                      12.6310055   11.36625  10.0%  1567 1081s
H16912  4679                      12.6309852   11.36625  10.0%  1585 1081s
 16952  4737   12.34800   45 2283   12.63099   11.36625  10.0%  1590 1100s
H16962  4454                      12.0169345   11.36625  5.41%  1590 1100s
H16981  4281                      11.8432784   11.36625  4.03%  1589 1100s
 17049  4103     cutoff   46        11.84328   11.36625  4.03%  1603 1117s
 17208  4106   11.53394   25 2759   11.84328   11.36625  4.03%  1621 1133s
H17235  3939                      11.8393922   11.36625  4.00%  1632 1133s
H17264  3780                      11.8345061   11.36625  3.96%  1652 1133s
 17301  3901   11.68373   27 3264   11.83451   11.36625  3.96%  1671 1154s
H17321  3751                      11.8344202   11.36625  3.96%  1677 1154s
 17483  3766   11.73140   29 3331   11.83442   11.36625  3.96%  1700 1171s
H17673  3568                      11.8344202   11.36625  3.96%  1711 1171s
 17716  3519   11.80749   33 3290   11.83442   11.36625  3.96%  1718 1190s
H17892  3332                      11.8344152   11.36625  3.96%  1731 1190s
 17939  3351   11.81030  106 1316   11.83442   11.36625  3.96%  1744 1207s
 18206  3291   11.81033  126 1303   11.83442   11.36625  3.96%  1776 1225s
H18389  3108                      11.8343194   11.36625  3.96%  1783 1225s
H18503  3128                      11.8343193   11.36625  3.96%  1798 1243s
H18555  3001                      11.8343193   11.36625  3.96%  1799 1243s
H18815  2810                      11.8343193   11.36625  3.96%  1797 1243s
 18881  3159   11.81121  171 1276   11.83432   11.36625  3.96%  1807 1261s
H18899  3053                      11.8343193   11.36625  3.96%  1805 1261s
 19300  3264   11.81122  197 1271   11.83432   11.36625  3.96%  1807 1279s
 19710  3525   11.81122  225 1274   11.83432   11.42767  3.44%  1817 1300s
H20146  3695                      11.8343046   11.42767  3.44%  1820 1322s
H20218  2548                      11.8178418   11.42767  3.30%  1816 1322s
H20574  2478                      11.8178418   11.42767  3.30%  1815 1343s
H20860  2737                      11.8178385   11.42767  3.30%  1853 1364s
 21173  3029   11.81284  364 1266   11.81784   11.42767  3.30%  1886 1398s
 21545  3339   11.81297  404 1258   11.81784   11.42767  3.30%  1924 1421s
H21910  3636                      11.8177770   11.45109  3.10%  1957 1446s
H21955  3620                      11.8176268   11.45109  3.10%  1955 1446s
H22186  3619                      11.8176233   11.45109  3.10%  1981 1446s
 22272  4029   11.81461  491 1254   11.81762   11.45109  3.10%  1991 1467s
H22344  4029                      11.8176233   11.45109  3.10%  1990 1467s
H22613  4029                      11.8176233   11.45109  3.10%  2013 1467s
 22747  4388   11.81468  538 1247   11.81762   11.45109  3.10%  2028 1492s
H22928  4388                      11.8176233   11.45109  3.10%  2040 1492s
H23125  4388                      11.8176233   11.45109  3.10%  2047 1492s
 23284  4625   11.61199   29 3644   11.81762   11.45109  3.10%  2064 1517s
 23671  4911   11.66814   33 3594   11.81762   11.45109  3.10%  2108 1539s
 24029  5218   11.70957   35 3513   11.81762   11.46853  2.95%  2149 1564s
 24426  5444     cutoff   41        11.81762   11.46935  2.95%  2172 1591s
H24427  5444                      11.8176177   11.46935  2.95%  2172 1591s
H24739  5674                      11.8176176   11.46935  2.95%  2221 1618s
H25060  5674                      11.8176176   11.46935  2.95%  2263 1618s
 25065  5825   11.80344   52 3090   11.81762   11.46935  2.95%  2267 1653s
 25343  5990   11.80406   64 2944   11.81762   11.48641  2.80%  2314 1685s
H25349  5990                      11.8176176   11.48641  2.80%  2317 1685s
H25351  5990                      11.8176176   11.48641  2.80%  2318 1685s
 25562  6177     cutoff   68        11.81762   11.48641  2.80%  2370 1715s
H25626  6177                      11.8176176   11.48641  2.80%  2383 1715s
 25793  6282     cutoff   74        11.81762   11.49076  2.77%  2427 1739s
H25802  5602                      11.8161902   11.49076  2.75%  2431 1739s
 25925  5677     cutoff   75        11.81619   11.49076  2.75%  2444 1775s
H25967  5677                      11.8161902   11.49116  2.75%  2454 1775s
H26107  5677                      11.8161902   11.49116  2.75%  2466 1775s
 26121  5889     cutoff   78        11.81619   11.49116  2.75%  2467 1810s
H26393  5889                      11.8161902   11.49299  2.74%  2512 1810s
 26412  6072   11.81184   82 2836   11.81619   11.49299  2.74%  2515 1845s
 26689  6290     cutoff   84        11.81619   11.49339  2.73%  2568 1879s
H26756  6290                      11.8161901   11.49339  2.73%  2584 1879s
 26994  6476     cutoff   87        11.81619   11.49355  2.73%  2619 1920s
 27274  6743   11.63554   48 3393   11.81619   11.49355  2.73%  2677 1957s
H27538  6692                      11.8161248   11.49647  2.71%  2709 1957s
 27616  6961   11.63872   57 3178   11.81612   11.49653  2.70%  2722 1997s
 27964  7201   11.67505   72 3173   11.81612   11.49653  2.70%  2778 2037s
H28148  7190                      11.8161135   11.49653  2.70%  2814 2037s
 28316  7445   11.67891   80 3158   11.81611   11.49653  2.70%  2836 2080s
H28438  7445                      11.8161135   11.49653  2.70%  2862 2080s
 28650  7708   11.71150   90 3245   11.81611   11.49949  2.68%  2907 2123s
 29042  8024   11.74291  111 2760   11.81611   11.50171  2.66%  2978 2174s
H29390  8024                      11.8161135   11.50171  2.66%  3036 2174s
 29509  8415 infeasible  128        11.81611   11.50171  2.66%  3062 2238s
 30073  8865     cutoff   27        11.81611   11.50171  2.66%  3181 2311s
H30178  8865                      11.8161135   11.50465  2.64%  3199 2311s
H30637  8865                      11.8161135   11.50465  2.64%  3295 2311s
 30696  9275     cutoff   28        11.81611   11.50465  2.64%  3306 2382s
H30726  9275                      11.8161135   11.50465  2.64%  3310 2382s
 31341  9421     cutoff   32        11.81611   11.51066  2.59%  3436 2460s
H31344  9421                      11.8161134   11.51066  2.59%  3437 2460s
H31368  9229                      11.8158468   11.51066  2.58%  3445 2460s
H31466  9225                      11.8158361   11.51066  2.58%  3471 2460s
H31502  9206                      11.8158029   11.51066  2.58%  3481 2460s
H31564  8542                      11.8149498   11.51066  2.58%  3499 2460s
H31643  6483                      11.8113426   11.51066  2.55%  3520 2460s
H31661  6040                      11.8036680   11.51066  2.48%  3528 2460s
H31672  6461                      11.8035677   11.51066  2.48%  3534 2544s
H31750  6458                      11.8035199   11.51066  2.48%  3547 2544s
H32026  6456                      11.8034879   11.51262  2.46%  3599 2544s
H32164  6456                      11.8034832   11.51262  2.46%  3627 2544s
 32326  6846   11.71624  118 2897   11.80348   11.51292  2.46%  3666 2640s
H32883  6840                      11.8034263   11.51699  2.43%  3804 2640s
 32950  7252   11.79518   28 3729   11.80343   11.51700  2.43%  3825 2740s
H32983  7250                      11.8033835   11.51700  2.43%  3832 2740s
H33082  7250                      11.8033790   11.51700  2.43%  3853 2740s
H33536  7250                      11.8033771   11.51921  2.41%  3953 2740s
 33634  7673   11.54352   30 3576   11.80338   11.51921  2.41%  3970 2841s
H34026  7672                      11.8033527   11.52285  2.38%  4048 2841s
H34089  7672                      11.8033497   11.52285  2.38%  4061 2841s
 34327  8121   11.59119   49 3345   11.80335   11.52285  2.38%  4125 2946s
H34333  8121                      11.8033497   11.52285  2.38%  4127 2946s
H34354  8121                      11.8033435   11.52285  2.38%  4132 2946s
 35068  8613   11.76595   68 3275   11.80334   11.52618  2.35%  4269 3063s
H35156  8613                      11.8033415   11.52618  2.35%  4281 3063s
 35849  8902   11.79584  105 2703   11.80334   11.52618  2.35%  4418 3179s
H35858  8902                      11.8033388   11.52618  2.35%  4422 3179s
H36060  8902                      11.8033380   11.53052  2.31%  4486 3179s
H36101  8902                      11.8033361   11.53052  2.31%  4498 3179s
 36548  9314   11.72060   41 3329   11.80334   11.53052  2.31%  4607 3308s
H36576  9314                      11.8033361   11.53052  2.31%  4611 3308s
H36769  9314                      11.8033349   11.53052  2.31%  4655 3308s
H37107  9314                      11.8033303   11.53052  2.31%  4740 3308s
H37309  9569                      11.8033293   11.53052  2.31%  4777 3431s
H37309  9569                      11.8033264   11.53052  2.31%  4777 3431s
H37324  9569                      11.8033245   11.53052  2.31%  4779 3431s
H37348  9569                      11.8033237   11.53052  2.31%  4781 3431s
H37348  9569                      11.8033218   11.53052  2.31%  4781 3431s
H37364  9569                      11.8033192   11.53052  2.31%  4785 3431s
H37469  9569                      11.8033182   11.53052  2.31%  4805 3431s
H37779  9569                      11.8033173   11.53052  2.31%  4877 3431s
 37823 10001   11.73471   60 3664   11.80332   11.53052  2.31%  4888 3565s
 38771 10545   11.77453   70 3297   11.80332   11.53052  2.31%  5053 3713s
H39698 11192                      11.8023259   11.53680  2.25%  5219 3853s
H39798 11152                      11.8015484   11.53680  2.24%  5236 3853s
 40676 11799   11.69966   63 3505   11.80155   11.53734  2.24%  5392 4001s
H40681 11799                      11.8015484   11.53734  2.24%  5393 4001s
 41755 12372   11.74688  106 3275   11.80155   11.53899  2.22%  5585 4158s
H42482 12372                      11.8015484   11.54052  2.21%  5736 4158s
 42705 13236   11.61834   34 3768   11.80155   11.54052  2.21%  5781 4318s
 43944 14100   11.78117  121 2750   11.80155   11.54480  2.18%  5945 4493s
 45382 15084   11.63527   42 3412   11.80155   11.54561  2.17%  6097 4666s
 46760 16115   11.65949   84 3479   11.80155   11.54676  2.16%  6222 4851s
 48135 16885   11.76351  132 2456   11.80155   11.54919  2.14%  6370 5035s
 49284 17574   11.62486   27 3875   11.80155   11.54919  2.14%  6488 5227s
 50489 18413     cutoff   42        11.80155   11.55093  2.12%  6662 5433s
 51802 19317   11.68487   81 3521   11.80155   11.55327  2.10%  6838 5642s
 53305 20317     cutoff  119        11.80155   11.55499  2.09%  6998 5872s
 54870 20963     cutoff   54        11.80155   11.55557  2.08%  7165 6091s
 56457 21810   11.69128   57 3638   11.80155   11.55636  2.08%  7351 6329s
H57511 21810                      11.8015479   11.55784  2.07%  7449 6329s
 57971 22327 infeasible  103        11.80155   11.55854  2.06%  7504 6533s
H57973 22327                      11.8015479   11.55854  2.06%  7504 6533s
H58572 22319                      11.8014133   11.55947  2.05%  7564 6533s
H58621 22319                      11.8014033   11.55947  2.05%  7572 6533s
H58954 22317                      11.8013891   11.56057  2.04%  7613 6533s
 59181 23162     cutoff   76        11.80139   11.56212  2.03%  7641 6831s
H59222 23162                      11.8013890   11.56212  2.03%  7645 6831s
H59623 23162                      11.8013863   11.56267  2.02%  7701 6831s
 60876 24080     cutoff   27        11.80139   11.56298  2.02%  7818 7167s
H60877 24080                      11.8013862   11.56298  2.02%  7818 7167s
H61138 24080                      11.8013861   11.56298  2.02%  7846 7167s
H61492 24080                      11.8013859   11.56298  2.02%  7876 7167s
H62058 24079                      11.8013718   11.56498  2.00%  7957 7167s
 62784 24834     cutoff   62        11.80137   11.56624  1.99%  8036 7502s
 64619 26241   11.70573   32 3574   11.80137   11.56833  1.97%  8247 7856s
H65251 26241                      11.8013714   11.56860  1.97%  8258 7856s
H66855 26241                      11.8013712   11.57037  1.96%  8396 7856s
 67069 27554     cutoff   35        11.80137   11.57037  1.96%  8412 8207s
 69547 28628   11.68896   40 3566   11.80137   11.57485  1.92%  8555 8567s
H69639 28628                      11.8013712   11.57485  1.92%  8558 8567s
H69639 28628                      11.8013712   11.57485  1.92%  8558 8567s
H70052 28628                      11.8013705   11.57609  1.91%  8594 8568s
H70940 28628                      11.8013701   11.57612  1.91%  8695 8568s
H71178 28628                      11.8013700   11.57612  1.91%  8719 8568s
H71373 30462                      11.8013700   11.57612  1.91%  8730 8969s
H72023 30462                      11.8013700   11.57612  1.91%  8724 8969s

Cutting planes:
  Learned: 479
  Gomory: 48
  Cover: 1840
  Implied bound: 467
  Projected implied bound: 482
  MIR: 756
  StrongCG: 3
  Flow cover: 1635
  GUB cover: 70
  Inf proof: 6
  Zero half: 11
  Network: 12
  RLT: 2088
  Relax-and-lift: 412
  BQP: 5
  PSD: 1

Explored 74252 nodes (658009635 simplex iterations) in 8969.42 seconds (22407.02 work units)
Thread count was 32 (of 104 available processors)

Solution count 10: 11.8014 11.8014 11.8014 ... 11.8014

Optimal solution found (tolerance 1.90e-02)
Best objective 1.180137004553e+01, best bound 1.157990252867e+01, gap 1.8766%
m.flow_changes_penalty(): 900.0
Total operational cost: 117113.70
Maximum power (kW): 1380.04
Discharge energy capacity (kWh): 33615.94
Charge energy capacity (kWh): 36375.17
Levelized Cost of Flexibility ($/kWh): 0.05
{'fixed_demand_cost': 6176.732845086062, 'variable_demand_cost': 1.4361985099157608e-05, 'fixed_monthly_cost': 171938.17204301074, 'total_water_production': 282179.67123290186, 'total_energy_cost': 19619.107842410216, 'total_demand_cost': 6176.732859448048, 'total_customer_cost': 0.0, 'total_feed_cost': 50989.945205476804, 'total_brine_cost': 20356.552442912518, 'total_chemical_cost': 19971.36210502304, 'total_water_revenue': 0.0, 'total_demand_response_revenue': 0.0, 'total_emissions_cost': 0.0, 'total_op_cost': 117113.70045527063, 'fixed_cost': 121551.98252688172, 'total_cost': 238665.68298215236, 'LCOW': 0.8457933271357649, 'degree_of_flex': 0.3592814371257485, 'total_replacement_cost': 1462.3779549220344, 'maximum_power': 1380.0350697765402, 'discharge_energy_capacity': 33615.943500043584, 'charge_energy_capacity': 36375.16569569752, 'discharge_power_capacity': 908.5390135146914, 'charge_power_capacity': 277.67302057784366, 'round_trip_efficiency': 0, 'LVOF': 0.04527380258731568}
Saved operation variable results to: /home/rchurchi/watertap_test/watertap/tutorials/flex_ro/wrd_result_summer_both_4_flexible_trains_DR.csv
Saved summary results to: /home/rchurchi/watertap_test/watertap/tutorials/flex_ro/wrd_pricetaker_summary_results_20260723_123723.csv
