2026-07-16 19:50:02 [INFO] idaes.core.surrogate.pysmo_surrogate: Decode surrogate. type=poly

===========================Polynomial Regression===============================================

The number of cross-validation cases (3) is used.
The default training/cross-validation split of 0.75 is used.
No iterations will be run.
Default parameter estimation method is used.
Parameter estimation method:  pyomo 

2026-07-16 19:50:02 [INFO] idaes.core.surrogate.pysmo_surrogate: Decode surrogate. type=poly

===========================Polynomial Regression===============================================

The number of cross-validation cases (3) is used.
The default training/cross-validation split of 0.75 is used.
No iterations will be run.
Default parameter estimation method is used.
Parameter estimation method:  pyomo 

2026-07-16 19:50:02 [INFO] idaes.core.surrogate.pysmo_surrogate: Decode surrogate. type=poly

===========================Polynomial Regression===============================================

The number of cross-validation cases (3) is used.
The default training/cross-validation split of 0.75 is used.
No iterations will be run.
Default parameter estimation method is used.
Parameter estimation method:  pyomo 

2026-07-16 19:50:02 [INFO] idaes.core.surrogate.pysmo_surrogate: Decode surrogate. type=poly

===========================Polynomial Regression===============================================

The number of cross-validation cases (3) is used.
The default training/cross-validation split of 0.75 is used.
No iterations will be run.
Default parameter estimation method is used.
Parameter estimation method:  pyomo 

2026-07-16 19:50:04 [INFO] idaes.apps.grid_integration.pricetaker.price_taker_model: Found minimum uptime/downtime data for pretreatment.uf_pumps[1] - Adding minimum uptime/downtime constraints.
2026-07-16 19:50:04 [INFO] idaes.apps.grid_integration.pricetaker.price_taker_model: Created startup/shutdown constraints for operation model  pretreatment.uf_pumps[1] at uf_pumps_1_startup_shutdown.
2026-07-16 19:50:04 [INFO] idaes.apps.grid_integration.pricetaker.price_taker_model: Found minimum uptime/downtime data for pretreatment.uf_pumps[2] - Adding minimum uptime/downtime constraints.
2026-07-16 19:50:04 [INFO] idaes.apps.grid_integration.pricetaker.price_taker_model: Created startup/shutdown constraints for operation model  pretreatment.uf_pumps[2] at uf_pumps_2_startup_shutdown.
2026-07-16 19:50:04 [INFO] idaes.apps.grid_integration.pricetaker.price_taker_model: Found minimum uptime/downtime data for pretreatment.uf_pumps[3] - Adding minimum uptime/downtime constraints.
2026-07-16 19:50:04 [INFO] idaes.apps.grid_integration.pricetaker.price_taker_model: Created startup/shutdown constraints for operation model  pretreatment.uf_pumps[3] at uf_pumps_3_startup_shutdown.
2026-07-16 19:50:04 [INFO] idaes.apps.grid_integration.pricetaker.price_taker_model: Found minimum uptime/downtime data for reverse_osmosis.ro_skid[1] - Adding minimum uptime/downtime constraints.
2026-07-16 19:50:04 [INFO] idaes.apps.grid_integration.pricetaker.price_taker_model: Created startup/shutdown constraints for operation model  reverse_osmosis.ro_skid[1] at ro_skid_1_startup_shutdown.
2026-07-16 19:50:04 [INFO] idaes.apps.grid_integration.pricetaker.price_taker_model: Found minimum uptime/downtime data for reverse_osmosis.ro_skid[2] - Adding minimum uptime/downtime constraints.
2026-07-16 19:50:04 [INFO] idaes.apps.grid_integration.pricetaker.price_taker_model: Created startup/shutdown constraints for operation model  reverse_osmosis.ro_skid[2] at ro_skid_2_startup_shutdown.
2026-07-16 19:50:04 [INFO] idaes.apps.grid_integration.pricetaker.price_taker_model: Found minimum uptime/downtime data for reverse_osmosis.ro_skid[3] - Adding minimum uptime/downtime constraints.
2026-07-16 19:50:04 [INFO] idaes.apps.grid_integration.pricetaker.price_taker_model: Created startup/shutdown constraints for operation model  reverse_osmosis.ro_skid[3] at ro_skid_3_startup_shutdown.
2026-07-16 19:50:04 [INFO] idaes.apps.grid_integration.pricetaker.price_taker_model: Found minimum uptime/downtime data for reverse_osmosis.ro_skid[4] - Adding minimum uptime/downtime constraints.
2026-07-16 19:50:04 [INFO] idaes.apps.grid_integration.pricetaker.price_taker_model: Created startup/shutdown constraints for operation model  reverse_osmosis.ro_skid[4] at ro_skid_4_startup_shutdown.
3598
Set parameter TokenServer to value "10.60.1.73"
Set parameter LogToConsole to value 1
Set parameter MIPGap to value 0.0075
Gurobi Optimizer version 12.0.3 build v12.0.3rc0 (linux64 - "Red Hat Enterprise Linux 8.8 (Ootpa)")

CPU model: Intel(R) Xeon(R) Platinum 8470QL, instruction set [SSE2|AVX|AVX2|AVX512]
Thread count: 104 physical cores, 104 logical processors, using up to 32 threads

Non-default parameters:
MIPGap  0.0075

Optimize a model with 17951 rows, 15701 columns and 45581 nonzeros
Model fingerprint: 0x74fd872c
Model has 168 quadratic objective terms
Model has 2352 quadratic constraints
Variable types: 11259 continuous, 4442 integer (4442 binary)
Coefficient statistics:
  Matrix range     [5e-04, 2e+03]
  QMatrix range    [2e-07, 1e+00]
  QLMatrix range   [3e-04, 1e+00]
  Objective range  [1e-05, 1e-03]
  QObjective range [2e-04, 2e-04]
  Bounds range     [9e-01, 1e+03]
  RHS range        [5e-02, 3e+05]
  QRHS range       [3e-01, 3e-01]
Presolve removed 10679 rows and 8689 columns
Presolve time: 0.08s
Presolved: 16016 rows, 7013 columns, 44614 nonzeros
Presolved model has 2312 bilinear constraint(s)

Solving non-convex MIQCP

Variable types: 4948 continuous, 2065 integer (2065 binary)
Found heuristic solution: objective 12.0903187

Root relaxation: objective 1.079544e+01, 22017 iterations, 3.57 seconds (5.39 work units)

    Nodes    |    Current Node    |     Objective Bounds      |     Work
 Expl Unexpl |  Obj  Depth IntInf | Incumbent    BestBd   Gap | It/Node Time

     0     0   10.79544    0 2363   12.09032   10.79544  10.7%     -    4s
H    0     0                      12.0903185   10.79544  10.7%     -    4s
     0     0   11.47460    0 2410   12.09032   11.47460  5.09%     -    8s
     0     0   11.47627    0 2384   12.09032   11.47627  5.08%     -    8s
     0     0   11.49946    0 2614   12.09032   11.49946  4.89%     -   10s
     0     0   11.49984    0 2598   12.09032   11.49984  4.88%     -   10s
     0     0   11.50712    0 2474   12.09032   11.50712  4.82%     -   12s
     0     0   11.50901    0 2460   12.09032   11.50901  4.81%     -   12s
     0     0   11.51857    0 2341   12.09032   11.51857  4.73%     -   14s
     0     0   11.51943    0 2322   12.09032   11.51943  4.72%     -   14s
     0     0   11.52319    0 2326   12.09032   11.52319  4.69%     -   14s
     0     0   11.52324    0 2318   12.09032   11.52324  4.69%     -   14s
     0     0   11.52921    0 2277   12.09032   11.52921  4.64%     -   15s
     0     0   11.53028    0 2281   12.09032   11.53028  4.63%     -   15s
     0     0   11.53271    0 2290   12.09032   11.53271  4.61%     -   16s
     0     0   11.53444    0 2282   12.09032   11.53444  4.60%     -   16s
     0     0   11.53458    0 2281   12.09032   11.53458  4.60%     -   16s
     0     0   11.53476    0 2249   12.09032   11.53476  4.60%     -   16s
     0     0   11.53478    0 2279   12.09032   11.53478  4.59%     -   16s
     0     0   11.53579    0 2318   12.09032   11.53579  4.59%     -   17s
     0     2   11.53579    0 2316   12.09032   11.53579  4.59%     -   18s
     7    16   11.53999    3 2258   12.09032   11.53853  4.56%   609   23s
    31    64   11.54246    5 2286   12.09032   11.54108  4.54%  1316   26s
H   41    64                      12.0903185   11.54108  4.54%  1127   26s
   155   242   11.54727    9 2305   12.09032   11.54246  4.53%   811   33s
   241   334   11.55161   12 2275   12.09032   11.54246  4.53%   997   36s
   422   517   11.55545   13 2308   12.09032   11.54246  4.53%   897   42s
   516   611   11.55358   14 2272   12.09032   11.54246  4.53%   843   46s
   610   708   11.55507   15 2275   12.09032   11.54246  4.53%   830   50s
   802   892   11.55817   17 2267   12.09032   11.54246  4.53%   765   55s
  1085  1206   11.56371   20 2288   12.09032   11.54246  4.53%   657   61s
  1205  1338   11.56346   21 2250   12.09032   11.54246  4.53%   686   65s
  1622  1811   11.57175   30 2199   12.09032   11.54246  4.53%   608   73s
  1810  1962   11.57321   32 2192   12.09032   11.54246  4.53%   594   76s
  2152  2321   11.58471   38 2245   12.09032   11.54246  4.53%   597   83s
  2320  2530   11.58430   40 2173   12.09032   11.54246  4.53%   628   87s
  2529  2745   11.58595   41 2174   12.09032   11.54246  4.53%   621   90s
  3015  3326   11.59572   48 2114   12.09032   11.54246  4.53%   613   97s
  3325  3695   11.60000   54 1990   12.09032   11.54246  4.53%   607  101s
  4100  4543   11.61627   78 1836   12.09032   11.54246  4.53%   569  107s
  4542  5000   11.62315   99 1747   12.09032   11.54246  4.53%   553  110s
  5538  6056   11.63154  155 1442   12.09032   11.54246  4.53%   514  116s
  6680  7275   11.64013  194 1315   12.09032   11.54246  4.53%   504  123s
  7274  7976   11.65068  224 1342   12.09032   11.54246  4.53%   505  126s
H 7976  7723                      11.9167357   11.54246  3.14%   495  129s
H 8070  8358                      11.9157357   11.54246  3.13%   494  131s
H 8091  8222                      11.9005591   11.54246  3.01%   493  131s
H 8170  8179                      11.8915751   11.54246  2.94%   489  131s
H 8445  8082                      11.8800954   11.54246  2.84%   479  131s
H 8692  8065                      11.8772806   11.54246  2.82%   474  131s
  8792  8688   11.65679  276 1401   11.87728   11.54246  2.82%   476  136s
H 8800  8584                      11.8670155   11.54246  2.73%   476  136s
H 8910  8582                      11.8669414   11.54246  2.73%   471  136s
H 8960  8466                      11.8572090   11.54246  2.65%   470  136s
H 9044  8431                      11.8544459   11.54246  2.63%   467  136s
H 9059  8404                      11.8514071   11.54246  2.61%   467  136s
H 9152  8138                      11.8212445   11.54246  2.36%   466  136s
H 9474  8714                      11.8097168   11.54246  2.26%   475  140s
H 9777  8627                      11.8037874   11.54246  2.21%   463  140s
H10182  8624                      11.8036761   11.54246  2.21%   465  140s
H10208  9235                      11.7984840   11.54246  2.17%   464  143s
H10341  9231                      11.7982622   11.54246  2.17%   460  143s
H10372  9169                      11.7922920   11.54246  2.12%   463  143s
H10425  9114                      11.7884067   11.54246  2.09%   460  143s
H10637  9076                      11.7822189   11.54246  2.03%   457  143s
 10894  9817   11.68144  412 1268   11.78222   11.54246  2.03%   457  148s
H11027  9658                      11.7707493   11.54246  1.94%   456  148s
 11648 10661   11.68696  471 1325   11.77075   11.54246  1.94%   448  169s
H11740 10661                      11.7707493   11.54246  1.94%   445  169s
H12122 10579                      11.7643233   11.54246  1.89%   432  169s
 12652 11782   11.69810  523 1174   11.76432   11.54246  1.89%   433  174s
H12991 11782                      11.7643232   11.54246  1.89%   424  174s
H13149 11780                      11.7642637   11.54246  1.89%   420  174s
H13335 11750                      11.7623828   11.54246  1.87%   415  174s
 13855 12938   11.70312  559 1265   11.76238   11.54246  1.87%   416  178s
H13958 12938                      11.7623649   11.54246  1.87%   413  178s
H15011 12883                      11.7593262   11.54246  1.84%   405  178s
H15043 12883                      11.7592375   11.54246  1.84%   406  179s
H15043 12883                      11.7592372   11.54246  1.84%   406  179s
H15043 12883                      11.7591519   11.54246  1.84%   406  181s
 15044 12882   11.67209  304  472   11.75915   11.54246  1.84%   406  193s
 15046 12883   11.67024  155  538   11.75915   11.54246  1.84%   406  201s
 15047 12884   11.64563  283  587   11.75915   11.54246  1.84%   406  206s
 15049 12885   11.62288  104  567   11.75915   11.56971  1.61%   406  211s
 15054 12889   11.58679   38  594   11.75915   11.57225  1.59%   406  215s
 15059 12892   11.62688   83  560   11.75915   11.57444  1.57%   406  221s
 15067 12897   11.65097  217  553   11.75915   11.57457  1.57%   405  225s
 15082 12908   11.61804   67  510   11.75915   11.57457  1.57%   410  234s
 15083 12909   11.64109  166  528   11.75915   11.57457  1.57%   410  240s
 15088 12912   11.64090  194  572   11.75915   11.57506  1.57%   410  245s
 15097 12918   11.62666  112  550   11.75915   11.57788  1.54%   409  250s
 15106 12924   11.63658  142  560   11.75915   11.57788  1.54%   409  259s
 15107 12925   11.73926  226  560   11.75915   11.57788  1.54%   409  262s
 15108 12929   11.57788   21 2386   11.75915   11.57788  1.54%   413  355s
 15110 12932   11.57788   22 2372   11.75915   11.57788  1.54%   413  361s
 15114 12939   11.57838   23 2374   11.75915   11.57788  1.54%   414  367s
 15122 12952   11.58047   24 2278   11.75915   11.57838  1.54%   414  373s
 15138 12979   11.58138   25 2266   11.75915   11.58047  1.52%   416  380s
 15202 13068   11.58331   27 2287   11.75915   11.58138  1.51%   424  389s
 15281 13128   11.58828   28 2364   11.75915   11.58138  1.51%   429  396s
 15367 13204   11.58750   30 2310   11.75915   11.58138  1.51%   435  402s
 15472 13264   11.58916   32 2224   11.75915   11.58138  1.51%   448  408s
 15567 13308   11.59214   34 2238   11.75915   11.58138  1.51%   459  413s
 15642 13361   11.59552   35 2291   11.75915   11.58138  1.51%   472  419s
 15720 13417   11.59816   36 2204   11.75915   11.58138  1.51%   479  423s
 15802 13483   11.59802   37 2258   11.75915   11.58138  1.51%   486  428s
 15896 13516   11.59947   39 2252   11.75915   11.58138  1.51%   498  432s
 15960 13572   11.60209   39 2247   11.75915   11.58138  1.51%   509  437s
 16037 13625   11.60326   40 2248   11.75915   11.58138  1.51%   523  442s
 16116 13651   11.60446   42 2144   11.75915   11.58138  1.51%   533  448s
H16120 13002                      11.7361468   11.58138  1.32%   535  448s
H16135 12382                      11.7358767   11.58138  1.32%   538  448s
 16168 12464   11.60862   43 2226   11.73588   11.58138  1.32%   541  453s
 16261 12546   11.60714   45 2093   11.73588   11.58138  1.32%   550  460s
 16374 12629   11.60941   46 2130   11.73588   11.58138  1.32%   557  465s
 16494 12720   11.61034   48 2074   11.73588   11.58138  1.32%   569  472s
 16625 12795   11.61236   48 2087   11.73588   11.58138  1.32%   578  478s
H16654 12202                      11.7358767   11.58138  1.32%   583  478s
H16677 11640                      11.7358766   11.58138  1.32%   584  478s
 16744 11746   11.61200   50 2082   11.73588   11.58138  1.32%   588  483s
 16873 11828   11.61277   51 2077   11.73588   11.58138  1.32%   605  489s
 16998 11938   11.61465   51 2160   11.73588   11.58138  1.32%   618  496s
 17149 12067   11.61435   53 2013   11.73588   11.58138  1.32%   633  502s
 17329 12165   11.61989   55 1996   11.73588   11.58138  1.32%   645  507s
 17489 12289   11.61783   56 2041   11.73588   11.58138  1.32%   655  514s
 17668 12450   11.61860   57 2042   11.73588   11.58138  1.32%   668  520s
 17889 12502   11.62223   60 2125   11.73588   11.58138  1.32%   676  527s
H17903 11971                      11.7351740   11.58138  1.31%   679  527s
 18014 12120   11.62372   62 2096   11.73517   11.58138  1.31%   684  533s
 18200 12257   11.62639   67 2068   11.73517   11.58138  1.31%   699  540s
 18402 12391   11.62820   69 2036   11.73517   11.58138  1.31%   714  547s
 18612 12555   11.62979   71 2031   11.73517   11.58203  1.31%   732  553s
 18852 12700     cutoff   74        11.73517   11.58203  1.31%   745  561s
 19084 12830   11.63444   78 1982   11.73517   11.58203  1.31%   762  568s
H19178 12298                      11.7349598   11.58203  1.30%   768  568s
H19303 12130                      11.7329598   11.58203  1.29%   771  575s
 19672 12400   11.63901   97 2019   11.73296   11.58403  1.27%   788  582s
 20108 12670   11.64287  100 1945   11.73296   11.58403  1.27%   805  591s
 20538 12564   11.64178  101 1990   11.73296   11.58525  1.26%   819  596s
H20539 11828                      11.7114671   11.58525  1.08%   819  596s
H20577 11872                      11.7104671   11.58525  1.07%   821  604s
 21136 12137   11.64989  108 1947   11.71047   11.58525  1.07%   834  612s
H21181 11678                      11.7083357   11.58525  1.05%   833  612s
H21602 11337                      11.7073357   11.58525  1.04%   852  622s
H21802 10901                      11.7072263   11.58533  1.04%   872  622s
H21822 10876                      11.7071745   11.58533  1.04%   874  629s
H21832 10540                      11.7071663   11.58533  1.04%   874  629s
H21928 10193                      11.7071615   11.58533  1.04%   874  629s
H21981  9876                      11.7071520   11.58533  1.04%   874  629s
 22166 10360   11.65343  122 1927   11.70715   11.58546  1.04%   886  637s
H22299 10030                      11.7071149   11.58546  1.04%   886  637s
 22717 10577   11.65907  144 1843   11.70711   11.58546  1.04%   899  646s
H22815 10275                      11.7070960   11.58546  1.04%   899  646s
 23422 10654   11.66240  159 1773   11.70710   11.58546  1.04%   911  655s
H23694 10307                      11.7070873   11.58546  1.04%   919  655s
H23736 10047                      11.7070776   11.58546  1.04%   919  655s
 24022 10698   11.66526  165 1764   11.70708   11.58546  1.04%   929  663s
H24031 10463                      11.7070693   11.58546  1.04%   929  663s
H24085 10225                      11.7070602   11.58546  1.04%   932  663s
 24779 10576   11.66988  175 1756   11.70706   11.58546  1.04%   943  671s
H24920 10320                      11.7070602   11.58546  1.04%   945  671s
H25092 10064                      11.7070602   11.58546  1.04%   944  671s
H25233  9828                      11.7070586   11.58546  1.04%   947  671s
 25386 10627   11.66932  181 1754   11.70706   11.58546  1.04%   951  681s
H25656 10475                      11.7070548   11.58546  1.04%   950  681s
 26260 10705   11.67078  190 1737   11.70705   11.58553  1.04%   971  690s
H26266 10705                      11.7070500   11.58553  1.04%   971  690s
H26284 10703                      11.7068275   11.58553  1.04%   970  690s
H26292 10685                      11.7060617   11.58553  1.03%   971  690s
H26490 10667                      11.7052360   11.58553  1.02%   975  690s
 26494 11530   11.67671  202 1689   11.70524   11.58553  1.02%   976  699s
 27395 12262   11.68711  229 1609   11.70524   11.58553  1.02%   988  709s
 28173 12801   11.68854  248 1562   11.70524   11.58608  1.02%  1008  719s
H28526 12801                      11.7052165   11.58608  1.02%  1007  719s
H28584 12798                      11.7050943   11.58608  1.02%  1009  719s
H28605 12798                      11.7050506   11.58646  1.01%  1010  719s
 28742 13793   11.69004  253 1582   11.70505   11.58646  1.01%  1016  730s
 29771 14661   11.69623  265 1446   11.70505   11.58646  1.01%  1030  743s
H29930 14661                      11.7050506   11.58646  1.01%  1030  743s
 30691 15508   11.70010  286 1426   11.70505   11.58665  1.01%  1054  751s
 31578 16228   11.70118  291 1450   11.70505   11.58692  1.01%  1062  760s
H31588 16223                      11.7049667   11.58692  1.01%  1064  760s
H32328 16370                      11.7049596   11.58692  1.01%  1075  770s
H32342 16369                      11.7048690   11.58692  1.01%  1076  770s
H32381 15874                      11.6978528   11.58692  0.95%  1079  770s
 32513 16440   11.59660   32 2346   11.69785   11.58695  0.95%  1083  780s
 33271 17110   11.60659   42 2198   11.69785   11.58695  0.95%  1096  791s
 33973 17546   11.61413   43 2262   11.69785   11.58702  0.95%  1116  804s
H33988 17540                      11.6978231   11.58702  0.95%  1116  804s
 34437 18372   11.61791   50 2235   11.69782   11.58702  0.95%  1142  816s
H35327 19116                      11.6978231   11.58702  0.95%  1160  828s
H35415 19116                      11.6978228   11.58702  0.95%  1162  828s
H35427 19116                      11.6978225   11.58702  0.95%  1164  828s
H35741 19116                      11.6978200   11.58702  0.95%  1176  828s
 36124 19934   11.62685   58 2125   11.69782   11.58702  0.95%  1179  840s
 36993 20392   11.63693   65 2145   11.69782   11.58702  0.95%  1204  854s
 37544 20848   11.64799   84 1883   11.69782   11.58702  0.95%  1244  868s
 38207 21475   11.65438   99 1734   11.69782   11.58737  0.94%  1283  884s
 38977 22421   11.66350  153 1495   11.69782   11.58737  0.94%  1311  899s
 39964 23526   11.67380  234 1300   11.69782   11.58866  0.93%  1326  914s
 41129 24909   11.68317  307 1255   11.69782   11.58933  0.93%  1338  929s
 42570 25904   11.68857  421 1136   11.69782   11.58939  0.93%  1346  946s
 43681 27194   11.69562  438 1204   11.69782   11.58947  0.93%  1373  962s
 45100 28954   11.69286  472 1074   11.69782   11.58947  0.93%  1392  978s
 46949 30826   11.69342  476 1174   11.69782   11.58961  0.93%  1392  996s
 48916 31983   11.69470  478 1136   11.69782   11.58961  0.93%  1390 1013s
 50208 32151     cutoff  506        11.69782   11.58961  0.93%  1414 1034s
H50379 32150                      11.6978125   11.58961  0.93%  1425 1034s
 50443 33330   11.60315   30 2385   11.69781   11.58961  0.93%  1428 1052s
H51773 34569                      11.6977531   11.59027  0.92%  1444 1071s
H51820 34568                      11.6977507   11.59027  0.92%  1445 1071s
H52136 34568                      11.6977505   11.59027  0.92%  1447 1071s
 53131 36659   11.65557   78 2044   11.69775   11.59027  0.92%  1454 1091s
 55335 38486   11.69381  169 1700   11.69775   11.59027  0.92%  1453 1111s
H57348 40129                      11.6977502   11.59027  0.92%  1456 1131s
H57394 40129                      11.6977498   11.59027  0.92%  1456 1131s
H58272 40129                      11.6977497   11.59064  0.92%  1459 1131s
 59205 40130   11.63666   66  472   11.69775   11.59064  0.92%  1464 1251s
 59207 40131   11.60348   38  519   11.69775   11.59064  0.92%  1464 1257s
 59208 40132   11.65865  138  570   11.69775   11.59064  0.92%  1464 1263s
 59209 40133   11.61931   48  545   11.69775   11.59064  0.92%  1464 1265s
 59210 40133   11.68608  111  551   11.69775   11.59064  0.92%  1464 1275s
 59212 40135   11.67779  180  530   11.69775   11.59064  0.92%  1464 1289s
 59213 40135   11.64632   83  520   11.69775   11.59064  0.92%  1464 1292s
 59214 40136   11.67622  228  532   11.69775   11.59064  0.92%  1464 1301s
 59215 40137   11.67651  158  537   11.69775   11.59064  0.92%  1464 1305s
 59217 40138   11.66569  116  556   11.69775   11.59064  0.92%  1464 1313s
 59218 40139   11.68080  226  562   11.69775   11.59064  0.92%  1464 1317s
 59219 40139   11.66460  123  564   11.69775   11.59064  0.92%  1464 1321s
 59220 40140   11.69334  415  565   11.69775   11.59064  0.92%  1464 1325s
 59222 40141   11.65425  116  563   11.69775   11.59064  0.92%  1464 1333s
 59223 40142   11.68588  205  553   11.69775   11.59064  0.92%  1464 1336s
 59224 40143   11.67545  504  551   11.69775   11.59064  0.92%  1464 1341s
 59225 40143   11.68860  343  563   11.69775   11.59064  0.92%  1464 1345s
 59227 40145   11.65284  104  550   11.69775   11.59064  0.92%  1464 1353s
 59228 40145   11.67402  156  553   11.69775   11.59064  0.92%  1464 1357s
 59229 40146   11.64545   83  542   11.69775   11.59064  0.92%  1464 1361s
 59230 40147   11.68538  387  544   11.69775   11.59064  0.92%  1464 1365s
 59231 40147   11.67678  458  545   11.69775   11.59064  0.92%  1464 1370s
 59233 40149   11.66772  103  555   11.69775   11.59064  0.92%  1464 1378s
 59234 40149   11.60038   34  556   11.69775   11.59064  0.92%  1463 1381s
 59235 40150   11.68248  282  557   11.69775   11.59064  0.92%  1463 1385s
 59237 40151   11.61577   44  559   11.69775   11.59064  0.92%  1463 1393s
 59238 40152   11.67524  167  554   11.69775   11.59064  0.92%  1463 1397s
 59239 40153   11.66081   91  554   11.69775   11.59064  0.92%  1463 1407s
 59240 40153   11.67503  103  554   11.69775   11.59064  0.92%  1463 1414s
 59241 40157   11.59064   31 2296   11.69775   11.59064  0.92%  1464 1508s
 59243 40160   11.59064   32 2282   11.69775   11.59064  0.92%  1464 1516s
 59247 40167   11.59064   33 2318   11.69775   11.59064  0.92%  1464 1522s
 59255 40180   11.59064   34 2385   11.69775   11.59064  0.92%  1465 1530s
 59271 40207   11.59064   35 2395   11.69775   11.59064  0.92%  1465 1540s
 59303 40228   11.59064   36 2354   11.69775   11.59064  0.92%  1468 1548s
 59335 40343   11.59064   37 2348   11.69775   11.59064  0.92%  1471 1558s
 59460 40382   11.59263   39 2306   11.69775   11.59064  0.92%  1476 1565s
 59541 40425   11.59246   40 2324   11.69775   11.59064  0.92%  1480 1571s
 59611 40476   11.59518   41 2239   11.69775   11.59064  0.92%  1482 1576s
 59685 40537   11.59475   43 2274   11.69775   11.59064  0.92%  1485 1583s
 59771 40608   11.59556   43 2301   11.69775   11.59064  0.92%  1486 1591s
 59871 40678   11.59614   44 2288   11.69775   11.59064  0.92%  1487 1597s
 59974 40737   11.59905   45 2312   11.69775   11.59064  0.92%  1487 1603s
 60067 40801   11.60184   46 2263   11.69775   11.59064  0.92%  1488 1608s
 60162 40858   11.60225   48 2294   11.69775   11.59064  0.92%  1489 1613s
 60251 40891   11.60438   50 2291   11.69775   11.59064  0.92%  1490 1618s
H60259 38880                      11.6977497   11.59064  0.92%  1490 1618s
 60314 38955   11.60601   51 2261   11.69775   11.59064  0.92%  1491 1625s
 60408 39029   11.60825   52 2271   11.69775   11.59064  0.92%  1493 1632s
 60513 39121   11.61125   54 2288   11.69775   11.59064  0.92%  1494 1637s
 60640 39201   11.61650   56 2226   11.69775   11.59064  0.92%  1495 1644s
 60762 39317   11.62220   58 2265   11.69775   11.59064  0.92%  1497 1648s
 60920 39410   11.62622   61 2252   11.69775   11.59064  0.92%  1496 1654s
 61069 39492   11.62928   64 2269   11.69775   11.59064  0.92%  1497 1660s
 61202 39579   11.63335   65 2261   11.69775   11.59064  0.92%  1500 1667s
 61334 39645   11.63068   66 2306   11.69775   11.59064  0.92%  1504 1673s
 61444 39759   11.63245   67 2276   11.69775   11.59064  0.92%  1507 1680s
 61596 39887   11.63546   69 2274   11.69775   11.59064  0.92%  1510 1686s
 61778 40016   11.64011   73 2227   11.69775   11.59064  0.92%  1512 1692s
 61971 40149   11.64403   76 2245   11.69775   11.59064  0.92%  1514 1698s
 62174 40256   11.64537   77 2190   11.69775   11.59064  0.92%  1516 1705s
 62352 40391   11.65046   82 2178   11.69775   11.59064  0.92%  1521 1713s
 62547 40482   11.65335   83 2151   11.69775   11.59064  0.92%  1527 1720s
 62714 40640   11.65302   86 2083   11.69775   11.59064  0.92%  1534 1727s
 62946 40732   11.65374   88 2078   11.69775   11.59064  0.92%  1538 1735s
 63157 40843   11.65582   94 2111   11.69775   11.59064  0.92%  1543 1742s
 63371 40945   11.65794   97 2042   11.69775   11.59064  0.92%  1551 1751s
 63589 41133   11.65956  100 2086   11.69775   11.59064  0.92%  1557 1758s
 63856 41320   11.66113  102 2082   11.69775   11.59064  0.92%  1559 1767s
 64142 41505   11.66356  108 2023   11.69775   11.59064  0.92%  1562 1775s
 64439 41471   11.66436  109 2067   11.69775   11.59064  0.92%  1565 1783s
 64507 41625   11.66517  110 2058   11.69775   11.59064  0.92%  1565 1793s
 64695 41885   11.66443  110 2069   11.69775   11.59064  0.92%  1567 1801s
 65027 42408   11.66661  114 2036   11.69775   11.59064  0.92%  1568 1810s
 65688 42941   11.67103  125 1963   11.69775   11.59064  0.92%  1565 1819s
 66480 43485   11.67435  130 1938   11.69775   11.59064  0.92%  1560 1827s
 67300 43977     cutoff  142        11.69775   11.59064  0.92%  1558 1837s
 68091 44484   11.68103  168 1728   11.69775   11.59064  0.92%  1559 1848s
 68915 44995   11.68327  177 1678   11.69775   11.59064  0.92%  1557 1858s
 69731 45540   11.68412  185 1613   11.69775   11.59064  0.92%  1559 1868s
 70636 45971   11.68688  197 1578   11.69775   11.59064  0.92%  1557 1878s
 71411 46554   11.69025  207 1488   11.69775   11.59064  0.92%  1560 1888s
 72293 47037   11.69149  212 1472   11.69775   11.59064  0.92%  1561 1900s
 73100 47442   11.69149  213 1454   11.69775   11.59064  0.92%  1563 1910s
 73836 47299   11.69288  217 1512   11.69775   11.59064  0.92%  1570 1922s
 73959 47921   11.69288  218 1510   11.69775   11.59064  0.92%  1576 1936s
 74692 48314   11.69394  221 1460   11.69775   11.59064  0.92%  1582 1947s
 75392 48525   11.69511  224 1424   11.69775   11.59064  0.92%  1591 1958s
 75921 48845     cutoff  229        11.69775   11.59064  0.92%  1605 1970s
 76497 49299   11.60617   48 2254   11.69775   11.59064  0.92%  1618 1982s
 77191 49825   11.65170   81 2201   11.69775   11.59064  0.92%  1628 1997s
 78020 50448   11.67171  112 1933   11.69775   11.59064  0.92%  1638 2011s
 78955 51010   11.69079  165 1662   11.69775   11.59064  0.92%  1647 2026s
 79953 51488   11.69612  183 1594   11.69775   11.59064  0.92%  1657 2042s
 80928 51948   11.60559   44 2327   11.69775   11.59064  0.92%  1665 2058s
 81907 52600   11.66821   89 2033   11.69775   11.59093  0.91%  1670 2075s
 82970 53170   11.69373  128 1982   11.69775   11.59122  0.91%  1674 2092s
 83950 53822     cutoff  135        11.69775   11.59122  0.91%  1684 2108s
 85029 54379   11.59869   44 2257   11.69775   11.59151  0.91%  1695 2127s
 86053 54756   11.64129   69 2301   11.69775   11.59151  0.91%  1708 2144s
 86942 55259   11.66935   79 2241   11.69775   11.59176  0.91%  1724 2162s
 87918 55966   11.69671  106 1988   11.69775   11.59177  0.91%  1737 2181s
 89105 57337     cutoff  106        11.69775   11.59224  0.90%  1745 2203s
 91009 58317   11.63463   57 2275   11.69775   11.59224  0.90%  1745 2220s
 92730 58951   11.64587   62 2406   11.69775   11.59246  0.90%  1740 2235s
 94025 59937   11.64332   62 2264   11.69775   11.59246  0.90%  1731 2250s
 95580 60445   11.64425   63 2294   11.69775   11.59285  0.90%  1727 2265s
 96697 60984   11.67258   90 2189   11.69775   11.59292  0.90%  1732 2282s
 97658 61357   11.68397  103 2169   11.69775   11.59312  0.89%  1736 2301s
 98533 61606   11.69142  113 2136   11.69775   11.59312  0.89%  1754 2323s
 99276 62465   11.69684  118 2181   11.69775   11.59347  0.89%  1774 2345s
 100555 63732     cutoff  119        11.69775   11.59347  0.89%  1781 2367s
 102353 64976     cutoff  119        11.69775   11.59352  0.89%  1780 2390s
 104344 65917   11.66217   91 2003   11.69775   11.59352  0.89%  1781 2414s
 106195 66468   11.69540  140 1737   11.69775   11.59352  0.89%  1785 2440s
 107467 67270   11.61207   47 2260   11.69775   11.59352  0.89%  1798 2468s
 108845 68743   11.62683   60 2351   11.69775   11.59426  0.88%  1810 2497s
 110858 69660   11.65156   88 2063   11.69775   11.59426  0.88%  1812 2526s
 112728 70789   11.67734  308 1313   11.69775   11.59497  0.88%  1826 2556s
 114719 71616   11.68800  570 1240   11.69775   11.59518  0.88%  1834 2588s
 116441 72370   11.69102  583 1223   11.69775   11.59525  0.88%  1849 2624s
 117871 73764   11.69342  638 1253   11.69775   11.59525  0.88%  1854 2662s
 120058 74663   11.61629   51 2333   11.69775   11.59540  0.87%  1873 2702s
 121977 76786   11.69443  130 1727   11.69775   11.59540  0.87%  1895 2757s
 125226 78576   11.65260   80 2222   11.69775   11.59583  0.87%  1912 2805s
 128532 80504   11.60811   45 2299   11.69775   11.59621  0.87%  1923 2851s
 131764 82838   11.69461  151 1682   11.69775   11.59650  0.87%  1922 2898s
 135480 86271   11.65626   75 2312   11.69775   11.59671  0.86%  1919 2945s
 140427 87297   11.61879   51 2310   11.69775   11.59676  0.86%  1905 2988s
 143507 88803   11.69745  213 1333   11.69775   11.59676  0.86%  1916 3031s
 146328 93637   11.67880   91 2233   11.69775   11.59676  0.86%  1917 3077s
 152278 94059     cutoff  117        11.69775   11.59676  0.86%  1884 3124s
 155130 95243   11.69574  134 1725   11.69775   11.59676  0.86%  1910 3181s
 157938 95874   11.69717  126 1861   11.69775   11.59726  0.86%  1939 3239s
 160136 102704   11.62497   55 2311   11.69775   11.59726  0.86%  1973 3303s
 167739 105682   11.69338  210 1375   11.69775   11.59726  0.86%  1933 3348s
 173409 105082   11.69702  217 1356   11.69775   11.59726  0.86%  1914 3386s
 174974 106508   11.65541   84 2124   11.69775   11.59782  0.85%  1939 3426s
 177009 109012     cutoff  179        11.69775   11.59782  0.85%  1955 3468s
 179708 116355   11.66338   96 2046   11.69775   11.59782  0.85%  1957 3512s
 187252 119545   11.61057   46 2329   11.69775   11.59785  0.85%  1916 3559s
 190867 121415   11.69435  157 1752   11.69775   11.59786  0.85%  1926 3601s
 193148 124263   11.65263   87 2093   11.69775   11.59821  0.85%  1935 3649s
 196429 126029   11.61276   45 2398   11.69775   11.59821  0.85%  1942 3697s
 198511 131024     cutoff  144        11.69775   11.59821  0.85%  1958 3748s
 203792 134452   11.65379   74 2348   11.69775   11.59851  0.85%  1943 3796s
 207444 136361   11.60662   42 2298   11.69775   11.59851  0.85%  1950 3839s
 209741 140950   11.64305   75 2191   11.69775   11.59851  0.85%  1962 3887s
 214575 142588   11.69083  449 1111   11.69775   11.59851  0.85%  1949 3930s
 216627 144685   11.69426  521 1099   11.69775   11.59881  0.85%  1962 3978s
 218909 151800   11.67063   81 2299   11.69775   11.59881  0.85%  1963 4044s
 226306 152815   11.69105  128 1848   11.69775   11.59917  0.84%  1951 4080s
 227732 154504   11.69714  138 1780   11.69775   11.59924  0.84%  1966 4120s
 229818 157978   11.67476  113 1994   11.69775   11.59924  0.84%  1977 4165s
 233538 162298   11.69456  203 1598   11.69775   11.59937  0.84%  1973 4207s
 238085 163822   11.69709  216 1493   11.69775   11.59942  0.84%  1966 4247s
 239957 166191   11.69222  134 1769   11.69775   11.59954  0.84%  1980 4291s
 242743 168320   11.66423   87 2091   11.69775   11.59955  0.84%  1983 4334s
 245213 169913   11.69531  150 1680   11.69775   11.59955  0.84%  1990 4379s
 247138 171159   11.63968   65 2205   11.69775   11.59955  0.84%  2001 4425s
 249047 174402     cutoff  129        11.69775   11.59965  0.84%  2018 4501s
 253081 176518   11.61167   47 2323   11.69775   11.59997  0.84%  2036 4568s
 255711 180169     cutoff  167        11.69775   11.60006  0.84%  2055 4639s
 259602 183171   11.66271   80 2164   11.69775   11.60015  0.83%  2058 4707s
 263244 186358   11.67842  114 1956   11.69775   11.60027  0.83%  2071 4772s
 266981 189227   11.69409  102 1980   11.69775   11.60027  0.83%  2081 4835s
 270318 192628   11.64397   69 2362   11.69775   11.60027  0.83%  2092 4895s
 274474 195567   11.66625   72 2362   11.69775   11.60068  0.83%  2093 4953s
 277965 198118   11.62823   54 2221   11.69775   11.60090  0.83%  2094 5002s
 280637 200379   11.66658   70 2288   11.69775   11.60090  0.83%  2097 5063s
 283300 203788   11.69662  100 2076   11.69775   11.60090  0.83%  2108 5128s
 287285 206962   11.69258  169 1573   11.69775   11.60090  0.83%  2114 5188s
 290847 210745     cutoff  176        11.69775   11.60102  0.83%  2114 5246s
 295126 213674   11.69648  165 1607   11.69775   11.60118  0.83%  2115 5300s
 298582 215396   11.69532  138 1534   11.69775   11.60135  0.82%  2120 5354s
 300761 222805   11.63293   62 2306   11.69775   11.60135  0.82%  2131 5411s
 308330 229112   11.68784  243 1326   11.69775   11.60151  0.82%  2103 5460s
 314889 230703     cutoff  340        11.69775   11.60156  0.82%  2088 5485s
 316829 231780   11.69633  451 1179   11.69775   11.60156  0.82%  2091 5514s
 318215 233395   11.62058   55 2257   11.69775   11.60156  0.82%  2097 5547s
 319993 235552   11.65381   91 2030   11.69775   11.60156  0.82%  2099 5583s
 322262 239514   11.67565  211 1614   11.69775   11.60157  0.82%  2096 5620s
 326528 241104     cutoff  316        11.69775   11.60158  0.82%  2087 5657s
 328446 243276     cutoff  326        11.69775   11.60163  0.82%  2094 5694s
 330930 247230   11.61749   54 2329   11.69775   11.60163  0.82%  2094 5734s
 335078 250489   11.69370  128 1897   11.69775   11.60163  0.82%  2085 5771s
 338543 252085   11.60788   44 2398   11.69775   11.60166  0.82%  2082 5822s
 340480 256844   11.64257   71 2271   11.69775   11.60173  0.82%  2091 5902s
 345855 261010   11.67680  152 1776   11.69775   11.60186  0.82%  2096 5958s
 350534 263469   11.69016  241 1335   11.69775   11.60186  0.82%  2093 6006s
 353560 267055   11.69760  268 1274   11.69775   11.60190  0.82%  2099 6056s
 357574 270100   11.62312   57 2271   11.69775   11.60202  0.82%  2095 6105s
 361161 271888   11.61192   45 2311   11.69775   11.60202  0.82%  2094 6151s
 363318 273589   11.69227  121 1959   11.69775   11.60205  0.82%  2102 6199s
 365411 275239   11.61961   51 2273   11.69775   11.60215  0.82%  2111 6251s
 367489 276352   11.61200   43 2317   11.69775   11.60216  0.82%  2121 6300s
 369076 281045   11.69499  124 1835   11.69775   11.60216  0.82%  2133 6396s
 374478 285590   11.61801   46 2412   11.69775   11.60235  0.82%  2137 6462s
 379522 288181   11.69751  140 1701   11.69775   11.60237  0.82%  2138 6518s
 382546 290124   11.69378  130 1887   11.69775   11.60247  0.81%  2143 6574s
 384952 299116   11.63672   60 2391   11.69775   11.60247  0.81%  2152 6633s
 394188 302148   11.68750  320 1204   11.69775   11.60256  0.81%  2123 6672s
 397440 304803   11.69009  380 1217   11.69775   11.60256  0.81%  2125 6720s
 400592 306687   11.61793   51 2260   11.69775   11.60256  0.81%  2130 6772s
 402814 309775   11.69494  141 1800   11.69775   11.60259  0.81%  2135 6830s
 406337 313430   11.69649  122 1969   11.69775   11.60259  0.81%  2139 6886s
 410312 315865   11.69519  106 2030   11.69775   11.60261  0.81%  2137 6937s
 413350 318954   11.66714   68 2357   11.69775   11.60277  0.81%  2141 6988s
 417581 320246   11.69623  108 1769   11.69775   11.60278  0.81%  2137 7038s
 419406 323451   11.62543   47 2408   11.69775   11.60294  0.81%  2146 7093s
 422724 325056   11.68079   74 2356   11.69775   11.60294  0.81%  2146 7147s
 424635 326287   11.61519   48 2346   11.69775   11.60299  0.81%  2154 7206s
 426312 327837   11.60518   46 2195   11.69775   11.60299  0.81%  2166 7253s
 427982 335408   11.64142   69 2322   11.69775   11.60299  0.81%  2172 7347s
 436032 338728   11.68138  187 1519   11.69775   11.60310  0.81%  2165 7393s
 439771 342553   11.69106  325 1181   11.69775   11.60310  0.81%  2164 7437s
 443897 345946   11.69292  355 1140   11.69775   11.60312  0.81%  2159 7480s
 447560 347783     cutoff  387        11.69775   11.60312  0.81%  2159 7519s
 449656 349592   11.69429  106 1938   11.69775   11.60312  0.81%  2165 7561s
 451948 351066   11.69728  109 1969   11.69775   11.60316  0.81%  2170 7612s
 453890 352404   11.69420  104 1970   11.69775   11.60316  0.81%  2178 7661s
 455520 354533   11.64883   58 2402   11.69775   11.60316  0.81%  2184 7709s
 458214 356437   11.63807   65 2334   11.69775   11.60325  0.81%  2185 7769s
 460594 359498     cutoff  114        11.69775   11.60325  0.81%  2195 7836s
 464049 362291     cutoff  136        11.69775   11.60331  0.81%  2197 7903s
 467727 365166   11.62428   53 2271   11.69775   11.60339  0.81%  2204 7967s
 471208 367968   11.68033   87 2082   11.69775   11.60341  0.81%  2210 8032s
 474480 370520   11.69628  110 2014   11.69775   11.60350  0.81%  2213 8096s
 477552 373985   11.69496  119 1897   11.69775   11.60350  0.81%  2218 8159s
 481447 376738   11.61822   52 2307   11.69775   11.60350  0.81%  2218 8222s
 484663 378419   11.69461  126 1849   11.69775   11.60358  0.81%  2220 8274s
 486864 381050   11.69320  105 2060   11.69775   11.60358  0.81%  2226 8347s
 490105 384888     cutoff  125        11.69775   11.60376  0.80%  2236 8419s
 494543 387665   11.69658  192 1500   11.69775   11.60382  0.80%  2239 8486s
 497960 389974   11.64639   68 2336   11.69775   11.60382  0.80%  2244 8549s
 500756 392254   11.65517   72 2234   11.69775   11.60382  0.80%  2251 8615s
 503589 394260   11.63874   59 2362   11.69775   11.60403  0.80%  2259 8686s
H503745 389445                      11.6961458   11.60403  0.79%  2259 8686s
H506026 390534                      11.6958034   11.60404  0.78%  2266 8757s
H506599 389694                      11.6956747   11.60405  0.78%  2267 8757s
H508828 389665                      11.6956708   11.60405  0.78%  2270 8757s
 509125 396118   11.64789   73 2358   11.69567   11.60405  0.78%  2270 8829s
 516050 399854   11.67350  164 1731   11.69567   11.60409  0.78%  2261 8881s
H516259 397963                      11.6953598   11.60409  0.78%  2261 8881s
H516423 397946                      11.6953577   11.60409  0.78%  2261 8881s
H518182 397946                      11.6953576   11.60409  0.78%  2262 8881s
 520259 400519   11.68938  268 1482   11.69536   11.60409  0.78%  2259 8922s
 523164 401879   11.69150  286 1469   11.69536   11.60409  0.78%  2260 8967s
 525072 404700   11.69375  300 1359   11.69536   11.60409  0.78%  2267 9013s
 528383 406544   11.68693  164 1606   11.69536   11.60409  0.78%  2266 9062s
 530538 408189   11.61465   50 2215   11.69536   11.60410  0.78%  2268 9112s
 532599 409875   11.69414  116 1899   11.69536   11.60410  0.78%  2274 9167s
 534754 411677     cutoff  109        11.69536   11.60421  0.78%  2281 9227s
 537028 414560   11.68971  172 1690   11.69536   11.60423  0.78%  2286 9288s
 540343 416274     cutoff  133        11.69536   11.60427  0.78%  2290 9351s
 542495 418241   11.69169  126 1805   11.69536   11.60428  0.78%  2295 9418s
 545034 420228   11.67816   81 2292   11.69536   11.60428  0.78%  2305 9472s
 547435 420678   11.65138   71 2252   11.69536   11.60438  0.78%  2309 9592s
 548009 426237   11.65287   72 2257   11.69536   11.60444  0.78%  2310 9690s
 554390 428246   11.61865   52 2277   11.69536   11.60450  0.78%  2311 9751s
 556981 430461   11.62200   47 2313   11.69536   11.60450  0.78%  2318 9816s
 559809 433598     cutoff  113        11.69536   11.60459  0.78%  2325 9884s
 563461 437718   11.61661   54 2347   11.69536   11.60462  0.78%  2329 9950s
 568106 440591   11.67098  163 1605   11.69536   11.60462  0.78%  2329 10010s
 571469 442127   11.68885  348 1080   11.69536   11.60462  0.78%  2332 10070s
 573538 443695   11.69168  366 1208   11.69536   11.60472  0.77%  2340 10135s
 575216 445969   11.61306   42 2413   11.69536   11.60472  0.77%  2344 10187s
 577651 453347   11.68449  101 1836   11.69536   11.60472  0.77%  2346 10257s
 585533 456702   11.61059   46 2317   11.69536   11.60480  0.77%  2335 10294s
 588306 456702   11.69110  145 1875   11.69536   11.60480  0.77%  2331 10295s
 589236 458338   11.69157  207 1464   11.69536   11.60480  0.77%  2332 10330s
 591303 460079   11.64199   63 2331   11.69536   11.60480  0.77%  2335 10370s
 593442 461391     cutoff  105        11.69536   11.60480  0.77%  2338 10410s
 595104 463100   11.64164   67 2331   11.69536   11.60480  0.77%  2343 10458s
 597247 465263   11.61907   52 2268   11.69536   11.60486  0.77%  2346 10508s
 599728 467820   11.69524  118 1919   11.69536   11.60486  0.77%  2349 10559s
 602699 469773   11.69201  133 1712   11.69536   11.60491  0.77%  2350 10615s
 605036 472503   11.65607   78 2121   11.69536   11.60491  0.77%  2355 10669s
 608293 476110   11.69422  168 1654   11.69536   11.60491  0.77%  2355 10720s
 612463 478207   11.68186  112 1938   11.69536   11.60502  0.77%  2350 10768s
 614942 479994   11.64942   68 2391   11.69536   11.60502  0.77%  2353 10817s
 616995 481666 infeasible  132        11.69536   11.60506  0.77%  2354 10873s
 619080 483001   11.61351   45 2326   11.69536   11.60513  0.77%  2360 10932s
 620830 490357   11.66681   68 2277   11.69536   11.60514  0.77%  2367 10995s
 628303 494276   11.61632   51 2287   11.69536   11.60514  0.77%  2351 11041s
 632357 495859   11.64593   75 2273   11.69536   11.60514  0.77%  2350 11084s
 634274 498192   11.65919   95 1990   11.69536   11.60514  0.77%  2355 11137s
 637143 501353   11.67098  130 1868   11.69536   11.60520  0.77%  2358 11199s
 641020 503792   11.68525  222 1291   11.69536   11.60521  0.77%  2359 11254s
 643767 505793   11.69381  251 1307   11.69536   11.60525  0.77%  2361 11310s
 646304 507610   11.64730   81 2051   11.69536   11.60525  0.77%  2366 11371s
 648591 509476   11.63990   60 2310   11.69536   11.60527  0.77%  2372 11436s
 650849 512516   11.61314   47 2312   11.69536   11.60536  0.77%  2376 11504s
 654494 515117     cutoff  159        11.69536   11.60538  0.77%  2379 11571s
 657569 517477     cutoff  113        11.69536   11.60541  0.77%  2384 11640s
 660745 520666   11.65849   80 2050   11.69536   11.60545  0.77%  2389 11708s
 664412 527357   11.64745   69 2134   11.69536   11.60548  0.77%  2391 11762s
 671170 529327   11.68892  175 1799   11.69536   11.60549  0.77%  2377 11789s
 673224 530672     cutoff  186        11.69536   11.60550  0.77%  2378 11820s
 674893 531893   11.69532  187 1718   11.69536   11.60550  0.77%  2380 11854s
 676364 533389   11.62216   54 2316   11.69536   11.60550  0.77%  2383 11890s
 678210 534718   11.69315  162 1780   11.69536   11.60550  0.77%  2385 11930s
 679767 536516   11.66715   82 2246   11.69536   11.60550  0.77%  2387 11977s
 681701 539172     cutoff  126        11.69536   11.60550  0.77%  2389 12024s
 684503 543835   11.62857   58 2354   11.69536   11.60555  0.77%  2386 12073s
 689450 547283     cutoff  216        11.69536   11.60556  0.77%  2381 12116s
 693312 552246   11.65515  102 1994   11.69536   11.60556  0.77%  2379 12169s
 698713 553992   11.69024  350 1187   11.69536   11.60561  0.77%  2373 12202s
 700677 555849   11.69281  368 1247   11.69536   11.60561  0.77%  2374 12241s
 702948 557461   11.65923   70 2316   11.69536   11.60561  0.77%  2376 12286s
 704930 559352   11.61208   46 2292   11.69536   11.60561  0.77%  2379 12330s
 707140 561119   11.69267  147 1854   11.69536   11.60561  0.77%  2380 12379s
 709419 563189   11.66942   87 2153   11.69536   11.60569  0.77%  2384 12431s
 711832 564638   11.65141   69 2433   11.69536   11.60569  0.77%  2387 12485s
 713666 566678   11.69275  141 1758   11.69536   11.60574  0.77%  2390 12544s
 716189 568031   11.69222  120 1936   11.69536   11.60576  0.77%  2394 12607s
 717969 570235   11.69408  123 1934   11.69536   11.60576  0.77%  2400 12674s
 720832 572880   11.64576   67 2361   11.69536   11.60584  0.77%  2405 12743s
 723988 575239   11.61894   47 2282   11.69536   11.60584  0.77%  2409 12797s
 726708 578387   11.62651   52 2291   11.69536   11.60584  0.77%  2411 12864s
 730328 581107     cutoff  118        11.69536   11.60589  0.76%  2411 12928s
 733506 582526   11.69529  149 1753   11.69536   11.60593  0.76%  2413 12991s
 735382 584580   11.62681   61 2166   11.69536   11.60596  0.76%  2419 13058s
 737480 590950   11.65792   91 1981   11.69536   11.60596  0.76%  2421 13132s
 744082 595041   11.69405  228 1433   11.69536   11.60596  0.76%  2415 13189s
 748677 597363   11.69228  259 1243   11.69536   11.60596  0.76%  2414 13240s
H751350 595557                      11.6951210   11.60599  0.76%  2415 13240s
 751430 599528   11.62161   54 2285   11.69512   11.60599  0.76%  2415 13292s
H755685 601133                      11.6948667   11.60599  0.76%  2412 13346s
H755948 599818                      11.6947280   11.60599  0.76%  2412 13346s
 759738 601314   11.69306  237 1368   11.69473   11.60600  0.76%  2410 13391s
H759764 601283                      11.6947253   11.60600  0.76%  2411 13391s
H761196 597510                      11.6943395   11.60600  0.76%  2413 13391s
 761558 599348   11.69135  239 1329   11.69434   11.60600  0.76%  2413 13442s
H763995 595461                      11.6935314   11.60602  0.75%  2417 13501s
H765056 594297                      11.6934415   11.60602  0.75%  2414 13501s

Cutting planes:
  Learned: 55
  Gomory: 254
  Cover: 269
  Implied bound: 115
  Projected implied bound: 31
  Clique: 5
  MIR: 575
  StrongCG: 87
  Flow cover: 1567
  GUB cover: 6
  Inf proof: 1
  Zero half: 1
  Network: 1
  RLT: 1167
  Relax-and-lift: 190
  BQP: 3
  PSD: 1

Explored 769995 nodes (1853543020 simplex iterations) in 13501.51 seconds (32763.03 work units)
Thread count was 32 (of 104 available processors)

Solution count 10: 11.6934 11.6934 11.6935 ... 11.6954

Optimal solution found (tolerance 7.50e-03)
Best objective 1.169344155149e+01, best bound 1.160602462073e+01, gap 0.7476%
m.flow_changes_penalty(): 580.0
Total operational cost: 116354.42
Maximum power (kW): 1179.82
Discharge energy capacity (kWh): 12780.01
Charge energy capacity (kWh): 11081.32
Levelized Cost of Flexibility ($/kWh): 0.18
{'fixed_demand_cost': 5280.633082617244, 'variable_demand_cost': 4877.489949325914, 'fixed_monthly_cost': 171938.17204301074, 'total_water_production': 282179.6712328763, 'total_energy_cost': 19840.537050750485, 'total_demand_cost': 10158.123031943158, 'total_customer_cost': 0.0, 'total_feed_cost': 51077.13588039477, 'total_brine_cost': 15932.544048423853, 'total_chemical_cost': 19346.075503401105, 'total_water_revenue': 0.0, 'total_demand_response_revenue': 0.0, 'total_emissions_cost': 0.0, 'total_op_cost': 116354.41551491337, 'fixed_cost': 121551.98252688172, 'total_cost': 237906.3980417951, 'LCOW': 0.8431025417329107, 'degree_of_flex': 0.12574850299401197, 'total_replacement_cost': 1427.7916964369165, 'maximum_power': 1179.8242033564638, 'discharge_energy_capacity': 12780.012944633205, 'charge_energy_capacity': 11081.318719635512, 'discharge_power_capacity': 511.2005177853282, 'charge_power_capacity': 77.49173929815043, 'round_trip_efficiency': 0, 'LVOF': 0.18120426001776405}
Saved operation variable results to: /home/rchurchi/watertap_test/watertap/tutorials/flex_ro/wrd_result_summer_both_2_flexible_trains.csv
2026-07-16 23:35:09 [INFO] idaes.core.surrogate.pysmo_surrogate: Decode surrogate. type=poly

===========================Polynomial Regression===============================================

The number of cross-validation cases (3) is used.
The default training/cross-validation split of 0.75 is used.
No iterations will be run.
Default parameter estimation method is used.
Parameter estimation method:  pyomo 

2026-07-16 23:35:09 [INFO] idaes.core.surrogate.pysmo_surrogate: Decode surrogate. type=poly

===========================Polynomial Regression===============================================

The number of cross-validation cases (3) is used.
The default training/cross-validation split of 0.75 is used.
No iterations will be run.
Default parameter estimation method is used.
Parameter estimation method:  pyomo 

2026-07-16 23:35:09 [INFO] idaes.core.surrogate.pysmo_surrogate: Decode surrogate. type=poly

===========================Polynomial Regression===============================================

The number of cross-validation cases (3) is used.
The default training/cross-validation split of 0.75 is used.
No iterations will be run.
Default parameter estimation method is used.
Parameter estimation method:  pyomo 

2026-07-16 23:35:09 [INFO] idaes.core.surrogate.pysmo_surrogate: Decode surrogate. type=poly

===========================Polynomial Regression===============================================

The number of cross-validation cases (3) is used.
The default training/cross-validation split of 0.75 is used.
No iterations will be run.
Default parameter estimation method is used.
Parameter estimation method:  pyomo 

2026-07-16 23:35:11 [INFO] idaes.apps.grid_integration.pricetaker.price_taker_model: Found minimum uptime/downtime data for pretreatment.uf_pumps[1] - Adding minimum uptime/downtime constraints.
2026-07-16 23:35:11 [INFO] idaes.apps.grid_integration.pricetaker.price_taker_model: Created startup/shutdown constraints for operation model  pretreatment.uf_pumps[1] at uf_pumps_1_startup_shutdown.
2026-07-16 23:35:11 [INFO] idaes.apps.grid_integration.pricetaker.price_taker_model: Found minimum uptime/downtime data for pretreatment.uf_pumps[2] - Adding minimum uptime/downtime constraints.
2026-07-16 23:35:11 [INFO] idaes.apps.grid_integration.pricetaker.price_taker_model: Created startup/shutdown constraints for operation model  pretreatment.uf_pumps[2] at uf_pumps_2_startup_shutdown.
2026-07-16 23:35:11 [INFO] idaes.apps.grid_integration.pricetaker.price_taker_model: Found minimum uptime/downtime data for pretreatment.uf_pumps[3] - Adding minimum uptime/downtime constraints.
2026-07-16 23:35:11 [INFO] idaes.apps.grid_integration.pricetaker.price_taker_model: Created startup/shutdown constraints for operation model  pretreatment.uf_pumps[3] at uf_pumps_3_startup_shutdown.
2026-07-16 23:35:11 [INFO] idaes.apps.grid_integration.pricetaker.price_taker_model: Found minimum uptime/downtime data for reverse_osmosis.ro_skid[1] - Adding minimum uptime/downtime constraints.
2026-07-16 23:35:11 [INFO] idaes.apps.grid_integration.pricetaker.price_taker_model: Created startup/shutdown constraints for operation model  reverse_osmosis.ro_skid[1] at ro_skid_1_startup_shutdown.
2026-07-16 23:35:11 [INFO] idaes.apps.grid_integration.pricetaker.price_taker_model: Found minimum uptime/downtime data for reverse_osmosis.ro_skid[2] - Adding minimum uptime/downtime constraints.
2026-07-16 23:35:11 [INFO] idaes.apps.grid_integration.pricetaker.price_taker_model: Created startup/shutdown constraints for operation model  reverse_osmosis.ro_skid[2] at ro_skid_2_startup_shutdown.
2026-07-16 23:35:11 [INFO] idaes.apps.grid_integration.pricetaker.price_taker_model: Found minimum uptime/downtime data for reverse_osmosis.ro_skid[3] - Adding minimum uptime/downtime constraints.
2026-07-16 23:35:11 [INFO] idaes.apps.grid_integration.pricetaker.price_taker_model: Created startup/shutdown constraints for operation model  reverse_osmosis.ro_skid[3] at ro_skid_3_startup_shutdown.
2026-07-16 23:35:11 [INFO] idaes.apps.grid_integration.pricetaker.price_taker_model: Found minimum uptime/downtime data for reverse_osmosis.ro_skid[4] - Adding minimum uptime/downtime constraints.
2026-07-16 23:35:11 [INFO] idaes.apps.grid_integration.pricetaker.price_taker_model: Created startup/shutdown constraints for operation model  reverse_osmosis.ro_skid[4] at ro_skid_4_startup_shutdown.
4270
Set parameter LogToConsole to value 1
Set parameter MIPGap to value 0.0075
Gurobi Optimizer version 12.0.3 build v12.0.3rc0 (linux64 - "Red Hat Enterprise Linux 8.8 (Ootpa)")

CPU model: Intel(R) Xeon(R) Platinum 8470QL, instruction set [SSE2|AVX|AVX2|AVX512]
Thread count: 104 physical cores, 104 logical processors, using up to 32 threads

Non-default parameters:
MIPGap  0.0075

Optimize a model with 17951 rows, 16373 columns and 48595 nonzeros
Model fingerprint: 0x17c001bf
Model has 168 quadratic objective terms
Model has 2352 quadratic constraints
Variable types: 11259 continuous, 5114 integer (5114 binary)
Coefficient statistics:
  Matrix range     [5e-04, 2e+03]
  QMatrix range    [2e-07, 1e+00]
  QLMatrix range   [3e-04, 1e+00]
  Objective range  [1e-05, 1e-03]
  QObjective range [2e-04, 2e-04]
  Bounds range     [9e-01, 1e+03]
  RHS range        [5e-02, 3e+05]
  QRHS range       [3e-01, 3e-01]
Presolve removed 8835 rows and 8481 columns
Presolve time: 0.10s
Presolved: 18048 rows, 8175 columns, 49077 nonzeros
Presolved model has 188 SOS constraint(s)
Presolved model has 2312 bilinear constraint(s)

Solving non-convex MIQCP

Variable types: 5336 continuous, 2839 integer (2839 binary)
Found heuristic solution: objective 12.0903187

Root relaxation: unbounded, 0 iterations, 0.01 seconds (0.00 work units)

    Nodes    |    Current Node    |     Objective Bounds      |     Work
 Expl Unexpl |  Obj  Depth IntInf | Incumbent    BestBd   Gap | It/Node Time

     0     2  postponed    0        12.09032          -      -     -    6s
    15    26  postponed    4        12.09032          -      -  6289   10s
    87   139  postponed    7        12.09032          -      -  6512   16s
   148   267  postponed    8        12.09032          -      -  8034   21s
   294   544  postponed   10        12.09032          -      -  7460   29s
   651  1050  postponed   15        12.09032          -      -  3751   43s
  1513  1850  postponed   25        12.09032          -      -  1921   66s
H 2273  1850                      12.0903185          -      -  1445   66s
  3082  4013  postponed   42        12.09032          -      -  1206   96s
  6002  7319  postponed   60        12.09032          -      -   967  118s
  9816  9381 infeasible   71        12.09032          -      -   797  133s
H 9961  9381                      12.0903185          -      -   798  133s
 12218 11589  postponed   81        12.09032          -      -   772  147s
 14639 11591   11.42562  299 1014   12.09032    9.46320  21.7%   783  155s
 14641 11593   11.72319  415 1318   12.09032   11.25186  6.93%   783  160s
 14642 11593   11.41265   62 1021   12.09032   11.41265  5.61%   783  167s
 14644 11595   11.95990  249  787   12.09032   11.47142  5.12%   783  171s
 14646 11596   11.90353  117 1004   12.09032   11.47784  5.07%   783  175s
 14650 11599   11.48019   20 1022   12.09032   11.48019  5.05%   783  183s
 14652 11600   11.48066  380  990   12.09032   11.48066  5.04%   782  186s
 14656 11603   11.48157   31 1004   12.09032   11.48157  5.04%   782  191s
 14661 11606   11.93840  294  989   12.09032   11.48182  5.03%   782  200s
 14662 11607   11.87331  501  989   12.09032   11.48182  5.03%   782  210s
 14663 11610   11.53733   15 2931   12.09032   11.48182  5.03%   790  351s
 14665 11614   11.58259   16 2879   12.09032   11.48292  5.02%   790  362s
 14669 11620   11.59224   17 2822   12.09032   11.48402  5.01%   792  373s
 14677 11634   11.61082   18 2947   12.09032   11.48415  5.01%   798  384s
 14693 11660   11.61349   19 2924   12.09032   11.48444  5.01%   807  395s
 14725 11682   11.69779   20 2933   12.09032   11.48445  5.01%   829  401s
 14757 11747   11.73844   21 2156   12.09032   11.48445  5.01%   840  414s
 14833 11806   11.78200   22 2662   12.09032   11.48445  5.01%   881  433s
 14917 11851   11.74798   23 1942   12.09032   11.48445  5.01%   905  443s
 14998 11911   11.77331   24 2209   12.09032   11.48445  5.01%   930  453s
 15089 11962   11.80367   26 2358   12.09032   11.48445  5.01%   949  461s
 15179 12010   11.81600   26 2189   12.09032   11.48445  5.01%   967  475s
 15265 12066   11.84973   27 2254   12.09032   11.48445  5.01%   988  487s
 15365 12115   11.85586   28 2417   12.09032   11.48445  5.01%  1002  495s
 15454 12169   11.97684   29 2140   12.09032   11.48445  5.01%  1018  506s
 15547 12224   11.85674   30 1998   12.09032   11.48445  5.01%  1040  515s
 15647 12264   11.87758   31 2328   12.09032   11.48445  5.01%  1056  525s
 15739 12282   11.91502   32 2352   12.09032   11.48445  5.01%  1080  533s
 15812 12334   11.93204   33 2432   12.09032   11.48445  5.01%  1103  542s
 15913 12407   11.94142   36 1766   12.09032   11.48445  5.01%  1126  554s
 16037 12453   11.93311   38 2215   12.09032   11.48445  5.01%  1143  565s
 16147 12530   11.93347   39 2132   12.09032   11.48445  5.01%  1170  578s
 16272 12590   12.00793   39 1988   12.09032   11.48445  5.01%  1193  590s
 16402 12697   11.93350   41 2100   12.09032   11.48451  5.01%  1218  601s
 16571 12794   11.93401   42 2083   12.09032   11.48451  5.01%  1235  610s
 16735 12860   11.98358   44 1771   12.09032   11.48451  5.01%  1251  622s
 16889 12963   11.93950   45 2058   12.09032   11.48451  5.01%  1277  634s
 17073 13109   11.96306   48 2027   12.09032   11.48451  5.01%  1297  644s
 17296 13213   11.96353   50 1938   12.09032   11.48451  5.01%  1315  658s
 17497 13370   11.96422   51 1937   12.09032   11.48451  5.01%  1331  669s
 17745 13473   11.96507   54 1932   12.09032   11.48451  5.01%  1348  682s
 17968 13623   11.98761   57 1863   12.09032   11.51568  4.75%  1370  695s
 18220 13756   11.98862   61 1861   12.09032   11.51568  4.75%  1389  707s
 18449 13825     cutoff   61        12.09032   11.51568  4.75%  1417  725s
 18625 13978     cutoff   63        12.09032   11.51568  4.75%  1456  740s
 18869 14145   12.03467   64 1856   12.09032   11.51568  4.75%  1485  755s
 19146 14412   12.03710   72 1846   12.09032   11.51568  4.75%  1508  766s
 19523 14739   12.04054   82 1758   12.09032   11.51568  4.75%  1518  778s
 19985 14702   12.04072   83 1768   12.09032   11.51568  4.75%  1520  791s
H20009 12357                      11.9503233   11.51568  3.64%  1520  791s
H20050 11010                      11.8766525   11.51568  3.04%  1518  791s
H20093 10371                      11.8619374   11.51568  2.92%  1522  791s
H20094  9613                      11.7967368   11.51568  2.38%  1522  791s
 20118  9448     cutoff   87        11.79674   11.51568  2.38%  1525  809s
H20124  8973                      11.7967368   11.51568  2.38%  1524  809s
H20183  8504                      11.7962372   11.51568  2.38%  1531  809s
H20341  8025                      11.7950049   11.52238  2.31%  1539  809s
H20381  7605                      11.7939985   11.52462  2.28%  1544  809s
 20392  7675     cutoff   22        11.79400   11.52462  2.28%  1547  825s
H20596  7291                      11.7939981   11.52462  2.28%  1579  841s
H20620  6917                      11.7934997   11.52462  2.28%  1581  841s
H20677  6550                      11.7930501   11.52462  2.28%  1585  841s
H20766  6190                      11.7918952   11.52462  2.27%  1591  841s
H20861  5844                      11.7914511   11.52462  2.26%  1606  841s
 20866  5882   11.74047  168 1820   11.79145   11.52462  2.26%  1608  854s
 21112  6157   11.74862  188 1824   11.79145   11.53373  2.19%  1647  869s
H21154  5833                      11.7900232   11.53373  2.17%  1648  869s
H21376  5442                      11.7888861   11.53373  2.16%  1662  869s
 21505  5749   11.75991  223 1779   11.78889   11.54446  2.07%  1672  887s
H21652  5431                      11.7888838   11.54446  2.07%  1679  887s
 21890  5619   11.78132  247 1766   11.78888   11.54446  2.07%  1714  902s
H21909  5357                      11.7888837   11.54446  2.07%  1715  902s
H21930  5107                      11.7888794   11.54446  2.07%  1719  902s
H22029  4843                      11.7888791   11.54446  2.07%  1735  902s
H22051  4617                      11.7888748   11.54446  2.07%  1738  902s
H22189  4361                      11.7887641   11.54446  2.07%  1766  902s
 22195  4641     cutoff  266        11.78876   11.54446  2.07%  1766  917s
H22269  4414                      11.7885258   11.55144  2.01%  1779  917s
 22522  4612 infeasible  272        11.78853   11.55165  2.01%  1823  934s
H22768  4342                      11.7885257   11.55167  2.01%  1861  934s
 22888  4552   11.56556   37 2315   11.78853   11.55167  2.01%  1876  951s
H22925  4361                      11.7885255   11.55167  2.01%  1883  951s
 23219  4545   11.57179   41 2148   11.78853   11.55167  2.01%  1940  976s
H23250  4365                      11.7885254   11.55167  2.01%  1944  976s
H23264  4199                      11.7885238   11.55167  2.01%  1945  976s
H23274  4043                      11.7885235   11.55167  2.01%  1948  976s
H23285  4015                      11.7885192   11.55267  2.00%  1952  976s
H23498  4014                      11.7883012   11.55267  2.00%  1986  976s
 23644  4261   11.74363   52 2141   11.78830   11.55267  2.00%  1990  997s
H23704  4261                      11.7883011   11.55267  2.00%  1995  997s
 24025  4594   11.76073   68 2084   11.78830   11.55267  2.00%  2040 1023s
H24141  4594                      11.7883011   11.55434  1.98%  2053 1023s
H24267  4594                      11.7883010   11.55434  1.98%  2066 1023s
 24427  5066   11.77252   83 2172   11.78830   11.55434  1.98%  2082 1041s
H24852  5066                      11.7882968   11.55434  1.98%  2113 1041s
H24955  5697                      11.7882967   11.55434  1.98%  2121 1066s
H25126  5697                      11.7882951   11.55434  1.98%  2139 1066s
H25639  6229                      11.7882673   11.56106  1.93%  2155 1088s
H25824  4903                      11.7652258   11.56106  1.74%  2168 1088s
H26100  4522                      11.7592626   11.56106  1.69%  2181 1088s
 26194  4849   11.74811   41 2237   11.75926   11.56106  1.69%  2187 1111s
 26839  5559     cutoff   47        11.75926   11.56106  1.69%  2227 1133s
 27670  6378     cutoff   46        11.75926   11.56327  1.67%  2261 1157s
H27712  6377                      11.7592293   11.56327  1.67%  2266 1157s
H27876  6377                      11.7592293   11.56327  1.67%  2257 1157s
H28398  5588                      11.7492275   11.56451  1.57%  2270 1157s
 28636  6646   11.62648   63 2131   11.74923   11.56451  1.57%  2282 1178s
H29069  6641                      11.7491373   11.56559  1.56%  2279 1178s
 29847  7648   11.67404  151 1869   11.74914   11.56559  1.56%  2293 1203s
H29969  7635                      11.7489365   11.56559  1.56%  2293 1203s
H31021  8106                      11.7474634   11.56559  1.55%  2325 1221s
 31722  8653     cutoff  230        11.74746   11.56559  1.55%  2345 1240s
H31823  8653                      11.7474632   11.56559  1.55%  2348 1240s
 32336  9657   11.74564  227 1811   11.74746   11.56559  1.55%  2345 1260s
 33492 10092     cutoff  229        11.74746   11.56559  1.55%  2345 1278s
 34074 10425     cutoff   29        11.74746   11.56559  1.55%  2381 1299s
 34590 10684   11.71453   28 2282   11.74746   11.57179  1.50%  2427 1322s
 35022 10936   11.73761   43 2344   11.74746   11.57389  1.48%  2476 1344s
 35429 11247   11.73106   44 2296   11.74746   11.57389  1.48%  2526 1370s
 35908 11527   11.74699   52 1992   11.74746   11.57405  1.48%  2571 1395s
 36358 12023     cutoff   52        11.74746   11.57807  1.44%  2625 1423s
 36981 12625   11.73221   51 2237   11.74746   11.57978  1.43%  2674 1456s
 37743 13399   11.74342   63 2058   11.74746   11.57978  1.43%  2722 1489s
H38197 13351                      11.7466354   11.58192  1.40%  2731 1489s
H38402 13350                      11.7466346   11.58192  1.40%  2727 1489s
 38618 14559   11.72075   43 2205   11.74663   11.58192  1.40%  2745 1523s
H38793 14559                      11.7466346   11.58192  1.40%  2760 1523s
H39969 15789                      11.7466345   11.58192  1.40%  2770 1556s
H39978 15789                      11.7466343   11.58192  1.40%  2773 1556s
 41405 17078     cutoff   56        11.74663   11.58463  1.38%  2788 1586s
H42621 17078                      11.7466342   11.58463  1.38%  2787 1586s
H42709 17078                      11.7466340   11.58463  1.38%  2796 1586s
 42899 18600 infeasible   32        11.74663   11.58463  1.38%  2793 1616s
H43106 18600                      11.7466339   11.58463  1.38%  2793 1616s
H44261 18600                      11.7466339   11.58463  1.38%  2792 1616s
H44567 20104                      11.7466071   11.58463  1.38%  2796 1648s
H44965 19864                      11.7443597   11.58463  1.36%  2787 1648s
H45292 12483                      11.7030021   11.58463  1.01%  2780 1648s
 46205 13062   11.69560  166 1433   11.70300   11.58463  1.01%  2776 1678s
H46249 13009                      11.7025745   11.58463  1.01%  2779 1678s
H47666 12808                      11.7011470   11.58922  0.96%  2767 1678s
 47876 14718     cutoff  185        11.70115   11.58922  0.96%  2776 1710s
H48204 14717                      11.7011395   11.58922  0.96%  2775 1710s
H49971 15735                      11.7011395   11.58922  0.96%  2775 1744s
H49971 15734                      11.7011321   11.58922  0.96%  2775 1744s
H50771 15488                      11.6996326   11.59051  0.93%  2793 1744s
H51328 16425                      11.6986326   11.59060  0.92%  2810 1780s
 52788 17610     cutoff  196        11.69863   11.59060  0.92%  2829 1815s
H52833 17437                      11.6979335   11.59060  0.92%  2829 1815s
 54212 18437   11.62087   60 2161   11.69793   11.59064  0.92%  2851 1853s
H55145 18437                      11.6979334   11.59064  0.92%  2872 1853s
H55337 18437                      11.6979332   11.59064  0.92%  2877 1853s
 55537 19655   11.63709   73 2131   11.69793   11.59064  0.92%  2887 1892s
H56336 19655                      11.6979331   11.59234  0.90%  2904 1892s
 56930 21217   11.64438   84 2006   11.69793   11.59234  0.90%  2921 1934s
H57201 21217                      11.6979331   11.59234  0.90%  2924 1934s
H57260 21217                      11.6979331   11.59234  0.90%  2925 1934s
H58207 21217                      11.6979331   11.59234  0.90%  2944 1934s
 58625 23451   11.66218  101 1680   11.69793   11.59234  0.90%  2954 1978s
H58951 23451                      11.6979331   11.59234  0.90%  2965 1978s
H60142 23451                      11.6979331   11.59432  0.89%  2956 1978s
 61060 26547   11.67603  129 1546   11.69793   11.59432  0.89%  2967 2031s
H63757 26547                      11.6979331   11.59432  0.89%  2962 2031s
 64339 28495   11.69298  167 1519   11.69793   11.59432  0.89%  2966 2065s
H64860 28495                      11.6979329   11.59432  0.89%  2965 2065s
 66477 29843   11.69456  197 1420   11.69793   11.59432  0.89%  2968 2101s
H66497 29843                      11.6979329   11.59432  0.89%  2970 2101s
H66825 29823                      11.6978357   11.59481  0.88%  2959 2101s
 68105 31409     cutoff  200        11.69784   11.59481  0.88%  2972 2140s
H68106 31396                      11.6977783   11.59481  0.88%  2972 2140s
H69503 31386                      11.6977334   11.59481  0.88%  2985 2140s
 69883 33092     cutoff   66        11.69773   11.59481  0.88%  2983 2181s
 71800 35734   11.66469  106 2100   11.69773   11.59522  0.88%  3002 2231s
H71865 35733                      11.6977275   11.59561  0.87%  3003 2231s
H71958 35733                      11.6977253   11.59561  0.87%  3002 2231s
H72100 35733                      11.6977155   11.59561  0.87%  3003 2231s
H72666 35732                      11.6977132   11.59567  0.87%  3005 2231s
 74652 38077   11.69639  158 1840   11.69771   11.59572  0.87%  2997 2274s
H75078 38077                      11.6977132   11.59572  0.87%  3006 2274s
H75694 38077                      11.6977104   11.59572  0.87%  3004 2274s
 77295 40574   11.66050   92 1849   11.69771   11.59584  0.87%  2995 2318s
H78208 40574                      11.6977098   11.59584  0.87%  2999 2318s
H79481 40574                      11.6977093   11.59584  0.87%  3003 2318s
 80080 42328     cutoff  144        11.69771   11.59584  0.87%  3001 2363s
 82304 43872   11.62194   62 1983   11.69771   11.59584  0.87%  3019 2415s
 84168 45809   11.64481   80 1936   11.69771   11.59584  0.87%  3048 2470s
 86338 48342   11.68054  151 1435   11.69771   11.59584  0.87%  3078 2528s
 89082 50460   11.69046  243 1254   11.69771   11.59606  0.87%  3109 2589s
 91600 52969   11.63206   72 2126   11.69771   11.59606  0.87%  3151 2665s
 94714 55398   11.62303   54 2298   11.69771   11.59606  0.87%  3184 2746s
 97336 57070   11.65992  112 1694   11.69771   11.59753  0.86%  3224 2845s
H97365 57069                      11.6977088   11.59753  0.86%  3224 2845s
H98279 57069                      11.6977080   11.59753  0.86%  3225 2845s
 99156 61296   11.67363  136 1477   11.69771   11.59779  0.85%  3238 2944s
 103993 64286   11.69516  227 1157   11.69771   11.59785  0.85%  3268 3032s
 107610 67026   11.66751  102 1752   11.69771   11.59805  0.85%  3307 3114s
 110920 69602   11.65405   83 1968   11.69771   11.59805  0.85%  3336 3198s
 114350 72071   11.66124  102 1791   11.69771   11.59844  0.85%  3375 3281s
 117503 74050   11.62336   63 2138   11.69771   11.59884  0.85%  3406 3365s
 119914 76746   11.65997  109 1586   11.69771   11.59899  0.84%  3448 3453s
 122884 81019   11.69258  213 1239   11.69771   11.59913  0.84%  3491 3533s
 127640 83242     cutoff  271        11.69771   11.59920  0.84%  3494 3588s
 130325 85436   11.62672   67 2128   11.69771   11.59923  0.84%  3506 3650s
 132897 88192   11.66516  108 1628   11.69771   11.59926  0.84%  3518 3717s
 135911 90897   11.69251  174 1474   11.69771   11.59930  0.84%  3533 3783s
 139042 93391   11.69628  203 1339   11.69771   11.59939  0.84%  3544 3849s
 141885 96751   11.69475  158 1571   11.69771   11.59939  0.84%  3560 3917s
 145669 99529   11.61321   48 2227   11.69771   11.59954  0.84%  3548 3987s
 148872 101356     cutoff   44        11.69771   11.59977  0.84%  3558 4055s
 151213 103367   11.65877   84 1963   11.69771   11.59977  0.84%  3577 4124s
 153653 105686   11.68395   93 1847   11.69771   11.59977  0.84%  3599 4203s
 156426 108966   11.61884   50 2215   11.69771   11.59977  0.84%  3628 4296s
 160076 111416   11.64532   66 2161   11.69771   11.60016  0.83%  3633 4383s
 163105 114047   11.66049   75 2091   11.69771   11.60026  0.83%  3664 4473s
 166203 117307   11.66968   83 2018   11.69771   11.60030  0.83%  3688 4561s
 170053 119603     cutoff  119        11.69771   11.60030  0.83%  3701 4644s
 173157 121720   11.65181   92 1842   11.69771   11.60047  0.83%  3730 4732s
 176072 124114   11.62622   58 2059   11.69771   11.60053  0.83%  3752 4823s
H176176 122489                      11.6964411   11.60053  0.82%  3754 4823s
H178837 122877                      11.6954411   11.60053  0.81%  3766 4913s
H179228 117676                      11.6938680   11.60053  0.80%  3769 4913s
 182165 120552   11.68878  101 1908   11.69387   11.60069  0.80%  3787 5005s
H183362 120148                      11.6937483   11.60069  0.80%  3797 5005s
H183925 117339                      11.6929087   11.60069  0.79%  3804 5005s
 185530 119421     cutoff  117        11.69291   11.60069  0.79%  3807 5089s
H185535 119420                      11.6929085   11.60069  0.79%  3806 5089s
H187389 118946                      11.6927646   11.60069  0.79%  3820 5089s
H187530 118918                      11.6927529   11.60069  0.79%  3821 5089s
H187798 118376                      11.6925992   11.60069  0.79%  3823 5089s
 187889 122205   11.68815  121 1576   11.69260   11.60069  0.79%  3823 5203s
 192437 124523   11.66740   86 2027   11.69260   11.60079  0.79%  3847 5293s
H193986 124372                      11.6925546   11.60085  0.78%  3858 5293s
 195222 127458   11.68998  110 1845   11.69255   11.60085  0.78%  3867 5385s
H196748 127446                      11.6925490   11.60085  0.78%  3878 5386s
 198628 130909   11.69054  165 1522   11.69255   11.60085  0.78%  3888 5483s
H198815 130814                      11.6925177   11.60085  0.78%  3889 5483s
H198956 130790                      11.6925104   11.60085  0.78%  3890 5483s
 202545 134151   11.67076  101 1977   11.69251   11.60109  0.78%  3897 5570s
 206173 136834   11.67286  101 1850   11.69251   11.60116  0.78%  3906 5655s
 209293 139195   11.63505   74 2052   11.69251   11.60116  0.78%  3929 5739s
 212150 141548   11.61736   62 2176   11.69251   11.60122  0.78%  3947 5826s
 214914 144541   11.65476   99 1827   11.69251   11.60122  0.78%  3970 5909s
 218254 146961   11.68601  175 1262   11.69251   11.60122  0.78%  3987 5988s
 221269 149202     cutoff  232        11.69251   11.60137  0.78%  4002 6069s
 224086 152205   11.67866   99 1816   11.69251   11.60145  0.78%  4019 6154s
 227640 155055   11.69023  104 1574   11.69251   11.60149  0.78%  4030 6237s
 231066 157263   11.68582  130 1596   11.69251   11.60155  0.78%  4037 6325s
H232115 157263                      11.6925103   11.60155  0.78%  4039 6325s
 233615 159788   11.65663   90 1839   11.69251   11.60155  0.78%  4044 6411s
 236725 163424   11.66809  110 1669   11.69251   11.60155  0.78%  4060 6498s
 241043 165583   11.68975  151 1656   11.69251   11.60183  0.78%  4056 6582s
 243822 168195   11.62767   64 2142   11.69251   11.60192  0.77%  4068 6665s
 246623 172173   11.67271   98 1809   11.69251   11.60192  0.77%  4081 6761s
 250983 174438   11.63393   74 2158   11.69251   11.60196  0.77%  4087 6843s
 253786 176834   11.60560   49 2206   11.69251   11.60196  0.77%  4102 6927s
 256663 179556   11.60826   52 2226   11.69251   11.60199  0.77%  4117 7012s
 259817 181984   11.69125  121 1580   11.69251   11.60201  0.77%  4132 7099s
 262860 184872     cutoff  139        11.69251   11.60201  0.77%  4144 7188s
 266411 187829     cutoff   40        11.69251   11.60209  0.77%  4152 7272s
 269971 189707   11.69133  146 1582   11.69251   11.60227  0.77%  4156 7356s
 272372 191748   11.63454   57 2204   11.69251   11.60227  0.77%  4161 7444s
 274866 193656   11.68492  102 1883   11.69251   11.60227  0.77%  4178 7525s
 277496 196343     cutoff  114        11.69251   11.60247  0.77%  4188 7626s
 280799 198580   11.66362   83 2077   11.69251   11.60248  0.77%  4202 7725s
 283799 201118   11.62297   63 2128   11.69251   11.60253  0.77%  4218 7831s
 286798 205039   11.64119   75 2148   11.69251   11.60257  0.77%  4240 7939s
 291276 208424   11.60663   46 2415   11.69251   11.60263  0.77%  4249 8033s
 295532 210915   11.69065  137 1568   11.69251   11.60264  0.77%  4251 8121s
 298514 214380   11.66346  103 1726   11.69251   11.60272  0.77%  4260 8212s
 302231 217399   11.68978  160 1601   11.69251   11.60275  0.77%  4266 8302s
 305732 219477   11.67497   96 1933   11.69251   11.60278  0.77%  4275 8386s
H306802 219477                      11.6925103   11.60280  0.77%  4278 8386s
 308181 222577   11.66113   96 1995   11.69251   11.60280  0.77%  4280 8497s
H308666 222577                      11.6925103   11.60280  0.77%  4282 8497s
 312031 225781   11.65718   95 1948   11.69251   11.60287  0.77%  4293 8596s
 315801 228435     cutoff  138        11.69251   11.60291  0.77%  4295 8693s
 319164 231123   11.64929   79 1912   11.69251   11.60291  0.77%  4305 8789s
 322494 234401   11.66246   92 1948   11.69251   11.60301  0.77%  4316 8887s
 326424 237410   11.66337  116 2014   11.69251   11.60306  0.77%  4317 8974s
 330181 238307   11.67356  125 1592   11.69251   11.60315  0.76%  4318 9092s
 331382 241072   11.67140   85 1920   11.69251   11.60316  0.76%  4320 9187s
 334859 243451   11.65466   70 2235   11.69251   11.60326  0.76%  4326 9270s
 338070 245548   11.68414  114 1754   11.69251   11.60326  0.76%  4330 9355s
H339513 245548                      11.6925102   11.60326  0.76%  4333 9355s
 340732 248647   11.67056  110 1609   11.69251   11.60326  0.76%  4334 9449s
H342207 248647                      11.6925102   11.60326  0.76%  4335 9449s
 344528 251696   11.62266   59 2232   11.69251   11.60340  0.76%  4337 9540s
 348150 254832   11.61261   44 2318   11.69251   11.60343  0.76%  4339 9627s
 351781 257370   11.63567   69 2033   11.69251   11.60348  0.76%  4340 9712s
 354882 259488   11.62890   60 2367   11.69251   11.60353  0.76%  4346 9799s
 357638 262517   11.62685   61 2222   11.69251   11.60354  0.76%  4353 9886s
 361302 265591   11.60800   51 2259   11.69251   11.60354  0.76%  4354 9971s
 364955 268009   11.63524   64 2002   11.69251   11.60363  0.76%  4356 10058s
 368020 270779   11.63788   73 2210   11.69251   11.60369  0.76%  4362 10147s
 371548 273167   11.67091   92 1859   11.69251   11.60373  0.76%  4365 10231s
 374580 275601   11.66941   85 1852   11.69251   11.60378  0.76%  4368 10320s
H374867 274898                      11.6923403   11.60378  0.76%  4369 10320s
H376964 270859                      11.6913831   11.60386  0.75%  4369 10320s

Cutting planes:
  Learned: 283
  Gomory: 131
  Cover: 617
  Implied bound: 232
  Projected implied bound: 162
  Clique: 10
  MIR: 446
  StrongCG: 1
  Flow cover: 927
  GUB cover: 15
  Zero half: 35
  Network: 21
  RLT: 1411
  Relax-and-lift: 475
  BQP: 1
  PSD: 1

Explored 377377 nodes (1649201232 simplex iterations) in 10320.34 seconds (23968.42 work units)
Thread count was 32 (of 104 available processors)

Solution count 10: 11.6914 11.6914 11.6923 ... 11.6928

Optimal solution found (tolerance 7.50e-03)
Best objective 1.169138307241e+01, best bound 1.160386062419e+01, gap 0.7486%
m.flow_changes_penalty(): 520.0
Total operational cost: 116393.83
Maximum power (kW): 1171.77
Discharge energy capacity (kWh): 13176.08
Charge energy capacity (kWh): 9731.97
Levelized Cost of Flexibility ($/kWh): 0.17
{'fixed_demand_cost': 5244.577698289873, 'variable_demand_cost': 4894.409536806524, 'fixed_monthly_cost': 171938.17204301074, 'total_water_production': 282179.6712328764, 'total_energy_cost': 19661.400133645242, 'total_demand_cost': 10138.987235096396, 'total_customer_cost': 0.0, 'total_feed_cost': 51138.15973742799, 'total_brine_cost': 16096.545664200883, 'total_chemical_cost': 19358.73795373547, 'total_water_revenue': 0.0, 'total_demand_response_revenue': 0.0, 'total_emissions_cost': 0.0, 'total_op_cost': 116393.83072410598, 'fixed_cost': 121551.98252688172, 'total_cost': 237945.8132509877, 'LCOW': 0.8432422229828755, 'degree_of_flex': 0.1437125748502994, 'total_replacement_cost': 1430.3939899298148, 'maximum_power': 1171.768528939513, 'discharge_energy_capacity': 13176.079066368598, 'charge_energy_capacity': 9731.973659540254, 'discharge_power_capacity': 488.00292838402214, 'charge_power_capacity': 69.02108978397344, 'round_trip_efficiency': 0, 'LVOF': 0.1725684306014772}
Saved operation variable results to: /home/rchurchi/watertap_test/watertap/tutorials/flex_ro/wrd_result_summer_both_4_flexible_trains.csv
Saved summary results to: /home/rchurchi/watertap_test/watertap/tutorials/flex_ro/wrd_pricetaker_summary_results_20260717_022714.csv
