2026-07-20 13:45:45 [INFO] idaes.core.surrogate.pysmo_surrogate: Decode surrogate. type=poly

===========================Polynomial Regression===============================================

The number of cross-validation cases (3) is used.
The default training/cross-validation split of 0.75 is used.
No iterations will be run.
Default parameter estimation method is used.
Parameter estimation method:  pyomo 

2026-07-20 13:45:45 [INFO] idaes.core.surrogate.pysmo_surrogate: Decode surrogate. type=poly

===========================Polynomial Regression===============================================

The number of cross-validation cases (3) is used.
The default training/cross-validation split of 0.75 is used.
No iterations will be run.
Default parameter estimation method is used.
Parameter estimation method:  pyomo 

2026-07-20 13:45:45 [INFO] idaes.core.surrogate.pysmo_surrogate: Decode surrogate. type=poly

===========================Polynomial Regression===============================================

The number of cross-validation cases (3) is used.
The default training/cross-validation split of 0.75 is used.
No iterations will be run.
Default parameter estimation method is used.
Parameter estimation method:  pyomo 

2026-07-20 13:45:45 [INFO] idaes.core.surrogate.pysmo_surrogate: Decode surrogate. type=poly

===========================Polynomial Regression===============================================

The number of cross-validation cases (3) is used.
The default training/cross-validation split of 0.75 is used.
No iterations will be run.
Default parameter estimation method is used.
Parameter estimation method:  pyomo 

2026-07-20 13:45:47 [INFO] idaes.apps.grid_integration.pricetaker.price_taker_model: Found minimum uptime/downtime data for pretreatment.uf_pumps[1] - Adding minimum uptime/downtime constraints.
2026-07-20 13:45:47 [INFO] idaes.apps.grid_integration.pricetaker.price_taker_model: Created startup/shutdown constraints for operation model  pretreatment.uf_pumps[1] at uf_pumps_1_startup_shutdown.
2026-07-20 13:45:47 [INFO] idaes.apps.grid_integration.pricetaker.price_taker_model: Found minimum uptime/downtime data for pretreatment.uf_pumps[2] - Adding minimum uptime/downtime constraints.
2026-07-20 13:45:47 [INFO] idaes.apps.grid_integration.pricetaker.price_taker_model: Created startup/shutdown constraints for operation model  pretreatment.uf_pumps[2] at uf_pumps_2_startup_shutdown.
2026-07-20 13:45:47 [INFO] idaes.apps.grid_integration.pricetaker.price_taker_model: Found minimum uptime/downtime data for pretreatment.uf_pumps[3] - Adding minimum uptime/downtime constraints.
2026-07-20 13:45:47 [INFO] idaes.apps.grid_integration.pricetaker.price_taker_model: Created startup/shutdown constraints for operation model  pretreatment.uf_pumps[3] at uf_pumps_3_startup_shutdown.
2026-07-20 13:45:47 [INFO] idaes.apps.grid_integration.pricetaker.price_taker_model: Found minimum uptime/downtime data for reverse_osmosis.ro_skid[1] - Adding minimum uptime/downtime constraints.
2026-07-20 13:45:47 [INFO] idaes.apps.grid_integration.pricetaker.price_taker_model: Created startup/shutdown constraints for operation model  reverse_osmosis.ro_skid[1] at ro_skid_1_startup_shutdown.
2026-07-20 13:45:47 [INFO] idaes.apps.grid_integration.pricetaker.price_taker_model: Found minimum uptime/downtime data for reverse_osmosis.ro_skid[2] - Adding minimum uptime/downtime constraints.
2026-07-20 13:45:47 [INFO] idaes.apps.grid_integration.pricetaker.price_taker_model: Created startup/shutdown constraints for operation model  reverse_osmosis.ro_skid[2] at ro_skid_2_startup_shutdown.
2026-07-20 13:45:47 [INFO] idaes.apps.grid_integration.pricetaker.price_taker_model: Found minimum uptime/downtime data for reverse_osmosis.ro_skid[3] - Adding minimum uptime/downtime constraints.
2026-07-20 13:45:47 [INFO] idaes.apps.grid_integration.pricetaker.price_taker_model: Created startup/shutdown constraints for operation model  reverse_osmosis.ro_skid[3] at ro_skid_3_startup_shutdown.
2026-07-20 13:45:47 [INFO] idaes.apps.grid_integration.pricetaker.price_taker_model: Found minimum uptime/downtime data for reverse_osmosis.ro_skid[4] - Adding minimum uptime/downtime constraints.
2026-07-20 13:45:47 [INFO] idaes.apps.grid_integration.pricetaker.price_taker_model: Created startup/shutdown constraints for operation model  reverse_osmosis.ro_skid[4] at ro_skid_4_startup_shutdown.
4270
Set parameter TokenServer to value "10.60.1.73"
Set parameter LogToConsole to value 1
Set parameter MIPGap to value 0.009
Gurobi Optimizer version 12.0.3 build v12.0.3rc0 (linux64 - "Red Hat Enterprise Linux 8.8 (Ootpa)")

CPU model: Intel(R) Xeon(R) Platinum 8470QL, instruction set [SSE2|AVX|AVX2|AVX512]
Thread count: 104 physical cores, 104 logical processors, using up to 32 threads

Non-default parameters:
MIPGap  0.009

Optimize a model with 17951 rows, 16373 columns and 48595 nonzeros
Model fingerprint: 0xd751e8cd
Model has 168 quadratic objective terms
Model has 2352 quadratic constraints
Variable types: 11259 continuous, 5114 integer (5114 binary)
Coefficient statistics:
  Matrix range     [5e-04, 2e+03]
  QMatrix range    [2e-07, 1e+00]
  QLMatrix range   [3e-04, 1e+00]
  Objective range  [1e-05, 1e-03]
  QObjective range [2e-04, 2e-04]
  Bounds range     [9e-01, 1e+03]
  RHS range        [5e-02, 3e+05]
  QRHS range       [3e-01, 3e-01]
Presolve removed 8835 rows and 8481 columns
Presolve time: 0.11s
Presolved: 18048 rows, 8175 columns, 49077 nonzeros
Presolved model has 188 SOS constraint(s)
Presolved model has 2312 bilinear constraint(s)

Solving non-convex MIQCP

Variable types: 5336 continuous, 2839 integer (2839 binary)
Found heuristic solution: objective 12.4771252

Root relaxation: unbounded, 0 iterations, 0.01 seconds (0.00 work units)

    Nodes    |    Current Node    |     Objective Bounds      |     Work
 Expl Unexpl |  Obj  Depth IntInf | Incumbent    BestBd   Gap | It/Node Time

     0     2  postponed    0        12.47713          -      -     -    5s
    15    26  postponed    4        12.47713          -      -  6949   10s
    87   141  postponed    7        12.47713          -      -  6719   16s
   150   258  postponed    8        12.47713          -      -  8193   22s
   277   587  postponed   10        12.47713          -      -  8439   30s
   712  1141 infeasible   16        12.47713          -      -  3666   44s
  1686  2036  postponed   24        12.47713          -      -  1835   67s
H 2601  2036                      12.4771250          -      -  1375   67s
  3445  4437  postponed   38        12.47712          -      -  1164   93s
  6647  6802  postponed   56        12.47712          -      -   892  111s
  9455  9046  postponed   69        12.47712          -      -   830  127s
 11956 10966  postponed   80        12.47712          -      -   830  142s
 14008 14378   11.52741   92 2258   12.47712          -      -   825  156s
H17254 14378                      12.4771249          -      -   780  156s
 17662 14380   11.86035  561 1073   12.47712    9.90373  20.6%   780  166s
 17664 14382   11.97134  432  762   12.47712   11.50110  7.82%   780  170s
 17665 14382   12.38818  268 1441   12.47712   11.80574  5.38%   780  179s
 17666 14383   12.31100  172 1386   12.47712   11.83411  5.15%   779  181s
 17668 14384   11.85387  117 1139   12.47712   11.85387  5.00%   779  188s
 17669 14385   11.85641  197 1120   12.47712   11.85641  4.97%   779  191s
 17671 14386   11.86089   24 1100   12.47712   11.86089  4.94%   779  197s
 17673 14388   11.86242  223 1045   12.47712   11.86242  4.93%   779  200s
 17677 14390   11.94707  543 1210   12.47712   11.86331  4.92%   779  206s
 17682 14394   11.86339   80 1147   12.47712   11.86339  4.92%   779  216s
 17683 14394   11.86339   22 1147   12.47712   11.86339  4.92%   779  228s
 17684 14398   11.93483   15 3126   12.47712   11.86339  4.92%   786  385s
 17686 14401   11.93566   16 3144   12.47712   11.86386  4.92%   787  396s
 17690 14408   11.94029   17 3065   12.47712   11.86395  4.91%   788  402s
 17698 14421   12.00147   18 3116   12.47712   11.86402  4.91%   788  413s
 17714 14447   12.07637   19 2822   12.47712   11.86466  4.91%   793  431s
 17745 14469   12.07993   20 2779   12.47712   11.86468  4.91%   810  438s
 17777 14543   12.10290   21 2859   12.47712   11.86506  4.91%   818  456s
 17862 14597   12.10485   23 2796   12.47712   11.86506  4.91%   844  466s
 17948 14618   12.10584   24 2623   12.47712   11.86506  4.91%   863  482s
 18000 14669   12.15571   24 2714   12.47712   11.86506  4.91%   877  497s
 18072 14727   12.11781   26 2633   12.47712   11.86506  4.91%   914  514s
 18163 14766   12.23444   26 3028   12.47712   11.86506  4.91%   944  530s
 18239 14827   12.11845   27 2644   12.47712   11.86506  4.91%   961  541s
H18275 14094                      12.4771247   11.86506  4.91%   969  541s
 18331 14182   12.24848   27 2313   12.47712   11.86506  4.91%   983  552s
 18440 14234   12.12059   28 2768   12.47712   11.86506  4.91%   994  561s
 18536 14298   12.12110   29 2694   12.47712   11.86506  4.91%  1014  576s
 18638 14371   12.12220   30 2649   12.47712   11.86506  4.91%  1038  585s
 18750 14442   12.12247   31 2649   12.47712   11.86506  4.91%  1053  592s
 18874 14496   12.12247   32 2676   12.47712   11.86506  4.91%  1066  600s
 18990 14536   12.15090   33 2648   12.47712   11.86506  4.91%  1082  609s
 19098 14589   12.15586   34 2271   12.47712   11.86506  4.91%  1106  617s
 19205 14624   12.16856   35 2367   12.47712   11.86506  4.91%  1127  628s
 19311 14678   12.20954   37 2499   12.47712   11.86506  4.91%  1152  637s
 19428 14719   12.26533   39 1945   12.47712   11.86506  4.91%  1175  647s
 19541 14798     cutoff   41        12.47712   11.86506  4.91%  1202  656s
 19685 14828   12.30491   41 2322   12.47712   11.86506  4.91%  1226  667s
 19808 14928   12.32764   42 2590   12.47712   11.86506  4.91%  1255  677s
 19977 15045   12.32872   44 2335   12.47712   11.86506  4.91%  1277  686s
 20166 15163     cutoff   49        12.47712   11.86506  4.91%  1299  700s
 20381 15313   12.33087   51 2284   12.47712   11.86506  4.91%  1320  711s
 20647 15386   12.33180   54 2169   12.47712   11.86506  4.91%  1340  727s
 20844 15534     cutoff   55        12.47712   11.86506  4.91%  1368  739s
 21089 15698   12.33252   57 2166   12.47712   11.86506  4.91%  1390  750s
 21380 15822   12.33362   62 2137   12.47712   11.86579  4.90%  1412  762s
 21649 15948   12.33362   63 2103   12.47712   11.86579  4.90%  1436  781s
 21913 16162   12.37923   65 2126   12.47712   11.86579  4.90%  1464  793s
 22278 16292   12.38174   74 2099   12.47712   11.86631  4.90%  1480  813s
 22590 16406   12.40683   82 2095   12.47712   11.86631  4.90%  1505  828s
 22879 16358   12.41178   88 1889   12.47712   11.86631  4.90%  1534  838s
H22931 13114                      12.1367625   11.86631  2.23%  1537  838s
 22947 12964     cutoff   90        12.13676   11.86631  2.23%  1539  853s
 23215 12864     cutoff   32        12.13676   11.88735  2.06%  1566  868s
H23225 12211                      12.1338320   11.88735  2.03%  1570  868s
 23343 12199     cutoff   33        12.13383   11.90241  1.91%  1611  885s
 23472 12175   11.90716   27 2741   12.13383   11.90241  1.91%  1654  906s
 23624 12130   11.91433   38 2639   12.13383   11.90241  1.91%  1698  924s
 23785 12144   12.10312   42 2522   12.13383   11.90241  1.91%  1744  947s
 23970 12144   12.12382   44 2502   12.13383   11.90241  1.91%  1800  968s
H24125 11475                      12.1338218   11.90694  1.87%  1835  968s
H24156 10878                      12.1337834   11.90694  1.87%  1834  968s
 24230 10840   12.09587   35 2754   12.13378   11.90694  1.87%  1852  989s
 24450 10767   12.09587   36 2501   12.13378   11.90694  1.87%  1909 1008s
 24692 10768   12.11347   39 2390   12.13378   11.90941  1.85%  1971 1027s
H24697 10209                      12.1337737   11.90941  1.85%  1974 1027s
 25011 10266   12.11679   43 2413   12.13377   11.90941  1.85%  2024 1048s
H25106  9564                      12.1226342   11.90941  1.76%  2055 1048s
 25314  9663     cutoff   50        12.12263   11.90941  1.76%  2088 1071s
 25673  9816   11.91674   41 2530   12.12263   11.91105  1.75%  2143 1093s
 26041 10123   11.93606   46 2439   12.12263   11.91105  1.75%  2198 1116s
 26572 10367   11.94372   57 2422   12.12263   11.91105  1.75%  2239 1138s
H26601  9855                      12.1226341   11.91433  1.72%  2239 1138s
H26614  9372                      12.1226341   11.91433  1.72%  2242 1138s
H26669  8752                      12.1161105   11.91433  1.67%  2250 1138s
H26844  8251                      12.1158924   11.91433  1.66%  2262 1138s
H26918  7805                      12.1152677   11.91469  1.66%  2265 1138s
H26936  7410                      12.1152208   11.91469  1.66%  2268 1138s
 27082  7858   11.97305   76 2101   12.11522   11.91469  1.66%  2282 1161s
 27773  8407   11.98653   90 2002   12.11522   11.91484  1.65%  2322 1186s
 28712  8608   11.99715  115 1924   12.11522   11.91484  1.65%  2355 1211s
H28721  7682                      12.0939712   11.91484  1.48%  2357 1211s
 29292  8258   12.03545  119 1946   12.09397   11.91484  1.48%  2380 1238s
H29514  7827                      12.0939173   11.91499  1.48%  2394 1238s
 30332  7986   12.00978  131 1811   12.09392   11.91499  1.48%  2428 1261s
H30334  7651                      12.0938773   11.91499  1.48%  2427 1261s
H30622  7238                      12.0938754   11.91499  1.48%  2449 1261s
H30662  6924                      12.0938719   11.91499  1.48%  2452 1261s
H30899  6972                      12.0938609   11.91499  1.48%  2465 1277s
H30913  6695                      12.0938576   11.91499  1.48%  2466 1277s
H30987  6413                      12.0938463   11.91499  1.48%  2462 1277s
H31168  6107                      12.0938430   11.91499  1.48%  2472 1277s
 31367  6665   12.01598  139 1792   12.09384   11.91499  1.48%  2486 1299s
H31378  6575                      12.0938298   11.91499  1.48%  2486 1299s
H31546  6575                      12.0938287   11.91499  1.48%  2505 1299s
H31668  6575                      12.0938266   11.91641  1.47%  2524 1299s
 32077  7012   12.05310  146 1812   12.09383   11.91641  1.47%  2527 1319s
H32150  7012                      12.0938210   11.91641  1.47%  2544 1319s
 32647  7588   12.05669  150 1811   12.09382   11.91641  1.47%  2578 1338s
H32668  7588                      12.0938188   11.91641  1.47%  2581 1338s
 33332  8212   12.06062  152 1760   12.09382   11.91641  1.47%  2621 1361s
H33353  8212                      12.0938177   11.91641  1.47%  2620 1361s
H33394  8212                      12.0938177   11.91641  1.47%  2622 1361s
H33532  8212                      12.0938166   11.91876  1.45%  2627 1361s
H33694  8212                      12.0938166   11.91876  1.45%  2630 1361s
 34084  8862   12.06357  166 1672   12.09382   11.91876  1.45%  2667 1381s
H34186  8862                      12.0938155   11.91876  1.45%  2677 1381s
H34309  8862                      12.0938155   11.91876  1.45%  2678 1381s
H34387  8862                      12.0938155   11.91876  1.45%  2684 1381s
H34841  9455                      12.0938155   11.91876  1.45%  2706 1400s
H34921  9455                      12.0938154   11.91876  1.45%  2708 1400s
H34977  9410                      12.0925324   11.91876  1.44%  2705 1400s
H35380  9392                      12.0919144   11.91892  1.43%  2698 1400s
 35480 10271   12.07224  196 1531   12.09191   11.91892  1.43%  2705 1420s
H36469 11213                      12.0901049   11.91937  1.41%  2739 1448s
H36599 11188                      12.0897264   11.91937  1.41%  2737 1448s
H37708 11894                      12.0887264   11.91939  1.40%  2744 1472s
H38313 11891                      12.0886996   11.91939  1.40%  2763 1472s
 38746 12525     cutoff  319        12.08870   11.91939  1.40%  2759 1497s
H38807 12525                      12.0886996   11.91939  1.40%  2757 1497s
H38839 12525                      12.0886995   11.91939  1.40%  2759 1497s
H38854 12525                      12.0886995   11.91939  1.40%  2762 1497s
H38985 12525                      12.0886995   11.91939  1.40%  2764 1497s
H39012 12525                      12.0886995   11.91939  1.40%  2765 1497s
H39261 12525                      12.0886995   11.91939  1.40%  2781 1497s
 39548 13659   12.03455  102 1937   12.08870   11.91939  1.40%  2799 1518s
H40095 13659                      12.0886995   11.91939  1.40%  2801 1518s
H40414 13659                      12.0886994   11.91945  1.40%  2806 1518s
H40474 13659                      12.0886994   11.91945  1.40%  2806 1518s
 40857 14286   12.06616  133 1672   12.08870   11.91945  1.40%  2806 1546s
 41670 14769   12.08740  185 1525   12.08870   11.92070  1.39%  2842 1570s
H41781 14769                      12.0886994   11.92070  1.39%  2848 1570s
 42418 15980   11.92602   45 2491   12.08870   11.92070  1.39%  2887 1594s
H43317 15980                      12.0886993   11.92070  1.39%  2902 1594s
 43718 17149   11.97217   81 1997   12.08870   11.92070  1.39%  2897 1620s
H44434 17149                      12.0886991   11.92070  1.39%  2900 1620s
 45101 17761   12.05684  126 1892   12.08870   11.92071  1.39%  2916 1645s
 45840 18381   12.08566  183 1647   12.08870   11.92071  1.39%  2937 1673s
H46306 18381                      12.0886991   11.92094  1.39%  2971 1673s
 46641 19443   12.08747  186 1603   12.08870   11.92094  1.39%  2984 1706s
 47882 20409   11.93108   44 2280   12.08870   11.92094  1.39%  3026 1736s
 49044 21585 infeasible   49        12.08870   11.92122  1.39%  3065 1766s
 50499 22693   12.07076  110 2079   12.08870   11.92122  1.39%  3091 1796s
 51888 24053     cutoff  137        12.08870   11.92268  1.37%  3116 1831s
 53488 24991     cutoff   48        12.08870   11.92268  1.37%  3136 1867s
 54693 26207   12.05160   87 2100   12.08870   11.92268  1.37%  3186 1905s
 56103 27346     cutoff  118        12.08870   11.92268  1.37%  3223 1942s
H56508 27346                      12.0886991   11.92268  1.37%  3234 1942s
 57547 28552   11.97235   77 2119   12.08870   11.92268  1.37%  3266 1982s
H58454 28552                      12.0886990   11.92268  1.37%  3286 1982s
 59089 30308     cutoff  172        12.08870   11.92268  1.37%  3305 2036s
 61407 31542   12.06680   46 2544   12.08870   11.92422  1.36%  3341 2076s
 62993 33478   11.95506   57 2120   12.08870   11.92513  1.35%  3366 2121s
H64454 33478                      12.0886987   11.92513  1.35%  3381 2121s
 65192 35970   12.06448  115 1837   12.08870   11.92513  1.35%  3375 2166s
 67925 37481     cutoff  204        12.08870   11.92585  1.35%  3373 2211s
 69684 39427   11.96426   63 2103   12.08870   11.92626  1.34%  3393 2255s
 71871 40982   12.08649  168 1753   12.08870   11.92655  1.34%  3415 2304s
 73928 42461   11.97429   69 2216   12.08870   11.92678  1.34%  3444 2356s
 75773 43961   12.08763  122 2031   12.08870   11.92726  1.34%  3484 2412s
 77628 45541   11.95506   64 2197   12.08870   11.92735  1.33%  3508 2468s
 79677 47229     cutoff  162        12.08870   11.92735  1.33%  3549 2530s
 81825 49894   11.93544   50 2282   12.08870   11.92785  1.33%  3561 2594s
 84980 52089   12.08627  152 1587   12.08870   11.92819  1.33%  3578 2657s
 87743 54421   11.98093   77 2209   12.08870   11.92826  1.33%  3600 2723s
 90637 57658   12.05238  100 2158   12.08870   11.92829  1.33%  3625 2802s
 94511 59485   12.08860  180 1743   12.08870   11.92909  1.32%  3631 2869s
 96894 62179   11.98403   94 2226   12.08870   11.92937  1.32%  3668 2944s
 100152 65579   12.06018  115 2108   12.08870   11.92938  1.32%  3688 3019s
 104127 67733   11.98715   96 1999   12.08870   11.92938  1.32%  3688 3093s
 106834 70387     cutoff  189        12.08870   11.92985  1.31%  3703 3169s
 110146 72902   11.99568   91 2076   12.08870   11.93003  1.31%  3719 3244s
 113309 76434   11.95081   59 2354   12.08870   11.93023  1.31%  3729 3318s
 117313 78634     cutoff  134        12.08870   11.93027  1.31%  3726 3387s
 119965 81464   11.95074   57 2074   12.08870   11.93040  1.31%  3763 3470s
 123460 83967   11.93634   54 2348   12.08870   11.93059  1.31%  3788 3548s
 126593 85977     cutoff  117        12.08870   11.93059  1.31%  3812 3633s
 129121 88949   11.95181   60 2284   12.08870   11.93074  1.31%  3830 3717s
 132695 91348   11.93773   55 2238   12.08870   11.93082  1.31%  3853 3800s
 136074 94476   11.99538   93 2148   12.08870   11.93118  1.30%  3873 3883s
 139934 97284   11.93643   52 2200   12.08870   11.93135  1.30%  3880 3961s
 143492 99549   11.97828   81 1942   12.08870   11.93148  1.30%  3888 4038s
 146446 101728   12.07890  107 1912   12.08870   11.93150  1.30%  3902 4115s
 149261 104743   11.99198   94 1996   12.08870   11.93163  1.30%  3917 4197s
 153015 107503   12.06649  113 1925   12.08870   11.93193  1.30%  3926 4267s
 156384 109660   11.96946   68 2154   12.08870   11.93199  1.30%  3929 4337s
 159193 112503   11.93875   58 2152   12.08870   11.93215  1.29%  3946 4412s
 162697 115439   11.93766   59 2081   12.08870   11.93216  1.29%  3945 4484s
 166297 117752     cutoff   52        12.08870   11.93223  1.29%  3946 4555s
 169246 119811   11.95684   67 2193   12.08870   11.93229  1.29%  3955 4630s
 171873 122784     cutoff  154        12.08870   11.93232  1.29%  3965 4706s
 175562 125738   11.94867   50 2406   12.08870   11.93266  1.29%  3968 4781s
 179180 128407   11.93989   59 2423   12.08870   11.93272  1.29%  3967 4862s
 182706 130767   11.93953   61 2165   12.08870   11.93277  1.29%  3975 4937s
 185751 134102   11.99790  111 1964   12.08870   11.93280  1.29%  3984 5016s
 189569 137734   12.07999  212 1578   12.08870   11.93287  1.29%  3984 5089s
 193557 140182   12.08410  268 1427   12.08870   11.93287  1.29%  3972 5157s
 196621 142304     cutoff   51        12.08870   11.93302  1.29%  3985 5227s
 199332 144776   12.06920   97 2010   12.08870   11.93305  1.29%  3997 5301s
 202390 146918   12.05221  129 1692   12.08870   11.93313  1.29%  4002 5376s
 205171 149776   11.96253   68 2180   12.08870   11.93320  1.29%  4012 5454s
 208534 152826   11.93534   48 2441   12.08870   11.93320  1.29%  4021 5533s
 212254 155047   12.08509  135 1824   12.08870   11.93320  1.29%  4019 5602s
 215189 157268   11.96633   71 2280   12.08870   11.93320  1.29%  4027 5675s
 218098 159504   12.01487  108 1913   12.08870   11.93320  1.29%  4038 5750s
 221144 162197   12.08249  168 1609   12.08870   11.93334  1.29%  4052 5829s
 224550 164504   12.06079  102 1956   12.08870   11.93334  1.29%  4058 5907s
 227663 166568   11.94038   57 2278   12.08870   11.93362  1.28%  4065 5987s
 230316 168888   11.97483   74 2294   12.08870   11.93362  1.28%  4071 6066s
 233444 171436   12.07102  101 2199   12.08870   11.93369  1.28%  4086 6145s
 236772 174305   11.94685   62 2158   12.08870   11.93370  1.28%  4094 6229s
 240210 177489   11.99738  103 1936   12.08870   11.93370  1.28%  4103 6309s
 243940 180653   12.08479  184 1662   12.08870   11.93370  1.28%  4105 6379s
 247758 182805   12.00012  104 2025   12.08870   11.93370  1.28%  4100 6448s
 250506 184867     cutoff   55        12.08870   11.93393  1.28%  4108 6517s
 253258 187088   12.08803  164 1659   12.08870   11.93394  1.28%  4116 6591s
 256172 189111   11.94022   58 2198   12.08870   11.93394  1.28%  4123 6664s
 258811 191693     cutoff  142        12.08870   11.93394  1.28%  4123 6740s
 262132 194363 infeasible  153        12.08870   11.93394  1.28%  4126 6816s
 265490 196511   11.94632   69 2299   12.08870   11.93394  1.28%  4126 6890s
 268349 199053     cutoff   55        12.08870   11.93394  1.28%  4135 6967s
 271393 202289   11.98649   93 1965   12.08870   11.93394  1.28%  4144 7047s
 275238 204884   12.07059  134 1711   12.08870   11.93431  1.28%  4146 7116s
 278449 207062   12.08843  173 1568   12.08870   11.93433  1.28%  4150 7184s
 278866 207062   12.08591  112 1962   12.08870   11.93433  1.28%  4152 7185s
 281171 209652   12.06689  121 1866   12.08870   11.93433  1.28%  4151 7257s
 284471 212472   12.05304   92 2087   12.08870   11.93433  1.28%  4152 7329s
 287962 214933   12.05899   99 1953   12.08870   11.93433  1.28%  4150 7401s
 291108 217640   11.95116   73 1953   12.08870   11.93453  1.28%  4150 7472s
 294265 221025   12.05994  113 1964   12.08870   11.93453  1.28%  4147 7543s
 298133 223629     cutoff  177        12.08870   11.93453  1.28%  4143 7613s
 301320 225855   12.06461  126 1906   12.08870   11.93453  1.28%  4144 7693s
 304251 228115   11.93773   59 2429   12.08870   11.93466  1.27%  4149 7780s
 307464 230849   12.06414  121 2039   12.08870   11.93479  1.27%  4160 7870s
 310890 234607   11.98872   92 2052   12.08870   11.93479  1.27%  4168 7955s
 315336 236917   12.08378  150 1577   12.08870   11.93486  1.27%  4166 8034s
 318466 239843     cutoff  144        12.08870   11.93491  1.27%  4174 8114s
 322096 242222 infeasible  165        12.08870   11.93497  1.27%  4175 8190s
 325103 244979   11.99550  108 1939   12.08870   11.93497  1.27%  4179 8268s
 328612 246153   12.03505  142 1791   12.08870   11.93503  1.27%  4179 8381s
 330061 249134   12.04521  157 1740   12.08870   11.93503  1.27%  4179 8468s
 333593 251701   12.07786  189 1707   12.08870   11.93509  1.27%  4185 8548s
 336877 254448     cutoff  170        12.08870   11.93510  1.27%  4194 8629s
 340287 256689   12.05196  105 2141   12.08870   11.93511  1.27%  4198 8710s
 343277 259111   11.97408   80 1985   12.08870   11.93513  1.27%  4201 8788s
 346699 261313     cutoff   72        12.08870   11.93526  1.27%  4199 8866s
 349445 263377   12.05632   98 2040   12.08870   11.93526  1.27%  4208 8947s
 352316 265566   11.93843   54 2098   12.08870   11.93529  1.27%  4221 9029s
 355398 268365   11.93951   62 2110   12.08870   11.93531  1.27%  4226 9113s
 358622 272676   12.01061  118 1861   12.08870   11.93536  1.27%  4230 9195s
 363592 275516     cutoff  190        12.08870   11.93536  1.27%  4222 9273s
 367180 277850   12.08724  137 1819   12.08870   11.93538  1.27%  4224 9346s
 370172 280183     cutoff  128        12.08870   11.93538  1.27%  4227 9422s
 373368 282680   12.00991   85 2152   12.08870   11.93538  1.27%  4231 9499s
 376601 285207   12.05912   99 2100   12.08870   11.93548  1.27%  4233 9576s
 379739 288182   12.08705  121 1943   12.08870   11.93550  1.27%  4238 9652s
 383271 290450   12.08293  160 1572   12.08870   11.93554  1.27%  4238 9725s
 386179 293275   12.05513   90 2108   12.08870   11.93562  1.27%  4238 9800s
 389765 295406   12.06934  115 1763   12.08870   11.93569  1.27%  4237 9874s
 392620 298687   11.95470   77 2211   12.08870   11.93578  1.27%  4237 9952s
 396423 301315   11.97896   89 1969   12.08870   11.93578  1.27%  4235 10020s
 399516 303457     cutoff   55        12.08870   11.93579  1.26%  4239 10092s
 402349 305861   11.93990   61 2270   12.08870   11.93583  1.26%  4244 10163s
 405282 308747   12.08471  131 1636   12.08870   11.93583  1.26%  4243 10238s
 408987 311104   11.97874   70 1976   12.08870   11.93583  1.26%  4239 10310s
 411944 313728   11.93903   58 2223   12.08870   11.93587  1.26%  4242 10383s
 415450 316159     cutoff   61        12.08870   11.93598  1.26%  4243 10454s
 418631 318542     cutoff  118        12.08870   11.93599  1.26%  4244 10527s
 421629 321298   12.07384  112 1887   12.08870   11.93601  1.26%  4248 10606s
 425116 323576   11.93929   57 2281   12.08870   11.93604  1.26%  4248 10680s
 427993 326609   11.98801   86 2068   12.08870   11.93604  1.26%  4249 10757s
 431719 328791   12.06996  123 1951   12.08870   11.93610  1.26%  4248 10829s
 434825 331238     cutoff   61        12.08870   11.93615  1.26%  4251 10904s
