2026-07-29 16:27:24 [INFO] idaes.core.surrogate.pysmo_surrogate: Decode surrogate. type=poly

===========================Polynomial Regression===============================================

The number of cross-validation cases (3) is used.
The default training/cross-validation split of 0.75 is used.
No iterations will be run.
Default parameter estimation method is used.
Parameter estimation method:  pyomo 

2026-07-29 16:27:24 [INFO] idaes.core.surrogate.pysmo_surrogate: Decode surrogate. type=poly

===========================Polynomial Regression===============================================

The number of cross-validation cases (3) is used.
The default training/cross-validation split of 0.75 is used.
No iterations will be run.
Default parameter estimation method is used.
Parameter estimation method:  pyomo 

2026-07-29 16:27:24 [INFO] idaes.core.surrogate.pysmo_surrogate: Decode surrogate. type=poly

===========================Polynomial Regression===============================================

The number of cross-validation cases (3) is used.
The default training/cross-validation split of 0.75 is used.
No iterations will be run.
Default parameter estimation method is used.
Parameter estimation method:  pyomo 

2026-07-29 16:27:24 [INFO] idaes.core.surrogate.pysmo_surrogate: Decode surrogate. type=poly

===========================Polynomial Regression===============================================

The number of cross-validation cases (3) is used.
The default training/cross-validation split of 0.75 is used.
No iterations will be run.
Default parameter estimation method is used.
Parameter estimation method:  pyomo 

2026-07-29 16:27:26 [INFO] idaes.apps.grid_integration.pricetaker.price_taker_model: Found minimum uptime/downtime data for pretreatment.uf_pumps[1] - Adding minimum uptime/downtime constraints.
2026-07-29 16:27:26 [INFO] idaes.apps.grid_integration.pricetaker.price_taker_model: Created startup/shutdown constraints for operation model  pretreatment.uf_pumps[1] at uf_pumps_1_startup_shutdown.
2026-07-29 16:27:26 [INFO] idaes.apps.grid_integration.pricetaker.price_taker_model: Found minimum uptime/downtime data for pretreatment.uf_pumps[2] - Adding minimum uptime/downtime constraints.
2026-07-29 16:27:26 [INFO] idaes.apps.grid_integration.pricetaker.price_taker_model: Created startup/shutdown constraints for operation model  pretreatment.uf_pumps[2] at uf_pumps_2_startup_shutdown.
2026-07-29 16:27:26 [INFO] idaes.apps.grid_integration.pricetaker.price_taker_model: Found minimum uptime/downtime data for pretreatment.uf_pumps[3] - Adding minimum uptime/downtime constraints.
2026-07-29 16:27:26 [INFO] idaes.apps.grid_integration.pricetaker.price_taker_model: Created startup/shutdown constraints for operation model  pretreatment.uf_pumps[3] at uf_pumps_3_startup_shutdown.
2026-07-29 16:27:26 [INFO] idaes.apps.grid_integration.pricetaker.price_taker_model: Found minimum uptime/downtime data for reverse_osmosis.ro_skid[1] - Adding minimum uptime/downtime constraints.
2026-07-29 16:27:26 [INFO] idaes.apps.grid_integration.pricetaker.price_taker_model: Created startup/shutdown constraints for operation model  reverse_osmosis.ro_skid[1] at ro_skid_1_startup_shutdown.
2026-07-29 16:27:26 [INFO] idaes.apps.grid_integration.pricetaker.price_taker_model: Found minimum uptime/downtime data for reverse_osmosis.ro_skid[2] - Adding minimum uptime/downtime constraints.
2026-07-29 16:27:26 [INFO] idaes.apps.grid_integration.pricetaker.price_taker_model: Created startup/shutdown constraints for operation model  reverse_osmosis.ro_skid[2] at ro_skid_2_startup_shutdown.
2026-07-29 16:27:26 [INFO] idaes.apps.grid_integration.pricetaker.price_taker_model: Found minimum uptime/downtime data for reverse_osmosis.ro_skid[3] - Adding minimum uptime/downtime constraints.
2026-07-29 16:27:26 [INFO] idaes.apps.grid_integration.pricetaker.price_taker_model: Created startup/shutdown constraints for operation model  reverse_osmosis.ro_skid[3] at ro_skid_3_startup_shutdown.
2026-07-29 16:27:26 [INFO] idaes.apps.grid_integration.pricetaker.price_taker_model: Found minimum uptime/downtime data for reverse_osmosis.ro_skid[4] - Adding minimum uptime/downtime constraints.
2026-07-29 16:27:26 [INFO] idaes.apps.grid_integration.pricetaker.price_taker_model: Created startup/shutdown constraints for operation model  reverse_osmosis.ro_skid[4] at ro_skid_4_startup_shutdown.
4363
Set parameter TokenServer to value "10.60.1.73"
Set parameter LogToConsole to value 1
Set parameter MIPGap to value 0.01
Gurobi Optimizer version 12.0.3 build v12.0.3rc0 (linux64 - "Red Hat Enterprise Linux 8.8 (Ootpa)")

CPU model: Intel(R) Xeon(R) Platinum 8470QL, instruction set [SSE2|AVX|AVX2|AVX512]
Thread count: 104 physical cores, 104 logical processors, using up to 32 threads

Non-default parameters:
MIPGap  0.01

Optimize a model with 17952 rows, 16467 columns and 49332 nonzeros
Model fingerprint: 0x58a0c036
Model has 168 quadratic objective terms
Model has 2352 quadratic constraints
Variable types: 11259 continuous, 5208 integer (5208 binary)
Coefficient statistics:
  Matrix range     [5e-04, 2e+03]
  QMatrix range    [2e-07, 1e+00]
  QLMatrix range   [3e-04, 1e+00]
  Objective range  [1e-05, 1e-03]
  QObjective range [2e-04, 2e-04]
  Bounds range     [9e-01, 1e+03]
  RHS range        [5e-02, 3e+05]
  QRHS range       [3e-01, 3e-01]
Presolve removed 7155 rows and 7782 columns
Presolve time: 0.10s
Presolved: 19869 rows, 9178 columns, 52607 nonzeros
Presolved model has 328 SOS constraint(s)
Presolved model has 2312 bilinear constraint(s)

Solving non-convex MIQCP

Variable types: 5611 continuous, 3567 integer (3567 binary)
Found heuristic solution: objective 20.7176853

Root relaxation: unbounded, 0 iterations, 0.01 seconds (0.00 work units)

    Nodes    |    Current Node    |     Objective Bounds      |     Work
 Expl Unexpl |  Obj  Depth IntInf | Incumbent    BestBd   Gap | It/Node Time

     0     2  postponed    0        20.71769          -      -     -    2s
     3     8  postponed    2        20.71769          -      -  4271    5s
    27    34  postponed    5        20.71769          -      -  7301   11s
    79    88  postponed    7        20.71769          -      -  7738   16s
   197   261  postponed    9        20.71769          -      -  8594   25s
   364   407 infeasible   12        20.71769          -      -  7202   33s
   622   664 infeasible   16        20.71769          -      -  7278   45s
  1069  1380  postponed   21        20.71769          -      -  7310   71s
H 2107  1380                      14.5613761          -      -  4508   71s
H 2107  1380                      14.3935939          -      -  4508   71s
  2331  4058 infeasible   49        14.39359          -      -  4324  101s
H 3180  4058                      14.3878894          -      -  3414  101s
H 3759  4058                      14.3824999          -      -  3011  101s
H 4562  4058                      14.3802161          -      -  2539  101s
H 5049  4058                      13.8660739          -      -  2380  101s
H 6058  7420                      12.9729450          -      -  2027  119s
H 6058  7420                      12.9321068          -      -  2027  119s
H10372  6474                      12.9311068          -      -  1360  137s
H10372  6193                      12.8505553          -      -  1360  137s
H11857  6794                      12.8495553          -      -  1273  153s
H11857  6728                      12.8445992          -      -  1273  153s
H12281  6688                      12.8412927          -      -  1249  153s
H13157  6351                      12.8362927    9.45022  26.4%  1226  174s
 13158  6351   12.62540  236 1857   12.83629    9.45022  26.4%  1226  175s
 13160  6353   10.65203   13 1438   12.83629   10.65203  17.0%  1225  181s
 13161  6353   12.50850  179 1490   12.83629   11.08556  13.6%  1225  188s
 13162  6354   11.11111   58 1710   12.83629   11.11111  13.4%  1225  191s
 13163  6355   12.64841  130 1911   12.83629   11.15716  13.1%  1225  196s
 13165  6356   11.22494  112 2041   12.83629   11.22494  12.6%  1225  204s
 13166  6357   12.78068  263 2272   12.83629   11.23103  12.5%  1225  207s
H13166  6039                      12.8362927   11.24438  12.4%  1225  210s
 13169  6041   11.25240   21 2181   12.83629   11.25240  12.3%  1225  218s
 13170  6041   12.80621  137 2188   12.83629   11.25320  12.3%  1224  220s
H13171  5740                      12.8250327   11.25583  12.2%  1224  224s
H13171  5453                      12.8240327   11.25583  12.2%  1224  224s
H13171  5180                      12.8163829   11.25583  12.2%  1224  224s
H13171  4920                      12.5356330   11.25583  10.2%  1224  224s
H13171  4674                      12.5091306   11.25583  10.0%  1224  224s
H13171  4440                      12.5072279   11.25583  10.0%  1224  224s
H13171  4218                      12.5064046   11.25583  10.0%  1224  224s
H13171  4007                      12.5063641   11.25583  10.0%  1224  224s
H13171  3806                      12.5063607   11.25583  10.0%  1224  224s
H13171  3615                      12.5063446   11.25583  10.0%  1224  224s
H13171  3434                      12.5053892   11.25583  10.0%  1224  224s
 13172  3435   11.25583   44 2177   12.50539   11.25583  10.0%  1224  225s
H13172  3263                      12.5022804   11.26143  9.92%  1224  226s
 13177  3266   11.81456  312 1800   12.50228   11.26791  9.87%  1224  230s
 13181  3269   11.92565  394 2147   12.50228   11.27131  9.85%  1223  236s
 13184  3271   12.50228  308 1675   12.50228   11.27542  9.81%  1223  240s
 13189  3274   12.50228  166 1559   12.50228   11.27868  9.79%  1223  247s
 13191  3275   11.27972   26 1593   12.50228   11.27972  9.78%  1223  250s
 13199  3281   12.50228  251 1647   12.50228   11.28079  9.77%  1222  255s
 13202  3283   12.50228  130 1629   12.50228   11.28106  9.77%  1221  279s
H13202  3118                      12.5001414   11.28106  9.75%  1221  292s
H13203  2964                      12.4995495   11.28106  9.75%  1239  400s
 13204  2966   11.37554   13 3174   12.49955   11.28106  9.75%  1240  429s
 13206  2969   11.39118   14 3257   12.49955   11.28106  9.75%  1244  473s
 13210  2976   11.46283   15 2981   12.49955   11.30219  9.58%  1251  493s
 13218  2989   11.52787   16 3490   12.49955   11.30316  9.57%  1260  505s
 13234  3016   11.63782   17 3276   12.49955   11.34682  9.22%  1283  526s
H13239  2865                      12.4995495   11.34682  9.22%  1284  526s
H13254  2718                      12.4980023   11.35609  9.14%  1291  526s
H13262  2582                      12.4976388   11.35609  9.13%  1298  526s
 13266  2612   11.70282   18 3225   12.49764   11.35609  9.13%  1306  538s
H13298  2577                      12.4900849   11.35609  9.08%  1320  556s
H13317  2449                      12.4829339   11.35609  9.03%  1333  556s
 13401  2491   11.80554   22 3005   12.48293   11.35609  9.03%  1365  572s
 13471  2549   11.83926   23 2831   12.48293   11.35609  9.03%  1406  587s
H13521  2417                      12.3588521   11.35609  8.11%  1418  587s
 13552  2488   11.93141   24 2841   12.35885   11.35609  8.11%  1427  600s
H13637  2450                      12.3515421   11.35609  8.06%  1447  611s
H13672  2334                      12.3502835   11.35609  8.05%  1457  611s
H13675  2234                      12.3483294   11.35609  8.04%  1459  611s
H13702  2132                      12.3333997   11.35609  7.92%  1464  611s
 13737  2209   11.94507   27 2342   12.33340   11.35609  7.92%  1472  621s
H13828  2182                      12.3060855   11.35609  7.72%  1497  633s
H13863  2086                      12.2972812   11.35609  7.65%  1503  633s
H13865  2005                      12.2937849   11.35609  7.63%  1503  633s
 13921  2062   11.98587   31 2509   12.29378   11.35609  7.63%  1516  644s
H14006  2049                      12.2920094   11.35609  7.61%  1533  655s
H14010  1974                      12.2907977   11.35609  7.60%  1533  655s
 14097  2040   12.22958   35 1944   12.29080   11.35609  7.60%  1558  665s
H14200  2037                      12.2901152   11.35609  7.60%  1580  676s
H14204  1971                      12.2895396   11.35609  7.60%  1580  676s
H14215  1904                      12.2796602   11.35609  7.52%  1580  676s
H14222  1843                      12.2573523   11.35609  7.35%  1580  676s
H14237  1782                      12.2544647   11.35609  7.33%  1580  676s
H14287  1712                      12.2514990   11.35609  7.31%  1598  676s
 14306  1782     cutoff   40        12.25150   11.35609  7.31%  1606  688s
H14407  1776                      12.2314372   11.35609  7.16%  1640  702s
 14507  1837   12.22443   45 2299   12.23144   11.35609  7.16%  1672  713s
 14626  1901     cutoff   45        12.23144   11.36504  7.08%  1698  726s
H14630  1852                      12.2287990   11.36504  7.06%  1699  726s
H14657  1797                      12.2283804   11.36504  7.06%  1703  726s
H14666  1751                      12.2168922   11.36504  6.97%  1703  726s
 14743  1807     cutoff   46        12.21689   11.36504  6.97%  1718  739s
 14858  1862   11.41686   19 2646   12.21689   11.36504  6.97%  1759  754s
H14870  1816                      12.2144004   11.36504  6.95%  1761  754s
H14873  1776                      12.1967520   11.36504  6.82%  1762  754s
H14895  1731                      12.1957236   11.36504  6.81%  1771  754s
H14934  1682                      12.1938331   11.36504  6.80%  1776  754s
H14980  1634                      12.1706908   11.36504  6.62%  1788  754s
 14992  1690   11.43491   20 2172   12.17069   11.36504  6.62%  1792  767s
 15098  1754   11.44247   21 2111   12.17069   11.36504  6.62%  1825  782s
H15119  1754                      12.1581385   11.36504  6.52%  1830  782s
H15217  1875                      12.1571385   11.36504  6.52%  1858  797s
 15364  1917   11.67854   32 2341   12.15714   11.36504  6.52%  1888  813s
H15365  1917                      12.1568936   11.36504  6.51%  1887  813s
H15406  1917                      12.1565191   11.36504  6.51%  1891  813s
H15475  1917                      12.1564333   11.36504  6.51%  1902  813s
H15483  1917                      12.1561518   11.36504  6.51%  1901  813s
 15529  2081   11.69511   33 2302   12.15615   11.36504  6.51%  1917  828s
 15742  2294   12.01416   41 2239   12.15615   11.36504  6.51%  1936  844s
H15749  2293                      12.1559130   11.36504  6.51%  1937  844s
H15765  2286                      12.1547998   11.36504  6.50%  1936  844s
H15841  2286                      12.1547477   11.36504  6.50%  1933  844s
H15879  2284                      12.1545347   11.36504  6.50%  1931  844s
H15882  2282                      12.1533089   11.36504  6.49%  1936  844s
H15901  2273                      12.1505215   11.36504  6.46%  1940  844s
 15991  2458   12.08450   48 1546   12.15052   11.36504  6.46%  1949  860s
 16218  2695   12.11770   52 1228   12.15052   11.38496  6.30%  1979  879s
 16491  2939   11.41807   20 2606   12.15052   11.38496  6.30%  1994  893s
H16517  2937                      12.1504111   11.38496  6.30%  1992  893s
H16602  2935                      12.1501586   11.38496  6.30%  1991  893s
 16784  3213   11.55289   25 2568   12.15016   11.38496  6.30%  2011  912s
H16912  3203                      12.1489251   11.38496  6.29%  2014  912s
 17096  3521   11.60207   27 2552   12.14893   11.38496  6.29%  2033  929s
H17116  3521                      12.1488105   11.38496  6.29%  2033  929s
 17456  3907   11.66766   30 2491   12.14881   11.38496  6.29%  2043  944s
H17653  3901                      12.1475951   11.38496  6.28%  2032  944s
H17869  4259                      12.1465951   11.38496  6.27%  2043  962s
H17933  4259                      12.1465951   11.38496  6.27%  2040  962s
H17984  4142                      12.1381982   11.38496  6.21%  2040  962s
 18276  4316   11.85003   41 2109   12.13820   11.39105  6.16%  2044  974s
H18278  4313                      12.1379365   11.39105  6.15%  2044  974s
H18296  2448                      11.9496470   11.39105  4.67%  2044  974s
H18302  1987                      11.8398978   11.39105  3.79%  2047  974s
 18475  1798     cutoff   42        11.83990   11.39105  3.79%  2042  995s
H18538  1798                      11.8385419   11.39105  3.78%  2050  995s
H18578  1798                      11.8385410   11.39105  3.78%  2048  995s
 18705  1873   11.59629   19 4262   11.83854   11.40358  3.67%  2077 1013s
 18857  1842   11.62587   22 4181   11.83854   11.40358  3.67%  2125 1030s
H18870  1842                      11.8385410   11.40358  3.67%  2126 1030s
H18959  1842                      11.8385410   11.40358  3.67%  2161 1030s
 18998  1785   11.63337   26 4151   11.83854   11.40358  3.67%  2183 1050s
 19138  1765   11.71594   32 4022   11.83854   11.40358  3.67%  2253 1069s
 19278  1861   11.78510   35 4027   11.83854   11.40358  3.67%  2320 1089s
 19493  1983   11.82560   40 3809   11.83854   11.40358  3.67%  2376 1110s
 19700  2117   11.82626   44 3699   11.83854   11.44174  3.35%  2424 1137s
 19918  2248   11.82764   46 3664   11.83854   11.44238  3.35%  2487 1158s
 20165  2365     cutoff   48        11.83854   11.46250  3.18%  2545 1182s
H20169  2339                      11.8366439   11.46250  3.16%  2547 1182s
H20178  2338                      11.8364609   11.46250  3.16%  2552 1182s
H20197  2338                      11.8363745   11.46250  3.16%  2563 1182s
H20367  2338                      11.8363446   11.46250  3.16%  2603 1182s
 20370  2487   11.81023   64 1537   11.83634   11.46250  3.16%  2605 1203s
H20491  2487                      11.8363443   11.46250  3.16%  2635 1203s
 20602  2662   11.82087   87 1499   11.83634   11.46250  3.16%  2661 1228s
 20843  2796   11.82266   94 1496   11.83634   11.46713  3.12%  2733 1252s
 21074  2928   11.82636  106 1447   11.83634   11.47310  3.07%  2803 1275s
 21326  3066   11.82708  126 1464   11.83634   11.47310  3.07%  2869 1302s
H21335  3066                      11.8363443   11.47332  3.07%  2873 1302s
H21563  3066                      11.8363443   11.47965  3.01%  2931 1302s
 21588  3218   11.83201  134 1444   11.83634   11.48235  2.99%  2936 1328s
 21855  3373   11.83629  142 1424   11.83634   11.48235  2.99%  3018 1355s
 22110  3582   11.69103   33 2252   11.83634   11.48571  2.96%  3101 1384s
 22417  3754   11.82130   42 2231   11.83634   11.48571  2.96%  3182 1414s
 22772  3923   11.73144   25 2775   11.83634   11.49293  2.90%  3263 1443s
H22866  3923                      11.8363387   11.49344  2.90%  3296 1443s
H23077  4200                      11.8363386   11.49344  2.90%  3341 1474s
 23454  4506   11.73521   31 1873   11.83634   11.49344  2.90%  3412 1511s
 23907  4616     cutoff   36        11.83634   11.49344  2.90%  3485 1551s
H23914  3761                      11.8246897   11.49344  2.80%  3487 1551s
H23936  3620                      11.8206182   11.49344  2.77%  3488 1551s
H24020  3509                      11.8176968   11.49677  2.72%  3509 1551s
 24141  3640   11.53922   21 2160   11.81770   11.49955  2.69%  3519 1586s
 24474  3810   11.66154   27 2548   11.81770   11.50058  2.68%  3593 1618s
H24512  3810                      11.8176964   11.50058  2.68%  3608 1618s
 24768  3923     cutoff   34        11.81770   11.50058  2.68%  3679 1655s
 25066  4145     cutoff   35        11.81770   11.50954  2.61%  3773 1690s
H25198  4145                      11.8176964   11.50954  2.61%  3798 1690s
H25234  4145                      11.8176962   11.50954  2.61%  3806 1690s
 25431  4324   11.70992   29 2273   11.81770   11.50954  2.61%  3848 1727s
 25796  4541     cutoff   33        11.81770   11.51501  2.56%  3942 1771s
 26193  4804   11.71370   28 4182   11.81770   11.51813  2.53%  4030 1818s
 26651  5088   11.59600   22 3434   11.81770   11.51918  2.53%  4108 1865s
 27144  5337 infeasible   40        11.81770   11.52156  2.51%  4191 1914s
H27646  5691                      11.8176960   11.52321  2.49%  4282 1959s
 28247  5997   11.80427   34 2243   11.81770   11.52444  2.48%  4368 2006s
 28808  6277   11.72281   27 3988   11.81770   11.52779  2.45%  4452 2055s
 29291  6522   11.79664   29 3982   11.81770   11.52779  2.45%  4537 2106s
H29428  6240                      11.8132529   11.53246  2.38%  4545 2106s
H29708  6627                      11.8122529   11.53246  2.37%  4557 2187s
 30688  7111   11.67326   23 2786   11.81225   11.53712  2.33%  4709 2258s
H30753  7111                      11.8122529   11.53712  2.33%  4716 2258s
H31359  7111                      11.8122528   11.54068  2.30%  4795 2258s
 31522  7577   11.75129   28 4156   11.81225   11.54152  2.29%  4832 2324s
H32000  7577                      11.8122528   11.54245  2.28%  4880 2324s
 32303  8016   11.79837   38 1530   11.81225   11.54278  2.28%  4938 2393s
H33080  8384                      11.8117548   11.54762  2.24%  5064 2462s
H33155  8365                      11.8116192   11.54762  2.24%  5071 2462s
H33246  8355                      11.8115340   11.54762  2.23%  5089 2462s
 33883  8790   11.79160   40 3629   11.81153   11.54762  2.23%  5177 2537s
 34705  9305   11.60550   23 2118   11.81153   11.55242  2.19%  5273 2617s
H34811  9305                      11.8115325   11.55242  2.19%  5292 2617s
H35579  9863                      11.8115324   11.55242  2.19%  5380 2700s
H35585  9863                      11.8115324   11.55242  2.19%  5382 2700s
H35756  9863                      11.8115323   11.55242  2.19%  5400 2700s
H36344  9863                      11.8115323   11.55478  2.17%  5385 2700s
 36475 10636   11.61552   19 2116   11.81153   11.55478  2.17%  5407 2783s
 37616 11255   11.78287   32 1812   11.81153   11.55774  2.15%  5470 2872s
H37729 11255                      11.8115322   11.55774  2.15%  5482 2872s
H37981 11254                      11.8115070   11.55809  2.15%  5517 2872s
 38713 11809     cutoff   33        11.81151   11.55958  2.13%  5555 2964s
 39700 12395     cutoff   32        11.81151   11.56083  2.12%  5671 3059s
H39793 12395                      11.8115069   11.56083  2.12%  5680 3059s
H39816 12395                      11.8115069   11.56083  2.12%  5683 3059s
H39903 12395                      11.8115069   11.56083  2.12%  5699 3059s
H39915 12395                      11.8115069   11.56083  2.12%  5704 3059s
 40922 12894     cutoff   43        11.81151   11.56533  2.08%  5760 3154s
H40983 12894                      11.8115068   11.56533  2.08%  5769 3154s
H41209 12894                      11.8115068   11.56533  2.08%  5789 3154s
H41265 12894                      11.8115068   11.56533  2.08%  5798 3154s
H41754 12894                      11.8115060   11.56631  2.08%  5825 3154s
 42086 13290     cutoff   32        11.81151   11.56777  2.06%  5867 3247s
 43118 13780   11.79740   25 3959   11.81151   11.57156  2.03%  5985 3348s
H43150 13780                      11.8115059   11.57156  2.03%  5998 3348s
 44135 14381   11.79804   40 1492   11.81151   11.57274  2.02%  6119 3452s
 45412 15016   11.76922   31 4016   11.81151   11.57440  2.01%  6226 3558s
H45566 15016                      11.8115053   11.57440  2.01%  6242 3558s
 46683 15571   11.80514   26 3963   11.81151   11.57762  1.98%  6333 3673s
 47964 16134   11.80432   32 1870   11.81151   11.58207  1.94%  6461 3797s
 49357 16656   11.72277   25 1873   11.81151   11.58425  1.92%  6578 3918s
 50637 17379     cutoff   36        11.81151   11.58500  1.92%  6681 4051s
 52121 18182   11.69905   53 3754   11.81151   11.58724  1.90%  6786 4185s
 53640 19417     cutoff   33        11.81151   11.58996  1.88%  6880 4318s
 55531 20676   11.79518   37 1499   11.81151   11.58996  1.88%  6925 4455s
H56750 20546                      11.8108013   11.59273  1.85%  6933 4455s
 57433 22043     cutoff   58        11.81080   11.59408  1.83%  6940 4599s
H59757 23360                      11.8103700   11.59670  1.81%  6934 4756s
H60736 23306                      11.8102797   11.59677  1.81%  6894 4756s
H60816 23233                      11.8101097   11.59683  1.81%  6904 4756s
H60858 23225                      11.8100926   11.59683  1.81%  6908 4756s
H61407 23187                      11.8100110   11.59712  1.80%  6893 4756s
H61679 23136                      11.8099004   11.59712  1.80%  6914 4756s
H62022 24518                      11.8099004   11.59851  1.79%  6930 4881s
H62064 24518                      11.8099004   11.59851  1.79%  6934 4881s
H62703 24518                      11.8099004   11.59851  1.79%  6930 4881s
H62787 24518                      11.8099004   11.59851  1.79%  6935 4881s
 64079 25775   11.73447   32 1516   11.80990   11.60042  1.77%  6922 5010s
H64198 25771                      11.8098963   11.60049  1.77%  6932 5010s
H64233 25724                      11.8098125   11.60049  1.77%  6934 5010s
 66018 26936   11.68335   77 3328   11.80981   11.60264  1.75%  6927 5144s
H66279 26912                      11.8097687   11.60300  1.75%  6941 5144s
H68026 27469                      11.8097644   11.60470  1.74%  6934 5283s
H68125 27466                      11.8097600   11.60470  1.74%  6947 5283s
H68165 27466                      11.8097598   11.60477  1.74%  6950 5283s
H68488 27466                      11.8097585   11.60477  1.74%  6967 5283s
H69021 27463                      11.8097534   11.60486  1.73%  6988 5283s
 69407 27999   11.69943   26 1877   11.80975   11.60699  1.72%  7020 5439s
 70742 28793   11.64793   32 2446   11.80975   11.60848  1.70%  7080 5602s
H70795 28790                      11.8097503   11.60848  1.70%  7083 5602s
H71206 28786                      11.8097415   11.60871  1.70%  7109 5602s
 72528 30175   11.77196   28 4089   11.80974   11.60934  1.70%  7154 5781s
H72665 30175                      11.8097414   11.60934  1.70%  7161 5781s
 74952 31776     cutoff   42        11.80974   11.60945  1.70%  7193 5959s
H75421 31776                      11.8097414   11.61341  1.66%  7218 5959s
H77645 33417                      11.8097414   11.61519  1.65%  7218 6150s
H77884 33417                      11.8097414   11.61529  1.65%  7237 6150s
H79943 33417                      11.8097414   11.61592  1.64%  7225 6150s
 80345 35000   11.79253   65 3512   11.80974   11.61758  1.63%  7234 6348s
 83273 36637     cutoff   25        11.80974   11.61857  1.62%  7251 6540s
H83402 36637                      11.8097404   11.61857  1.62%  7254 6540s
 86117 38197     cutoff   27        11.80974   11.62076  1.60%  7289 6739s
 88926 39886   11.80129   36 1446   11.80974   11.62457  1.57%  7312 6958s
 91814 42028   11.79139   34 3328   11.80974   11.62668  1.55%  7361 7197s
 95365 44342   11.80876  129 1965   11.80974   11.62755  1.54%  7381 7421s
 99086 47742   11.76215   30 1829   11.80974   11.63146  1.51%  7365 7632s
 103896 48253   11.69594   48 3885   11.80974   11.63290  1.50%  7250 7819s
H104574 48253                      11.8097404   11.63290  1.50%  7265 7819s
H104706 48253                      11.8097403   11.63290  1.50%  7270 7819s
H104743 48253                      11.8097402   11.63290  1.50%  7272 7819s
H104926 48250                      11.8097393   11.63290  1.50%  7278 7819s
 105166 49260   11.77902   67 3636   11.80974   11.63419  1.49%  7282 8023s
H105281 41608                      11.8039206   11.63419  1.44%  7288 8023s
H107025 43024                      11.8036496   11.63492  1.43%  7321 8247s
H107116 41774                      11.8028634   11.63492  1.42%  7322 8247s
H107160 41569                      11.8026889   11.63492  1.42%  7325 8247s
H107455 41214                      11.8023835   11.63581  1.41%  7340 8247s
 110499 42216     cutoff   46        11.80238   11.63732  1.40%  7326 8474s
H110501 42209                      11.8023801   11.63732  1.40%  7326 8474s
H110647 42139                      11.8023388   11.63732  1.40%  7333 8474s
H111329 42139                      11.8023388   11.63740  1.40%  7355 8474s
 113117 42945   11.80036   83 1464   11.80234   11.63915  1.38%  7371 8702s
 115348 43934     cutoff   28        11.80234   11.64071  1.37%  7455 8951s
 117743 44769   11.75389   67 3272   11.80234   11.64071  1.37%  7539 9212s
 120319 45960   11.71670   58 3854   11.80234   11.64551  1.33%  7626 9453s
 122881 48581   11.75950   80 2519   11.80234   11.64551  1.33%  7692 9750s
 127291 49433   11.80085  844 1649   11.80234   11.64974  1.29%  7702 10000s
 129554 50744     cutoff   32        11.80234   11.65282  1.27%  7790 10263s
 132391 51733   11.79423   32 4104   11.80234   11.65488  1.25%  7847 10543s
 135078 52564     cutoff   25        11.80234   11.65780  1.22%  7927 10823s
 137552 54187   11.76506   53 3809   11.80234   11.65952  1.21%  8017 11120s
 140704 55257   11.71412   59 3781   11.80234   11.66118  1.20%  8072 11429s
 143437 56830   11.72196   39 4176   11.80234   11.66387  1.17%  8159 11742s
 146597 57667     cutoff   28        11.80234   11.66516  1.16%  8219 12152s
 148687 58649     cutoff   92        11.80234   11.66648  1.15%  8259 12489s
 150986 60661   11.75036   86 3122   11.80234   11.66741  1.14%  8327 12742s
 154358 61581   11.75509   78 3347   11.80234   11.66845  1.13%  8334 12997s
 156638 62785   11.78856   85 3308   11.80234   11.66974  1.12%  8392 13283s
 159339 63838     cutoff   81        11.80234   11.67145  1.11%  8452 13582s
 162100 65465   11.78756   88 3271   11.80234   11.67315  1.09%  8524 13890s
 165253 66796   11.79738  188 1964   11.80234   11.67473  1.08%  8573 14205s
 168588 68360     cutoff   72        11.80234   11.67594  1.07%  8621 14519s
 171806 69620   11.74405   28 1656   11.80234   11.67617  1.07%  8662 14839s
 174925 71140   11.70647   50 3926   11.80234   11.67780  1.06%  8715 15155s
 178113 72516   11.71320  111 2720   11.80234   11.67890  1.05%  8764 15474s
 181481 73181     cutoff   83        11.80234   11.67890  1.05%  8809 15739s
 183503 74729     cutoff   86        11.80234   11.68132  1.03%  8867 16164s
 187427 76052   11.76410   42 3934   11.80234   11.68275  1.01%  8937 16531s
H188611 76052                      11.8023386   11.68303  1.01%  8960 16531s
 190626 77563   11.78507   76 3379   11.80234   11.68373  1.00%  8964 16900s
H190631 77560                      11.8023377   11.68373  1.00%  8964 16900s
 193995 79598     cutoff   33        11.80234   11.68415  1.00%  9002 17268s

Cutting planes:
  Learned: 435
  Gomory: 88
  Cover: 2165
  Implied bound: 491
  Projected implied bound: 308
  Clique: 17
  MIR: 968
  StrongCG: 4
  Flow cover: 1767
  GUB cover: 61
  Inf proof: 5
  Zero half: 31
  Network: 9
  RLT: 2291
  Relax-and-lift: 678
  BQP: 10
  PSD: 5

Explored 198285 nodes (1790398658 simplex iterations) in 17268.84 seconds (42050.79 work units)
Thread count was 32 (of 104 available processors)

Solution count 10: 11.8023 11.8023 11.8023 ... 11.8039

Optimal solution found (tolerance 1.00e-02)
Best objective 1.180233753762e+01, best bound 1.168537491307e+01, gap 0.9910%
m.flow_changes_penalty(): 900.0
Total operational cost: 117123.38
Maximum power (kW): 1381.97
Discharge energy capacity (kWh): 33904.65
Charge energy capacity (kWh): 36665.22
Levelized Cost of Flexibility ($/kWh): 0.04
{'fixed_demand_cost': 6185.385552567783, 'variable_demand_cost': 1.2952382747324795e-05, 'fixed_monthly_cost': 171938.17204301074, 'total_water_production': 282179.67123337416, 'total_energy_cost': 19620.13005707938, 'total_demand_cost': 6185.385565520165, 'total_customer_cost': 0.0, 'total_feed_cost': 50989.945205480944, 'total_brine_cost': 20356.552443075852, 'total_chemical_cost': 19971.362105038595, 'total_water_revenue': 0.0, 'total_demand_response_revenue': 0.0, 'total_emissions_cost': 0.0, 'total_op_cost': 117123.37537619493, 'fixed_cost': 121551.98252688172, 'total_cost': 238675.35790307666, 'LCOW': 0.8458276135196229, 'degree_of_flex': 0.3592814371257485, 'total_replacement_cost': 1462.3779549220344, 'maximum_power': 1381.9683056116419, 'discharge_energy_capacity': 33904.65454072147, 'charge_energy_capacity': 36665.21529669989, 'discharge_power_capacity': 916.3420146140938, 'charge_power_capacity': 279.88713966946483, 'round_trip_efficiency': 0, 'LVOF': 0.04460292220546695}
Saved operation variable results to: /home/rchurchi/watertap_test/watertap/tutorials/flex_ro/wrd_result_summer_both_4_flexible_trains.csv
Saved summary results to: /home/rchurchi/watertap_test/watertap/tutorials/flex_ro/wrd_pricetaker_summary_results_20260729_211518.csv
