2026-09-11 15:36:40 [INFO] idaes.core.surrogate.pysmo_surrogate: Decode surrogate. type=poly

===========================Polynomial Regression===============================================

The number of cross-validation cases (3) is used.
The default training/cross-validation split of 0.75 is used.
No iterations will be run.
Default parameter estimation method is used.
Parameter estimation method:  pyomo 

2026-09-11 15:36:40 [INFO] idaes.core.surrogate.pysmo_surrogate: Decode surrogate. type=poly

===========================Polynomial Regression===============================================

The number of cross-validation cases (3) is used.
The default training/cross-validation split of 0.75 is used.
No iterations will be run.
Default parameter estimation method is used.
Parameter estimation method:  pyomo 

2026-09-11 15:36:40 [INFO] idaes.core.surrogate.pysmo_surrogate: Decode surrogate. type=poly

===========================Polynomial Regression===============================================

The number of cross-validation cases (3) is used.
The default training/cross-validation split of 0.75 is used.
No iterations will be run.
Default parameter estimation method is used.
Parameter estimation method:  pyomo 

2026-09-11 15:36:40 [INFO] idaes.core.surrogate.pysmo_surrogate: Decode surrogate. type=poly

===========================Polynomial Regression===============================================

The number of cross-validation cases (3) is used.
The default training/cross-validation split of 0.75 is used.
No iterations will be run.
Default parameter estimation method is used.
Parameter estimation method:  pyomo 

2026-09-11 15:36:41 [INFO] idaes.apps.grid_integration.pricetaker.price_taker_model: Found minimum uptime/downtime data for pretreatment.uf_pumps[1] - Adding minimum uptime/downtime constraints.
2026-09-11 15:36:41 [INFO] idaes.apps.grid_integration.pricetaker.price_taker_model: Created startup/shutdown constraints for operation model  pretreatment.uf_pumps[1] at uf_pumps_1_startup_shutdown.
2026-09-11 15:36:41 [INFO] idaes.apps.grid_integration.pricetaker.price_taker_model: Found minimum uptime/downtime data for pretreatment.uf_pumps[2] - Adding minimum uptime/downtime constraints.
2026-09-11 15:36:41 [INFO] idaes.apps.grid_integration.pricetaker.price_taker_model: Created startup/shutdown constraints for operation model  pretreatment.uf_pumps[2] at uf_pumps_2_startup_shutdown.
2026-09-11 15:36:41 [INFO] idaes.apps.grid_integration.pricetaker.price_taker_model: Found minimum uptime/downtime data for pretreatment.uf_pumps[3] - Adding minimum uptime/downtime constraints.
2026-09-11 15:36:41 [INFO] idaes.apps.grid_integration.pricetaker.price_taker_model: Created startup/shutdown constraints for operation model  pretreatment.uf_pumps[3] at uf_pumps_3_startup_shutdown.
2026-09-11 15:36:41 [INFO] idaes.apps.grid_integration.pricetaker.price_taker_model: Found minimum uptime/downtime data for reverse_osmosis.ro_skid[1] - Adding minimum uptime/downtime constraints.
2026-09-11 15:36:41 [INFO] idaes.apps.grid_integration.pricetaker.price_taker_model: Created startup/shutdown constraints for operation model  reverse_osmosis.ro_skid[1] at ro_skid_1_startup_shutdown.
2026-09-11 15:36:41 [INFO] idaes.apps.grid_integration.pricetaker.price_taker_model: Found minimum uptime/downtime data for reverse_osmosis.ro_skid[2] - Adding minimum uptime/downtime constraints.
2026-09-11 15:36:41 [INFO] idaes.apps.grid_integration.pricetaker.price_taker_model: Created startup/shutdown constraints for operation model  reverse_osmosis.ro_skid[2] at ro_skid_2_startup_shutdown.
2026-09-11 15:36:41 [INFO] idaes.apps.grid_integration.pricetaker.price_taker_model: Found minimum uptime/downtime data for reverse_osmosis.ro_skid[3] - Adding minimum uptime/downtime constraints.
2026-09-11 15:36:41 [INFO] idaes.apps.grid_integration.pricetaker.price_taker_model: Created startup/shutdown constraints for operation model  reverse_osmosis.ro_skid[3] at ro_skid_3_startup_shutdown.
2026-09-11 15:36:41 [INFO] idaes.apps.grid_integration.pricetaker.price_taker_model: Found minimum uptime/downtime data for reverse_osmosis.ro_skid[4] - Adding minimum uptime/downtime constraints.
2026-09-11 15:36:41 [INFO] idaes.apps.grid_integration.pricetaker.price_taker_model: Created startup/shutdown constraints for operation model  reverse_osmosis.ro_skid[4] at ro_skid_4_startup_shutdown.
3884
Set parameter TokenServer to value "10.60.1.73"
Set parameter LogToConsole to value 1
Set parameter MIPGap to value 0.01
Gurobi Optimizer version 12.0.3 build v12.0.3rc0 (linux64 - "Red Hat Enterprise Linux 8.8 (Ootpa)")

CPU model: Intel(R) Xeon(R) Platinum 8470QL, instruction set [SSE2|AVX|AVX2|AVX512]
Thread count: 104 physical cores, 104 logical processors, using up to 32 threads

Non-default parameters:
MIPGap  0.01

Optimize a model with 18935 rows, 14955 columns and 43105 nonzeros
Model fingerprint: 0x1227b1b0
Model has 168 quadratic objective terms
Model has 1680 quadratic constraints
Variable types: 9915 continuous, 5040 integer (5040 binary)
Coefficient statistics:
  Matrix range     [3e-02, 2e+03]
  QMatrix range    [2e-07, 1e+00]
  QLMatrix range   [3e-04, 1e+00]
  Objective range  [1e-05, 1e-03]
  QObjective range [2e-04, 2e-04]
  Bounds range     [1e+00, 1e+03]
  RHS range        [9e-02, 3e+05]
  QRHS range       [3e-01, 3e-01]
Presolve removed 18930 rows and 14948 columns
Presolve time: 0.06s
Presolved: 21 rows, 12 columns, 48 nonzeros
Presolved model has 6 bilinear constraint(s)

Solving non-convex MIQCP

Variable types: 11 continuous, 1 integer (1 binary)
Found heuristic solution: objective 12.2927792

Root relaxation: objective 1.160518e+01, 12 iterations, 0.00 seconds (0.00 work units)

    Nodes    |    Current Node    |     Objective Bounds      |     Work
 Expl Unexpl |  Obj  Depth IntInf | Incumbent    BestBd   Gap | It/Node Time

     0     0   11.60518    0    6   12.29278   11.60518  5.59%     -    0s
     0     0   11.98534    0    6   12.29278   11.98534  2.50%     -    0s
     0     0   12.08908    0    7   12.29278   12.08908  1.66%     -    0s
     0     0   12.09339    0    7   12.29278   12.09339  1.62%     -    0s
     0     0   12.09365    0    6   12.29278   12.09365  1.62%     -    0s
     0     0   12.09371    0    7   12.29278   12.09371  1.62%     -    0s
     0     0          -    0        12.29278   12.17865  0.93%     -    0s

Cutting planes:
  RLT: 6
  Relax-and-lift: 1

Explored 1 nodes (44 simplex iterations) in 0.08 seconds (0.10 work units)
Thread count was 32 (of 104 available processors)

Solution count 1: 12.2928 

Optimal solution found (tolerance 1.00e-02)
Best objective 1.229277916905e+01, best bound 1.217865429713e+01, gap 0.9284%
m.flow_changes_penalty(): 0.0
Total operational cost: 122927.79
Maximum power (kW): 1127.35
Discharge energy capacity (kWh): 0.00
Charge energy capacity (kWh): 4258.35
Levelized Cost of Flexibility ($/kWh): nan
{'fixed_demand_cost': 5233.01279820516, 'variable_demand_cost': 9451.306963876343, 'fixed_monthly_cost': 171938.17204301074, 'total_water_production': 282190.8599999995, 'total_energy_cost': 22795.571059233025, 'total_demand_cost': 14684.319762081503, 'total_customer_cost': 0.0, 'total_feed_cost': 50845.2000023627, 'total_brine_cost': 15304.405206349487, 'total_chemical_cost': 19298.29566049028, 'total_water_revenue': 0.0, 'total_demand_response_revenue': -0.0, 'total_emissions_cost': 0.0, 'total_op_cost': 122927.79169051698, 'fixed_cost': 121551.98252688172, 'total_cost': 244479.77421739872, 'LCOW': 0.8663631919807719, 'degree_of_flex': 0.0, 'total_replacement_cost': 1409.837429595494, 'maximum_power': 1127.3472943468882, 'discharge_energy_capacity': 0.0, 'charge_energy_capacity': 4258.345450277224, 'discharge_power_capacity': nan, 'charge_power_capacity': 25.347294346888237, 'round_trip_efficiency': 0, 'LVOF': nan}
Saved operation variable results to: /home/rchurchi/watertap_test/watertap/tutorials/flex_ro/wrd_result_summer_no_flex_0_flexible_trains_TOU_8.csv
Saved summary results to: /home/rchurchi/watertap_test/watertap/tutorials/flex_ro/wrd_pricetaker_summary_results_20260911_153644.csv
