2026-07-21 01:48:29 [INFO] idaes.core.surrogate.pysmo_surrogate: Decode surrogate. type=poly

===========================Polynomial Regression===============================================

The number of cross-validation cases (3) is used.
The default training/cross-validation split of 0.75 is used.
No iterations will be run.
Default parameter estimation method is used.
Parameter estimation method:  pyomo 

2026-07-21 01:48:29 [INFO] idaes.core.surrogate.pysmo_surrogate: Decode surrogate. type=poly

===========================Polynomial Regression===============================================

The number of cross-validation cases (3) is used.
The default training/cross-validation split of 0.75 is used.
No iterations will be run.
Default parameter estimation method is used.
Parameter estimation method:  pyomo 

2026-07-21 01:48:29 [INFO] idaes.core.surrogate.pysmo_surrogate: Decode surrogate. type=poly

===========================Polynomial Regression===============================================

The number of cross-validation cases (3) is used.
The default training/cross-validation split of 0.75 is used.
No iterations will be run.
Default parameter estimation method is used.
Parameter estimation method:  pyomo 

2026-07-21 01:48:29 [INFO] idaes.core.surrogate.pysmo_surrogate: Decode surrogate. type=poly

===========================Polynomial Regression===============================================

The number of cross-validation cases (3) is used.
The default training/cross-validation split of 0.75 is used.
No iterations will be run.
Default parameter estimation method is used.
Parameter estimation method:  pyomo 

2026-07-21 01:48:31 [INFO] idaes.apps.grid_integration.pricetaker.price_taker_model: Found minimum uptime/downtime data for pretreatment.uf_pumps[1] - Adding minimum uptime/downtime constraints.
2026-07-21 01:48:31 [INFO] idaes.apps.grid_integration.pricetaker.price_taker_model: Created startup/shutdown constraints for operation model  pretreatment.uf_pumps[1] at uf_pumps_1_startup_shutdown.
2026-07-21 01:48:31 [INFO] idaes.apps.grid_integration.pricetaker.price_taker_model: Found minimum uptime/downtime data for pretreatment.uf_pumps[2] - Adding minimum uptime/downtime constraints.
2026-07-21 01:48:31 [INFO] idaes.apps.grid_integration.pricetaker.price_taker_model: Created startup/shutdown constraints for operation model  pretreatment.uf_pumps[2] at uf_pumps_2_startup_shutdown.
2026-07-21 01:48:31 [INFO] idaes.apps.grid_integration.pricetaker.price_taker_model: Found minimum uptime/downtime data for pretreatment.uf_pumps[3] - Adding minimum uptime/downtime constraints.
2026-07-21 01:48:31 [INFO] idaes.apps.grid_integration.pricetaker.price_taker_model: Created startup/shutdown constraints for operation model  pretreatment.uf_pumps[3] at uf_pumps_3_startup_shutdown.
2026-07-21 01:48:31 [INFO] idaes.apps.grid_integration.pricetaker.price_taker_model: Found minimum uptime/downtime data for reverse_osmosis.ro_skid[1] - Adding minimum uptime/downtime constraints.
2026-07-21 01:48:31 [INFO] idaes.apps.grid_integration.pricetaker.price_taker_model: Created startup/shutdown constraints for operation model  reverse_osmosis.ro_skid[1] at ro_skid_1_startup_shutdown.
2026-07-21 01:48:31 [INFO] idaes.apps.grid_integration.pricetaker.price_taker_model: Found minimum uptime/downtime data for reverse_osmosis.ro_skid[2] - Adding minimum uptime/downtime constraints.
2026-07-21 01:48:31 [INFO] idaes.apps.grid_integration.pricetaker.price_taker_model: Created startup/shutdown constraints for operation model  reverse_osmosis.ro_skid[2] at ro_skid_2_startup_shutdown.
2026-07-21 01:48:31 [INFO] idaes.apps.grid_integration.pricetaker.price_taker_model: Found minimum uptime/downtime data for reverse_osmosis.ro_skid[3] - Adding minimum uptime/downtime constraints.
2026-07-21 01:48:31 [INFO] idaes.apps.grid_integration.pricetaker.price_taker_model: Created startup/shutdown constraints for operation model  reverse_osmosis.ro_skid[3] at ro_skid_3_startup_shutdown.
2026-07-21 01:48:31 [INFO] idaes.apps.grid_integration.pricetaker.price_taker_model: Found minimum uptime/downtime data for reverse_osmosis.ro_skid[4] - Adding minimum uptime/downtime constraints.
2026-07-21 01:48:31 [INFO] idaes.apps.grid_integration.pricetaker.price_taker_model: Created startup/shutdown constraints for operation model  reverse_osmosis.ro_skid[4] at ro_skid_4_startup_shutdown.
4270
Set parameter TokenServer to value "10.60.1.73"
Set parameter LogToConsole to value 1
Set parameter MIPGap to value 0.0121
Gurobi Optimizer version 12.0.3 build v12.0.3rc0 (linux64 - "Red Hat Enterprise Linux 8.8 (Ootpa)")

CPU model: Intel(R) Xeon(R) Platinum 8470QL, instruction set [SSE2|AVX|AVX2|AVX512]
Thread count: 104 physical cores, 104 logical processors, using up to 32 threads

Non-default parameters:
MIPGap  0.0121

Optimize a model with 17951 rows, 16373 columns and 48595 nonzeros
Model fingerprint: 0xd751e8cd
Model has 168 quadratic objective terms
Model has 2352 quadratic constraints
Variable types: 11259 continuous, 5114 integer (5114 binary)
Coefficient statistics:
  Matrix range     [5e-04, 2e+03]
  QMatrix range    [2e-07, 1e+00]
  QLMatrix range   [3e-04, 1e+00]
  Objective range  [1e-05, 1e-03]
  QObjective range [2e-04, 2e-04]
  Bounds range     [9e-01, 1e+03]
  RHS range        [5e-02, 3e+05]
  QRHS range       [3e-01, 3e-01]
Presolve removed 8835 rows and 8481 columns
Presolve time: 0.11s
Presolved: 18048 rows, 8175 columns, 49077 nonzeros
Presolved model has 188 SOS constraint(s)
Presolved model has 2312 bilinear constraint(s)

Solving non-convex MIQCP

Variable types: 5336 continuous, 2839 integer (2839 binary)
Found heuristic solution: objective 12.4771252

Root relaxation: unbounded, 0 iterations, 0.01 seconds (0.00 work units)

    Nodes    |    Current Node    |     Objective Bounds      |     Work
 Expl Unexpl |  Obj  Depth IntInf | Incumbent    BestBd   Gap | It/Node Time

     0     2  postponed    0        12.47713          -      -     -    5s
    15    26  postponed    4        12.47713          -      -  6949   10s
    87   141  postponed    7        12.47713          -      -  6719   16s
   150   258  postponed    8        12.47713          -      -  8193   21s
   277   587  postponed   10        12.47713          -      -  8439   29s
   712  1141 infeasible   16        12.47713          -      -  3666   44s
  1686  2036  postponed   24        12.47713          -      -  1835   66s
H 2601  2036                      12.4771250          -      -  1375   66s
  3445  4437  postponed   38        12.47712          -      -  1164   92s
  6647  6802  postponed   56        12.47712          -      -   892  111s
  9455  9046  postponed   69        12.47712          -      -   830  127s
 11956 10966  postponed   80        12.47712          -      -   830  141s
 14008 14378   11.52741   92 2258   12.47712          -      -   825  155s
H17254 14378                      12.4771249          -      -   780  155s
 17662 14380   11.86035  561 1073   12.47712    9.90373  20.6%   780  165s
 17665 14382   12.38818  268 1441   12.47712   11.80574  5.38%   780  178s
 17667 14384   12.04561  271 1066   12.47712   11.85186  5.01%   779  183s
 17668 14384   11.85387  117 1139   12.47712   11.85387  5.00%   779  186s
 17669 14385   11.85641  197 1120   12.47712   11.85641  4.97%   779  190s
 17671 14386   11.86089   24 1100   12.47712   11.86089  4.94%   779  195s
 17674 14388   11.86271   39 1169   12.47712   11.86271  4.92%   779  200s
 17679 14392   11.86331   49 1169   12.47712   11.86331  4.92%   779  205s
 17682 14394   11.86339   80 1147   12.47712   11.86339  4.92%   779  214s
 17683 14394   11.86339   22 1147   12.47712   11.86339  4.92%   779  226s
 17684 14398   11.93483   15 3126   12.47712   11.86339  4.92%   786  379s
 17686 14401   11.93566   16 3144   12.47712   11.86386  4.92%   787  390s
 17690 14408   11.94029   17 3065   12.47712   11.86395  4.91%   788  396s
 17698 14421   12.00147   18 3116   12.47712   11.86402  4.91%   788  407s
 17714 14447   12.07637   19 2822   12.47712   11.86466  4.91%   793  425s
 17745 14469   12.07993   20 2779   12.47712   11.86468  4.91%   810  431s
 17777 14543   12.10290   21 2859   12.47712   11.86506  4.91%   818  449s
 17862 14597   12.10485   23 2796   12.47712   11.86506  4.91%   844  459s
 17948 14618   12.10584   24 2623   12.47712   11.86506  4.91%   863  474s
 18000 14669   12.15571   24 2714   12.47712   11.86506  4.91%   877  489s
 18072 14727   12.11781   26 2633   12.47712   11.86506  4.91%   914  506s
 18163 14766   12.23444   26 3028   12.47712   11.86506  4.91%   944  522s
 18239 14827   12.11845   27 2644   12.47712   11.86506  4.91%   961  533s
H18275 14094                      12.4771247   11.86506  4.91%   969  533s
 18331 14182   12.24848   27 2313   12.47712   11.86506  4.91%   983  544s
 18440 14234   12.12059   28 2768   12.47712   11.86506  4.91%   994  553s
 18536 14298   12.12110   29 2694   12.47712   11.86506  4.91%  1014  567s
 18638 14371   12.12220   30 2649   12.47712   11.86506  4.91%  1038  577s
 18750 14442   12.12247   31 2649   12.47712   11.86506  4.91%  1053  584s
 18874 14496   12.12247   32 2676   12.47712   11.86506  4.91%  1066  592s
 18990 14536   12.15090   33 2648   12.47712   11.86506  4.91%  1082  600s
 19098 14589   12.15586   34 2271   12.47712   11.86506  4.91%  1106  609s
 19205 14624   12.16856   35 2367   12.47712   11.86506  4.91%  1127  620s
 19311 14678   12.20954   37 2499   12.47712   11.86506  4.91%  1152  629s
 19428 14719   12.26533   39 1945   12.47712   11.86506  4.91%  1175  639s
 19541 14798     cutoff   41        12.47712   11.86506  4.91%  1202  648s
 19685 14828   12.30491   41 2322   12.47712   11.86506  4.91%  1226  659s
 19808 14928   12.32764   42 2590   12.47712   11.86506  4.91%  1255  668s
 19977 15045   12.32872   44 2335   12.47712   11.86506  4.91%  1277  678s
 20166 15163     cutoff   49        12.47712   11.86506  4.91%  1299  692s
 20381 15313   12.33087   51 2284   12.47712   11.86506  4.91%  1320  703s
 20647 15386   12.33180   54 2169   12.47712   11.86506  4.91%  1340  719s
 20844 15534     cutoff   55        12.47712   11.86506  4.91%  1368  731s
 21089 15698   12.33252   57 2166   12.47712   11.86506  4.91%  1390  743s
 21380 15822   12.33362   62 2137   12.47712   11.86579  4.90%  1412  755s
 21649 15948   12.33362   63 2103   12.47712   11.86579  4.90%  1436  775s
 21913 16162   12.37923   65 2126   12.47712   11.86579  4.90%  1464  787s
 22278 16292   12.38174   74 2099   12.47712   11.86631  4.90%  1480  807s
 22590 16406   12.40683   82 2095   12.47712   11.86631  4.90%  1505  821s
 22879 16358   12.41178   88 1889   12.47712   11.86631  4.90%  1534  832s
H22931 13114                      12.1367625   11.86631  2.23%  1537  832s
 22947 12964     cutoff   90        12.13676   11.86631  2.23%  1539  846s
 23215 12864     cutoff   32        12.13676   11.88735  2.06%  1566  862s
H23225 12211                      12.1338320   11.88735  2.03%  1570  862s
 23343 12199     cutoff   33        12.13383   11.90241  1.91%  1611  878s
 23472 12175   11.90716   27 2741   12.13383   11.90241  1.91%  1654  899s
 23624 12130   11.91433   38 2639   12.13383   11.90241  1.91%  1698  917s
 23785 12144   12.10312   42 2522   12.13383   11.90241  1.91%  1744  940s
 23970 12144   12.12382   44 2502   12.13383   11.90241  1.91%  1800  960s
H24125 11475                      12.1338218   11.90694  1.87%  1835  960s
H24156 10878                      12.1337834   11.90694  1.87%  1834  960s
 24230 10840   12.09587   35 2754   12.13378   11.90694  1.87%  1852  981s
 24450 10767   12.09587   36 2501   12.13378   11.90694  1.87%  1909 1001s
 24692 10768   12.11347   39 2390   12.13378   11.90941  1.85%  1971 1019s
H24697 10209                      12.1337737   11.90941  1.85%  1974 1019s
 25011 10266   12.11679   43 2413   12.13377   11.90941  1.85%  2024 1040s
H25106  9564                      12.1226342   11.90941  1.76%  2055 1040s
 25314  9663     cutoff   50        12.12263   11.90941  1.76%  2088 1063s
 25673  9816   11.91674   41 2530   12.12263   11.91105  1.75%  2143 1085s
 26041 10123   11.93606   46 2439   12.12263   11.91105  1.75%  2198 1108s
 26572 10367   11.94372   57 2422   12.12263   11.91105  1.75%  2239 1131s
H26601  9855                      12.1226341   11.91433  1.72%  2239 1131s
H26614  9372                      12.1226341   11.91433  1.72%  2242 1131s
H26669  8752                      12.1161105   11.91433  1.67%  2250 1131s
H26844  8251                      12.1158924   11.91433  1.66%  2262 1131s
H26918  7805                      12.1152677   11.91469  1.66%  2265 1131s
H26936  7410                      12.1152208   11.91469  1.66%  2268 1131s
 27082  7858   11.97305   76 2101   12.11522   11.91469  1.66%  2282 1153s
 27773  8407   11.98653   90 2002   12.11522   11.91484  1.65%  2322 1178s
 28712  8608   11.99715  115 1924   12.11522   11.91484  1.65%  2355 1203s
H28721  7682                      12.0939712   11.91484  1.48%  2357 1203s
 29292  8258   12.03545  119 1946   12.09397   11.91484  1.48%  2380 1230s
H29514  7827                      12.0939173   11.91499  1.48%  2394 1230s
 30332  7986   12.00978  131 1811   12.09392   11.91499  1.48%  2428 1253s
H30334  7651                      12.0938773   11.91499  1.48%  2427 1253s
H30622  7238                      12.0938754   11.91499  1.48%  2449 1253s
H30662  6924                      12.0938719   11.91499  1.48%  2452 1253s
H30899  6972                      12.0938609   11.91499  1.48%  2465 1269s
H30913  6695                      12.0938576   11.91499  1.48%  2466 1269s
H30987  6413                      12.0938463   11.91499  1.48%  2462 1269s
H31168  6107                      12.0938430   11.91499  1.48%  2472 1269s
 31367  6665   12.01598  139 1792   12.09384   11.91499  1.48%  2486 1289s
H31378  6575                      12.0938298   11.91499  1.48%  2486 1289s
H31546  6575                      12.0938287   11.91499  1.48%  2505 1289s
H31668  6575                      12.0938266   11.91641  1.47%  2524 1289s
 32077  7012   12.05310  146 1812   12.09383   11.91641  1.47%  2527 1311s
H32150  7012                      12.0938210   11.91641  1.47%  2544 1311s
 32647  7588   12.05669  150 1811   12.09382   11.91641  1.47%  2578 1330s
H32668  7588                      12.0938188   11.91641  1.47%  2581 1330s
 33332  8212   12.06062  152 1760   12.09382   11.91641  1.47%  2621 1353s
H33353  8212                      12.0938177   11.91641  1.47%  2620 1353s
H33394  8212                      12.0938177   11.91641  1.47%  2622 1353s
H33532  8212                      12.0938166   11.91876  1.45%  2627 1353s
H33694  8212                      12.0938166   11.91876  1.45%  2630 1353s
 34084  8862   12.06357  166 1672   12.09382   11.91876  1.45%  2667 1373s
H34186  8862                      12.0938155   11.91876  1.45%  2677 1373s
H34309  8862                      12.0938155   11.91876  1.45%  2678 1373s
H34387  8862                      12.0938155   11.91876  1.45%  2684 1373s
H34841  9455                      12.0938155   11.91876  1.45%  2706 1392s
H34921  9455                      12.0938154   11.91876  1.45%  2708 1392s
H34977  9410                      12.0925324   11.91876  1.44%  2705 1392s
H35380  9392                      12.0919144   11.91892  1.43%  2698 1392s
 35480 10271   12.07224  196 1531   12.09191   11.91892  1.43%  2705 1412s
H36469 11213                      12.0901049   11.91937  1.41%  2739 1440s
H36599 11188                      12.0897264   11.91937  1.41%  2737 1440s
H37708 11894                      12.0887264   11.91939  1.40%  2744 1465s
H38313 11891                      12.0886996   11.91939  1.40%  2763 1465s
 38746 12525     cutoff  319        12.08870   11.91939  1.40%  2759 1489s
H38807 12525                      12.0886996   11.91939  1.40%  2757 1489s
H38839 12525                      12.0886995   11.91939  1.40%  2759 1489s
H38854 12525                      12.0886995   11.91939  1.40%  2762 1489s
H38985 12525                      12.0886995   11.91939  1.40%  2764 1489s
H39012 12525                      12.0886995   11.91939  1.40%  2765 1489s
H39261 12525                      12.0886995   11.91939  1.40%  2781 1489s
 39548 13659   12.03455  102 1937   12.08870   11.91939  1.40%  2799 1512s
H40095 13659                      12.0886995   11.91939  1.40%  2801 1512s
H40414 13659                      12.0886994   11.91945  1.40%  2806 1512s
H40474 13659                      12.0886994   11.91945  1.40%  2806 1512s
 40857 14286   12.06616  133 1672   12.08870   11.91945  1.40%  2806 1540s
 41670 14769   12.08740  185 1525   12.08870   11.92070  1.39%  2842 1564s
H41781 14769                      12.0886994   11.92070  1.39%  2848 1564s
 42418 15980   11.92602   45 2491   12.08870   11.92070  1.39%  2887 1588s
H43317 15980                      12.0886993   11.92070  1.39%  2902 1588s
 43718 17149   11.97217   81 1997   12.08870   11.92070  1.39%  2897 1613s
H44434 17149                      12.0886991   11.92070  1.39%  2900 1613s
 45101 17761   12.05684  126 1892   12.08870   11.92071  1.39%  2916 1639s
 45840 18381   12.08566  183 1647   12.08870   11.92071  1.39%  2937 1667s
H46306 18381                      12.0886991   11.92094  1.39%  2971 1667s
 46641 19443   12.08747  186 1603   12.08870   11.92094  1.39%  2984 1699s
 47882 20409   11.93108   44 2280   12.08870   11.92094  1.39%  3026 1729s
 49044 21585 infeasible   49        12.08870   11.92122  1.39%  3065 1759s
 50499 22693   12.07076  110 2079   12.08870   11.92122  1.39%  3091 1790s
 51888 24053     cutoff  137        12.08870   11.92268  1.37%  3116 1824s
 53488 24991     cutoff   48        12.08870   11.92268  1.37%  3136 1861s
 54693 26207   12.05160   87 2100   12.08870   11.92268  1.37%  3186 1899s
 56103 27346     cutoff  118        12.08870   11.92268  1.37%  3223 1936s
H56508 27346                      12.0886991   11.92268  1.37%  3234 1936s
 57547 28552   11.97235   77 2119   12.08870   11.92268  1.37%  3266 1976s
H58454 28552                      12.0886990   11.92268  1.37%  3286 1976s
 59089 30308     cutoff  172        12.08870   11.92268  1.37%  3305 2030s
 61407 31542   12.06680   46 2544   12.08870   11.92422  1.36%  3341 2070s
 62993 33478   11.95506   57 2120   12.08870   11.92513  1.35%  3366 2115s
H64454 33478                      12.0886987   11.92513  1.35%  3381 2115s
 65192 35970   12.06448  115 1837   12.08870   11.92513  1.35%  3375 2160s
 67925 37481     cutoff  204        12.08870   11.92585  1.35%  3373 2205s
 69684 39427   11.96426   63 2103   12.08870   11.92626  1.34%  3393 2248s
 71871 40982   12.08649  168 1753   12.08870   11.92655  1.34%  3415 2297s
 73928 42461   11.97429   69 2216   12.08870   11.92678  1.34%  3444 2349s
 75773 43961   12.08763  122 2031   12.08870   11.92726  1.34%  3484 2405s
 77628 45541   11.95506   64 2197   12.08870   11.92735  1.33%  3508 2460s
 79677 47229     cutoff  162        12.08870   11.92735  1.33%  3549 2520s
 81825 49894   11.93544   50 2282   12.08870   11.92785  1.33%  3561 2583s
 84980 52089   12.08627  152 1587   12.08870   11.92819  1.33%  3578 2647s
 87743 54421   11.98093   77 2209   12.08870   11.92826  1.33%  3600 2712s
 90637 57658   12.05238  100 2158   12.08870   11.92829  1.33%  3625 2790s
 94511 59485   12.08860  180 1743   12.08870   11.92909  1.32%  3631 2855s
 96894 62179   11.98403   94 2226   12.08870   11.92937  1.32%  3668 2930s
 100152 65579   12.06018  115 2108   12.08870   11.92938  1.32%  3688 3002s
 104127 67733   11.98715   96 1999   12.08870   11.92938  1.32%  3688 3076s
 106834 70387     cutoff  189        12.08870   11.92985  1.31%  3703 3152s
 110146 72902   11.99568   91 2076   12.08870   11.93003  1.31%  3719 3225s
 113309 76434   11.95081   59 2354   12.08870   11.93023  1.31%  3729 3299s
 117313 78634     cutoff  134        12.08870   11.93027  1.31%  3726 3368s
 119965 81464   11.95074   57 2074   12.08870   11.93040  1.31%  3763 3452s
 123460 83967   11.93634   54 2348   12.08870   11.93059  1.31%  3788 3531s
 126593 85977     cutoff  117        12.08870   11.93059  1.31%  3812 3615s
 129121 88949   11.95181   60 2284   12.08870   11.93074  1.31%  3830 3699s
 132695 91348   11.93773   55 2238   12.08870   11.93082  1.31%  3853 3782s
 136074 94476   11.99538   93 2148   12.08870   11.93118  1.30%  3873 3863s
 139934 97284   11.93643   52 2200   12.08870   11.93135  1.30%  3880 3941s
 143492 99549   11.97828   81 1942   12.08870   11.93148  1.30%  3888 4017s
 146446 101728   12.07890  107 1912   12.08870   11.93150  1.30%  3902 4094s
 149261 104743   11.99198   94 1996   12.08870   11.93163  1.30%  3917 4178s
 153015 107503   12.06649  113 1925   12.08870   11.93193  1.30%  3926 4248s
 156384 109660   11.96946   68 2154   12.08870   11.93199  1.30%  3929 4318s
 159193 112503   11.93875   58 2152   12.08870   11.93215  1.29%  3946 4391s
 162697 115439   11.93766   59 2081   12.08870   11.93216  1.29%  3945 4465s
 166297 117752     cutoff   52        12.08870   11.93223  1.29%  3946 4535s
 169246 119811   11.95684   67 2193   12.08870   11.93229  1.29%  3955 4608s
 171873 122784     cutoff  154        12.08870   11.93232  1.29%  3965 4684s
 175562 125738   11.94867   50 2406   12.08870   11.93266  1.29%  3968 4760s
 179180 128407   11.93989   59 2423   12.08870   11.93272  1.29%  3967 4842s
 182706 130767   11.93953   61 2165   12.08870   11.93277  1.29%  3975 4916s
 185751 134102   11.99790  111 1964   12.08870   11.93280  1.29%  3984 4996s
 189569 137734   12.07999  212 1578   12.08870   11.93287  1.29%  3984 5068s
 193557 140182   12.08410  268 1427   12.08870   11.93287  1.29%  3972 5137s
 196621 142304     cutoff   51        12.08870   11.93302  1.29%  3985 5206s
 199332 144776   12.06920   97 2010   12.08870   11.93305  1.29%  3997 5279s
 202390 146918   12.05221  129 1692   12.08870   11.93313  1.29%  4002 5354s
 205171 149776   11.96253   68 2180   12.08870   11.93320  1.29%  4012 5432s
 208534 152826   11.93534   48 2441   12.08870   11.93320  1.29%  4021 5511s
 212254 155047   12.08509  135 1824   12.08870   11.93320  1.29%  4019 5580s
 215189 157268   11.96633   71 2280   12.08870   11.93320  1.29%  4027 5652s
 218098 159504   12.01487  108 1913   12.08870   11.93320  1.29%  4038 5729s
 221144 162197   12.08249  168 1609   12.08870   11.93334  1.29%  4052 5807s
 224550 164504   12.06079  102 1956   12.08870   11.93334  1.29%  4058 5883s
 227663 166568   11.94038   57 2278   12.08870   11.93362  1.28%  4065 5962s
 230316 168888   11.97483   74 2294   12.08870   11.93362  1.28%  4071 6041s
 233444 171436   12.07102  101 2199   12.08870   11.93369  1.28%  4086 6121s
 236772 174305   11.94685   62 2158   12.08870   11.93370  1.28%  4094 6205s
 240210 177489   11.99738  103 1936   12.08870   11.93370  1.28%  4103 6286s
 243940 180653   12.08479  184 1662   12.08870   11.93370  1.28%  4105 6356s
 247758 182805   12.00012  104 2025   12.08870   11.93370  1.28%  4100 6425s
 250506 184867     cutoff   55        12.08870   11.93393  1.28%  4108 6493s
 253258 187088   12.08803  164 1659   12.08870   11.93394  1.28%  4116 6565s
 256172 189111   11.94022   58 2198   12.08870   11.93394  1.28%  4123 6637s
 258811 191693     cutoff  142        12.08870   11.93394  1.28%  4123 6711s
 262132 194363 infeasible  153        12.08870   11.93394  1.28%  4126 6788s
 265490 196511   11.94632   69 2299   12.08870   11.93394  1.28%  4126 6862s
 268349 199053     cutoff   55        12.08870   11.93394  1.28%  4135 6940s
 271393 202289   11.98649   93 1965   12.08870   11.93394  1.28%  4144 7019s
 275238 204884   12.07059  134 1711   12.08870   11.93431  1.28%  4146 7089s
 278449 207062   12.08843  173 1568   12.08870   11.93433  1.28%  4150 7157s
 281171 209652   12.06689  121 1866   12.08870   11.93433  1.28%  4151 7231s
 284471 212472   12.05304   92 2087   12.08870   11.93433  1.28%  4152 7301s
 287962 214933   12.05899   99 1953   12.08870   11.93433  1.28%  4150 7375s
 291108 217640   11.95116   73 1953   12.08870   11.93453  1.28%  4150 7447s
 294265 221025   12.05994  113 1964   12.08870   11.93453  1.28%  4147 7518s
 298133 223629     cutoff  177        12.08870   11.93453  1.28%  4143 7586s
 301320 225855   12.06461  126 1906   12.08870   11.93453  1.28%  4144 7666s
 304251 228115   11.93773   59 2429   12.08870   11.93466  1.27%  4149 7752s
 307464 230849   12.06414  121 2039   12.08870   11.93479  1.27%  4160 7839s
 310890 234607   11.98872   92 2052   12.08870   11.93479  1.27%  4168 7925s
 315336 236917   12.08378  150 1577   12.08870   11.93486  1.27%  4166 8005s
 318466 239843     cutoff  144        12.08870   11.93491  1.27%  4174 8085s
 322096 242222 infeasible  165        12.08870   11.93497  1.27%  4175 8161s
 325103 244979   11.99550  108 1939   12.08870   11.93497  1.27%  4179 8240s
 328612 246153   12.03505  142 1791   12.08870   11.93503  1.27%  4179 8354s
 330061 249134   12.04521  157 1740   12.08870   11.93503  1.27%  4179 8439s
 333593 251701   12.07786  189 1707   12.08870   11.93509  1.27%  4185 8519s
 336877 254448     cutoff  170        12.08870   11.93510  1.27%  4194 8599s
 340287 256689   12.05196  105 2141   12.08870   11.93511  1.27%  4198 8679s
 343277 259111   11.97408   80 1985   12.08870   11.93513  1.27%  4201 8757s
 346699 261313     cutoff   72        12.08870   11.93526  1.27%  4199 8835s
 349445 263377   12.05632   98 2040   12.08870   11.93526  1.27%  4208 8915s
 352316 265566   11.93843   54 2098   12.08870   11.93529  1.27%  4221 8997s
 355398 268365   11.93951   62 2110   12.08870   11.93531  1.27%  4226 9080s
 358622 272676   12.01061  118 1861   12.08870   11.93536  1.27%  4230 9163s
 363592 275516     cutoff  190        12.08870   11.93536  1.27%  4222 9242s
 367180 277850   12.08724  137 1819   12.08870   11.93538  1.27%  4224 9315s
 370172 280183     cutoff  128        12.08870   11.93538  1.27%  4227 9392s
 373368 282680   12.00991   85 2152   12.08870   11.93538  1.27%  4231 9466s
 376601 285207   12.05912   99 2100   12.08870   11.93548  1.27%  4233 9543s
 379739 288182   12.08705  121 1943   12.08870   11.93550  1.27%  4238 9618s
 383271 290450   12.08293  160 1572   12.08870   11.93554  1.27%  4238 9691s
 386179 293275   12.05513   90 2108   12.08870   11.93562  1.27%  4238 9766s
 389765 295406   12.06934  115 1763   12.08870   11.93569  1.27%  4237 9839s
 392620 298687   11.95470   77 2211   12.08870   11.93578  1.27%  4237 9917s
 396423 301315   11.97896   89 1969   12.08870   11.93578  1.27%  4235 9985s
 399516 303457     cutoff   55        12.08870   11.93579  1.26%  4239 10055s
 402349 305861   11.93990   61 2270   12.08870   11.93583  1.26%  4244 10125s
 405282 308747   12.08471  131 1636   12.08870   11.93583  1.26%  4243 10199s
 408987 311104   11.97874   70 1976   12.08870   11.93583  1.26%  4239 10271s
 411944 313728   11.93903   58 2223   12.08870   11.93587  1.26%  4242 10345s
 415450 316159     cutoff   61        12.08870   11.93598  1.26%  4243 10416s
 418631 318542     cutoff  118        12.08870   11.93599  1.26%  4244 10489s
 421629 321298   12.07384  112 1887   12.08870   11.93601  1.26%  4248 10568s
 425116 323576   11.93929   57 2281   12.08870   11.93604  1.26%  4248 10643s
 427993 326609   11.98801   86 2068   12.08870   11.93604  1.26%  4249 10719s
 431719 328791   12.06996  123 1951   12.08870   11.93610  1.26%  4248 10791s
 434825 331238     cutoff   61        12.08870   11.93615  1.26%  4251 10866s
 437927 334220   11.94182   61 2148   12.08870   11.93620  1.26%  4254 10940s
 441566 336849   11.98601   94 2072   12.08870   11.93623  1.26%  4252 11014s
 444857 338810   12.05433  114 2078   12.08870   11.93626  1.26%  4253 11088s
 447473 341373   12.08271  188 1656   12.08870   11.93626  1.26%  4256 11165s
 450565 344333   12.08613  237 1503   12.08870   11.93626  1.26%  4260 11248s
 454112 346753   11.99696  109 1913   12.08870   11.93626  1.26%  4259 11319s
 457013 349367   12.06384  132 1877   12.08870   11.93635  1.26%  4263 11393s
 460141 351794   12.08770  198 1654   12.08870   11.93636  1.26%  4267 11468s
 463306 354241   12.08684  168 1691   12.08870   11.93637  1.26%  4271 11543s
 466451 356777   11.94400   62 2012   12.08870   11.93640  1.26%  4270 11624s
 469672 359402   11.93885   56 2410   12.08870   11.93642  1.26%  4273 11701s
 473125 362442     cutoff  116        12.08870   11.93647  1.26%  4273 11779s
 476746 365794   12.08795  118 1704   12.08870   11.93647  1.26%  4273 11855s
 480546 368296   12.08564  148 1612   12.08870   11.93648  1.26%  4270 11930s
 483829 370535   12.05019  109 2048   12.08870   11.93653  1.26%  4271 12007s
 486455 373919   12.08666  149 1589   12.08870   11.93657  1.26%  4275 12092s
 490363 376358   12.08424  170 1577   12.08870   11.93657  1.26%  4275 12168s
 493631 379094   11.97550   76 2162   12.08870   11.93658  1.26%  4279 12246s
 497137 381728   11.97170   81 2015   12.08870   11.93660  1.26%  4280 12323s
 500573 384504   11.94905   66 2152   12.08870   11.93663  1.26%  4281 12401s
 504076 386990   12.05589   97 2006   12.08870   11.93668  1.26%  4280 12476s
 507211 389136   12.08835  113 2009   12.08870   11.93673  1.26%  4282 12552s
 510047 391800   12.08785  126 1910   12.08870   11.93673  1.26%  4286 12632s
 513260 393739   12.07268  149 1746   12.08870   11.93680  1.26%  4285 12709s
 516060 396245   11.97235   80 2113   12.08870   11.93681  1.26%  4291 12794s
 519352 398454   12.05719  104 2047   12.08870   11.93684  1.26%  4293 12877s
 522365 401222   11.94347   66 2148   12.08870   11.93684  1.26%  4300 12961s
 525923 404264   12.07913  164 1622   12.08870   11.93691  1.26%  4301 13043s
 529747 407495   11.99742  115 1967   12.08870   11.93694  1.26%  4300 13124s
 533562 409776   12.08493  153 1833   12.08870   11.93694  1.26%  4300 13201s
 536566 411839   11.99875   85 1997   12.08870   11.93697  1.26%  4305 13280s
 539314 414370   12.05386   95 2008   12.08870   11.93699  1.25%  4309 13357s
 542571 416964   11.99165   88 2042   12.08870   11.93700  1.25%  4309 13434s
 545825 419946   12.04606   88 2026   12.08870   11.93701  1.25%  4311 13514s
 549602 422550     cutoff  146        12.08870   11.93707  1.25%  4308 13588s
 553006 425164   11.94335   62 2256   12.08870   11.93707  1.25%  4307 13664s
 556213 427376   12.03767  109 1942   12.08870   11.93709  1.25%  4308 13739s
 558860 430230   12.07832  143 1839   12.08870   11.93709  1.25%  4311 13816s
 562250 433016   12.06090  122 1955   12.08870   11.93710  1.25%  4314 13892s
 565649 435446     cutoff  175        12.08870   11.93712  1.25%  4314 13965s
 568887 437996 infeasible  138        12.08870   11.93717  1.25%  4316 14043s
 572323 438768   11.99603  103 1920   12.08870   11.93717  1.25%  4315 14186s
 573256 442139   12.02951  128 1799   12.08870   11.93717  1.25%  4315 14283s
 577109 445410     cutoff  165        12.08870   11.93717  1.25%  4315 14371s
 581170 448168   12.00808  112 1703   12.08870   11.93718  1.25%  4317 14453s
 584662 451196   11.97007   76 2105   12.08870   11.93726  1.25%  4317 14535s
 588524 454348   11.97000   89 2101   12.08870   11.93730  1.25%  4316 14613s
 592524 457039   11.94231   66 2213   12.08870   11.93731  1.25%  4312 14687s
 595700 460053   12.06188  129 1803   12.08870   11.93731  1.25%  4315 14760s
 599226 462988   12.08631  182 1664   12.08870   11.93733  1.25%  4315 14838s
 602664 465453   12.08826  172 1609   12.08870   11.93734  1.25%  4312 14911s
 605860 467740     cutoff  110        12.08870   11.93735  1.25%  4313 14985s
 608788 470722     cutoff  107        12.08870   11.93737  1.25%  4317 15064s
 612282 473188   12.07679  173 1580   12.08870   11.93737  1.25%  4319 15138s
 615420 476133   11.94261   61 2159   12.08870   11.93737  1.25%  4323 15216s
 619167 478826     cutoff  142        12.08870   11.93741  1.25%  4321 15290s
 622685 481481   11.93919   54 2142   12.08870   11.93746  1.25%  4320 15363s
 625865 483906   12.08790  138 1748   12.08870   11.93746  1.25%  4318 15435s
 629050 486437   12.08558  119 1740   12.08870   11.93748  1.25%  4319 15514s
 632276 489471   12.08471  142 1836   12.08870   11.93748  1.25%  4319 15592s
 636066 491690   12.08089  128 1672   12.08870   11.93753  1.25%  4318 15665s
 638886 494411   12.05432  101 2096   12.08870   11.93753  1.25%  4320 15740s
 642317 496800   12.06777  110 1768   12.08870   11.93754  1.25%  4320 15815s
 645386 499747   11.98628   77 2118   12.08870   11.93759  1.25%  4320 15893s
 649061 502023   12.07325  148 1590   12.08870   11.93761  1.25%  4318 15969s
 652121 504352   12.05928   95 2081   12.08870   11.93761  1.25%  4319 16045s
 655106 506444   12.08739  121 1959   12.08870   11.93761  1.25%  4321 16121s
 657887 508549     cutoff  149        12.08870   11.93766  1.25%  4326 16200s
 660665 511390   12.07602  117 1891   12.08870   11.93766  1.25%  4329 16280s
 664414 514274   12.06382  121 2057   12.08870   11.93770  1.25%  4326 16348s
 667636 516547   12.08390  160 1890   12.08870   11.93770  1.25%  4327 16417s
 670566 518965   11.97781   82 2084   12.08870   11.93770  1.25%  4330 16486s
 673551 520958   12.06233  106 2052   12.08870   11.93770  1.25%  4330 16556s
 676176 523822   12.00333  114 2067   12.08870   11.93770  1.25%  4335 16632s
 679820 526818   11.94566   70 2152   12.08870   11.93774  1.25%  4333 16705s
 683282 529533   12.05564  125 1811   12.08870   11.93775  1.25%  4331 16776s
 686530 532258   12.07776  163 1706   12.08870   11.93776  1.25%  4333 16849s
 689929 534742   12.08853  191 1713   12.08870   11.93776  1.25%  4333 16927s
 693155 537184     cutoff  142        12.08870   11.93777  1.25%  4334 17005s
 696388 540022   11.94283   53 2120   12.08870   11.93782  1.25%  4336 17083s
 699930 542521     cutoff  161        12.08870   11.93783  1.25%  4336 17159s
 703075 545147   12.07030  138 1747   12.08870   11.93783  1.25%  4336 17235s
 706396 547689   12.02221   81 2239   12.08870   11.93783  1.25%  4338 17312s
 709881 550399   11.97101   78 2011   12.08870   11.93789  1.25%  4338 17386s
 713330 552671   11.94230   59 2289   12.08870   11.93791  1.25%  4337 17460s
 716346 555189   11.93944   62 2315   12.08870   11.93792  1.25%  4340 17535s
 719655 557859     cutoff  136        12.08870   11.93792  1.25%  4340 17615s
 722977 560453   12.08579  196 1716   12.08870   11.93793  1.25%  4339 17689s
 726333 563068   12.06268  120 2046   12.08870   11.93795  1.25%  4339 17765s
 729796 565520   12.06431  104 2060   12.08870   11.93800  1.25%  4339 17839s
 732814 568535   12.05809  122 1820   12.08870   11.93800  1.25%  4339 17916s
 736510 571308   12.05694  128 2026   12.08870   11.93804  1.25%  4337 17988s
 739865 574444   11.98666   86 2345   12.08870   11.93804  1.25%  4336 18060s
 743641 576866   11.98574   90 2090   12.08870   11.93807  1.25%  4334 18128s
 746594 579027   11.94796   66 1988   12.08870   11.93807  1.25%  4333 18199s
 749563 582105   11.96827   66 2137   12.08870   11.93807  1.25%  4334 18276s
 753212 585553   12.06165  119 1903   12.08870   11.93808  1.25%  4333 18348s
 757226 588302   12.08690  172 1806   12.08870   11.93809  1.25%  4329 18411s
 760551 591309   12.08198  152 1706   12.08870   11.93810  1.25%  4327 18479s
 764252 593465   12.08826  157 1640   12.08870   11.93810  1.25%  4322 18537s
 766834 595317   11.94411   55 2310   12.08870   11.93810  1.25%  4320 18600s
 769166 597455   12.08578  164 1737   12.08870   11.93810  1.25%  4324 18665s
 772015 600403   11.97125   66 2157   12.08870   11.93810  1.25%  4325 18735s
 775548 603414   12.06147  102 1979   12.08870   11.93813  1.25%  4323 18802s
 779177 606144   11.97543   79 2053   12.08870   11.93813  1.25%  4322 18879s
 782577 608375   12.04895  107 1917   12.08870   11.93817  1.25%  4323 18954s
 785613 610287   11.95311   75 2124   12.08870   11.93818  1.25%  4323 19030s
 788310 612282   11.94140   60 2388   12.08870   11.93820  1.24%  4325 19112s
 790823 614814     cutoff  135        12.08870   11.93821  1.24%  4329 19195s
 794200 617408   11.94131   63 2361   12.08870   11.93823  1.24%  4332 19279s
 797691 620416   11.95759   72 2067   12.08870   11.93826  1.24%  4333 19361s
 801310 624073   12.05545  124 1987   12.08870   11.93826  1.24%  4334 19442s
 805602 626770   12.08247  190 1737   12.08870   11.93826  1.24%  4331 19516s
 808867 629672   11.94198   51 2458   12.08870   11.93828  1.24%  4333 19595s
 812374 631836   11.95066   68 2098   12.08870   11.93828  1.24%  4333 19665s
H812954 617769                      12.0862948   11.93828  1.22%  4334 19665s
H815093 605927                      12.0852948   11.93828  1.22%  4335 19745s
H816925 605927                      12.0852948   11.93828  1.22%  4337 19745s
H817014 605427                      12.0852628   11.93828  1.22%  4337 19745s
 817675 607652   11.97697   76 2340   12.08526   11.93828  1.22%  4337 19825s
H820299 607652                      12.0852628   11.93830  1.22%  4342 19825s
 820600 610223   12.05738  101 2173   12.08526   11.93830  1.22%  4342 19908s
H820788 610222                      12.0852627   11.93831  1.22%  4342 19908s
H821151 605230                      12.0849478   11.93831  1.21%  4343 19908s
 823865 608368   12.08393  129 1946   12.08495   11.93833  1.21%  4343 19992s
 827821 611406   12.07028  121 1855   12.08495   11.93835  1.21%  4343 20071s
H828030 611406                      12.0849478   11.93835  1.21%  4343 20071s
 831702 613894     cutoff  116        12.08495   11.93836  1.21%  4342 20147s
H832571 613894                      12.0849478   11.93836  1.21%  4342 20147s
H833036 613894                      12.0849478   11.93836  1.21%  4342 20147s
H834011 613894                      12.0849477   11.93836  1.21%  4342 20147s
H834098 613892                      12.0849477   11.93836  1.21%  4342 20147s
 834975 616635     cutoff  149        12.08495   11.93838  1.21%  4342 20222s
H838189 616635                      12.0849476   11.93839  1.21%  4342 20222s
 838553 619428   12.00189  108 1978   12.08495   11.93839  1.21%  4341 20298s
H839301 619428                      12.0849476   11.93839  1.21%  4343 20298s
H841753 621327                      12.0849457   11.93840  1.21%  4343 20376s
H842284 613502                      12.0844403   11.93840  1.21%  4344 20376s

Cutting planes:
  Learned: 353
  Gomory: 110
  Cover: 725
  Implied bound: 283
  Projected implied bound: 106
  Clique: 5
  MIR: 467
  Flow cover: 967
  GUB cover: 25
  Zero half: 23
  Network: 23
  RLT: 1485
  Relax-and-lift: 479
  BQP: 3

Explored 844246 nodes (3670574389 simplex iterations) in 20376.52 seconds (48133.50 work units)
Thread count was 32 (of 104 available processors)

Solution count 10: 12.0844 12.0844 12.0849 ... 12.0853

Optimal solution found (tolerance 1.21e-02)
Best objective 1.208444030792e+01, best bound 1.193840407293e+01, gap 1.2085%
m.flow_changes_penalty(): 530.0
Total operational cost: 120314.40
Maximum power (kW): 1179.62
Discharge energy capacity (kWh): 13411.40
Charge energy capacity (kWh): 10550.32
Levelized Cost of Flexibility ($/kWh): 0.23
{'fixed_demand_cost': 7432.360317536266, 'variable_demand_cost': 5035.275864883455, 'fixed_monthly_cost': 171938.17204301074, 'total_water_production': 282179.88376308215, 'total_energy_cost': 21291.560789861403, 'total_demand_cost': 12467.636182419721, 'total_customer_cost': 0.0, 'total_feed_cost': 51128.364500226744, 'total_brine_cost': 16070.129576240128, 'total_chemical_cost': 19356.712030452672, 'total_water_revenue': 0.0, 'total_demand_response_revenue': 0.0, 'total_emissions_cost': 0.0, 'total_op_cost': 120314.40307920067, 'fixed_cost': 121551.98252688172, 'total_cost': 241866.3856060824, 'LCOW': 0.8571354640189486, 'degree_of_flex': 0.1437125748502994, 'total_replacement_cost': 1430.3939899298148, 'maximum_power': 1179.6164019085616, 'discharge_energy_capacity': 13411.401034679282, 'charge_energy_capacity': 10550.32100162945, 'discharge_power_capacity': 478.9786083814029, 'charge_power_capacity': 75.35943572592464, 'round_trip_efficiency': 0, 'LVOF': 0.22564405635506285}
Saved operation variable results to: /home/rchurchi/watertap_test/watertap/tutorials/flex_ro/wrd_result_summer_both_4_flexible_trains_TOU_8.csv
Saved summary results to: /home/rchurchi/watertap_test/watertap/tutorials/flex_ro/wrd_pricetaker_summary_results_20260721_072811.csv
