2026-07-16 12:45:54 [INFO] idaes.core.surrogate.pysmo_surrogate: Decode surrogate. type=poly

===========================Polynomial Regression===============================================

The number of cross-validation cases (3) is used.
The default training/cross-validation split of 0.75 is used.
No iterations will be run.
Default parameter estimation method is used.
Parameter estimation method:  pyomo 

2026-07-16 12:45:54 [INFO] idaes.core.surrogate.pysmo_surrogate: Decode surrogate. type=poly

===========================Polynomial Regression===============================================

The number of cross-validation cases (3) is used.
The default training/cross-validation split of 0.75 is used.
No iterations will be run.
Default parameter estimation method is used.
Parameter estimation method:  pyomo 

2026-07-16 12:45:54 [INFO] idaes.core.surrogate.pysmo_surrogate: Decode surrogate. type=poly

===========================Polynomial Regression===============================================

The number of cross-validation cases (3) is used.
The default training/cross-validation split of 0.75 is used.
No iterations will be run.
Default parameter estimation method is used.
Parameter estimation method:  pyomo 

2026-07-16 12:45:54 [INFO] idaes.core.surrogate.pysmo_surrogate: Decode surrogate. type=poly

===========================Polynomial Regression===============================================

The number of cross-validation cases (3) is used.
The default training/cross-validation split of 0.75 is used.
No iterations will be run.
Default parameter estimation method is used.
Parameter estimation method:  pyomo 

2026-07-16 12:45:56 [INFO] idaes.apps.grid_integration.pricetaker.price_taker_model: Found minimum uptime/downtime data for pretreatment.uf_pumps[1] - Adding minimum uptime/downtime constraints.
2026-07-16 12:45:56 [INFO] idaes.apps.grid_integration.pricetaker.price_taker_model: Created startup/shutdown constraints for operation model  pretreatment.uf_pumps[1] at uf_pumps_1_startup_shutdown.
2026-07-16 12:45:56 [INFO] idaes.apps.grid_integration.pricetaker.price_taker_model: Found minimum uptime/downtime data for pretreatment.uf_pumps[2] - Adding minimum uptime/downtime constraints.
2026-07-16 12:45:56 [INFO] idaes.apps.grid_integration.pricetaker.price_taker_model: Created startup/shutdown constraints for operation model  pretreatment.uf_pumps[2] at uf_pumps_2_startup_shutdown.
2026-07-16 12:45:56 [INFO] idaes.apps.grid_integration.pricetaker.price_taker_model: Found minimum uptime/downtime data for pretreatment.uf_pumps[3] - Adding minimum uptime/downtime constraints.
2026-07-16 12:45:56 [INFO] idaes.apps.grid_integration.pricetaker.price_taker_model: Created startup/shutdown constraints for operation model  pretreatment.uf_pumps[3] at uf_pumps_3_startup_shutdown.
2026-07-16 12:45:56 [INFO] idaes.apps.grid_integration.pricetaker.price_taker_model: Found minimum uptime/downtime data for reverse_osmosis.ro_skid[1] - Adding minimum uptime/downtime constraints.
2026-07-16 12:45:56 [INFO] idaes.apps.grid_integration.pricetaker.price_taker_model: Created startup/shutdown constraints for operation model  reverse_osmosis.ro_skid[1] at ro_skid_1_startup_shutdown.
2026-07-16 12:45:56 [INFO] idaes.apps.grid_integration.pricetaker.price_taker_model: Found minimum uptime/downtime data for reverse_osmosis.ro_skid[2] - Adding minimum uptime/downtime constraints.
2026-07-16 12:45:56 [INFO] idaes.apps.grid_integration.pricetaker.price_taker_model: Created startup/shutdown constraints for operation model  reverse_osmosis.ro_skid[2] at ro_skid_2_startup_shutdown.
2026-07-16 12:45:56 [INFO] idaes.apps.grid_integration.pricetaker.price_taker_model: Found minimum uptime/downtime data for reverse_osmosis.ro_skid[3] - Adding minimum uptime/downtime constraints.
2026-07-16 12:45:56 [INFO] idaes.apps.grid_integration.pricetaker.price_taker_model: Created startup/shutdown constraints for operation model  reverse_osmosis.ro_skid[3] at ro_skid_3_startup_shutdown.
2026-07-16 12:45:56 [INFO] idaes.apps.grid_integration.pricetaker.price_taker_model: Found minimum uptime/downtime data for reverse_osmosis.ro_skid[4] - Adding minimum uptime/downtime constraints.
2026-07-16 12:45:56 [INFO] idaes.apps.grid_integration.pricetaker.price_taker_model: Created startup/shutdown constraints for operation model  reverse_osmosis.ro_skid[4] at ro_skid_4_startup_shutdown.
2930
Set parameter TokenServer to value "10.60.1.73"
Set parameter LogToConsole to value 1
Set parameter MIPGap to value 0.005
Gurobi Optimizer version 12.0.3 build v12.0.3rc0 (linux64 - "Red Hat Enterprise Linux 8.8 (Ootpa)")

CPU model: Intel(R) Xeon(R) Platinum 8470QL, instruction set [SSE2|AVX|AVX2|AVX512]
Thread count: 104 physical cores, 104 logical processors, using up to 32 threads

Non-default parameters:
MIPGap  0.005

Optimize a model with 17951 rows, 15029 columns and 43909 nonzeros
Model fingerprint: 0x30461b92
Model has 168 quadratic objective terms
Model has 2352 quadratic constraints
Variable types: 11259 continuous, 3770 integer (3770 binary)
Coefficient statistics:
  Matrix range     [5e-04, 2e+03]
  QMatrix range    [2e-07, 1e+00]
  QLMatrix range   [3e-04, 1e+00]
  Objective range  [1e-05, 1e-03]
  QObjective range [2e-04, 2e-04]
  Bounds range     [9e-01, 1e+03]
  RHS range        [5e-02, 3e+05]
  QRHS range       [3e-01, 3e-01]
Presolve removed 13055 rows and 9640 columns
Presolve time: 0.06s
Presolved: 12456 rows, 5390 columns, 35461 nonzeros
Presolved model has 2016 bilinear constraint(s)

Solving non-convex MIQCP

Variable types: 4060 continuous, 1330 integer (1330 binary)
Found heuristic solution: objective 12.0903187

Root relaxation: objective 1.129216e+01, 19083 iterations, 2.85 seconds (4.40 work units)

    Nodes    |    Current Node    |     Objective Bounds      |     Work
 Expl Unexpl |  Obj  Depth IntInf | Incumbent    BestBd   Gap | It/Node Time

     0     0   11.29216    0 1573   12.09032   11.29216  6.60%     -    3s
H    0     0                      12.0903185   11.29216  6.60%     -    3s
     0     0   11.74491    0 1615   12.09032   11.74491  2.86%     -    3s
     0     0   11.74491    0 1615   12.09032   11.74491  2.86%     -    3s
     0     0   11.75502    0 1774   12.09032   11.75502  2.77%     -    4s
     0     0   11.75524    0 1774   12.09032   11.75524  2.77%     -    4s
     0     0   11.75835    0 1830   12.09032   11.75835  2.75%     -    4s
     0     0   11.75841    0 1792   12.09032   11.75841  2.75%     -    4s
     0     0   11.75868    0 1774   12.09032   11.75868  2.74%     -    4s
     0     0   11.75979    0 1772   12.09032   11.75979  2.73%     -    4s
     0     0   11.75988    0 1771   12.09032   11.75988  2.73%     -    4s
     0     0   11.80177    0 1699   12.09032   11.80177  2.39%     -    5s
     0     2   11.80182    0 1668   12.09032   11.80182  2.39%     -    6s
   659   726   11.81836   16 1800   12.09032   11.80529  2.36%   130   11s
  1054  1101   11.81930   23 1809   12.09032   11.80529  2.36%   126   15s
H 3620  3683                      12.0656348   11.80529  2.16%  89.4   18s
H 3951  4140                      12.0656280   11.80529  2.16%  87.8   20s
H 3970  4140                      12.0641358   11.80529  2.15%  87.7   20s
H 3992  4140                      12.0384211   11.80529  1.94%  88.0   20s
H 4042  4140                      12.0319579   11.80529  1.88%  87.9   20s
H 4326  4394                      12.0319386   11.80529  1.88%  87.7   20s
H 4405  4657                      12.0319330   11.80529  1.88%  90.4   21s
H 4544  4657                      12.0319286   11.80529  1.88%  89.2   21s
H 4565  4657                      12.0308610   11.80529  1.87%  88.9   21s
H 4625  4657                      12.0222188   11.80529  1.80%  88.9   21s
H 4982  5301                      12.0222188   11.80529  1.80%  89.1   24s
H 5034  5301                      12.0222184   11.80529  1.80%  89.8   24s
H 5053  5301                      12.0222132   11.80529  1.80%  89.7   24s
H 5091  5301                      12.0143219   11.80529  1.74%  92.2   24s
H 5287  5301                      12.0129543   11.80529  1.73%  90.6   24s
  5300  5705   11.84651  112 1741   12.01295   11.80529  1.73%  90.5   25s
H 5714  6003                      12.0128550   11.80529  1.73%  88.5   26s
H 5781  6003                      12.0128550   11.80529  1.73%  88.0   26s
H 5866  6003                      12.0103107   11.80529  1.71%  88.1   26s
H 5919  6003                      12.0095774   11.80529  1.70%  88.1   26s
H 6033  6323                      12.0079544   11.80529  1.69%  88.3   26s
H 6423  6820                      12.0078123   11.80529  1.69%  86.9   27s
H 7070  7240                      12.0078123   11.80529  1.69%  83.7   27s
H 7098  7240                      12.0077136   11.80529  1.69%  83.6   27s
H 7233  7240                      12.0040539   11.80529  1.66%  83.1   27s
H 7767  8035                      12.0032933   11.80529  1.65%  80.8   28s
H 7849  8035                      12.0023814   11.80529  1.64%  80.4   28s
H 7900  8035                      11.9998566   11.80529  1.62%  81.5   28s
H 7929  8035                      11.9943122   11.80529  1.58%  81.3   28s
H 7953  8035                      11.9883631   11.80529  1.53%  81.2   28s
H 8278  8528                      11.9882735   11.80529  1.53%  80.6   29s
H 8705  9051                      11.9882732   11.80529  1.53%  79.3   29s
  9076  9482   11.86035  214 1733   11.98827   11.80529  1.53%  78.9   30s
H10001 10110                      11.9874814   11.80529  1.52%  81.6   33s
H10002  9971                      11.9689498   11.80529  1.37%  81.6   33s
H10032  9971                      11.9685960   11.80529  1.36%  81.5   33s
H10143 10306                      11.9585960   11.80529  1.28%  81.5   34s
 10627 10535   11.87372  223 1652   11.95860   11.80535  1.28%  85.2   35s
H10829 10496                      11.9567166   11.80556  1.26%  87.5   35s
H11154 10746                      11.9552460   11.80556  1.25%  95.8   37s
H11519 11119                      11.9552457   11.80556  1.25%   101   38s
H11608 11119                      11.9552457   11.80584  1.25%   102   38s
 11617 11763   11.87950  234 1534   11.95525   11.80584  1.25%   102   40s
H12307 12501                      11.9552457   11.80584  1.25%   103   42s
H12881 12465                      11.9545112   11.80603  1.24%   103   42s
 13005 13339   11.88498  280 1415   11.95451   11.80603  1.24%   103   57s
H13347 13249                      11.9524942   11.80603  1.23%   102   57s
H13906 14073                      11.9510413   11.80603  1.21%   102   59s
H14051 14064                      11.9509712   11.80603  1.21%   102   59s
H14394 14064                      11.9509477   11.80603  1.21%   101   59s
H14569 14063                      11.9509367   11.80603  1.21%   101   59s
H14788 13488                      11.9297095   11.80603  1.04%   102   60s
H14788 13469                      11.9287095   11.80603  1.03%   102   60s
 14791 13467   11.85601  259   74   11.92871   11.80603  1.03%   102   68s
 14792 13468   11.84698   35  153   11.92871   11.84698  0.69%   102   70s
H14793 12795                      11.9287059   11.84848  0.67%   102   70s
 14815 12810   11.85488   91  148   11.92871   11.84937  0.67%   104   78s
 14816 12811   11.88033  178  159   11.92871   11.84937  0.67%   104   80s
H14823 12175                      11.9277060   11.84953  0.66%   104   82s
 14835 12183   11.88287  133  194   11.92771   11.84953  0.66%   104   89s
H14835 11573                      11.9276981   11.84953  0.66%   104   89s
 14837 11577   11.85087   29 1701   11.92770   11.84953  0.66%   106  132s
 14839 11580   11.85150   30 1808   11.92770   11.85087  0.64%   106  136s
H14898 11038                      11.9274127   11.85307  0.62%   108  139s
 14899 11069   11.85697   34 1853   11.92741   11.85307  0.62%   108  140s
H15104 10694                      11.9274108   11.85307  0.62%   117  144s
 15174 10736   11.85964   39 1858   11.92741   11.85307  0.62%   118  146s
H15254 10246                      11.9274071   11.85307  0.62%   119  147s
H15265  9746                      11.9264108   11.85307  0.61%   119  147s
H15419  9368                      11.9263635   11.85307  0.61%   121  148s
 15444  9420   11.86138   44 1828   11.92636   11.85307  0.61%   121  150s
H15667  9082                      11.9256368   11.85307  0.61%   123  151s
H16071  9044                      11.9256308   11.85340  0.61%   124  155s
H16803  9105                      11.9247927   11.85340  0.60%   127  158s
 17102  9361   11.87525   75 1725   11.92479   11.85340  0.60%   128  161s
H17110  8974                      11.9246316   11.85340  0.60%   128  161s
H17203  8578                      11.9246245   11.85340  0.60%   129  161s
 17573  9010   11.87635   87 1690   11.92462   11.85340  0.60%   130  165s
H17684  8625                      11.9244841   11.85340  0.60%   130  165s
H17709  8287                      11.9243675   11.85340  0.60%   132  165s
H17796  7945                      11.9242798   11.85340  0.59%   131  165s
H17868  7929                      11.9242762   11.85340  0.59%   131  166s
H18737  8047                      11.9240466   11.85408  0.59%   132  169s
 18873  8349   11.88304  106 1663   11.92405   11.85408  0.59%   132  170s
H19137  7993                      11.9240466   11.85408  0.59%   132  170s
H19500  7852                      11.9240419   11.85408  0.59%   133  173s
H19978  7922                      11.9228177   11.85408  0.58%   132  174s
H19979  7631                      11.9210734   11.85408  0.56%   132  174s
 20010  8122   11.88722  129 1624   11.92107   11.85408  0.56%   132  178s
H21048  7970                      11.9203075   11.85458  0.55%   132  179s
H21080  8279                      11.9193075   11.85458  0.54%   132  180s
 22837  9304   11.89944  198 1571   11.91931   11.85458  0.54%   128  185s
H25230 10233                      11.9193075   11.85458  0.54%   126  189s
H25235 10004                      11.9186062   11.85458  0.54%   126  189s
H25241  9845                      11.9173133   11.85458  0.53%   126  189s
 25262 10608   11.90580  241 1356   11.91731   11.85458  0.53%   126  190s
H27063 11896                      11.9169828   11.85458  0.52%   123  193s
H27098 11887                      11.9168447   11.85458  0.52%   123  193s
H27099 11886                      11.9167790   11.85458  0.52%   123  193s
H27102 11886                      11.9167737   11.85458  0.52%   123  193s
H27311 11838                      11.9162319   11.85458  0.52%   123  193s
H27449 11759                      11.9148882   11.85458  0.51%   123  193s
 27465 12456   11.91135  293 1309   11.91489   11.85458  0.51%   123  195s
 28632 13746   11.91353  310 1306   11.91489   11.85484  0.50%   123  200s
 31003 15871   11.86225   42 1711   11.91489   11.85484  0.50%   121  205s

Cutting planes:
  Learned: 29
  Gomory: 4
  Cover: 59
  Implied bound: 61
  MIR: 69
  Mixing: 1
  Flow cover: 252
  GUB cover: 1
  RLT: 778
  Relax-and-lift: 3

Explored 32575 nodes (3930236 simplex iterations) in 206.42 seconds (411.76 work units)
Thread count was 32 (of 104 available processors)

Solution count 10: 11.9149 11.9149 11.9162 ... 11.9193

Optimal solution found (tolerance 5.00e-03)
Best objective 1.191488821711e+01, best bound 1.185544454438e+01, gap 0.4989%
m.flow_changes_penalty(): 530.0
Total operational cost: 118618.88
Maximum power (kW): 1144.04
Discharge energy capacity (kWh): 5425.73
Charge energy capacity (kWh): 5963.19
Levelized Cost of Flexibility ($/kWh): 0.01
{'fixed_demand_cost': 5120.456793586908, 'variable_demand_cost': 7308.952173025617, 'fixed_monthly_cost': 171938.17204301074, 'total_water_production': 282179.6712328725, 'total_energy_cost': 20428.263557246555, 'total_demand_cost': 12429.408966612526, 'total_customer_cost': 0.0, 'total_feed_cost': 50924.49254664037, 'total_brine_cost': 15522.315088960837, 'total_chemical_cost': 19314.40201164689, 'total_water_revenue': 0.0, 'total_demand_response_revenue': 0.0, 'total_emissions_cost': 0.0, 'total_op_cost': 118618.88217110718, 'fixed_cost': 121551.98252688172, 'total_cost': 240170.8646979889, 'LCOW': 0.8511274524088048, 'degree_of_flex': 0.0, 'total_replacement_cost': 1409.837429595494, 'maximum_power': 1144.036854127106, 'discharge_energy_capacity': 5425.726808203735, 'charge_energy_capacity': 5963.193708511523, 'discharge_power_capacity': 217.02907232814943, 'charge_power_capacity': 41.70065530427639, 'round_trip_efficiency': 0, 'LVOF': 0.012768869820828893}
Saved operation variable results to: /home/rchurchi/watertap_test/watertap/tutorials/flex_ro/wrd_result_summer_both_0_flexible_trains.csv
Saved summary results to: /home/rchurchi/watertap_test/watertap/tutorials/flex_ro/wrd_pricetaker_summary_results_20260716_124925.csv
