2026-08-18 15:23:09 [INFO] idaes.core.surrogate.pysmo_surrogate: Decode surrogate. type=poly

===========================Polynomial Regression===============================================

The number of cross-validation cases (3) is used.
The default training/cross-validation split of 0.75 is used.
No iterations will be run.
Default parameter estimation method is used.
Parameter estimation method:  pyomo 

2026-08-18 15:23:09 [INFO] idaes.core.surrogate.pysmo_surrogate: Decode surrogate. type=poly

===========================Polynomial Regression===============================================

The number of cross-validation cases (3) is used.
The default training/cross-validation split of 0.75 is used.
No iterations will be run.
Default parameter estimation method is used.
Parameter estimation method:  pyomo 

2026-08-18 15:23:09 [INFO] idaes.core.surrogate.pysmo_surrogate: Decode surrogate. type=poly

===========================Polynomial Regression===============================================

The number of cross-validation cases (3) is used.
The default training/cross-validation split of 0.75 is used.
No iterations will be run.
Default parameter estimation method is used.
Parameter estimation method:  pyomo 

2026-08-18 15:23:09 [INFO] idaes.core.surrogate.pysmo_surrogate: Decode surrogate. type=poly

===========================Polynomial Regression===============================================

The number of cross-validation cases (3) is used.
The default training/cross-validation split of 0.75 is used.
No iterations will be run.
Default parameter estimation method is used.
Parameter estimation method:  pyomo 

2026-08-18 15:23:11 [INFO] idaes.apps.grid_integration.pricetaker.price_taker_model: Found minimum uptime/downtime data for pretreatment.uf_pumps[1] - Adding minimum uptime/downtime constraints.
2026-08-18 15:23:11 [INFO] idaes.apps.grid_integration.pricetaker.price_taker_model: Created startup/shutdown constraints for operation model  pretreatment.uf_pumps[1] at uf_pumps_1_startup_shutdown.
2026-08-18 15:23:11 [INFO] idaes.apps.grid_integration.pricetaker.price_taker_model: Found minimum uptime/downtime data for pretreatment.uf_pumps[2] - Adding minimum uptime/downtime constraints.
2026-08-18 15:23:11 [INFO] idaes.apps.grid_integration.pricetaker.price_taker_model: Created startup/shutdown constraints for operation model  pretreatment.uf_pumps[2] at uf_pumps_2_startup_shutdown.
2026-08-18 15:23:11 [INFO] idaes.apps.grid_integration.pricetaker.price_taker_model: Found minimum uptime/downtime data for pretreatment.uf_pumps[3] - Adding minimum uptime/downtime constraints.
2026-08-18 15:23:11 [INFO] idaes.apps.grid_integration.pricetaker.price_taker_model: Created startup/shutdown constraints for operation model  pretreatment.uf_pumps[3] at uf_pumps_3_startup_shutdown.
2026-08-18 15:23:11 [INFO] idaes.apps.grid_integration.pricetaker.price_taker_model: Found minimum uptime/downtime data for reverse_osmosis.ro_skid[1] - Adding minimum uptime/downtime constraints.
2026-08-18 15:23:11 [INFO] idaes.apps.grid_integration.pricetaker.price_taker_model: Created startup/shutdown constraints for operation model  reverse_osmosis.ro_skid[1] at ro_skid_1_startup_shutdown.
2026-08-18 15:23:11 [INFO] idaes.apps.grid_integration.pricetaker.price_taker_model: Found minimum uptime/downtime data for reverse_osmosis.ro_skid[2] - Adding minimum uptime/downtime constraints.
2026-08-18 15:23:11 [INFO] idaes.apps.grid_integration.pricetaker.price_taker_model: Created startup/shutdown constraints for operation model  reverse_osmosis.ro_skid[2] at ro_skid_2_startup_shutdown.
2026-08-18 15:23:11 [INFO] idaes.apps.grid_integration.pricetaker.price_taker_model: Found minimum uptime/downtime data for reverse_osmosis.ro_skid[3] - Adding minimum uptime/downtime constraints.
2026-08-18 15:23:11 [INFO] idaes.apps.grid_integration.pricetaker.price_taker_model: Created startup/shutdown constraints for operation model  reverse_osmosis.ro_skid[3] at ro_skid_3_startup_shutdown.
2026-08-18 15:23:11 [INFO] idaes.apps.grid_integration.pricetaker.price_taker_model: Found minimum uptime/downtime data for reverse_osmosis.ro_skid[4] - Adding minimum uptime/downtime constraints.
2026-08-18 15:23:11 [INFO] idaes.apps.grid_integration.pricetaker.price_taker_model: Created startup/shutdown constraints for operation model  reverse_osmosis.ro_skid[4] at ro_skid_4_startup_shutdown.
4172
Set parameter TokenServer to value "10.60.1.73"
Set parameter LogToConsole to value 1
Set parameter MIPGap to value 0.01
Gurobi Optimizer version 12.0.3 build v12.0.3rc0 (linux64 - "Red Hat Enterprise Linux 8.8 (Ootpa)")

CPU model: Intel(R) Xeon(R) Platinum 8470QL, instruction set [SSE2|AVX|AVX2|AVX512]
Thread count: 104 physical cores, 104 logical processors, using up to 32 threads

Non-default parameters:
MIPGap  0.01

Optimize a model with 18147 rows, 16467 columns and 50111 nonzeros
Model fingerprint: 0x666f29fa
Model has 168 quadratic objective terms
Model has 2352 quadratic constraints
Variable types: 11259 continuous, 5208 integer (5208 binary)
Coefficient statistics:
  Matrix range     [5e-04, 2e+03]
  QMatrix range    [2e-07, 1e+00]
  QLMatrix range   [3e-04, 1e+00]
  Objective range  [1e-05, 1e-03]
  QObjective range [2e-04, 2e-04]
  Bounds range     [9e-01, 1e+03]
  RHS range        [5e-02, 3e+05]
  QRHS range       [3e-01, 3e-01]
Presolve removed 8495 rows and 8636 columns
Presolve time: 0.10s
Presolved: 18710 rows, 8063 columns, 49049 nonzeros
Presolved model has 154 SOS constraint(s)
Presolved model has 2352 bilinear constraint(s)

Solving non-convex MIQCP

Variable types: 5376 continuous, 2687 integer (2687 binary)
Found heuristic solution: objective 19.4727249

Root relaxation: unbounded, 0 iterations, 0.01 seconds (0.00 work units)

    Nodes    |    Current Node    |     Objective Bounds      |     Work
 Expl Unexpl |  Obj  Depth IntInf | Incumbent    BestBd   Gap | It/Node Time

     0     2  postponed    0        19.47272          -      -     -    9s
     1     4  postponed    1        19.47272          -      -   0.0   11s
    13    16  postponed    4        19.47272          -      -  6434   16s
    39    42  postponed    6        19.47272          -      -  8078   20s
   106   149  postponed    8        19.47272          -      -  7888   27s
   192   258  postponed    9        19.47272          -      -  8236   34s
   371   524  postponed   10        19.47272          -      -  7594   43s
H  751   524                      13.5769366          -      -  4265   43s
   805   858 infeasible   13        13.57694          -      -  4006   55s
H 1428   858                      13.5577461          -      -  2506   55s
  1493  1871 infeasible   17        13.55775          -      -  2451   73s
H 1781  1871                      13.0744398          -      -  2265   73s
H 1971  1871                      12.8002636          -      -  2102   73s
H 2671  1871                      12.7731594          -      -  1631   73s
  2892  3526  postponed   20        12.77316          -      -  1538   87s
H 4833  3526                      12.7716907          -      -  1144   87s
  4991  5147  postponed   26        12.77169          -      -  1133   99s
H 5115  5146                      12.7687593          -      -  1148   99s
H 5767  5144                      12.7646830          -      -  1068   99s
  7000  6144 infeasible   31        12.76468          -      -   952  110s
H 7153  5597                      12.7033022          -      -   977  110s
H 7375  5592                      12.7022946          -      -   969  110s
H 7505  5589                      12.7009781          -      -   959  110s
H 7717  5585                      12.7006306          -      -   954  110s
H 7741  5583                      12.6997730          -      -   959  110s
  8206  6873  postponed   35        12.69977          -      -   938  125s
H 8353  6836                      12.6945481          -      -   957  125s
H 8395  6823                      12.6937864          -      -   957  125s
H 8571  6089                      12.6264932          -      -   958  125s
 10058  6060   12.56223  150  999   12.62649   10.14602  19.6%   887  139s
 10059  6061   11.28733   89 1182   12.62649   11.05684  12.4%   887  145s
H10060  5758                      12.6264465   11.61951  7.97%   886  154s
 10062  5759   11.65576   13 1309   12.62645   11.65576  7.69%   886  156s
 10063  5760   12.20660   92 1175   12.62645   11.67242  7.56%   886  160s
 10066  5762   11.68049   19 1380   12.62645   11.68049  7.49%   886  166s
 10068  5763   12.61652  287 1254   12.62645   11.68414  7.46%   886  170s
 10071  5765   11.68557   43 1305   12.62645   11.68557  7.45%   885  176s
 10074  5767   11.68623   31 1373   12.62645   11.68623  7.45%   885  180s
 10078  5770   12.04748  144 1312   12.62645   11.68674  7.44%   885  185s
 10082  5772   12.18392  176 1318   12.62645   11.68721  7.44%   885  190s
 10086  5775   11.68752   25 1325   12.62645   11.68752  7.44%   884  204s
 10087  5776   12.48706  410 1325   12.62645   11.68752  7.44%   884  213s
 10088  5779   11.84259   15 2925   12.62645   11.68752  7.44%   900  411s
 10090  5783   11.87017   16 2355   12.62645   11.69475  7.38%   907  442s
 10094  5789   11.87105   17 2255   12.62645   11.69923  7.34%   922  454s
 10102  5803   11.89674   18 1668   12.62645   11.70023  7.34%   941  465s
 10118  5828   11.92804   19 1533   12.62645   11.70378  7.31%   975  489s
H10123  5538                      12.6253377   11.70378  7.30%   981  489s
 10149  5561   11.92994   20 1561   12.62534   11.70432  7.29%  1063  502s
H10181  5357                      12.6253148   11.70480  7.29%  1114  513s
H10193  5092                      12.6249717   11.70480  7.29%  1130  513s
H10208  4839                      12.6233442   11.70480  7.28%  1148  513s
 10263  4922   11.93522   24 1570   12.62334   11.70480  7.28%  1234  527s
 10366  4986   11.98520   25 1473   12.62334   11.70480  7.28%  1321  538s
H10372  4748                      12.6229694   11.70480  7.27%  1323  538s
H10397  4515                      12.6223425   11.70480  7.27%  1337  538s
H10399  4303                      12.6213723   11.70480  7.26%  1340  538s
 10464  4369   12.05926   26 1237   12.62137   11.70480  7.26%  1381  548s
 10552  4440   12.00012   26 1817   12.62137   11.70480  7.26%  1440  562s
 10654  4487   12.07718   27 1476   12.62137   11.70480  7.26%  1487  572s
 10737  4527   12.14659   28 1376   12.62137   11.70480  7.26%  1539  582s
H10745  4322                      12.6203706   11.70480  7.25%  1550  582s
 10807  4383   12.03286   29 1708   12.62037   11.70480  7.25%  1601  593s
 10898  4438   12.06299   30 1715   12.62037   11.70480  7.25%  1646  603s
H10901  4245                      12.6203442   11.70480  7.25%  1647  603s
H10911  4059                      12.6194176   11.70480  7.25%  1654  603s
H10941  3876                      12.6193673   11.70480  7.25%  1676  603s
 10988  3975   12.09143   32 2043   12.61937   11.70512  7.24%  1695  618s
 11105  4032   12.22219   34 1422   12.61937   11.70512  7.24%  1727  635s
H11159  3849                      12.6193673   11.70512  7.24%  1753  635s
H11174  3688                      12.6193673   11.70512  7.24%  1754  635s
 11207  3786   12.09150   35 2027   12.61937   11.70512  7.24%  1768  650s
 11326  3860   12.32358   35 1417   12.61937   11.70518  7.24%  1802  660s
H11351  3703                      12.6183670   11.70518  7.24%  1818  660s
H11370  3555                      12.6175217   11.70518  7.23%  1823  660s
 11441  3676   12.09152   36 1953   12.61752   11.70518  7.23%  1843  673s
 11590  3747   12.13475   37 1337   12.61752   11.70518  7.23%  1877  683s
H11687  3580                      12.6174361   11.70518  7.23%  1900  683s
H11687  3453                      12.6164665   11.70518  7.22%  1900  683s
 11716  3559   12.09658   38 2304   12.61647   11.70518  7.22%  1913  692s
 11836  3644   12.09699   39 2175   12.61647   11.70518  7.22%  1963  702s
H11837  3522                      12.6154687   11.70518  7.22%  1962  702s
H11897  3387                      12.6154663   11.70518  7.22%  1976  702s
H11949  3261                      12.6153974   11.70518  7.22%  1984  702s
 11970  3316   12.19649   39 1329   12.61540   11.70518  7.22%  2004  709s
H11980  3207                      12.6041215   11.70518  7.13%  2010  709s
H12001  3089                      12.4967917   11.70518  6.33%  2012  709s
H12036  3021                      12.4927917   11.70518  6.30%  2021  721s
H12036  2932                      12.4892650   11.70518  6.28%  2021  721s
H12055  2842                      12.4850164   11.70518  6.25%  2026  721s
H12096  2747                      12.4840176   11.70518  6.24%  2034  721s
H12133  2659                      12.4708568   11.70929  6.11%  2042  721s
 12222  2683   12.09703   42 2086   12.47086   11.70943  6.11%  2053  737s
 12404  2667   12.09754   44 2075   12.47086   11.70943  6.11%  2094  753s
H12425  2588                      12.4708567   11.70943  6.11%  2095  753s
H12430  2518                      12.4580828   11.70943  6.01%  2096  753s
H12452  2445                      12.4536958   11.70943  5.98%  2109  753s
 12612  2548   12.09754   45 2046   12.45370   11.70943  5.98%  2120  770s
 12855  2710   12.09754   46 2019   12.45370   11.70977  5.97%  2133  785s
H12881  2638                      12.4536957   11.70977  5.97%  2142  785s
H12957  2536                      12.4503083   11.70977  5.95%  2146  785s
H13101  2416                      12.4483088   11.70977  5.93%  2152  785s
 13105  2684   12.09754   47 1982   12.44831   11.70977  5.93%  2154  796s
H13380  2955                      12.4409218   11.70977  5.88%  2169  808s
 13751  3325   12.29842   49 1269   12.44092   11.70977  5.88%  2165  821s
 14140  3686   12.09835   53 1920   12.44092   11.70977  5.88%  2161  831s
H14518  4082                      12.4399205   11.70977  5.87%  2168  842s
H14525  4055                      12.4353631   11.70977  5.83%  2169  842s
H14647  4055                      12.4352742   11.70977  5.83%  2171  842s
 14927  4518   12.09904   58 1792   12.43527   11.70977  5.83%  2161  850s
H14962  4518                      12.4352710   11.70977  5.83%  2161  850s
H14998  4020                      12.3746136   11.70977  5.37%  2166  850s
H15415  2649                      12.1873134   11.71082  3.91%  2146  858s
H15423  2163                      12.0194984   11.71082  2.57%  2145  858s
H15514  2163                      11.9474654   11.71082  1.98%  2146  858s
H15613  2163                      11.8581370   11.71438  1.21%  2137  858s
H15726  2163                      11.8088223   11.71438  0.80%  2125  858s

Cutting planes:
  Learned: 151
  Gomory: 29
  Cover: 760
  Implied bound: 372
  Projected implied bound: 133
  Clique: 21
  MIR: 604
  Flow cover: 1191
  GUB cover: 29
  Zero half: 8
  Network: 18
  RLT: 1402
  Relax-and-lift: 625
  BQP: 7
  PSD: 4

Explored 15797 nodes (33500695 simplex iterations) in 858.50 seconds (1759.95 work units)
Thread count was 32 (of 104 available processors)

Solution count 10: 11.8088 11.8581 11.9475 ... 12.4399

Optimal solution found (tolerance 1.00e-02)
Best objective 1.180882228709e+01, best bound 1.171438110496e+01, gap 0.7998%
m.flow_changes_penalty(): 860.0
Total operational cost: 117228.22
Maximum power (kW): 1461.24
Discharge energy capacity (kWh): 30869.81
Charge energy capacity (kWh): 30784.73
Levelized Cost of Flexibility ($/kWh): 0.05
{'fixed_demand_cost': 6540.206679445062, 'variable_demand_cost': 4890.24356790909, 'fixed_monthly_cost': 171938.17204301074, 'total_water_production': 282195.4648646933, 'total_energy_cost': 20110.90799509646, 'total_demand_cost': 11430.450247354152, 'total_customer_cost': 0.0, 'total_feed_cost': 50907.02313465938, 'total_brine_cost': 15468.574782578871, 'total_chemical_cost': 19311.266711247306, 'total_water_revenue': 0.0, 'total_demand_response_revenue': 0.0, 'total_emissions_cost': 0.0, 'total_op_cost': 117228.22287093618, 'fixed_cost': 121551.98252688172, 'total_cost': 238780.2053978179, 'LCOW': 0.8461518171892235, 'degree_of_flex': 0.16167664670658682, 'total_replacement_cost': 1433.0057866247566, 'maximum_power': 1461.2441424594535, 'discharge_energy_capacity': 30869.81263159984, 'charge_energy_capacity': 30784.730144600187, 'discharge_power_capacity': 411.59750175466456, 'charge_power_capacity': 331.0186037053784, 'round_trip_efficiency': 0, 'LVOF': 0.04654292397513075}
Saved operation variable results to: /home/rchurchi/watertap_test/watertap/tutorials/flex_ro/wrd_result_summer_both_4_flexible_trains.csv
Saved summary results to: /home/rchurchi/watertap_test/watertap/tutorials/flex_ro/wrd_pricetaker_summary_results_20260818_153732.csv
