2026-07-16 13:09:55 [INFO] idaes.core.surrogate.pysmo_surrogate: Decode surrogate. type=poly

===========================Polynomial Regression===============================================

The number of cross-validation cases (3) is used.
The default training/cross-validation split of 0.75 is used.
No iterations will be run.
Default parameter estimation method is used.
Parameter estimation method:  pyomo 

2026-07-16 13:09:55 [INFO] idaes.core.surrogate.pysmo_surrogate: Decode surrogate. type=poly

===========================Polynomial Regression===============================================

The number of cross-validation cases (3) is used.
The default training/cross-validation split of 0.75 is used.
No iterations will be run.
Default parameter estimation method is used.
Parameter estimation method:  pyomo 

2026-07-16 13:09:55 [INFO] idaes.core.surrogate.pysmo_surrogate: Decode surrogate. type=poly

===========================Polynomial Regression===============================================

The number of cross-validation cases (3) is used.
The default training/cross-validation split of 0.75 is used.
No iterations will be run.
Default parameter estimation method is used.
Parameter estimation method:  pyomo 

2026-07-16 13:09:55 [INFO] idaes.core.surrogate.pysmo_surrogate: Decode surrogate. type=poly

===========================Polynomial Regression===============================================

The number of cross-validation cases (3) is used.
The default training/cross-validation split of 0.75 is used.
No iterations will be run.
Default parameter estimation method is used.
Parameter estimation method:  pyomo 

2026-07-16 13:09:56 [INFO] idaes.apps.grid_integration.pricetaker.price_taker_model: Found minimum uptime/downtime data for pretreatment.uf_pumps[1] - Adding minimum uptime/downtime constraints.
2026-07-16 13:09:56 [INFO] idaes.apps.grid_integration.pricetaker.price_taker_model: Created startup/shutdown constraints for operation model  pretreatment.uf_pumps[1] at uf_pumps_1_startup_shutdown.
2026-07-16 13:09:56 [INFO] idaes.apps.grid_integration.pricetaker.price_taker_model: Found minimum uptime/downtime data for pretreatment.uf_pumps[2] - Adding minimum uptime/downtime constraints.
2026-07-16 13:09:56 [INFO] idaes.apps.grid_integration.pricetaker.price_taker_model: Created startup/shutdown constraints for operation model  pretreatment.uf_pumps[2] at uf_pumps_2_startup_shutdown.
2026-07-16 13:09:56 [INFO] idaes.apps.grid_integration.pricetaker.price_taker_model: Found minimum uptime/downtime data for pretreatment.uf_pumps[3] - Adding minimum uptime/downtime constraints.
2026-07-16 13:09:56 [INFO] idaes.apps.grid_integration.pricetaker.price_taker_model: Created startup/shutdown constraints for operation model  pretreatment.uf_pumps[3] at uf_pumps_3_startup_shutdown.
2026-07-16 13:09:56 [INFO] idaes.apps.grid_integration.pricetaker.price_taker_model: Found minimum uptime/downtime data for reverse_osmosis.ro_skid[1] - Adding minimum uptime/downtime constraints.
2026-07-16 13:09:56 [INFO] idaes.apps.grid_integration.pricetaker.price_taker_model: Created startup/shutdown constraints for operation model  reverse_osmosis.ro_skid[1] at ro_skid_1_startup_shutdown.
2026-07-16 13:09:56 [INFO] idaes.apps.grid_integration.pricetaker.price_taker_model: Found minimum uptime/downtime data for reverse_osmosis.ro_skid[2] - Adding minimum uptime/downtime constraints.
2026-07-16 13:09:56 [INFO] idaes.apps.grid_integration.pricetaker.price_taker_model: Created startup/shutdown constraints for operation model  reverse_osmosis.ro_skid[2] at ro_skid_2_startup_shutdown.
2026-07-16 13:09:56 [INFO] idaes.apps.grid_integration.pricetaker.price_taker_model: Found minimum uptime/downtime data for reverse_osmosis.ro_skid[3] - Adding minimum uptime/downtime constraints.
2026-07-16 13:09:56 [INFO] idaes.apps.grid_integration.pricetaker.price_taker_model: Created startup/shutdown constraints for operation model  reverse_osmosis.ro_skid[3] at ro_skid_3_startup_shutdown.
2026-07-16 13:09:56 [INFO] idaes.apps.grid_integration.pricetaker.price_taker_model: Found minimum uptime/downtime data for reverse_osmosis.ro_skid[4] - Adding minimum uptime/downtime constraints.
2026-07-16 13:09:56 [INFO] idaes.apps.grid_integration.pricetaker.price_taker_model: Created startup/shutdown constraints for operation model  reverse_osmosis.ro_skid[4] at ro_skid_4_startup_shutdown.
4270
Set parameter TokenServer to value "10.60.1.73"
Set parameter LogToConsole to value 1
Set parameter MIPGap to value 0.005
Gurobi Optimizer version 12.0.3 build v12.0.3rc0 (linux64 - "Red Hat Enterprise Linux 8.8 (Ootpa)")

CPU model: Intel(R) Xeon(R) Platinum 8470QL, instruction set [SSE2|AVX|AVX2|AVX512]
Thread count: 104 physical cores, 104 logical processors, using up to 32 threads

Non-default parameters:
MIPGap  0.005

Optimize a model with 17951 rows, 16373 columns and 48595 nonzeros
Model fingerprint: 0x17c001bf
Model has 168 quadratic objective terms
Model has 2352 quadratic constraints
Variable types: 11259 continuous, 5114 integer (5114 binary)
Coefficient statistics:
  Matrix range     [5e-04, 2e+03]
  QMatrix range    [2e-07, 1e+00]
  QLMatrix range   [3e-04, 1e+00]
  Objective range  [1e-05, 1e-03]
  QObjective range [2e-04, 2e-04]
  Bounds range     [9e-01, 1e+03]
  RHS range        [5e-02, 3e+05]
  QRHS range       [3e-01, 3e-01]
Presolve removed 8835 rows and 8481 columns
Presolve time: 0.11s
Presolved: 18048 rows, 8175 columns, 49077 nonzeros
Presolved model has 188 SOS constraint(s)
Presolved model has 2312 bilinear constraint(s)

Solving non-convex MIQCP

Variable types: 5336 continuous, 2839 integer (2839 binary)
Found heuristic solution: objective 12.0903187

Root relaxation: unbounded, 0 iterations, 0.01 seconds (0.00 work units)

    Nodes    |    Current Node    |     Objective Bounds      |     Work
 Expl Unexpl |  Obj  Depth IntInf | Incumbent    BestBd   Gap | It/Node Time

     0     2  postponed    0        12.09032          -      -     -    6s
    15    26  postponed    4        12.09032          -      -  6289   10s
    87   139  postponed    7        12.09032          -      -  6512   15s
   148   267  postponed    8        12.09032          -      -  8034   20s
   294   544  postponed   10        12.09032          -      -  7460   28s
   651  1050  postponed   15        12.09032          -      -  3751   43s
  1513  1850  postponed   25        12.09032          -      -  1921   65s
H 2273  1850                      12.0903185          -      -  1445   65s
  3082  4013  postponed   42        12.09032          -      -  1206   95s
  6002  7319  postponed   60        12.09032          -      -   967  116s
  9816  9381 infeasible   71        12.09032          -      -   797  132s
H 9961  9381                      12.0903185          -      -   798  132s
 12218 11589  postponed   81        12.09032          -      -   772  145s
 14639 11591   11.42562  299 1014   12.09032    9.46320  21.7%   783  154s
 14640 11592   11.94568  186  942   12.09032   10.16869  15.9%   783  155s
 14642 11593   11.41265   62 1021   12.09032   11.41265  5.61%   783  165s
 14645 11595   12.02383  405  838   12.09032   11.47403  5.10%   783  170s
 14648 11597   11.47961   20 1003   12.09032   11.47961  5.05%   783  177s
 14650 11599   11.48019   20 1022   12.09032   11.48019  5.05%   783  181s
 14654 11601   12.05960  526 1013   12.09032   11.48108  5.04%   782  186s
 14658 11604   11.48170   21  974   12.09032   11.48170  5.03%   782  190s
 14661 11606   11.93840  294  989   12.09032   11.48182  5.03%   782  198s
 14662 11607   11.87331  501  989   12.09032   11.48182  5.03%   782  208s
 14663 11610   11.53733   15 2931   12.09032   11.48182  5.03%   790  348s
 14665 11614   11.58259   16 2879   12.09032   11.48292  5.02%   790  359s
 14669 11620   11.59224   17 2822   12.09032   11.48402  5.01%   792  370s
 14677 11634   11.61082   18 2947   12.09032   11.48415  5.01%   798  381s
 14693 11660   11.61349   19 2924   12.09032   11.48444  5.01%   807  392s
 14725 11682   11.69779   20 2933   12.09032   11.48445  5.01%   829  398s
 14757 11747   11.73844   21 2156   12.09032   11.48445  5.01%   840  411s
 14833 11806   11.78200   22 2662   12.09032   11.48445  5.01%   881  430s
 14917 11851   11.74798   23 1942   12.09032   11.48445  5.01%   905  440s
 14998 11911   11.77331   24 2209   12.09032   11.48445  5.01%   930  450s
 15089 11962   11.80367   26 2358   12.09032   11.48445  5.01%   949  458s
 15179 12010   11.81600   26 2189   12.09032   11.48445  5.01%   967  472s
 15265 12066   11.84973   27 2254   12.09032   11.48445  5.01%   988  484s
 15365 12115   11.85586   28 2417   12.09032   11.48445  5.01%  1002  492s
 15454 12169   11.97684   29 2140   12.09032   11.48445  5.01%  1018  503s
 15547 12224   11.85674   30 1998   12.09032   11.48445  5.01%  1040  512s
 15647 12264   11.87758   31 2328   12.09032   11.48445  5.01%  1056  521s
 15739 12282   11.91502   32 2352   12.09032   11.48445  5.01%  1080  529s
 15812 12334   11.93204   33 2432   12.09032   11.48445  5.01%  1103  538s
 15913 12407   11.94142   36 1766   12.09032   11.48445  5.01%  1126  551s
 16037 12453   11.93311   38 2215   12.09032   11.48445  5.01%  1143  561s
 16147 12530   11.93347   39 2132   12.09032   11.48445  5.01%  1170  575s
 16272 12590   12.00793   39 1988   12.09032   11.48445  5.01%  1193  586s
 16402 12697   11.93350   41 2100   12.09032   11.48451  5.01%  1218  598s
 16571 12794   11.93401   42 2083   12.09032   11.48451  5.01%  1235  606s
 16735 12860   11.98358   44 1771   12.09032   11.48451  5.01%  1251  619s
 16889 12963   11.93950   45 2058   12.09032   11.48451  5.01%  1277  630s
 17073 13109   11.96306   48 2027   12.09032   11.48451  5.01%  1297  640s
 17296 13213   11.96353   50 1938   12.09032   11.48451  5.01%  1315  654s
 17497 13370   11.96422   51 1937   12.09032   11.48451  5.01%  1331  664s
 17745 13473   11.96507   54 1932   12.09032   11.48451  5.01%  1348  678s
 17968 13623   11.98761   57 1863   12.09032   11.51568  4.75%  1370  690s
 18220 13756   11.98862   61 1861   12.09032   11.51568  4.75%  1389  703s
 18449 13825     cutoff   61        12.09032   11.51568  4.75%  1417  721s
 18625 13978     cutoff   63        12.09032   11.51568  4.75%  1456  735s
 18869 14145   12.03467   64 1856   12.09032   11.51568  4.75%  1485  751s
 19146 14412   12.03710   72 1846   12.09032   11.51568  4.75%  1508  761s
 19523 14739   12.04054   82 1758   12.09032   11.51568  4.75%  1518  773s
 19985 14702   12.04072   83 1768   12.09032   11.51568  4.75%  1520  787s
H20009 12357                      11.9503233   11.51568  3.64%  1520  787s
H20050 11010                      11.8766525   11.51568  3.04%  1518  787s
H20093 10371                      11.8619374   11.51568  2.92%  1522  787s
H20094  9613                      11.7967368   11.51568  2.38%  1522  787s
 20118  9448     cutoff   87        11.79674   11.51568  2.38%  1525  805s
H20124  8973                      11.7967368   11.51568  2.38%  1524  805s
H20183  8504                      11.7962372   11.51568  2.38%  1531  805s
H20341  8025                      11.7950049   11.52238  2.31%  1539  805s
H20381  7605                      11.7939985   11.52462  2.28%  1544  805s
 20392  7675     cutoff   22        11.79400   11.52462  2.28%  1547  822s
H20596  7291                      11.7939981   11.52462  2.28%  1579  837s
H20620  6917                      11.7934997   11.52462  2.28%  1581  837s
H20677  6550                      11.7930501   11.52462  2.28%  1585  837s
H20766  6190                      11.7918952   11.52462  2.27%  1591  837s
H20861  5844                      11.7914511   11.52462  2.26%  1606  837s
 20866  5882   11.74047  168 1820   11.79145   11.52462  2.26%  1608  851s
 21112  6157   11.74862  188 1824   11.79145   11.53373  2.19%  1647  866s
H21154  5833                      11.7900232   11.53373  2.17%  1648  866s
H21376  5442                      11.7888861   11.53373  2.16%  1662  866s
 21505  5749   11.75991  223 1779   11.78889   11.54446  2.07%  1672  884s
H21652  5431                      11.7888838   11.54446  2.07%  1679  884s
 21890  5619   11.78132  247 1766   11.78888   11.54446  2.07%  1714  899s
H21909  5357                      11.7888837   11.54446  2.07%  1715  899s
H21930  5107                      11.7888794   11.54446  2.07%  1719  899s
H22029  4843                      11.7888791   11.54446  2.07%  1735  899s
H22051  4617                      11.7888748   11.54446  2.07%  1738  899s
H22189  4361                      11.7887641   11.54446  2.07%  1766  899s
 22195  4641     cutoff  266        11.78876   11.54446  2.07%  1766  914s
H22269  4414                      11.7885258   11.55144  2.01%  1779  914s
 22522  4612 infeasible  272        11.78853   11.55165  2.01%  1823  931s
H22768  4342                      11.7885257   11.55167  2.01%  1861  931s
 22888  4552   11.56556   37 2315   11.78853   11.55167  2.01%  1876  948s
H22925  4361                      11.7885255   11.55167  2.01%  1883  948s
 23219  4545   11.57179   41 2148   11.78853   11.55167  2.01%  1940  973s
H23250  4365                      11.7885254   11.55167  2.01%  1944  973s
H23264  4199                      11.7885238   11.55167  2.01%  1945  973s
H23274  4043                      11.7885235   11.55167  2.01%  1948  973s
H23285  4015                      11.7885192   11.55267  2.00%  1952  973s
H23498  4014                      11.7883012   11.55267  2.00%  1986  973s
 23644  4261   11.74363   52 2141   11.78830   11.55267  2.00%  1990  994s
H23704  4261                      11.7883011   11.55267  2.00%  1995  994s
 24025  4594   11.76073   68 2084   11.78830   11.55267  2.00%  2040 1021s
H24141  4594                      11.7883011   11.55434  1.98%  2053 1021s
H24267  4594                      11.7883010   11.55434  1.98%  2066 1021s
 24427  5066   11.77252   83 2172   11.78830   11.55434  1.98%  2082 1039s
H24852  5066                      11.7882968   11.55434  1.98%  2113 1039s
H24955  5697                      11.7882967   11.55434  1.98%  2121 1064s
H25126  5697                      11.7882951   11.55434  1.98%  2139 1064s
H25639  6229                      11.7882673   11.56106  1.93%  2155 1086s
H25824  4903                      11.7652258   11.56106  1.74%  2168 1086s
H26100  4522                      11.7592626   11.56106  1.69%  2181 1086s
 26194  4849   11.74811   41 2237   11.75926   11.56106  1.69%  2187 1109s
 26839  5559     cutoff   47        11.75926   11.56106  1.69%  2227 1132s
 27670  6378     cutoff   46        11.75926   11.56327  1.67%  2261 1156s
H27712  6377                      11.7592293   11.56327  1.67%  2266 1156s
H27876  6377                      11.7592293   11.56327  1.67%  2257 1156s
H28398  5588                      11.7492275   11.56451  1.57%  2270 1156s
 28636  6646   11.62648   63 2131   11.74923   11.56451  1.57%  2282 1177s
H29069  6641                      11.7491373   11.56559  1.56%  2279 1177s
 29847  7648   11.67404  151 1869   11.74914   11.56559  1.56%  2293 1203s
H29969  7635                      11.7489365   11.56559  1.56%  2293 1203s
H31021  8106                      11.7474634   11.56559  1.55%  2325 1220s
 31722  8653     cutoff  230        11.74746   11.56559  1.55%  2345 1240s
H31823  8653                      11.7474632   11.56559  1.55%  2348 1240s
 32336  9657   11.74564  227 1811   11.74746   11.56559  1.55%  2345 1260s
 33492 10092     cutoff  229        11.74746   11.56559  1.55%  2345 1278s
 34074 10425     cutoff   29        11.74746   11.56559  1.55%  2381 1300s
 34590 10684   11.71453   28 2282   11.74746   11.57179  1.50%  2427 1323s
 35022 10936   11.73761   43 2344   11.74746   11.57389  1.48%  2476 1344s
 35429 11247   11.73106   44 2296   11.74746   11.57389  1.48%  2526 1371s
 35908 11527   11.74699   52 1992   11.74746   11.57405  1.48%  2571 1396s
 36358 12023     cutoff   52        11.74746   11.57807  1.44%  2625 1424s
 36981 12625   11.73221   51 2237   11.74746   11.57978  1.43%  2674 1456s
 37743 13399   11.74342   63 2058   11.74746   11.57978  1.43%  2722 1489s
H38197 13351                      11.7466354   11.58192  1.40%  2731 1489s
H38402 13350                      11.7466346   11.58192  1.40%  2727 1489s
 38618 14559   11.72075   43 2205   11.74663   11.58192  1.40%  2745 1524s
H38793 14559                      11.7466346   11.58192  1.40%  2760 1524s
H39969 15789                      11.7466345   11.58192  1.40%  2770 1557s
H39978 15789                      11.7466343   11.58192  1.40%  2773 1557s
 41405 17078     cutoff   56        11.74663   11.58463  1.38%  2788 1587s
H42621 17078                      11.7466342   11.58463  1.38%  2787 1587s
H42709 17078                      11.7466340   11.58463  1.38%  2796 1587s
 42899 18600 infeasible   32        11.74663   11.58463  1.38%  2793 1617s
H43106 18600                      11.7466339   11.58463  1.38%  2793 1617s
H44261 18600                      11.7466339   11.58463  1.38%  2792 1617s
H44567 20104                      11.7466071   11.58463  1.38%  2796 1648s
H44965 19864                      11.7443597   11.58463  1.36%  2787 1648s
H45292 12483                      11.7030021   11.58463  1.01%  2780 1648s
 46205 13062   11.69560  166 1433   11.70300   11.58463  1.01%  2776 1679s
H46249 13009                      11.7025745   11.58463  1.01%  2779 1679s
H47666 12808                      11.7011470   11.58922  0.96%  2767 1679s
 47876 14718     cutoff  185        11.70115   11.58922  0.96%  2776 1712s
H48204 14717                      11.7011395   11.58922  0.96%  2775 1712s
H49971 15735                      11.7011395   11.58922  0.96%  2775 1745s
H49971 15734                      11.7011321   11.58922  0.96%  2775 1745s
H50771 15488                      11.6996326   11.59051  0.93%  2793 1745s
H51328 16425                      11.6986326   11.59060  0.92%  2810 1781s
 52788 17610     cutoff  196        11.69863   11.59060  0.92%  2829 1816s
H52833 17437                      11.6979335   11.59060  0.92%  2829 1816s
 54212 18437   11.62087   60 2161   11.69793   11.59064  0.92%  2851 1854s
H55145 18437                      11.6979334   11.59064  0.92%  2872 1854s
H55337 18437                      11.6979332   11.59064  0.92%  2877 1854s
 55537 19655   11.63709   73 2131   11.69793   11.59064  0.92%  2887 1893s
H56336 19655                      11.6979331   11.59234  0.90%  2904 1893s
 56930 21217   11.64438   84 2006   11.69793   11.59234  0.90%  2921 1935s
H57201 21217                      11.6979331   11.59234  0.90%  2924 1935s
H57260 21217                      11.6979331   11.59234  0.90%  2925 1935s
H58207 21217                      11.6979331   11.59234  0.90%  2944 1935s
 58625 23451   11.66218  101 1680   11.69793   11.59234  0.90%  2954 1978s
H58951 23451                      11.6979331   11.59234  0.90%  2965 1978s
H60142 23451                      11.6979331   11.59432  0.89%  2956 1978s
 61060 26547   11.67603  129 1546   11.69793   11.59432  0.89%  2967 2031s
H63757 26547                      11.6979331   11.59432  0.89%  2962 2031s
 64339 28495   11.69298  167 1519   11.69793   11.59432  0.89%  2966 2066s
H64860 28495                      11.6979329   11.59432  0.89%  2965 2066s
 66477 29843   11.69456  197 1420   11.69793   11.59432  0.89%  2968 2101s
H66497 29843                      11.6979329   11.59432  0.89%  2970 2101s
H66825 29823                      11.6978357   11.59481  0.88%  2959 2101s
 68105 31409     cutoff  200        11.69784   11.59481  0.88%  2972 2140s
H68106 31396                      11.6977783   11.59481  0.88%  2972 2140s
H69503 31386                      11.6977334   11.59481  0.88%  2985 2140s
 69883 33092     cutoff   66        11.69773   11.59481  0.88%  2983 2181s
 71800 35734   11.66469  106 2100   11.69773   11.59522  0.88%  3002 2233s
H71865 35733                      11.6977275   11.59561  0.87%  3003 2233s
H71958 35733                      11.6977253   11.59561  0.87%  3002 2233s
H72100 35733                      11.6977155   11.59561  0.87%  3003 2233s
H72666 35732                      11.6977132   11.59567  0.87%  3005 2233s
 74652 38077   11.69639  158 1840   11.69771   11.59572  0.87%  2997 2276s
H75078 38077                      11.6977132   11.59572  0.87%  3006 2276s
H75694 38077                      11.6977104   11.59572  0.87%  3004 2276s
 77295 40574   11.66050   92 1849   11.69771   11.59584  0.87%  2995 2320s
H78208 40574                      11.6977098   11.59584  0.87%  2999 2320s
H79481 40574                      11.6977093   11.59584  0.87%  3003 2320s
 80080 42328     cutoff  144        11.69771   11.59584  0.87%  3001 2367s
 82304 43872   11.62194   62 1983   11.69771   11.59584  0.87%  3019 2419s
 84168 45809   11.64481   80 1936   11.69771   11.59584  0.87%  3048 2473s
 86338 48342   11.68054  151 1435   11.69771   11.59584  0.87%  3078 2532s
 89082 50460   11.69046  243 1254   11.69771   11.59606  0.87%  3109 2593s
 91600 52969   11.63206   72 2126   11.69771   11.59606  0.87%  3151 2667s
 94714 55398   11.62303   54 2298   11.69771   11.59606  0.87%  3184 2748s
 97336 57070   11.65992  112 1694   11.69771   11.59753  0.86%  3224 2846s
H97365 57069                      11.6977088   11.59753  0.86%  3224 2846s
H98279 57069                      11.6977080   11.59753  0.86%  3225 2846s
 99156 61296   11.67363  136 1477   11.69771   11.59779  0.85%  3238 2945s
 103993 64286   11.69516  227 1157   11.69771   11.59785  0.85%  3268 3031s
 107610 67026   11.66751  102 1752   11.69771   11.59805  0.85%  3307 3113s
 110920 69602   11.65405   83 1968   11.69771   11.59805  0.85%  3336 3197s
 114350 72071   11.66124  102 1791   11.69771   11.59844  0.85%  3375 3279s
 117503 74050   11.62336   63 2138   11.69771   11.59884  0.85%  3406 3363s
 119914 76746   11.65997  109 1586   11.69771   11.59899  0.84%  3448 3452s
 122884 81019   11.69258  213 1239   11.69771   11.59913  0.84%  3491 3531s
 127640 83242     cutoff  271        11.69771   11.59920  0.84%  3494 3586s
 130325 85436   11.62672   67 2128   11.69771   11.59923  0.84%  3506 3648s
 132897 88192   11.66516  108 1628   11.69771   11.59926  0.84%  3518 3716s
 135911 90897   11.69251  174 1474   11.69771   11.59930  0.84%  3533 3782s
 139042 93391   11.69628  203 1339   11.69771   11.59939  0.84%  3544 3849s
 141885 96751   11.69475  158 1571   11.69771   11.59939  0.84%  3560 3915s
 145669 99529   11.61321   48 2227   11.69771   11.59954  0.84%  3548 3986s
 148872 101356     cutoff   44        11.69771   11.59977  0.84%  3558 4055s
 151213 103367   11.65877   84 1963   11.69771   11.59977  0.84%  3577 4124s
 153653 105686   11.68395   93 1847   11.69771   11.59977  0.84%  3599 4203s
 156426 108966   11.61884   50 2215   11.69771   11.59977  0.84%  3628 4294s
 160076 111416   11.64532   66 2161   11.69771   11.60016  0.83%  3633 4380s
 163105 114047   11.66049   75 2091   11.69771   11.60026  0.83%  3664 4468s
 166203 117307   11.66968   83 2018   11.69771   11.60030  0.83%  3688 4555s
 170053 119603     cutoff  119        11.69771   11.60030  0.83%  3701 4639s
 173157 121720   11.65181   92 1842   11.69771   11.60047  0.83%  3730 4728s
 176072 124114   11.62622   58 2059   11.69771   11.60053  0.83%  3752 4819s
H176176 122489                      11.6964411   11.60053  0.82%  3754 4819s
H178837 122877                      11.6954411   11.60053  0.81%  3766 4909s
H179228 117676                      11.6938680   11.60053  0.80%  3769 4909s
 182165 120552   11.68878  101 1908   11.69387   11.60069  0.80%  3787 5000s
H183362 120148                      11.6937483   11.60069  0.80%  3797 5000s
H183925 117339                      11.6929087   11.60069  0.79%  3804 5000s
 185530 119421     cutoff  117        11.69291   11.60069  0.79%  3807 5081s
H185535 119420                      11.6929085   11.60069  0.79%  3806 5081s
H187389 118946                      11.6927646   11.60069  0.79%  3820 5081s
H187530 118918                      11.6927529   11.60069  0.79%  3821 5081s
H187798 118376                      11.6925992   11.60069  0.79%  3823 5081s
 187889 122205   11.68815  121 1576   11.69260   11.60069  0.79%  3823 5195s
 192437 124523   11.66740   86 2027   11.69260   11.60079  0.79%  3847 5285s
H193986 124372                      11.6925546   11.60085  0.78%  3858 5285s
 195222 127458   11.68998  110 1845   11.69255   11.60085  0.78%  3867 5377s
H196748 127446                      11.6925490   11.60085  0.78%  3878 5377s
 198628 130909   11.69054  165 1522   11.69255   11.60085  0.78%  3888 5473s
H198815 130814                      11.6925177   11.60085  0.78%  3889 5473s
H198956 130790                      11.6925104   11.60085  0.78%  3890 5473s
 202545 134151   11.67076  101 1977   11.69251   11.60109  0.78%  3897 5559s
 206173 136834   11.67286  101 1850   11.69251   11.60116  0.78%  3906 5644s
 209293 139195   11.63505   74 2052   11.69251   11.60116  0.78%  3929 5727s
 212150 141548   11.61736   62 2176   11.69251   11.60122  0.78%  3947 5816s
 214914 144541   11.65476   99 1827   11.69251   11.60122  0.78%  3970 5898s
 218254 146961   11.68601  175 1262   11.69251   11.60122  0.78%  3987 5977s
 221269 149202     cutoff  232        11.69251   11.60137  0.78%  4002 6057s
 224086 152205   11.67866   99 1816   11.69251   11.60145  0.78%  4019 6141s
 227640 155055   11.69023  104 1574   11.69251   11.60149  0.78%  4030 6224s
 231066 157263   11.68582  130 1596   11.69251   11.60155  0.78%  4037 6311s
H232115 157263                      11.6925103   11.60155  0.78%  4039 6311s
 233615 159788   11.65663   90 1839   11.69251   11.60155  0.78%  4044 6396s
 236725 163424   11.66809  110 1669   11.69251   11.60155  0.78%  4060 6482s
 241043 165583   11.68975  151 1656   11.69251   11.60183  0.78%  4056 6567s
 243822 168195   11.62767   64 2142   11.69251   11.60192  0.77%  4068 6650s
 246623 172173   11.67271   98 1809   11.69251   11.60192  0.77%  4081 6744s
 250983 174438   11.63393   74 2158   11.69251   11.60196  0.77%  4087 6824s
 253786 176834   11.60560   49 2206   11.69251   11.60196  0.77%  4102 6908s
 256663 179556   11.60826   52 2226   11.69251   11.60199  0.77%  4117 6994s
 259817 181984   11.69125  121 1580   11.69251   11.60201  0.77%  4132 7081s
 262860 184872     cutoff  139        11.69251   11.60201  0.77%  4144 7168s
 266411 187829     cutoff   40        11.69251   11.60209  0.77%  4152 7253s
 269971 189707   11.69133  146 1582   11.69251   11.60227  0.77%  4156 7337s
 272372 191748   11.63454   57 2204   11.69251   11.60227  0.77%  4161 7424s
 274866 193656   11.68492  102 1883   11.69251   11.60227  0.77%  4178 7506s
 277496 196343     cutoff  114        11.69251   11.60247  0.77%  4188 7605s
 280799 198580   11.66362   83 2077   11.69251   11.60248  0.77%  4202 7704s
 283799 201118   11.62297   63 2128   11.69251   11.60253  0.77%  4218 7811s
 286798 205039   11.64119   75 2148   11.69251   11.60257  0.77%  4240 7917s
 291276 208424   11.60663   46 2415   11.69251   11.60263  0.77%  4249 8011s
 295532 210915   11.69065  137 1568   11.69251   11.60264  0.77%  4251 8098s
 298514 214380   11.66346  103 1726   11.69251   11.60272  0.77%  4260 8189s
 302231 217399   11.68978  160 1601   11.69251   11.60275  0.77%  4266 8276s
 305732 219477   11.67497   96 1933   11.69251   11.60278  0.77%  4275 8359s
H306802 219477                      11.6925103   11.60280  0.77%  4278 8359s
 308181 222577   11.66113   96 1995   11.69251   11.60280  0.77%  4280 8469s
H308666 222577                      11.6925103   11.60280  0.77%  4282 8469s
 312031 225781   11.65718   95 1948   11.69251   11.60287  0.77%  4293 8569s
 315801 228435     cutoff  138        11.69251   11.60291  0.77%  4295 8665s
 319164 231123   11.64929   79 1912   11.69251   11.60291  0.77%  4305 8760s
 322494 234401   11.66246   92 1948   11.69251   11.60301  0.77%  4316 8859s
 326424 237410   11.66337  116 2014   11.69251   11.60306  0.77%  4317 8946s
 330181 238307   11.67356  125 1592   11.69251   11.60315  0.76%  4318 9063s
 331382 241072   11.67140   85 1920   11.69251   11.60316  0.76%  4320 9156s
 334859 243451   11.65466   70 2235   11.69251   11.60326  0.76%  4326 9239s
 338070 245548   11.68414  114 1754   11.69251   11.60326  0.76%  4330 9323s
H339513 245548                      11.6925102   11.60326  0.76%  4333 9323s
 340732 248647   11.67056  110 1609   11.69251   11.60326  0.76%  4334 9418s
H342207 248647                      11.6925102   11.60326  0.76%  4335 9418s
 344528 251696   11.62266   59 2232   11.69251   11.60340  0.76%  4337 9507s
 348150 254832   11.61261   44 2318   11.69251   11.60343  0.76%  4339 9595s
 351781 257370   11.63567   69 2033   11.69251   11.60348  0.76%  4340 9681s
 354882 259488   11.62890   60 2367   11.69251   11.60353  0.76%  4346 9768s
 357638 262517   11.62685   61 2222   11.69251   11.60354  0.76%  4353 9855s
 361302 265591   11.60800   51 2259   11.69251   11.60354  0.76%  4354 9941s
 364955 268009   11.63524   64 2002   11.69251   11.60363  0.76%  4356 10029s
 368020 270779   11.63788   73 2210   11.69251   11.60369  0.76%  4362 10118s
 371548 273167   11.67091   92 1859   11.69251   11.60373  0.76%  4365 10201s
 374580 275601   11.66941   85 1852   11.69251   11.60378  0.76%  4368 10289s
H374867 274898                      11.6923403   11.60378  0.76%  4369 10289s
H376964 270859                      11.6913831   11.60386  0.75%  4369 10289s
 377377 274424   11.67780  109 1768   11.69138   11.60386  0.75%  4370 10381s
H381670 274383                      11.6909669   11.60392  0.74%  4368 10467s
H382490 274226                      11.6909386   11.60393  0.74%  4370 10467s
 384389 277481   11.63286   70 1959   11.69094   11.60399  0.74%  4374 10553s
 387722 280648   11.66832  115 1727   11.69094   11.60399  0.74%  4377 10638s
 391286 282534     cutoff  190        11.69094   11.60399  0.74%  4383 10723s
 393800 284831   11.66587   76 2221   11.69094   11.60399  0.74%  4394 10811s
 396827 287243   11.65086   87 1966   11.69094   11.60403  0.74%  4394 10897s
 399745 289358   11.62747   70 2108   11.69094   11.60408  0.74%  4398 10994s
H399782 289286                      11.6909258   11.60408  0.74%  4399 10994s
H399889 289276                      11.6909243   11.60408  0.74%  4399 10994s
H401154 289200                      11.6909089   11.60408  0.74%  4400 10994s
H401227 289198                      11.6909068   11.60408  0.74%  4401 10994s
 402057 292711   11.63804   78 2038   11.69091   11.60408  0.74%  4405 11102s
 405989 295887   11.68604  369 1053   11.69091   11.60413  0.74%  4406 11202s
 409925 299207   11.68677  110 1982   11.69091   11.60416  0.74%  4409 11296s
 414059 301713     cutoff  165        11.69091   11.60420  0.74%  4409 11385s
 417428 304207   11.60863   47 2381   11.69091   11.60420  0.74%  4414 11473s
 420634 306235   11.64854   87 2103   11.69091   11.60425  0.74%  4419 11562s
 423412 308455   11.64099   69 2211   11.69091   11.60427  0.74%  4424 11653s
 426000 310517   11.67434   88 2074   11.69091   11.60429  0.74%  4435 11737s
 428637 313641     cutoff  106        11.69091   11.60432  0.74%  4445 11845s
 432504 316155   11.67649  109 1802   11.69091   11.60433  0.74%  4450 11939s
 435546 319255   11.66916   80 2288   11.69091   11.60439  0.74%  4456 12037s
 439198 322200   11.67589   64 2220   11.69091   11.60444  0.74%  4457 12132s
 442604 324299     cutoff   95        11.69091   11.60444  0.74%  4463 12225s
 445420 326776   11.63482   62 2237   11.69091   11.60448  0.74%  4472 12321s
 448430 329266   11.64663   82 2130   11.69091   11.60452  0.74%  4481 12418s
H448933 329265                      11.6909068   11.60452  0.74%  4483 12418s
 451510 332486   11.61974   54 2240   11.69091   11.60452  0.74%  4485 12518s
 455483 335315   11.63242   63 2167   11.69091   11.60456  0.74%  4487 12604s
 458882 337741   11.63464   62 2379   11.69091   11.60461  0.74%  4489 12689s
 461954 339913   11.66154   89 1892   11.69091   11.60465  0.74%  4492 12779s
 464712 342807   11.63711   65 2070   11.69091   11.60467  0.74%  4497 12869s
 467851 345827   11.66781   88 2074   11.69091   11.60467  0.74%  4502 12958s
 471473 348279   11.68894  105 1930   11.69091   11.60468  0.74%  4505 13046s
 474619 350734     cutoff  161        11.69091   11.60473  0.74%  4510 13134s
 477689 353995   11.61153   49 2148   11.69091   11.60474  0.74%  4515 13223s
 481625 356853   11.67989  126 1582   11.69091   11.60474  0.74%  4513 13313s
 485267 358706   11.68767  152 1432   11.69091   11.60480  0.74%  4514 13401s
 487578 362300   11.63758   71 2087   11.69091   11.60483  0.74%  4518 13523s
 492081 365163   11.61695   55 2322   11.69091   11.60487  0.74%  4522 13622s
 495498 367365   11.66263   82 2057   11.69091   11.60487  0.74%  4525 13716s
 498259 370061     cutoff  111        11.69091   11.60487  0.74%  4534 13815s
 501696 373248   11.64215   75 2088   11.69091   11.60488  0.74%  4539 13917s
 505548 375999   11.64139   67 2167   11.69091   11.60495  0.74%  4541 14012s
 509033 378472   11.68749  109 1687   11.69091   11.60501  0.73%  4547 14104s
 511989 382422   11.66393  111 1666   11.69091   11.60503  0.73%  4551 14199s
 516094 385173   11.61704   57 2359   11.69091   11.60503  0.73%  4550 14292s
 519366 387863   11.62523   53 2278   11.69091   11.60503  0.73%  4555 14378s
 522486 391105   11.62137   58 2101   11.69091   11.60504  0.73%  4556 14473s
 526250 393428   11.64042   69 1995   11.69091   11.60508  0.73%  4558 14562s
 529174 395904   11.66964   90 1865   11.69091   11.60510  0.73%  4562 14647s
 532233 397964   11.68834  116 1584   11.69091   11.60510  0.73%  4566 14732s
 534735 400680   11.68661  119 1730   11.69091   11.60516  0.73%  4569 14822s
 538169 403500   11.68949  122 1589   11.69091   11.60517  0.73%  4572 14913s
 541672 405376   11.61996   58 2150   11.69091   11.60522  0.73%  4575 15004s
 544311 407454   11.61386   49 2118   11.69091   11.60528  0.73%  4581 15098s
 546610 409513   11.65417   83 1860   11.69091   11.60528  0.73%  4590 15185s
 549134 412497   11.68226  122 1609   11.69091   11.60528  0.73%  4600 15294s
 552798 414443   11.66190   91 1838   11.69091   11.60528  0.73%  4608 15434s
 555156 418360   11.62362   58 2156   11.69091   11.60528  0.73%  4607 15548s
 559928 420687   11.69063  148 1638   11.69091   11.60535  0.73%  4605 15646s
 563088 424441   11.64945   88 1992   11.69091   11.60536  0.73%  4613 15747s
 567220 426770   11.68834  161 1387   11.69091   11.60539  0.73%  4614 15839s
 569940 429374   11.68851  139 1630   11.69091   11.60539  0.73%  4617 15940s
 573138 432897   11.63918   71 2103   11.69091   11.60545  0.73%  4621 16037s
 576833 436111   11.67519  129 1633   11.69091   11.60545  0.73%  4621 16125s
H577314 436102                      11.6909051   11.60545  0.73%  4621 16125s
 580245 438284   11.68835  153 1457   11.69091   11.60545  0.73%  4624 16211s
H581717 438270                      11.6909015   11.60546  0.73%  4624 16211s
H581772 438228                      11.6908952   11.60546  0.73%  4624 16211s
 582822 441077   11.62186   64 2123   11.69090   11.60546  0.73%  4625 16301s
H583020 441076                      11.6908947   11.60546  0.73%  4626 16301s
H583135 441070                      11.6908930   11.60546  0.73%  4626 16301s
H583542 441068                      11.6908925   11.60546  0.73%  4625 16301s
H583894 441068                      11.6908924   11.60546  0.73%  4626 16301s
H585496 441066                      11.6908922   11.60546  0.73%  4627 16301s
 586178 444309   11.65404   92 1939   11.69089   11.60546  0.73%  4629 16392s
H586259 444309                      11.6908922   11.60546  0.73%  4629 16392s
H586444 444309                      11.6908922   11.60546  0.73%  4629 16392s
H587428 444309                      11.6908922   11.60546  0.73%  4629 16392s
 589977 446908   11.68405  139 1443   11.69089   11.60548  0.73%  4627 16480s
H590291 446908                      11.6908922   11.60548  0.73%  4628 16480s
 593304 449428   11.62705   63 2204   11.69089   11.60551  0.73%  4629 16566s
 596407 452244   11.65596   92 1937   11.69089   11.60553  0.73%  4633 16653s
 599866 454273   11.67021  116 1570   11.69089   11.60553  0.73%  4634 16740s
 602573 456348   11.63345   76 2065   11.69089   11.60558  0.73%  4639 16829s
 605018 459459   11.66312  111 1700   11.69089   11.60561  0.73%  4647 16923s
 608576 462079   11.62711   71 1985   11.69089   11.60562  0.73%  4652 17010s
 611941 464200   11.66635  107 1668   11.69089   11.60562  0.73%  4655 17095s
 614763 466814     cutoff   60        11.69089   11.60566  0.73%  4657 17186s
 617634 469243   11.66414   86 2116   11.69089   11.60566  0.73%  4661 17280s
 620746 472453   11.68974  110 1932   11.69089   11.60566  0.73%  4668 17376s
 624637 474515   11.61153   49 2230   11.69089   11.60567  0.73%  4667 17468s
 627355 476218   11.62029   57 2133   11.69089   11.60571  0.73%  4672 17562s
 629356 479565   11.63487   71 2031   11.69089   11.60573  0.73%  4679 17664s
 633056 482798   11.66606  105 1690   11.69089   11.60573  0.73%  4684 17761s
 636960 485880   11.64159   81 1998   11.69089   11.60574  0.73%  4685 17854s
 640741 488470   11.66448   89 1933   11.69089   11.60575  0.73%  4684 17944s
 643974 491268   11.66946  103 1780   11.69089   11.60576  0.73%  4686 18032s
 647238 493928   11.66185   95 1775   11.69089   11.60580  0.73%  4687 18119s
 650458 495947   11.65455   84 2068   11.69089   11.60581  0.73%  4689 18207s
 653251 498779   11.64875   69 2203   11.69089   11.60581  0.73%  4693 18297s
 656943 501354   11.67470  110 1826   11.69089   11.60585  0.73%  4691 18387s
 660143 504341   11.64278   75 2172   11.69089   11.60589  0.73%  4692 18477s
 663829 506946   11.63457   69 2024   11.69089   11.60592  0.73%  4692 18563s
H665939 506946                      11.6908921   11.60592  0.73%  4693 18563s
H666146 506946                      11.6908921   11.60592  0.73%  4693 18563s
 666967 509068   11.65995   91 1966   11.69089   11.60592  0.73%  4695 18649s
 669557 512238   11.65632   85 1857   11.69089   11.60594  0.73%  4694 18741s
 673472 515059   11.67578  119 1640   11.69089   11.60594  0.73%  4694 18830s
H674048 515059                      11.6908921   11.60598  0.73%  4694 18830s
 676915 517425   11.67967  138 1497   11.69089   11.60598  0.73%  4694 18914s
 680079 520001   11.68448  111 1713   11.69089   11.60600  0.73%  4695 18998s
H683264 522388                      11.6908920   11.60601  0.73%  4697 19082s
 686061 525319   11.68888  104 1785   11.69089   11.60604  0.73%  4697 19169s
 689758 527623   11.68968  136 1536   11.69089   11.60607  0.73%  4696 19257s
 692598 530156   11.60875   44 2286   11.69089   11.60609  0.73%  4699 19345s
 695593 533288   11.68991  124 1642   11.69089   11.60609  0.73%  4703 19435s
 699410 535984   11.63925   69 2279   11.69089   11.60610  0.73%  4702 19520s
 702756 538453   11.64496   78 1991   11.69089   11.60613  0.73%  4703 19608s
 705862 540957   11.65156   80 2192   11.69089   11.60615  0.72%  4705 19699s
 709025 543614   11.65910   90 1897   11.69089   11.60616  0.72%  4706 19795s
 712383 546440   11.66307   84 1950   11.69089   11.60620  0.72%  4709 19887s
 715924 548878   11.65466   78 1878   11.69089   11.60622  0.72%  4709 19980s
 718868 551294   11.68348  109 1783   11.69089   11.60622  0.72%  4712 20071s
 721985 554151   11.62139   54 2135   11.69089   11.60623  0.72%  4715 20163s
 725527 557307   11.64742   76 2060   11.69089   11.60625  0.72%  4717 20254s
 729296 559671   11.67017  110 1667   11.69089   11.60628  0.72%  4716 20343s
H730747 559671                      11.6908920   11.60629  0.72%  4717 20343s
 732149 562206   11.64306   81 2342   11.69089   11.60629  0.72%  4719 20430s
 734764 565976   11.66176  100 1975   11.69089   11.60629  0.72%  4719 20539s
 738930 569015   11.65947   94 1864   11.69089   11.60631  0.72%  4721 20632s
 742714 571866   11.68492  110 1647   11.69089   11.60633  0.72%  4723 20720s
 746204 574840   11.67802   94 1794   11.69089   11.60635  0.72%  4722 20810s
 749889 577443   11.68830  134 1706   11.69089   11.60635  0.72%  4721 20895s
 753148 579326   11.69000  143 1624   11.69089   11.60637  0.72%  4722 20982s
 755744 581940   11.64819   67 2142   11.69089   11.60640  0.72%  4726 21077s
 758740 584195   11.68170  101 1887   11.69089   11.60640  0.72%  4728 21168s
 761671 586484   11.68965  130 1524   11.69089   11.60642  0.72%  4733 21255s
 764641 589221   11.68880  136 1553   11.69089   11.60643  0.72%  4735 21352s
 768122 590550     cutoff  101        11.69089   11.60647  0.72%  4736 21476s
 769717 594310   11.63358   72 2046   11.69089   11.60647  0.72%  4736 21582s
 773917 597537   11.68765  135 1572   11.69089   11.60647  0.72%  4737 21679s
 777823 600335     cutoff  152        11.69089   11.60651  0.72%  4738 21772s
 781381 602214   11.62562   51 2229   11.69089   11.60651  0.72%  4739 21865s
 783729 604605   11.64322   66 2045   11.69089   11.60651  0.72%  4740 21960s
 786646 606882   11.63597   58 2175   11.69089   11.60654  0.72%  4745 22058s
 789689 609830     cutoff  119        11.69089   11.60657  0.72%  4751 22157s
 793254 612510   11.66742  103 1795   11.69089   11.60657  0.72%  4752 22245s
 796546 615108     cutoff  125        11.69089   11.60662  0.72%  4754 22334s
 799677 617634   11.68871  133 1623   11.69089   11.60662  0.72%  4754 22422s
 802802 620380   11.63704   64 2216   11.69089   11.60663  0.72%  4757 22514s
 805980 622977   11.68304   99 1908   11.69089   11.60664  0.72%  4758 22603s
 809173 625204     cutoff  113        11.69089   11.60665  0.72%  4760 22695s
 812032 627603   11.63915   81 2030   11.69089   11.60668  0.72%  4764 22790s
 814724 630832   11.68347  159 1564   11.69089   11.60668  0.72%  4769 22888s
 818467 632924   11.63774   71 2137   11.69089   11.60669  0.72%  4773 22982s
[2026-07-16T19:34:03.391] error: *** JOB 15222860 ON x1002c6s6b1n0 CANCELLED AT 2026-07-16T19:34:03 DUE to SIGNAL Terminated ***
