2026-08-14 08:58:11 [INFO] idaes.core.surrogate.pysmo_surrogate: Decode surrogate. type=poly

===========================Polynomial Regression===============================================

The number of cross-validation cases (3) is used.
The default training/cross-validation split of 0.75 is used.
No iterations will be run.
Default parameter estimation method is used.
Parameter estimation method:  pyomo 

2026-08-14 08:58:11 [INFO] idaes.core.surrogate.pysmo_surrogate: Decode surrogate. type=poly

===========================Polynomial Regression===============================================

The number of cross-validation cases (3) is used.
The default training/cross-validation split of 0.75 is used.
No iterations will be run.
Default parameter estimation method is used.
Parameter estimation method:  pyomo 

2026-08-14 08:58:11 [INFO] idaes.core.surrogate.pysmo_surrogate: Decode surrogate. type=poly

===========================Polynomial Regression===============================================

The number of cross-validation cases (3) is used.
The default training/cross-validation split of 0.75 is used.
No iterations will be run.
Default parameter estimation method is used.
Parameter estimation method:  pyomo 

2026-08-14 08:58:11 [INFO] idaes.core.surrogate.pysmo_surrogate: Decode surrogate. type=poly

===========================Polynomial Regression===============================================

The number of cross-validation cases (3) is used.
The default training/cross-validation split of 0.75 is used.
No iterations will be run.
Default parameter estimation method is used.
Parameter estimation method:  pyomo 

2026-08-14 08:58:13 [INFO] idaes.apps.grid_integration.pricetaker.price_taker_model: Found minimum uptime/downtime data for pretreatment.uf_pumps[1] - Adding minimum uptime/downtime constraints.
2026-08-14 08:58:13 [INFO] idaes.apps.grid_integration.pricetaker.price_taker_model: Created startup/shutdown constraints for operation model  pretreatment.uf_pumps[1] at uf_pumps_1_startup_shutdown.
2026-08-14 08:58:13 [INFO] idaes.apps.grid_integration.pricetaker.price_taker_model: Found minimum uptime/downtime data for pretreatment.uf_pumps[2] - Adding minimum uptime/downtime constraints.
2026-08-14 08:58:13 [INFO] idaes.apps.grid_integration.pricetaker.price_taker_model: Created startup/shutdown constraints for operation model  pretreatment.uf_pumps[2] at uf_pumps_2_startup_shutdown.
2026-08-14 08:58:13 [INFO] idaes.apps.grid_integration.pricetaker.price_taker_model: Found minimum uptime/downtime data for pretreatment.uf_pumps[3] - Adding minimum uptime/downtime constraints.
2026-08-14 08:58:13 [INFO] idaes.apps.grid_integration.pricetaker.price_taker_model: Created startup/shutdown constraints for operation model  pretreatment.uf_pumps[3] at uf_pumps_3_startup_shutdown.
2026-08-14 08:58:13 [INFO] idaes.apps.grid_integration.pricetaker.price_taker_model: Found minimum uptime/downtime data for reverse_osmosis.ro_skid[1] - Adding minimum uptime/downtime constraints.
2026-08-14 08:58:13 [INFO] idaes.apps.grid_integration.pricetaker.price_taker_model: Created startup/shutdown constraints for operation model  reverse_osmosis.ro_skid[1] at ro_skid_1_startup_shutdown.
2026-08-14 08:58:13 [INFO] idaes.apps.grid_integration.pricetaker.price_taker_model: Found minimum uptime/downtime data for reverse_osmosis.ro_skid[2] - Adding minimum uptime/downtime constraints.
2026-08-14 08:58:13 [INFO] idaes.apps.grid_integration.pricetaker.price_taker_model: Created startup/shutdown constraints for operation model  reverse_osmosis.ro_skid[2] at ro_skid_2_startup_shutdown.
2026-08-14 08:58:13 [INFO] idaes.apps.grid_integration.pricetaker.price_taker_model: Found minimum uptime/downtime data for reverse_osmosis.ro_skid[3] - Adding minimum uptime/downtime constraints.
2026-08-14 08:58:13 [INFO] idaes.apps.grid_integration.pricetaker.price_taker_model: Created startup/shutdown constraints for operation model  reverse_osmosis.ro_skid[3] at ro_skid_3_startup_shutdown.
2026-08-14 08:58:13 [INFO] idaes.apps.grid_integration.pricetaker.price_taker_model: Found minimum uptime/downtime data for reverse_osmosis.ro_skid[4] - Adding minimum uptime/downtime constraints.
2026-08-14 08:58:13 [INFO] idaes.apps.grid_integration.pricetaker.price_taker_model: Created startup/shutdown constraints for operation model  reverse_osmosis.ro_skid[4] at ro_skid_4_startup_shutdown.
4364
Set parameter TokenServer to value "10.60.1.73"
Set parameter LogToConsole to value 1
Set parameter MIPGap to value 0.01
Gurobi Optimizer version 12.0.3 build v12.0.3rc0 (linux64 - "Red Hat Enterprise Linux 8.8 (Ootpa)")

CPU model: Intel(R) Xeon(R) Platinum 8470QL, instruction set [SSE2|AVX|AVX2|AVX512]
Thread count: 104 physical cores, 104 logical processors, using up to 32 threads

Non-default parameters:
MIPGap  0.01

Optimize a model with 17951 rows, 16467 columns and 49337 nonzeros
Model fingerprint: 0x77ef6a11
Model has 168 quadratic objective terms
Model has 2352 quadratic constraints
Variable types: 11259 continuous, 5208 integer (5208 binary)
Coefficient statistics:
  Matrix range     [5e-04, 2e+03]
  QMatrix range    [2e-07, 1e+00]
  QLMatrix range   [3e-04, 1e+00]
  Objective range  [7e-06, 1e-03]
  QObjective range [2e-04, 2e-04]
  Bounds range     [9e-01, 1e+03]
  RHS range        [5e-02, 3e+05]
  QRHS range       [3e-01, 3e-01]
Presolve removed 6884 rows and 7576 columns
Presolve time: 0.10s
Presolved: 20307 rows, 9396 columns, 53768 nonzeros
Presolved model has 336 SOS constraint(s)
Presolved model has 2352 bilinear constraint(s)

Solving non-convex MIQCP

Variable types: 5750 continuous, 3646 integer (3646 binary)
Found heuristic solution: objective 18.7406836

Root relaxation: unbounded, 0 iterations, 0.01 seconds (0.00 work units)

    Nodes    |    Current Node    |     Objective Bounds      |     Work
 Expl Unexpl |  Obj  Depth IntInf | Incumbent    BestBd   Gap | It/Node Time

     0     2  postponed    0        18.74068          -      -     -    3s
     3     8  postponed    2        18.74068          -      -  4254    6s
    15    20  postponed    4        18.74068          -      -  7421   11s
    47    54  postponed    6        18.74068          -      -  9011   16s
   123   162  postponed    8        18.74068          -      -  7873   22s
   205   452  postponed   10        18.74068          -      -  8437   27s
   631   909 infeasible   16        18.74068          -      -  3192   34s
  1304  1589 infeasible   25        18.74068          -      -  1776   45s
  2448  2755 infeasible   40        18.74068          -      -  1120   61s
H 3356  2755                      12.9730058          -      -   950   61s
  4432  4077  postponed   63        12.97301          -      -   774   78s
H 4800  4065                      12.9331430          -      -   773   78s
  6533  5523  postponed   77        12.93314          -      -   678   95s
H 6878  5302                      12.3926485          -      -   676   95s
H 7259  5302                      12.3926484          -      -   671   95s
H 7783  5302                      12.3926459          -      -   662   95s
  8497  6513 infeasible   92        12.39265          -      -   633  109s
H 8786  6513                      12.3886459          -      -   638  109s
 10369  7761  postponed  104        12.38865          -      -   625  123s
H10809  7761                      12.3886381          -      -   642  123s
H10944  7761                      12.3885402          -      -   640  123s
 11964  8687  postponed  115        12.38854          -      -   625  137s
H12862  8687                      12.3885402          -      -   628  137s
H13218  8687                      12.3885401          -      -   620  137s
 13264  9845 infeasible  127        12.38854          -      -   619  151s
 14740  9847   10.26915  119 1928   12.38854   10.26915  17.1%   615  174s
 14741  9848   11.25528   86 1429   12.38854   11.25528  9.15%   615  181s
 14743  9849   11.89051  187 1986   12.38854   11.89051  4.02%   615  196s
 14744  9850   11.90354  125 2159   12.38854   11.90354  3.91%   615  200s
 14745  9851   11.91343   50 2223   12.38854   11.91343  3.84%   615  205s
 14747  9852   11.92231  398 2337   12.38854   11.92231  3.76%   615  214s
 14748  9853   11.92461  373 2336   12.38854   11.92461  3.74%   615  217s
 14749  9853   11.93015  130 2321   12.38854   11.93015  3.70%   615  223s
 14750  9854   11.93113  130 2410   12.38854   11.93113  3.69%   615  226s
 14751  9855   11.94347  629 2413   12.38854   11.93207  3.68%   615  230s
 14753  9856   11.93504   91 2352   12.38854   11.93504  3.66%   615  238s
 14754  9857   11.93576  110 2392   12.38854   11.93576  3.65%   614  241s
 14755  9857   12.00143  605 2396   12.38854   11.93703  3.64%   614  245s
 14758  9859   11.93773   73 2388   12.38854   11.93773  3.64%   614  251s
 14759  9860   11.93786  369 2362   12.38854   11.93786  3.64%   614  256s
 14763  9863   11.93794  417 2389   12.38854   11.93794  3.64%   614  261s
 14764  9863   11.93794  165 2389   12.38854   11.93794  3.64%   614  278s
 14765  9864   11.93794  374 2389   12.38854   11.93794  3.64%   614  294s
 14766  9868   11.93817   15 4679   12.38854   11.93794  3.64%   628  509s
 14768  9871   11.93820   16 4638   12.38854   11.93817  3.64%   629  530s
 14772  9878   11.96881   17 4630   12.38854   11.93820  3.64%   630  547s
 14780  9890   11.96957   18 4701   12.38854   11.93878  3.63%   633  575s
 14795  9914   12.01922   19 4306   12.38854   11.94056  3.62%   646  600s
 14824  9936   12.02663   20 4183   12.38854   11.94105  3.61%   685  620s
 14856 10017   12.03146   21 4076   12.38854   11.94128  3.61%   714  643s
 14948 10066   12.03635   23 3945   12.38854   11.94128  3.61%   765  661s
 15032 10113   12.04726   25 4160   12.38854   11.94128  3.61%   807  677s
 15111 10158   12.04726   27 4116   12.38854   11.94128  3.61%   839  695s
 15186 10200   12.04732   28 4104   12.38854   11.94128  3.61%   870  711s
 15258 10234   12.08538   29 3686   12.38854   11.94128  3.61%   904  726s
 15324 10269   12.14352   30 3867   12.38854   11.94128  3.61%   933  747s
 15386 10297   12.14375   31 3881   12.38854   11.94129  3.61%   961  762s
 15456 10320   12.14622   32 3774   12.38854   11.94129  3.61%   990  778s
 15519 10354   12.14715   33 3775   12.38854   11.94129  3.61%  1015  794s
 15592 10380   12.14724   34 3803   12.38854   11.94129  3.61%  1050  809s
 15668 10406   12.23295   34 4014   12.38854   11.94129  3.61%  1079  828s
H15742  9914                      12.3885400   11.94129  3.61%  1112  844s
H15774  9435                      12.3885363   11.94129  3.61%  1128  844s
 15798  9472   12.15724   36 3859   12.38854   11.94129  3.61%  1142  861s
 15866  9499   12.22528   38 3756   12.38854   11.94134  3.61%  1178  878s
 15950  9520   12.22666   39 3758   12.38854   11.94134  3.61%  1223  896s
 16020  9560   12.29328   39 3424   12.38854   11.94134  3.61%  1259  914s
 16121  9582   12.23884   41 3495   12.38854   11.94134  3.61%  1296  933s
 16213  9619   12.30467   41 3612   12.38854   11.94134  3.61%  1333  952s
 16313  9632   12.28532   43 3465   12.38854   11.94134  3.61%  1372  971s
 16403  9666   12.32110   44 3456   12.38854   11.94134  3.61%  1418  997s
 16485  9680     cutoff   45        12.38854   11.94226  3.60%  1468 1021s
 16578  9714   12.34141   46 3440   12.38854   11.94269  3.60%  1515 1041s
 16691  9760   12.34266   47 3475   12.38854   11.94269  3.60%  1563 1062s
 16822  9783   12.38433   48 3451   12.38854   11.94269  3.60%  1622 1087s
H16866  9323                      12.3876265   11.94269  3.59%  1638 1087s
 16928  9394   11.96296   24 4632   12.38763   11.94269  3.59%  1666 1111s
 17057  9479   11.98539   25 4531   12.38763   11.94269  3.59%  1716 1139s
H17163  9021                      12.2853668   11.94269  2.79%  1752 1139s
 17193  8992   12.04218   29 3599   12.28537   11.94269  2.79%  1772 1163s
 17347  8957   12.10802   35 3562   12.28537   11.94269  2.79%  1813 1190s
 17450  8927   12.20677   36 3435   12.28537   11.94269  2.79%  1866 1223s
H17567  8479                      12.2661873   11.94269  2.64%  1922 1253s
H17584  8091                      12.2654059   11.94269  2.63%  1928 1253s
H17610  7720                      12.2609813   11.94269  2.60%  1953 1253s
H17639  7365                      12.2535097   11.94269  2.54%  1970 1253s
 17674  7357     cutoff   40        12.25351   11.94269  2.54%  1987 1280s
H17676  7030                      12.2525097   11.94269  2.53%  1987 1280s
H17821  6697                      12.2444142   11.94272  2.46%  2047 1313s
H17867  6386                      12.2438513   11.94272  2.46%  2065 1313s
 17933  6354   12.09599   30 3541   12.24385   11.94272  2.46%  2111 1346s
 18075  6269     cutoff   34        12.24385   11.94272  2.46%  2184 1377s
H18079  5986                      12.2438513   11.94318  2.46%  2186 1377s
H18090  5717                      12.2436948   11.94348  2.45%  2194 1377s
H18094  5461                      12.2434767   11.94348  2.45%  2199 1377s
H18117  5214                      12.2413196   11.94348  2.43%  2217 1377s
H18125  4982                      12.2413196   11.94348  2.43%  2219 1377s
H18131  4763                      12.2407260   11.94348  2.43%  2223 1377s
 18189  4748   12.11997   30 4607   12.24073   11.94348  2.43%  2248 1410s
H18315  4550                      12.2401477   11.94348  2.42%  2321 1444s
H18327  4350                      12.2395694   11.94348  2.42%  2328 1444s
H18397  4140                      12.2393508   11.94348  2.42%  2375 1444s
 18443  4145   12.16689   35 4430   12.23935   11.94348  2.42%  2391 1478s
 18593  4088   12.17725   35 4440   12.23935   11.94348  2.42%  2472 1514s
H18594  3911                      12.2383182   11.94348  2.41%  2472 1514s
H18637  3728                      12.2378729   11.94348  2.41%  2497 1514s
 18728  3767   12.17726   36 4419   12.23787   11.94595  2.39%  2547 1555s
H18893  3660                      12.2338167   11.94595  2.35%  2629 1593s
 19095  3719   12.22279   31 3844   12.23382   11.94782  2.34%  2711 1633s
 19302  3787     cutoff   33        12.23382   11.94804  2.34%  2793 1677s
H19367  3613                      12.2332384   11.94852  2.33%  2830 1677s
 19511  3748   12.21817   61 2451   12.23324   11.94852  2.33%  2888 1721s
 19768  3802   12.23133   64 2256   12.23324   11.94852  2.33%  2966 1768s
H19979  3617                      12.2332384   11.94852  2.33%  3082 1803s
H19998  3464                      12.2320818   11.94852  2.32%  3090 1803s
 20039  3690   12.05552   29 4538   12.23208   11.94865  2.32%  3113 1851s
H20287  3458                      12.2309224   11.94865  2.31%  3179 1851s
 20344  3631   12.20233   36 4222   12.23092   11.94865  2.31%  3202 1900s
 20620  3751     cutoff   39        12.23092   11.94865  2.31%  3305 1953s
 20936  3743     cutoff   38        12.23092   11.94865  2.31%  3410 2012s
 21144  3956   12.05688   41 4345   12.23092   11.94865  2.31%  3489 2067s
 21507  4071   12.00384   46 4412   12.23092   11.94865  2.31%  3587 2122s
H21632  3717                      12.2251807   11.94865  2.26%  3631 2122s
H21669  3652                      12.2248301   11.94865  2.26%  3635 2122s
 21826  3813   12.06624   48 4301   12.22483   11.95064  2.24%  3691 2181s
 22135  4058   12.01053   52 4348   12.22483   11.95064  2.24%  3813 2241s
 22505  4329   12.07273   58 3966   12.22483   11.95249  2.23%  3918 2303s
 22868  4667   12.07704   61 4013   12.22483   11.95252  2.23%  4036 2373s
H23106  4666                      12.2248192   11.95252  2.23%  4106 2373s
H23147  4666                      12.2248191   11.95252  2.23%  4116 2373s
H23184  4666                      12.2248157   11.95252  2.23%  4126 2373s
 23280  4982   12.11297   65 3659   12.22482   11.95288  2.22%  4148 2439s
 23691  5332   12.16328   67 3290   12.22482   11.95335  2.22%  4275 2508s
 24147  5706   12.21693   74 3099   12.22482   11.95335  2.22%  4406 2580s
 24630  6069   12.15330   43 4161   12.22482   11.95422  2.21%  4540 2655s
H24670  6069                      12.2248153   11.95422  2.21%  4564 2655s
 25111  6287   12.15810   57 3919   12.22482   11.95422  2.21%  4673 2733s
H25168  4643                      12.1909753   11.95908  1.90%  4688 2733s
H25371  5064                      12.1903156   11.95908  1.90%  4699 2812s
H25386  5064                      12.1903102   11.95908  1.90%  4703 2812s
H25435  5062                      12.1902543   11.95908  1.90%  4714 2812s
H25612  5061                      12.1902268   11.95908  1.90%  4731 2812s
H25654  5061                      12.1902197   11.95908  1.90%  4739 2812s
H25904  5040                      12.1896577   11.96014  1.88%  4754 2812s
 26058  5277   12.16165   81 3649   12.18966   11.96014  1.88%  4793 2895s
H26140  5262                      12.1892251   11.96259  1.86%  4821 2895s
H26201  5256                      12.1891287   11.96259  1.86%  4859 2895s
H26450  5256                      12.1891166   11.96259  1.86%  4952 2895s
 26463  5645   12.16412   91 3469   12.18912   11.96259  1.86%  4959 2985s
H26486  5609                      12.1881891   11.96259  1.85%  4968 2985s
H26944  6056                      12.1878936   11.96259  1.85%  5106 3075s
H26962  6056                      12.1878724   11.96259  1.85%  5111 3075s
H27138  6054                      12.1878689   11.96259  1.85%  5147 3075s
H27275  5967                      12.1862865   11.96259  1.84%  5201 3075s
 27504  6408   12.17556   88 3739   12.18629   11.96259  1.84%  5255 3173s
H27528  6392                      12.1861367   11.96259  1.83%  5259 3173s
H27605  6392                      12.1861365   11.96533  1.81%  5278 3173s
H27809  6390                      12.1861102   11.96879  1.78%  5341 3173s
 28093  7064     cutoff   89        12.18611   11.97399  1.74%  5403 3273s
H28109  7056                      12.1860152   11.97399  1.74%  5404 3273s
 28869  7814     cutoff   90        12.18602   11.97491  1.73%  5520 3373s
H28883  7813                      12.1860040   11.97491  1.73%  5525 3373s
H29137  7813                      12.1859988   11.97491  1.73%  5536 3373s
H29368  7813                      12.1859761   11.97491  1.73%  5571 3373s
H29754  8512                      12.1859761   11.97491  1.73%  5633 3453s
H29845  8512                      12.1859651   11.97491  1.73%  5658 3453s
H30225  8512                      12.1859592   11.97491  1.73%  5642 3453s
H30233  8512                      12.1859591   11.97491  1.73%  5647 3453s
 30563  9024   12.18194   96 3318   12.18596   11.97528  1.73%  5690 3524s
H30565  9024                      12.1859546   11.97528  1.73%  5690 3524s
H30572  8930                      12.1846956   11.97528  1.72%  5696 3524s
H30677  4627                      12.1359044   11.97528  1.32%  5693 3524s
H30804  3657                      12.1194980   11.97528  1.19%  5681 3524s
 31172  3221     cutoff   98        12.11950   11.97528  1.19%  5680 3601s
H31508  3221                      12.1194978   11.97618  1.18%  5748 3601s
 31623  3469   12.11335   78 3865   12.11950   11.97618  1.18%  5776 3683s
H31998  3427                      12.1188221   11.98171  1.13%  5868 3683s
 32131  3888   12.11597   86 3704   12.11882   11.98171  1.13%  5879 3772s
 32824  4532   12.11808   93 3480   12.11882   11.98266  1.12%  5961 3866s
 33706  5280   12.01429  126 3238   12.11882   11.98534  1.10%  6032 3960s
H33724  4434                      12.1049444   11.98534  0.99%  6037 3960s
H33801  4420                      12.1046910   11.98534  0.99%  6066 3960s

Cutting planes:
  Learned: 427
  Gomory: 24
  Cover: 1370
  Implied bound: 287
  Projected implied bound: 198
  Clique: 7
  MIR: 640
  StrongCG: 3
  Flow cover: 1039
  GUB cover: 50
  Zero half: 28
  Network: 34
  RLT: 1771
  Relax-and-lift: 676
  BQP: 2

Explored 34722 nodes (211130309 simplex iterations) in 3960.86 seconds (9429.80 work units)
Thread count was 32 (of 104 available processors)

Solution count 10: 12.1047 12.1047 12.1049 ... 12.186

Optimal solution found (tolerance 1.00e-02)
Best objective 1.210469097820e+01, best bound 1.198533917429e+01, gap 0.9860%
m.flow_changes_penalty(): 930.0
Total operational cost: 120116.91
Maximum power (kW): 1421.90
Discharge energy capacity (kWh): 16926.97
Charge energy capacity (kWh): 31937.31
Levelized Cost of Flexibility ($/kWh): -0.62
{'fixed_demand_cost': 6261.968189959995, 'variable_demand_cost': 1707.4548259942649, 'fixed_monthly_cost': 171938.17204301074, 'total_water_production': 306531.77686027426, 'total_energy_cost': 19075.241421310628, 'total_demand_cost': 7969.423015954259, 'total_customer_cost': 0.0, 'total_feed_cost': 55296.12947670178, 'total_brine_cost': 16799.68391892267, 'total_chemical_cost': 20976.431949084064, 'total_water_revenue': 0.0, 'total_demand_response_revenue': 0.0, 'total_emissions_cost': 0.0, 'total_op_cost': 120116.9097819734, 'fixed_cost': 121551.98252688172, 'total_cost': 241668.89230885514, 'LCOW': 0.7883975187962798, 'degree_of_flex': 0.25149700598802394, 'total_replacement_cost': 1446.2091568946407, 'maximum_power': 1421.897587216898, 'discharge_energy_capacity': 16926.965777071102, 'charge_energy_capacity': 31937.310450388264, 'discharge_power_capacity': 248.92596730986915, 'charge_power_capacity': 319.37310450388264, 'round_trip_efficiency': 0, 'LVOF': -0.6154746855446596}
Saved operation variable results to: /home/rchurchi/watertap_test/watertap/tutorials/flex_ro/wrd_result_winter_both_4_flexible_trains.csv
Saved summary results to: /home/rchurchi/watertap_test/watertap/tutorials/flex_ro/wrd_pricetaker_summary_results_20260814_100417.csv
