2026-08-18 14:37:14 [INFO] idaes.core.surrogate.pysmo_surrogate: Decode surrogate. type=poly

===========================Polynomial Regression===============================================

The number of cross-validation cases (3) is used.
The default training/cross-validation split of 0.75 is used.
No iterations will be run.
Default parameter estimation method is used.
Parameter estimation method:  pyomo 

2026-08-18 14:37:14 [INFO] idaes.core.surrogate.pysmo_surrogate: Decode surrogate. type=poly

===========================Polynomial Regression===============================================

The number of cross-validation cases (3) is used.
The default training/cross-validation split of 0.75 is used.
No iterations will be run.
Default parameter estimation method is used.
Parameter estimation method:  pyomo 

2026-08-18 14:37:14 [INFO] idaes.core.surrogate.pysmo_surrogate: Decode surrogate. type=poly

===========================Polynomial Regression===============================================

The number of cross-validation cases (3) is used.
The default training/cross-validation split of 0.75 is used.
No iterations will be run.
Default parameter estimation method is used.
Parameter estimation method:  pyomo 

2026-08-18 14:37:14 [INFO] idaes.core.surrogate.pysmo_surrogate: Decode surrogate. type=poly

===========================Polynomial Regression===============================================

The number of cross-validation cases (3) is used.
The default training/cross-validation split of 0.75 is used.
No iterations will be run.
Default parameter estimation method is used.
Parameter estimation method:  pyomo 

2026-08-18 14:37:15 [INFO] idaes.apps.grid_integration.pricetaker.price_taker_model: Found minimum uptime/downtime data for pretreatment.uf_pumps[1] - Adding minimum uptime/downtime constraints.
2026-08-18 14:37:15 [INFO] idaes.apps.grid_integration.pricetaker.price_taker_model: Created startup/shutdown constraints for operation model  pretreatment.uf_pumps[1] at uf_pumps_1_startup_shutdown.
2026-08-18 14:37:15 [INFO] idaes.apps.grid_integration.pricetaker.price_taker_model: Found minimum uptime/downtime data for pretreatment.uf_pumps[2] - Adding minimum uptime/downtime constraints.
2026-08-18 14:37:15 [INFO] idaes.apps.grid_integration.pricetaker.price_taker_model: Created startup/shutdown constraints for operation model  pretreatment.uf_pumps[2] at uf_pumps_2_startup_shutdown.
2026-08-18 14:37:15 [INFO] idaes.apps.grid_integration.pricetaker.price_taker_model: Found minimum uptime/downtime data for pretreatment.uf_pumps[3] - Adding minimum uptime/downtime constraints.
2026-08-18 14:37:15 [INFO] idaes.apps.grid_integration.pricetaker.price_taker_model: Created startup/shutdown constraints for operation model  pretreatment.uf_pumps[3] at uf_pumps_3_startup_shutdown.
2026-08-18 14:37:15 [INFO] idaes.apps.grid_integration.pricetaker.price_taker_model: Found minimum uptime/downtime data for reverse_osmosis.ro_skid[1] - Adding minimum uptime/downtime constraints.
2026-08-18 14:37:15 [INFO] idaes.apps.grid_integration.pricetaker.price_taker_model: Created startup/shutdown constraints for operation model  reverse_osmosis.ro_skid[1] at ro_skid_1_startup_shutdown.
2026-08-18 14:37:15 [INFO] idaes.apps.grid_integration.pricetaker.price_taker_model: Found minimum uptime/downtime data for reverse_osmosis.ro_skid[2] - Adding minimum uptime/downtime constraints.
2026-08-18 14:37:15 [INFO] idaes.apps.grid_integration.pricetaker.price_taker_model: Created startup/shutdown constraints for operation model  reverse_osmosis.ro_skid[2] at ro_skid_2_startup_shutdown.
2026-08-18 14:37:15 [INFO] idaes.apps.grid_integration.pricetaker.price_taker_model: Found minimum uptime/downtime data for reverse_osmosis.ro_skid[3] - Adding minimum uptime/downtime constraints.
2026-08-18 14:37:15 [INFO] idaes.apps.grid_integration.pricetaker.price_taker_model: Created startup/shutdown constraints for operation model  reverse_osmosis.ro_skid[3] at ro_skid_3_startup_shutdown.
2026-08-18 14:37:15 [INFO] idaes.apps.grid_integration.pricetaker.price_taker_model: Found minimum uptime/downtime data for reverse_osmosis.ro_skid[4] - Adding minimum uptime/downtime constraints.
2026-08-18 14:37:15 [INFO] idaes.apps.grid_integration.pricetaker.price_taker_model: Created startup/shutdown constraints for operation model  reverse_osmosis.ro_skid[4] at ro_skid_4_startup_shutdown.
3486
Set parameter TokenServer to value "10.60.1.73"
Set parameter LogToConsole to value 1
Set parameter MIPGap to value 0.008
Gurobi Optimizer version 12.0.3 build v12.0.3rc0 (linux64 - "Red Hat Enterprise Linux 8.8 (Ootpa)")

CPU model: Intel(R) Xeon(R) Platinum 8470QL, instruction set [SSE2|AVX|AVX2|AVX512]
Thread count: 104 physical cores, 104 logical processors, using up to 32 threads

Non-default parameters:
MIPGap  0.008

Optimize a model with 18833 rows, 15795 columns and 50839 nonzeros
Model fingerprint: 0x142fb716
Model has 168 quadratic objective terms
Model has 1680 quadratic constraints
Variable types: 10587 continuous, 5208 integer (5208 binary)
Coefficient statistics:
  Matrix range     [5e-04, 2e+03]
  QMatrix range    [2e-07, 1e+00]
  QLMatrix range   [3e-04, 1e+00]
  Objective range  [1e-05, 1e-03]
  QObjective range [2e-04, 2e-04]
  Bounds range     [1e+00, 1e+03]
  RHS range        [9e-02, 3e+05]
  QRHS range       [3e-01, 3e-01]
Presolve removed 9944 rows and 9378 columns
Presolve time: 0.09s
Presolved: 15245 rows, 6628 columns, 39219 nonzeros
Presolved model has 140 SOS constraint(s)
Presolved model has 1680 bilinear constraint(s)

Solving non-convex MIQCP

Variable types: 4004 continuous, 2624 integer (2624 binary)
Found heuristic solution: objective 12.0903182

Root relaxation: unbounded, 0 iterations, 0.01 seconds (0.00 work units)

    Nodes    |    Current Node    |     Objective Bounds      |     Work
 Expl Unexpl |  Obj  Depth IntInf | Incumbent    BestBd   Gap | It/Node Time

     0     2  postponed    0        12.09032          -      -     -    4s
     1     4  postponed    1        12.09032          -      -   0.0    5s
    39    44  postponed    6        12.09032          -      -  5838   10s
   185   248  postponed    9        12.09032          -      -  6623   18s
   355   559 infeasible   11        12.09032          -      -  6166   24s
   812   973  postponed   15        12.09032          -      -  3332   33s
H 1682   973                      12.0903180          -      -  2000   33s
  1688  1772 infeasible   21        12.09032          -      -  2011   43s
H 2243  1772                      12.0903180          -      -  1744   43s
  3060  3146 infeasible   27        12.09032          -      -  1468   56s
  4761  4949 infeasible   35        12.09032          -      -  1247   70s
  7021  4951   10.71808   35  930   12.09032   10.71808  11.3%  1114   80s
  7024  4953   11.81448   35  718   12.09032   11.81448  2.28%  1113   85s
  7027  4955   12.05152  161 1002   12.09032   11.82638  2.18%  1113   90s
  7032  4959   11.83076   36  939   12.09032   11.83076  2.15%  1112   96s
  7036  4961   11.93505  179  893   12.09032   11.83143  2.14%  1111  100s
  7041  4965   11.83155   53  908   12.09032   11.83155  2.14%  1111  109s
  7042  4965   12.05551  262  908   12.09032   11.83155  2.14%  1110  111s
  7043  4969   12.06545   11 2111   12.09032   11.83155  2.14%  1126  186s
  7045  4968     cutoff   12        12.09032   11.83220  2.13%  1127  190s
  7053  4974   11.93855   14 1771   12.09032   11.84014  2.07%  1132  196s
  7073  4973   11.97871   16 1863   12.09032   11.84085  2.06%  1150  200s
  7103  4981 infeasible   18        12.09032   11.84090  2.06%  1163  205s
  7220  5048   11.84261   22 1473   12.09032   11.84098  2.06%  1206  214s
  7263  5114   11.84282   23 1483   12.09032   11.84098  2.06%  1233  218s
  7357  5190   11.84654   26 1504   12.09032   11.84098  2.06%  1251  221s
  7598  5321   11.85074   32 1495   12.09032   11.84098  2.06%  1257  226s
  7787  5400   11.85144   37 1372   12.09032   11.84098  2.06%  1254  231s
  7980  5494   11.85210   44 1340   12.09032   11.84109  2.06%  1249  236s
  8187  5688   11.85338   49 1360   12.09032   11.84109  2.06%  1237  241s
  8659  5987   11.85649   55 1377   12.09032   11.84109  2.06%  1192  245s
  9196  6416   11.85923   56 1461   12.09032   11.84109  2.06%  1144  250s
  9929  6863   11.86096   77 1362   12.09032   11.84109  2.06%  1078  256s
 10410  7228   11.86324   84 1371   12.09032   11.84133  2.06%  1044  260s
 11101  7897   11.86440  104 1272   12.09032   11.84133  2.06%  1000  265s
 12876  9163   11.86824  140 1086   12.09032   11.84133  2.06%   895  271s
 13559  9578   11.87239  141 1103   12.09032   11.84133  2.06%   859  275s
H15014  4658                      11.8947107   11.84133  0.45%   795  278s
H15045  4386                      11.8944124   11.84133  0.45%   794  278s

Cutting planes:
  Learned: 202
  Gomory: 11
  Cover: 352
  Implied bound: 546
  Projected implied bound: 33
  Clique: 6
  MIR: 221
  StrongCG: 2
  Flow cover: 1057
  GUB cover: 10
  RLT: 1209
  Relax-and-lift: 434
  BQP: 2

Explored 15054 nodes (11954167 simplex iterations) in 278.39 seconds (576.05 work units)
Thread count was 32 (of 104 available processors)

Solution count 3: 11.8944 11.8947 12.0903 

Optimal solution found (tolerance 8.00e-03)
Best objective 1.189441238483e+01, best bound 1.184133216408e+01, gap 0.4463%
m.flow_changes_penalty(): 450.0
Total operational cost: 118494.12
Maximum power (kW): 1475.23
Discharge energy capacity (kWh): 29582.21
Charge energy capacity (kWh): 30262.58
Levelized Cost of Flexibility ($/kWh): 0.01
{'fixed_demand_cost': 6602.789724366689, 'variable_demand_cost': 6076.673835735836, 'fixed_monthly_cost': 171938.17204301074, 'total_water_production': 282179.6712328766, 'total_energy_cost': 20370.147407055312, 'total_demand_cost': 12679.463560102526, 'total_customer_cost': 0.0, 'total_feed_cost': 50843.184005927826, 'total_brine_cost': 15303.798385794185, 'total_chemical_cost': 19297.530489449196, 'total_water_revenue': 0.0, 'total_demand_response_revenue': 0.0, 'total_emissions_cost': 0.0, 'total_op_cost': 118494.12384832905, 'fixed_cost': 121551.98252688172, 'total_cost': 240046.10637521077, 'LCOW': 0.8506853287000468, 'degree_of_flex': 0.17964071856287425, 'total_replacement_cost': 1435.6271386734606, 'maximum_power': 1475.2267445836965, 'discharge_energy_capacity': 29582.214220328904, 'charge_energy_capacity': 30262.57923522195, 'discharge_power_capacity': 369.7776777541113, 'charge_power_capacity': 343.8929458547949, 'round_trip_efficiency': 0, 'LVOF': 0.005687505733829403}
Saved operation variable results to: /home/rchurchi/watertap_test/watertap/tutorials/flex_ro/wrd_result_summer_no_flex_4_flexible_trains.csv
Saved summary results to: /home/rchurchi/watertap_test/watertap/tutorials/flex_ro/wrd_pricetaker_summary_results_20260818_144156.csv
