2026-08-13 19:08:38 [INFO] idaes.core.surrogate.pysmo_surrogate: Decode surrogate. type=poly

===========================Polynomial Regression===============================================

The number of cross-validation cases (3) is used.
The default training/cross-validation split of 0.75 is used.
No iterations will be run.
Default parameter estimation method is used.
Parameter estimation method:  pyomo 

2026-08-13 19:08:38 [INFO] idaes.core.surrogate.pysmo_surrogate: Decode surrogate. type=poly

===========================Polynomial Regression===============================================

The number of cross-validation cases (3) is used.
The default training/cross-validation split of 0.75 is used.
No iterations will be run.
Default parameter estimation method is used.
Parameter estimation method:  pyomo 

2026-08-13 19:08:38 [INFO] idaes.core.surrogate.pysmo_surrogate: Decode surrogate. type=poly

===========================Polynomial Regression===============================================

The number of cross-validation cases (3) is used.
The default training/cross-validation split of 0.75 is used.
No iterations will be run.
Default parameter estimation method is used.
Parameter estimation method:  pyomo 

2026-08-13 19:08:38 [INFO] idaes.core.surrogate.pysmo_surrogate: Decode surrogate. type=poly

===========================Polynomial Regression===============================================

The number of cross-validation cases (3) is used.
The default training/cross-validation split of 0.75 is used.
No iterations will be run.
Default parameter estimation method is used.
Parameter estimation method:  pyomo 

2026-08-13 19:08:40 [INFO] idaes.apps.grid_integration.pricetaker.price_taker_model: Found minimum uptime/downtime data for pretreatment.uf_pumps[1] - Adding minimum uptime/downtime constraints.
2026-08-13 19:08:40 [INFO] idaes.apps.grid_integration.pricetaker.price_taker_model: Created startup/shutdown constraints for operation model  pretreatment.uf_pumps[1] at uf_pumps_1_startup_shutdown.
2026-08-13 19:08:40 [INFO] idaes.apps.grid_integration.pricetaker.price_taker_model: Found minimum uptime/downtime data for pretreatment.uf_pumps[2] - Adding minimum uptime/downtime constraints.
2026-08-13 19:08:40 [INFO] idaes.apps.grid_integration.pricetaker.price_taker_model: Created startup/shutdown constraints for operation model  pretreatment.uf_pumps[2] at uf_pumps_2_startup_shutdown.
2026-08-13 19:08:40 [INFO] idaes.apps.grid_integration.pricetaker.price_taker_model: Found minimum uptime/downtime data for pretreatment.uf_pumps[3] - Adding minimum uptime/downtime constraints.
2026-08-13 19:08:40 [INFO] idaes.apps.grid_integration.pricetaker.price_taker_model: Created startup/shutdown constraints for operation model  pretreatment.uf_pumps[3] at uf_pumps_3_startup_shutdown.
2026-08-13 19:08:40 [INFO] idaes.apps.grid_integration.pricetaker.price_taker_model: Found minimum uptime/downtime data for reverse_osmosis.ro_skid[1] - Adding minimum uptime/downtime constraints.
2026-08-13 19:08:40 [INFO] idaes.apps.grid_integration.pricetaker.price_taker_model: Created startup/shutdown constraints for operation model  reverse_osmosis.ro_skid[1] at ro_skid_1_startup_shutdown.
2026-08-13 19:08:40 [INFO] idaes.apps.grid_integration.pricetaker.price_taker_model: Found minimum uptime/downtime data for reverse_osmosis.ro_skid[2] - Adding minimum uptime/downtime constraints.
2026-08-13 19:08:40 [INFO] idaes.apps.grid_integration.pricetaker.price_taker_model: Created startup/shutdown constraints for operation model  reverse_osmosis.ro_skid[2] at ro_skid_2_startup_shutdown.
2026-08-13 19:08:40 [INFO] idaes.apps.grid_integration.pricetaker.price_taker_model: Found minimum uptime/downtime data for reverse_osmosis.ro_skid[3] - Adding minimum uptime/downtime constraints.
2026-08-13 19:08:40 [INFO] idaes.apps.grid_integration.pricetaker.price_taker_model: Created startup/shutdown constraints for operation model  reverse_osmosis.ro_skid[3] at ro_skid_3_startup_shutdown.
2026-08-13 19:08:40 [INFO] idaes.apps.grid_integration.pricetaker.price_taker_model: Found minimum uptime/downtime data for reverse_osmosis.ro_skid[4] - Adding minimum uptime/downtime constraints.
2026-08-13 19:08:40 [INFO] idaes.apps.grid_integration.pricetaker.price_taker_model: Created startup/shutdown constraints for operation model  reverse_osmosis.ro_skid[4] at ro_skid_4_startup_shutdown.
4364
Set parameter TokenServer to value "10.60.1.73"
Set parameter LogToConsole to value 1
Set parameter MIPGap to value 0.0035
Gurobi Optimizer version 12.0.3 build v12.0.3rc0 (linux64 - "Red Hat Enterprise Linux 8.8 (Ootpa)")

CPU model: Intel(R) Xeon(R) Platinum 8470QL, instruction set [SSE2|AVX|AVX2|AVX512]
Thread count: 104 physical cores, 104 logical processors, using up to 32 threads

Non-default parameters:
MIPGap  0.0035

Optimize a model with 17951 rows, 16467 columns and 49337 nonzeros
Model fingerprint: 0x8a2c9153
Model has 168 quadratic objective terms
Model has 2352 quadratic constraints
Variable types: 11259 continuous, 5208 integer (5208 binary)
Coefficient statistics:
  Matrix range     [5e-04, 2e+03]
  QMatrix range    [2e-07, 1e+00]
  QLMatrix range   [3e-04, 1e+00]
  Objective range  [7e-06, 1e-03]
  QObjective range [2e-04, 2e-04]
  Bounds range     [9e-01, 1e+03]
  RHS range        [5e-02, 3e+05]
  QRHS range       [3e-01, 3e-01]
Presolve removed 6884 rows and 7576 columns
Presolve time: 0.10s
Presolved: 20307 rows, 9396 columns, 53768 nonzeros
Presolved model has 336 SOS constraint(s)
Presolved model has 2352 bilinear constraint(s)

Solving non-convex MIQCP

Variable types: 5750 continuous, 3646 integer (3646 binary)
Found heuristic solution: objective 42.4439353

Root relaxation: unbounded, 0 iterations, 0.01 seconds (0.00 work units)

    Nodes    |    Current Node    |     Objective Bounds      |     Work
 Expl Unexpl |  Obj  Depth IntInf | Incumbent    BestBd   Gap | It/Node Time

     0     2  postponed    0        42.44394          -      -     -    3s
     3     8  postponed    2        42.44394          -      -  4289    6s
    15    20  postponed    4        42.44394          -      -  7404   11s
    47    54  postponed    6        42.44394          -      -  8582   16s
   119   158  postponed    8        42.44394          -      -  8122   21s
   203   408  postponed   10        42.44394          -      -  8442   26s
   589   837 infeasible   17        42.44394          -      -  3498   35s
  1266  1516  postponed   28        42.44394          -      -  1927   46s
H 2271  1516                      25.1777716          -      -  1297   46s
H 2271  1516                      22.9388622          -      -  1297   46s
  2382  2417 infeasible   43        22.93886          -      -  1240   62s
H 3548  2417                      22.9343848          -      -   974   62s
  3930  3579 infeasible   63        22.93438          -      -   913   81s
H 4338  3573                      22.5657715          -      -   902   81s
H 4669  3508                      21.4158401          -      -   886   81s
H 5139  3508                      21.1004731          -      -   848   81s
  5751  4966  postponed   84        21.10047          -      -   798   99s
H 6078  4966                      21.0974731          -      -   807   99s
H 6361  4966                      21.0242763          -      -   801   99s
  7970  5697 infeasible  102        21.02428          -      -   745  116s
H 8271  5695                      20.9812029          -      -   752  116s
H 8437  5695                      20.9758226          -      -   758  116s
H 8553  5695                      20.9635322          -      -   756  116s
H 8867  5679                      20.8686207          -      -   759  116s
  9239  7405 infeasible  117        20.86862          -      -   758  134s
H 9534  7405                      20.8565420          -      -   767  134s
H 9770  7405                      20.8560835          -      -   772  134s
H10661  7405                      20.8559147          -      -   760  134s
 11409  9088  postponed  132        20.85591          -      -   752  150s
H12136  9088                      20.8230241          -      -   757  150s
H12346  9085                      20.7463178          -      -   756  150s
H12584  9064                      20.3053406          -      -   752  150s
 13494 10869  postponed  146        20.30534          -      -   742  166s
H13701 10710                      20.2544782          -      -   752  166s
H13967 10581                      20.1883205          -      -   750  166s
H15821  9835                      20.1843205   16.91897  16.2%   728  186s
 15823  9836   18.89356  289  852   20.18432   17.98655  10.9%   728  192s
H15824  9345                      20.1658039   18.59457  7.79%   728  198s
 15826  9346   18.61221   40 1067   20.16580   18.61221  7.70%   728  200s
 15828  9347   18.63660   95 1030   20.16580   18.63660  7.58%   728  205s
H15828  8879                      20.1658039   18.63783  7.58%   728  207s
H15828  8435                      20.0514991   18.63783  7.05%   728  207s
H15828  8013                      20.0486226   18.63783  7.04%   728  207s
 15831  8015   19.80104  557 1095   20.04862   18.63915  7.03%   728  210s
H15832  7615                      20.0360300   18.63973  6.97%   728  213s
 15835  7617   19.41988  341 1101   20.03603   18.64017  6.97%   728  215s
H15836  7237                      20.0155886   18.64022  6.87%   728  218s
H15838  6876                      20.0145985   18.64031  6.87%   728  220s
H15838  6532                      19.8763287   18.64031  6.22%   728  220s
H15838  6205                      19.8703287   18.64031  6.19%   728  220s
H15838  5894                      19.8685304   18.64031  6.18%   728  220s
H15838  5599                      19.8665304   18.64031  6.17%   728  220s
 15842  5602   19.82541  611 1049   19.86653   18.64034  6.17%   727  237s
H15842  5322                      19.8626956   18.64034  6.15%   727  244s
H15843  5057                      19.8530808   18.64034  6.11%   735  384s
 15844  5059   18.82165   15 3298   19.85308   18.64034  6.11%   736  429s
 15846  5062   18.82230   16 3286   19.85308   18.64657  6.08%   739  459s
 15850  5069   18.92626   17 2716   19.85308   18.64703  6.07%   740  494s
 15858  5082   18.93461   18 2278   19.85308   18.64703  6.07%   748  531s
H15874  4856                      19.8333436   18.64706  5.98%   764  558s
H15877  4615                      19.8228537   18.64706  5.93%   765  558s
H15884  4384                      19.7981734   18.64706  5.81%   767  558s
 15906  4408   18.97571   20 2340   19.79817   18.64982  5.80%   785  576s
H15938  4304                      19.7835865   18.64982  5.73%   800  598s
H15940  4097                      19.6166478   18.64982  4.93%   801  598s
H16061  3933                      19.6146478   18.64982  4.92%   833  615s
H16151  3786                      19.6056299   18.64982  4.88%   884  631s
H16160  3606                      19.5278297   18.64982  4.50%   886  631s
H16218  3418                      19.2639209   18.64982  3.19%   921  631s
 16227  3373   19.13692   26 2330   19.26392   18.64982  3.19%   927  646s
 16341  3368   19.18761   27 2198   19.26392   18.64986  3.19%   950  665s
H16344  3207                      19.2614553   18.64986  3.18%   953  665s
H16378  3045                      19.2614440   18.64989  3.17%   973  665s
 16398  3091     cutoff   28        19.26144   18.64989  3.17%   987  683s
 16478  3125   19.17933   29 2230   19.26144   18.64989  3.17%  1023  701s
H16480  2980                      19.2583576   18.64989  3.16%  1024  701s
H16485  2841                      19.2533629   18.64989  3.13%  1028  701s
H16490  2710                      19.2501078   18.64989  3.12%  1028  701s
H16529  2573                      19.2446961   18.64989  3.09%  1042  701s
 16555  2598     cutoff   29        19.24470   18.64989  3.09%  1055  719s
 16637  2625     cutoff   30        19.24470   18.65041  3.09%  1083  733s
H16664  2499                      19.2441590   18.65041  3.09%  1088  733s
 16718  2558   18.65316   23 2472   19.24416   18.65041  3.09%  1107  750s
 16822  2595   18.65745   29 2301   19.24416   18.65041  3.09%  1137  764s
H16823  2484                      19.2287642   18.65041  3.01%  1137  764s
H16855  2367                      19.2232013   18.65044  2.98%  1149  764s
 16920  2422   18.65874   30 2314   19.22320   18.65044  2.98%  1165  777s
 17032  2487   18.66705   36 2312   19.22320   18.65044  2.98%  1193  795s
H17111  2360                      19.2115566   18.65044  2.92%  1225  795s
H17127  2259                      19.2110949   18.65044  2.92%  1230  795s
 17152  2326   18.67637   44 2313   19.21109   18.65044  2.92%  1235  809s
H17261  2318                      19.1987289   18.65316  2.84%  1287  823s
H17387  2289                      19.1967289   18.65316  2.83%  1342  838s
 17490  2419   18.68333   52 2114   19.19673   18.65316  2.83%  1407  852s
H17502  2333                      19.1945139   18.65316  2.82%  1410  852s
H17506  2254                      19.1934096   18.65316  2.81%  1412  852s
 17666  2313   18.69697   63 2129   19.19341   18.65316  2.81%  1455  865s
 17789  2403   18.69944   67 2094   19.19341   18.65316  2.81%  1514  881s
H17794  2327                      19.1895688   18.65316  2.80%  1516  881s
H17806  2253                      19.1879179   18.65316  2.79%  1516  881s
H17838  2175                      19.1871284   18.65316  2.78%  1532  881s
H17851  2108                      19.1854160   18.65316  2.77%  1538  881s
H17921  2185                      19.1844160   18.65316  2.77%  1575  897s
 18124  2345   18.99754   74 2304   19.18442   18.65316  2.77%  1622  915s
H18198  2262                      19.1821809   18.65316  2.76%  1629  915s
H18368  2150                      19.1811809   18.65383  2.75%  1658  930s
H18583  2061                      19.1809800   18.65436  2.75%  1722  948s
 18787  2285     cutoff   80        19.18098   18.65436  2.75%  1782  966s
H18901  2281                      19.1804826   18.65436  2.74%  1790  966s
H19085  2597                      19.1799490   18.65436  2.74%  1832  983s
H19203  2592                      19.1790796   18.65436  2.74%  1849  983s
 19411  2985   19.14269   38 2344   19.17908   18.65436  2.74%  1886 1004s
H19556  2985                      19.1790796   18.65436  2.74%  1893 1004s
H19626  2985                      19.1790796   18.65436  2.74%  1903 1004s
H19649  2984                      19.1788761   18.65436  2.73%  1902 1004s
 19815  3353   19.15530   39 2412   19.17888   18.65436  2.73%  1929 1021s
H19820  3353                      19.1788540   18.65436  2.73%  1934 1021s
H19871  3351                      19.1786413   18.65436  2.73%  1938 1021s
H19941  3350                      19.1783699   18.65436  2.73%  1943 1021s
 20196  3798     cutoff   40        19.17837   18.65436  2.73%  1987 1038s
H20249  3798                      19.1783699   18.65436  2.73%  1993 1038s
H20346  3798                      19.1783699   18.65436  2.73%  2003 1038s
H20552  3796                      19.1782407   18.65436  2.73%  2022 1038s
 20662  4252   18.66773   30 2354   19.17824   18.65436  2.73%  2029 1057s
H20864  4252                      19.1782407   18.65577  2.72%  2054 1057s
 21143  4412   18.67520   34 2330   19.17824   18.65577  2.72%  2073 1073s
H21144  3806                      18.7795699   18.65577  0.66%  2073 1073s
H21214  3563                      18.7566126   18.65597  0.54%  2079 1073s
H21306  3510                      18.7545568   18.65597  0.53%  2089 1073s
H21307  3533                      18.7535568   18.65597  0.52%  2089 1098s
H21417  3533                      18.7535568   18.65597  0.52%  2125 1098s
 21604  3735   18.68050   38 2262   18.75356   18.65597  0.52%  2166 1119s
H21643  3735                      18.7535567   18.65597  0.52%  2188 1119s
H21660  3735                      18.7535560   18.65597  0.52%  2187 1119s
 21865  4041   18.68669   41 2242   18.75356   18.65597  0.52%  2241 1141s
 22205  4491   18.69610   51 2128   18.75356   18.65597  0.52%  2305 1166s
H22270  4436                      18.7511962   18.65597  0.51%  2313 1166s
 22697  4876   18.71227   83 2111   18.75120   18.65597  0.51%  2345 1195s
 23244  5286   18.73187  126 2020   18.75120   18.65597  0.51%  2383 1217s
H23331  5259                      18.7504202   18.65597  0.50%  2384 1217s
 23728  5764     cutoff  157        18.75042   18.65609  0.50%  2428 1239s
 24312  6377   18.65910   28 2303   18.75042   18.65609  0.50%  2455 1264s
H24681  6377                      18.7504197   18.65609  0.50%  2481 1264s
 24978  6939 infeasible   29        18.75042   18.65609  0.50%  2496 1289s
H25156  6883                      18.7492569   18.65609  0.50%  2516 1289s
 25647  7351   18.67360   35 2219   18.74926   18.65609  0.50%  2539 1315s
 26258  7878   18.69511   47 2210   18.74926   18.65609  0.50%  2588 1345s
H26304  7878                      18.7492569   18.65609  0.50%  2586 1345s
H26565  7878                      18.7492569   18.65609  0.50%  2593 1345s
H26586  7878                      18.7492569   18.65609  0.50%  2594 1345s
 26890  8259   18.70966   93 2115   18.74926   18.65609  0.50%  2634 1371s
H27043  8053                      18.7471740   18.65609  0.49%  2639 1371s
H27065  7677                      18.7433670   18.65609  0.47%  2645 1371s
H27107  7390                      18.7410081   18.65707  0.45%  2653 1371s
 27352  8010   18.72419  125 1735   18.74101   18.65707  0.45%  2678 1398s
H27371  7554                      18.7368742   18.65707  0.43%  2678 1398s
 28105  8409     cutoff  160        18.73687   18.65707  0.43%  2714 1423s
 29102  8408   18.69627   81    0   18.73687   18.65707  0.43%  2729 1450s
 29104  8409   18.71893   71  511   18.73687   18.65707  0.43%  2729 1458s
 29105  8410   18.70146   90  586   18.73687   18.65707  0.43%  2729 1461s
H29106  7990                      18.7368706   18.65707  0.43%  2728 1464s
 29109  7992   18.70012  136  704   18.73687   18.65707  0.43%  2728 1466s
 29117  7997   18.71101   61  772   18.73687   18.65707  0.43%  2727 1470s
H29121  7600                      18.7368635   18.65707  0.43%  2727 1472s
 29125  7602   18.72922   93  764   18.73686   18.65707  0.43%  2727 1481s
 29127  7607   18.66280   29 2422   18.73686   18.65707  0.43%  2729 1577s
 29129  7610   18.66377   30 2398   18.73686   18.65707  0.43%  2729 1596s
 29133  7617   18.66777   31 2429   18.73686   18.65707  0.43%  2729 1612s
 29141  7630   18.67076   32 2415   18.73686   18.65707  0.43%  2731 1622s
 29157  7657   18.67567   33 2410   18.73686   18.65795  0.42%  2732 1630s
 29221  7742   18.67844   35 2445   18.73686   18.65860  0.42%  2731 1644s
 29296  7786   18.69179   36 2471   18.73686   18.65860  0.42%  2743 1656s
 29365  7808   18.67928   37 2446   18.73686   18.65860  0.42%  2753 1667s
 29410  7874   18.68111   38 2463   18.73686   18.65860  0.42%  2763 1677s
 29491  7915   18.68395   39 2417   18.73686   18.65860  0.42%  2769 1686s
 29559  7983   18.68392   40 2419   18.73686   18.65860  0.42%  2782 1693s
 29649  8033   18.68728   41 2382   18.73686   18.65860  0.42%  2793 1702s
 29729  8112   18.69153   43 2346   18.73686   18.65860  0.42%  2803 1711s
 29835  8186   18.69497   45 2281   18.73686   18.65860  0.42%  2809 1718s
 29944  8257   18.69529   46 2269   18.73686   18.65860  0.42%  2814 1727s
 30052  8348   18.69648   47 2273   18.73686   18.65860  0.42%  2820 1733s
H30161  7931                      18.7368635   18.65860  0.42%  2820 1733s
 30179  8060   18.70183   47 2330   18.73686   18.65860  0.42%  2820 1741s
 30316  8155   18.70337   49 2257   18.73686   18.65860  0.42%  2825 1750s
H30348  7783                      18.7368635   18.65860  0.42%  2828 1750s
H30365  7434                      18.7368635   18.65860  0.42%  2828 1750s
H30370  7106                      18.7368635   18.65860  0.42%  2827 1750s
 30463  7233   18.70350   51 2147   18.73686   18.65860  0.42%  2826 1756s
 30625  7380   18.70467   53 2166   18.73686   18.65860  0.42%  2826 1766s
 30835  7497   18.71294   56 2102   18.73686   18.65860  0.42%  2823 1773s
 31030  7613   18.71429   58 2052   18.73686   18.65860  0.42%  2822 1783s
 31220  7758   18.70856   62 2117   18.73686   18.65931  0.41%  2825 1792s
 31447  7737   18.70908   63 2099   18.73686   18.65931  0.41%  2823 1798s
H31448  7427                      18.7364929   18.65931  0.41%  2822 1798s
H31466  7126                      18.7364547   18.65931  0.41%  2823 1798s
H31472  6845                      18.7362000   18.65931  0.41%  2825 1798s
H31501  6569                      18.7359252   18.65931  0.41%  2826 1798s
H31515  6475                      18.7349252   18.65931  0.40%  2828 1808s
 31699  6574   18.70984   68 2134   18.73493   18.65931  0.40%  2833 1815s
 31881  6736   18.71033   72 2124   18.73493   18.66188  0.39%  2840 1824s
 32106  6916   18.71134   77 2135   18.73493   18.66188  0.39%  2840 1833s
H32196  6644                      18.7346442   18.66188  0.39%  2837 1833s
 32374  6863   18.71041   81 2041   18.73464   18.66188  0.39%  2839 1840s
 32680  7007   18.71670   86 2017   18.73464   18.66188  0.39%  2837 1849s
H32784  6745                      18.7346442   18.66188  0.39%  2837 1849s
H32858  6503                      18.7346344   18.66188  0.39%  2835 1849s
 32955  6744   18.71159   92 1996   18.73463   18.66188  0.39%  2839 1857s
H33004  6522                      18.7346344   18.66188  0.39%  2839 1857s
H33101  6294                      18.7346344   18.66188  0.39%  2836 1857s
 33254  6561   18.71196   99 1812   18.73463   18.66188  0.39%  2839 1866s
H33263  6373                      18.7346344   18.66188  0.39%  2838 1866s
H33303  6183                      18.7346344   18.66188  0.39%  2839 1866s
H33427  5974                      18.7346344   18.66188  0.39%  2837 1866s
 33601  6212   18.71225  103 1743   18.73463   18.66327  0.38%  2834 1876s
H33611  6050                      18.7346013   18.66327  0.38%  2834 1876s
H33809  5833                      18.7345977   18.66327  0.38%  2832 1876s
 33917  6145   18.71227  108 1740   18.73460   18.66327  0.38%  2833 1885s
H34003  5971                      18.7345646   18.66327  0.38%  2831 1885s
 34288  6145   18.71317  114 1677   18.73456   18.66366  0.38%  2829 1895s
 34580  6440   18.71587  120 1735   18.73456   18.66366  0.38%  2826 1906s
H34666  6275                      18.7345646   18.66366  0.38%  2825 1906s
H34703  6132                      18.7345316   18.66366  0.38%  2823 1906s
H34828  5967                      18.7345280   18.66366  0.38%  2820 1906s
H34874  5835                      18.7344985   18.66366  0.38%  2820 1906s
 34992  6226   18.71837  130 1634   18.73450   18.66366  0.38%  2820 1919s
H35190  6049                      18.7344985   18.66366  0.38%  2815 1919s
 35465  6381   18.71714  136 1624   18.73450   18.66417  0.38%  2811 1928s
H35485  6381                      18.7344985   18.66417  0.38%  2810 1928s
H35586  6380                      18.7344751   18.66417  0.38%  2811 1928s
H35843  6376                      18.7340493   18.66417  0.37%  2805 1928s
 35897  6651   18.71707  146 1555   18.73405   18.66417  0.37%  2806 1938s
 36190  7301   18.71730  153 1573   18.73405   18.66417  0.37%  2805 1949s
 36881  7577   18.72178  163 1543   18.73405   18.66417  0.37%  2785 1959s
 37185  8200   18.72342  169 1520   18.73405   18.66439  0.37%  2776 1968s
 37862  8707   18.72295  175 1541   18.73405   18.66483  0.37%  2763 1979s
H37976  8707                      18.7340126   18.66483  0.37%  2762 1979s
H38322  8707                      18.7340126   18.66483  0.37%  2754 1979s
 38439  9343   18.72344  185 1561   18.73401   18.66483  0.37%  2758 1990s
H38457  9343                      18.7340126   18.66483  0.37%  2758 1990s
 39138 10115   18.72348  191 1526   18.73401   18.66484  0.37%  2749 2002s
 39975 10675   18.73172  222 1560   18.73401   18.66484  0.37%  2730 2013s
H40014 10675                      18.7340125   18.66484  0.37%  2729 2013s
H40415 10670                      18.7337887   18.66484  0.37%  2714 2013s
H40568 10670                      18.7337823   18.66496  0.37%  2712 2013s
 40579 11489   18.72536  226 1497   18.73378   18.66496  0.37%  2713 2027s
H40748 11489                      18.7337813   18.66496  0.37%  2709 2027s
 41452 12295   18.72803  247 1472   18.73378   18.66496  0.37%  2699 2039s
H41589 12291                      18.7337446   18.66496  0.37%  2697 2039s
 42309 13048   18.72827  261 1406   18.73374   18.66624  0.36%  2686 2056s
H42874 13048                      18.7337446   18.66624  0.36%  2682 2056s
 43161 13694     cutoff  272        18.73374   18.66624  0.36%  2677 2071s
H43224 13694                      18.7337446   18.66624  0.36%  2681 2071s
 43854 14158     cutoff  280        18.73374   18.66624  0.36%  2682 2085s
H44285 14158                      18.7337446   18.66624  0.36%  2687 2085s
 44401 14715   18.73050  286 1457   18.73374   18.66624  0.36%  2691 2100s
 45058 15386   18.73234  289 1448   18.73374   18.66624  0.36%  2702 2114s
 45842 15801     cutoff  290        18.73374   18.66666  0.36%  2703 2129s
H45854 15801                      18.7337446   18.66666  0.36%  2705 2129s
H46040 15801                      18.7337446   18.66666  0.36%  2705 2129s
H46265 15764                      18.7330579   18.66674  0.35%  2706 2129s
 46318 16424     cutoff  291        18.73306   18.66674  0.35%  2708 2146s
 47109 17416     cutoff  290        18.73306   18.66692  0.35%  2712 2164s
 48179 18186   18.69512   44 2231   18.73306   18.66692  0.35%  2701 2181s
H48583 18176                      18.7329233   18.66692  0.35%  2700 2181s
 49078 18856   18.70034   48 2254   18.73292   18.66692  0.35%  2693 2199s
 49889 19358   18.72407   60 2225   18.73292   18.66692  0.35%  2700 2217s
 50487 19967   18.73120   67 2133   18.73292   18.66719  0.35%  2714 2236s
 51205 20557   18.73207   68 2121   18.73292   18.66719  0.35%  2735 2255s
 51900 21193   18.69332   77 2096   18.73292   18.66719  0.35%  2759 2278s
H51973 20988                      18.7319233   18.66719  0.35%  2759 2278s

Cutting planes:
  Learned: 47
  Gomory: 58
  Cover: 142
  Implied bound: 13
  Projected implied bound: 126
  MIR: 90
  StrongCG: 1
  Flow cover: 256
  GUB cover: 12
  RLT: 852
  Relax-and-lift: 148
  BQP: 3

Explored 52732 nodes (146089601 simplex iterations) in 2278.85 seconds (4923.57 work units)
Thread count was 32 (of 104 available processors)

Solution count 10: 18.7319 18.7319 18.7329 ... 18.734

Optimal solution found (tolerance 3.50e-03)
Best objective 1.873192329065e+01, best bound 1.866719272396e+01, gap 0.3456%
m.flow_changes_penalty(): 660.0
Total operational cost: 186659.23
Maximum power (kW): 1455.61
Discharge energy capacity (kWh): 17854.91
Charge energy capacity (kWh): 33913.52
Levelized Cost of Flexibility ($/kWh): -4.31
{'fixed_demand_cost': 6410.453856829697, 'variable_demand_cost': 1738.8546207647717, 'fixed_monthly_cost': 171938.17204301074, 'total_water_production': 306531.776860458, 'total_energy_cost': 19117.64299420133, 'total_demand_cost': 8149.308477594468, 'total_customer_cost': 0.0, 'total_feed_cost': 55236.12950506151, 'total_brine_cost': 83192.16997463228, 'total_chemical_cost': 20963.981954974457, 'total_water_revenue': 0.0, 'total_demand_response_revenue': 0.0, 'total_emissions_cost': 0.0, 'total_op_cost': 186659.23290646408, 'fixed_cost': 121551.98252688172, 'total_cost': 308211.2154333458, 'LCOW': 1.0054788400409538, 'degree_of_flex': 0.25149700598802394, 'total_replacement_cost': 1446.2091568946407, 'maximum_power': 1455.6140509440927, 'discharge_energy_capacity': 17854.907666583866, 'charge_energy_capacity': 33913.52198369523, 'discharge_power_capacity': 247.9848287025537, 'charge_power_capacity': 353.26585399682534, 'round_trip_efficiency': 0, 'LVOF': -4.310324281731969}
Saved operation variable results to: /home/rchurchi/watertap_test/watertap/tutorials/flex_ro/wrd_result_winter_both_4_flexible_trains.csv
Saved summary results to: /home/rchurchi/watertap_test/watertap/tutorials/flex_ro/wrd_pricetaker_summary_results_20260813_194641.csv
