2026-08-13 17:16:34 [INFO] idaes.core.surrogate.pysmo_surrogate: Decode surrogate. type=poly

===========================Polynomial Regression===============================================

The number of cross-validation cases (3) is used.
The default training/cross-validation split of 0.75 is used.
No iterations will be run.
Default parameter estimation method is used.
Parameter estimation method:  pyomo 

2026-08-13 17:16:34 [INFO] idaes.core.surrogate.pysmo_surrogate: Decode surrogate. type=poly

===========================Polynomial Regression===============================================

The number of cross-validation cases (3) is used.
The default training/cross-validation split of 0.75 is used.
No iterations will be run.
Default parameter estimation method is used.
Parameter estimation method:  pyomo 

2026-08-13 17:16:34 [INFO] idaes.core.surrogate.pysmo_surrogate: Decode surrogate. type=poly

===========================Polynomial Regression===============================================

The number of cross-validation cases (3) is used.
The default training/cross-validation split of 0.75 is used.
No iterations will be run.
Default parameter estimation method is used.
Parameter estimation method:  pyomo 

2026-08-13 17:16:34 [INFO] idaes.core.surrogate.pysmo_surrogate: Decode surrogate. type=poly

===========================Polynomial Regression===============================================

The number of cross-validation cases (3) is used.
The default training/cross-validation split of 0.75 is used.
No iterations will be run.
Default parameter estimation method is used.
Parameter estimation method:  pyomo 

2026-08-13 17:16:36 [INFO] idaes.apps.grid_integration.pricetaker.price_taker_model: Found minimum uptime/downtime data for pretreatment.uf_pumps[1] - Adding minimum uptime/downtime constraints.
2026-08-13 17:16:36 [INFO] idaes.apps.grid_integration.pricetaker.price_taker_model: Created startup/shutdown constraints for operation model  pretreatment.uf_pumps[1] at uf_pumps_1_startup_shutdown.
2026-08-13 17:16:36 [INFO] idaes.apps.grid_integration.pricetaker.price_taker_model: Found minimum uptime/downtime data for pretreatment.uf_pumps[2] - Adding minimum uptime/downtime constraints.
2026-08-13 17:16:36 [INFO] idaes.apps.grid_integration.pricetaker.price_taker_model: Created startup/shutdown constraints for operation model  pretreatment.uf_pumps[2] at uf_pumps_2_startup_shutdown.
2026-08-13 17:16:36 [INFO] idaes.apps.grid_integration.pricetaker.price_taker_model: Found minimum uptime/downtime data for pretreatment.uf_pumps[3] - Adding minimum uptime/downtime constraints.
2026-08-13 17:16:36 [INFO] idaes.apps.grid_integration.pricetaker.price_taker_model: Created startup/shutdown constraints for operation model  pretreatment.uf_pumps[3] at uf_pumps_3_startup_shutdown.
2026-08-13 17:16:36 [INFO] idaes.apps.grid_integration.pricetaker.price_taker_model: Found minimum uptime/downtime data for reverse_osmosis.ro_skid[1] - Adding minimum uptime/downtime constraints.
2026-08-13 17:16:36 [INFO] idaes.apps.grid_integration.pricetaker.price_taker_model: Created startup/shutdown constraints for operation model  reverse_osmosis.ro_skid[1] at ro_skid_1_startup_shutdown.
2026-08-13 17:16:36 [INFO] idaes.apps.grid_integration.pricetaker.price_taker_model: Found minimum uptime/downtime data for reverse_osmosis.ro_skid[2] - Adding minimum uptime/downtime constraints.
2026-08-13 17:16:36 [INFO] idaes.apps.grid_integration.pricetaker.price_taker_model: Created startup/shutdown constraints for operation model  reverse_osmosis.ro_skid[2] at ro_skid_2_startup_shutdown.
2026-08-13 17:16:36 [INFO] idaes.apps.grid_integration.pricetaker.price_taker_model: Found minimum uptime/downtime data for reverse_osmosis.ro_skid[3] - Adding minimum uptime/downtime constraints.
2026-08-13 17:16:36 [INFO] idaes.apps.grid_integration.pricetaker.price_taker_model: Created startup/shutdown constraints for operation model  reverse_osmosis.ro_skid[3] at ro_skid_3_startup_shutdown.
2026-08-13 17:16:36 [INFO] idaes.apps.grid_integration.pricetaker.price_taker_model: Found minimum uptime/downtime data for reverse_osmosis.ro_skid[4] - Adding minimum uptime/downtime constraints.
2026-08-13 17:16:36 [INFO] idaes.apps.grid_integration.pricetaker.price_taker_model: Created startup/shutdown constraints for operation model  reverse_osmosis.ro_skid[4] at ro_skid_4_startup_shutdown.
4364
Set parameter TokenServer to value "10.60.1.73"
Set parameter LogToConsole to value 1
Set parameter MIPGap to value 0.0044
Gurobi Optimizer version 12.0.3 build v12.0.3rc0 (linux64 - "Red Hat Enterprise Linux 8.8 (Ootpa)")

CPU model: Intel(R) Xeon(R) Platinum 8470QL, instruction set [SSE2|AVX|AVX2|AVX512]
Thread count: 104 physical cores, 104 logical processors, using up to 32 threads

Non-default parameters:
MIPGap  0.0044

Optimize a model with 17951 rows, 16467 columns and 49337 nonzeros
Model fingerprint: 0x8a2c9153
Model has 168 quadratic objective terms
Model has 2352 quadratic constraints
Variable types: 11259 continuous, 5208 integer (5208 binary)
Coefficient statistics:
  Matrix range     [5e-04, 2e+03]
  QMatrix range    [2e-07, 1e+00]
  QLMatrix range   [3e-04, 1e+00]
  Objective range  [7e-06, 1e-03]
  QObjective range [2e-04, 2e-04]
  Bounds range     [9e-01, 1e+03]
  RHS range        [5e-02, 3e+05]
  QRHS range       [3e-01, 3e-01]
Presolve removed 6884 rows and 7576 columns
Presolve time: 0.10s
Presolved: 20307 rows, 9396 columns, 53768 nonzeros
Presolved model has 336 SOS constraint(s)
Presolved model has 2352 bilinear constraint(s)

Solving non-convex MIQCP

Variable types: 5750 continuous, 3646 integer (3646 binary)
Found heuristic solution: objective 42.4439353

Root relaxation: unbounded, 0 iterations, 0.01 seconds (0.00 work units)

    Nodes    |    Current Node    |     Objective Bounds      |     Work
 Expl Unexpl |  Obj  Depth IntInf | Incumbent    BestBd   Gap | It/Node Time

     0     2  postponed    0        42.44394          -      -     -    3s
     3     8  postponed    2        42.44394          -      -  4289    6s
    15    20  postponed    4        42.44394          -      -  7404   11s
    47    54  postponed    6        42.44394          -      -  8582   16s
   119   158  postponed    8        42.44394          -      -  8122   21s
   203   408  postponed   10        42.44394          -      -  8442   27s
   589   837 infeasible   17        42.44394          -      -  3498   35s
  1266  1516  postponed   28        42.44394          -      -  1927   46s
H 2271  1516                      25.1777716          -      -  1297   46s
H 2271  1516                      22.9388622          -      -  1297   46s
  2382  2417 infeasible   43        22.93886          -      -  1240   62s
H 3548  2417                      22.9343848          -      -   974   62s
  3930  3579 infeasible   63        22.93438          -      -   913   81s
H 4338  3573                      22.5657715          -      -   902   81s
H 4669  3508                      21.4158401          -      -   886   81s
H 5139  3508                      21.1004731          -      -   848   81s
  5751  4966  postponed   84        21.10047          -      -   798  100s
H 6078  4966                      21.0974731          -      -   807  100s
H 6361  4966                      21.0242763          -      -   801  100s
  7970  5697 infeasible  102        21.02428          -      -   745  116s
H 8271  5695                      20.9812029          -      -   752  116s
H 8437  5695                      20.9758226          -      -   758  116s
H 8553  5695                      20.9635322          -      -   756  116s
H 8867  5679                      20.8686207          -      -   759  116s
  9239  7405 infeasible  117        20.86862          -      -   758  134s
H 9534  7405                      20.8565420          -      -   767  134s
H 9770  7405                      20.8560835          -      -   772  134s
H10661  7405                      20.8559147          -      -   760  134s
 11409  9088  postponed  132        20.85591          -      -   752  151s
H12136  9088                      20.8230241          -      -   757  151s
H12346  9085                      20.7463178          -      -   756  151s
H12584  9064                      20.3053406          -      -   752  151s
 13494 10869  postponed  146        20.30534          -      -   742  167s
H13701 10710                      20.2544782          -      -   752  167s
H13967 10581                      20.1883205          -      -   750  167s
H15821  9835                      20.1843205   16.91897  16.2%   728  186s
 15823  9836   18.89356  289  852   20.18432   17.98655  10.9%   728  192s
H15824  9345                      20.1658039   18.59457  7.79%   728  199s
 15826  9346   18.61221   40 1067   20.16580   18.61221  7.70%   728  200s
 15828  9347   18.63660   95 1030   20.16580   18.63660  7.58%   728  205s
H15828  8879                      20.1658039   18.63783  7.58%   728  208s
H15828  8435                      20.0514991   18.63783  7.05%   728  208s
H15828  8013                      20.0486226   18.63783  7.04%   728  208s
 15831  8015   19.80104  557 1095   20.04862   18.63915  7.03%   728  211s
H15832  7615                      20.0360300   18.63973  6.97%   728  213s
 15835  7617   19.41988  341 1101   20.03603   18.64017  6.97%   728  216s
H15836  7237                      20.0155886   18.64022  6.87%   728  218s
H15838  6876                      20.0145985   18.64031  6.87%   728  220s
H15838  6532                      19.8763287   18.64031  6.22%   728  220s
H15838  6205                      19.8703287   18.64031  6.19%   728  220s
H15838  5894                      19.8685304   18.64031  6.18%   728  220s
H15838  5599                      19.8665304   18.64031  6.17%   728  220s
 15842  5602   19.82541  611 1049   19.86653   18.64034  6.17%   727  238s
H15842  5322                      19.8626956   18.64034  6.15%   727  245s
H15843  5057                      19.8530808   18.64034  6.11%   735  387s
 15844  5059   18.82165   15 3298   19.85308   18.64034  6.11%   736  433s
 15846  5062   18.82230   16 3286   19.85308   18.64657  6.08%   739  462s
 15850  5069   18.92626   17 2716   19.85308   18.64703  6.07%   740  498s
 15858  5082   18.93461   18 2278   19.85308   18.64703  6.07%   748  534s
H15874  4856                      19.8333436   18.64706  5.98%   764  562s
H15877  4615                      19.8228537   18.64706  5.93%   765  562s
H15884  4384                      19.7981734   18.64706  5.81%   767  562s
 15906  4408   18.97571   20 2340   19.79817   18.64982  5.80%   785  580s
H15938  4304                      19.7835865   18.64982  5.73%   800  603s
H15940  4097                      19.6166478   18.64982  4.93%   801  603s
H16061  3933                      19.6146478   18.64982  4.92%   833  620s
H16151  3786                      19.6056299   18.64982  4.88%   884  636s
H16160  3606                      19.5278297   18.64982  4.50%   886  636s
H16218  3418                      19.2639209   18.64982  3.19%   921  636s
 16227  3373   19.13692   26 2330   19.26392   18.64982  3.19%   927  651s
 16341  3368   19.18761   27 2198   19.26392   18.64986  3.19%   950  669s
H16344  3207                      19.2614553   18.64986  3.18%   953  670s
H16378  3045                      19.2614440   18.64989  3.17%   973  670s
 16398  3091     cutoff   28        19.26144   18.64989  3.17%   987  688s
 16478  3125   19.17933   29 2230   19.26144   18.64989  3.17%  1023  706s
H16480  2980                      19.2583576   18.64989  3.16%  1024  706s
H16485  2841                      19.2533629   18.64989  3.13%  1028  706s
H16490  2710                      19.2501078   18.64989  3.12%  1028  706s
H16529  2573                      19.2446961   18.64989  3.09%  1042  706s
 16555  2598     cutoff   29        19.24470   18.64989  3.09%  1055  723s
 16637  2625     cutoff   30        19.24470   18.65041  3.09%  1083  736s
H16664  2499                      19.2441590   18.65041  3.09%  1088  736s
 16718  2558   18.65316   23 2472   19.24416   18.65041  3.09%  1107  753s
 16822  2595   18.65745   29 2301   19.24416   18.65041  3.09%  1137  767s
H16823  2484                      19.2287642   18.65041  3.01%  1137  767s
H16855  2367                      19.2232013   18.65044  2.98%  1149  767s
 16920  2422   18.65874   30 2314   19.22320   18.65044  2.98%  1165  781s
 17032  2487   18.66705   36 2312   19.22320   18.65044  2.98%  1193  799s
H17111  2360                      19.2115566   18.65044  2.92%  1225  799s
H17127  2259                      19.2110949   18.65044  2.92%  1230  799s
 17152  2326   18.67637   44 2313   19.21109   18.65044  2.92%  1235  813s
H17261  2318                      19.1987289   18.65316  2.84%  1287  827s
H17387  2289                      19.1967289   18.65316  2.83%  1342  842s
 17490  2419   18.68333   52 2114   19.19673   18.65316  2.83%  1407  857s
H17502  2333                      19.1945139   18.65316  2.82%  1410  857s
H17506  2254                      19.1934096   18.65316  2.81%  1412  857s
 17666  2313   18.69697   63 2129   19.19341   18.65316  2.81%  1455  870s
 17789  2403   18.69944   67 2094   19.19341   18.65316  2.81%  1514  886s
H17794  2327                      19.1895688   18.65316  2.80%  1516  886s
H17806  2253                      19.1879179   18.65316  2.79%  1516  886s
H17838  2175                      19.1871284   18.65316  2.78%  1532  886s
H17851  2108                      19.1854160   18.65316  2.77%  1538  886s
H17921  2185                      19.1844160   18.65316  2.77%  1575  903s
 18124  2345   18.99754   74 2304   19.18442   18.65316  2.77%  1622  920s
H18198  2262                      19.1821809   18.65316  2.76%  1629  920s
H18368  2150                      19.1811809   18.65383  2.75%  1658  936s
H18583  2061                      19.1809800   18.65436  2.75%  1722  953s
 18787  2285     cutoff   80        19.18098   18.65436  2.75%  1782  972s
H18901  2281                      19.1804826   18.65436  2.74%  1790  972s
H19085  2597                      19.1799490   18.65436  2.74%  1832  990s
H19203  2592                      19.1790796   18.65436  2.74%  1849  990s
 19411  2985   19.14269   38 2344   19.17908   18.65436  2.74%  1886 1011s
H19556  2985                      19.1790796   18.65436  2.74%  1893 1011s
H19626  2985                      19.1790796   18.65436  2.74%  1903 1011s
H19649  2984                      19.1788761   18.65436  2.73%  1902 1011s
 19815  3353   19.15530   39 2412   19.17888   18.65436  2.73%  1929 1028s
H19820  3353                      19.1788540   18.65436  2.73%  1934 1028s
H19871  3351                      19.1786413   18.65436  2.73%  1938 1028s
H19941  3350                      19.1783699   18.65436  2.73%  1943 1028s
 20196  3798     cutoff   40        19.17837   18.65436  2.73%  1987 1045s
H20249  3798                      19.1783699   18.65436  2.73%  1993 1045s
H20346  3798                      19.1783699   18.65436  2.73%  2003 1045s
H20552  3796                      19.1782407   18.65436  2.73%  2022 1045s
 20662  4252   18.66773   30 2354   19.17824   18.65436  2.73%  2029 1064s
H20864  4252                      19.1782407   18.65577  2.72%  2054 1064s
 21143  4412   18.67520   34 2330   19.17824   18.65577  2.72%  2073 1080s
H21144  3806                      18.7795699   18.65577  0.66%  2073 1080s
H21214  3563                      18.7566126   18.65597  0.54%  2079 1080s
H21306  3510                      18.7545568   18.65597  0.53%  2089 1080s
H21307  3533                      18.7535568   18.65597  0.52%  2089 1105s
H21417  3533                      18.7535568   18.65597  0.52%  2125 1105s
 21604  3735   18.68050   38 2262   18.75356   18.65597  0.52%  2166 1126s
H21643  3735                      18.7535567   18.65597  0.52%  2188 1126s
H21660  3735                      18.7535560   18.65597  0.52%  2187 1126s
 21865  4041   18.68669   41 2242   18.75356   18.65597  0.52%  2241 1147s
 22205  4491   18.69610   51 2128   18.75356   18.65597  0.52%  2305 1174s
H22270  4436                      18.7511962   18.65597  0.51%  2313 1174s
 22697  4876   18.71227   83 2111   18.75120   18.65597  0.51%  2345 1203s
 23244  5286   18.73187  126 2020   18.75120   18.65597  0.51%  2383 1225s
H23331  5259                      18.7504202   18.65597  0.50%  2384 1225s
 23728  5764     cutoff  157        18.75042   18.65609  0.50%  2428 1248s
 24312  6377   18.65910   28 2303   18.75042   18.65609  0.50%  2455 1273s
H24681  6377                      18.7504197   18.65609  0.50%  2481 1273s
 24978  6939 infeasible   29        18.75042   18.65609  0.50%  2496 1297s
H25156  6883                      18.7492569   18.65609  0.50%  2516 1297s
 25647  7351   18.67360   35 2219   18.74926   18.65609  0.50%  2539 1323s
 26258  7878   18.69511   47 2210   18.74926   18.65609  0.50%  2588 1352s
H26304  7878                      18.7492569   18.65609  0.50%  2586 1352s
H26565  7878                      18.7492569   18.65609  0.50%  2593 1352s
H26586  7878                      18.7492569   18.65609  0.50%  2594 1352s
 26890  8259   18.70966   93 2115   18.74926   18.65609  0.50%  2634 1378s
H27043  8053                      18.7471740   18.65609  0.49%  2639 1378s
H27065  7677                      18.7433670   18.65609  0.47%  2645 1378s
H27107  7390                      18.7410081   18.65707  0.45%  2653 1378s
 27352  8010   18.72419  125 1735   18.74101   18.65707  0.45%  2678 1406s
H27371  7554                      18.7368742   18.65707  0.43%  2678 1406s

Cutting planes:
  Learned: 357
  Gomory: 60
  Cover: 579
  Implied bound: 287
  Projected implied bound: 174
  Clique: 1
  MIR: 324
  StrongCG: 1
  Flow cover: 645
  GUB cover: 15
  Zero half: 24
  Network: 26
  RLT: 1727
  Relax-and-lift: 501

Explored 28105 nodes (76279177 simplex iterations) in 1406.21 seconds (3011.45 work units)
Thread count was 32 (of 104 available processors)

Solution count 10: 18.7369 18.741 18.7434 ... 18.7536

Optimal solution found (tolerance 4.40e-03)
Best objective 1.873687415442e+01, best bound 1.865707463404e+01, gap 0.4259%
m.flow_changes_penalty(): 670.0
Total operational cost: 186698.74
Maximum power (kW): 1456.95
Discharge energy capacity (kWh): 17465.70
Charge energy capacity (kWh): 33689.14
Levelized Cost of Flexibility ($/kWh): -4.41
{'fixed_demand_cost': 6416.339652057034, 'variable_demand_cost': 1740.4754725298444, 'fixed_monthly_cost': 171938.17204301074, 'total_water_production': 306531.77686027414, 'total_energy_cost': 19149.352398288436, 'total_demand_cost': 8156.8151245868785, 'total_customer_cost': 0.0, 'total_feed_cost': 55236.149483685476, 'total_brine_cost': 83192.43843706179, 'total_chemical_cost': 20963.986100533202, 'total_water_revenue': 0.0, 'total_demand_response_revenue': 0.0, 'total_emissions_cost': 0.0, 'total_op_cost': 186698.74154415578, 'fixed_cost': 121551.98252688172, 'total_cost': 308250.7240710375, 'LCOW': 1.0056077292487262, 'degree_of_flex': 0.25149700598802394, 'total_replacement_cost': 1446.2091568946407, 'maximum_power': 1456.9505335294934, 'discharge_energy_capacity': 17465.701801517873, 'charge_energy_capacity': 33689.14305362345, 'discharge_power_capacity': 268.7031046387365, 'charge_power_capacity': 327.0790587730432, 'round_trip_efficiency': 0, 'LVOF': -4.408637658886326}
Saved operation variable results to: /home/rchurchi/watertap_test/watertap/tutorials/flex_ro/wrd_result_winter_both_4_flexible_trains.csv
Saved summary results to: /home/rchurchi/watertap_test/watertap/tutorials/flex_ro/wrd_pricetaker_summary_results_20260813_174005.csv
