

Running optimization for annual production of 8000 AF...
2026-08-25 13:58:38 [INFO] idaes.core.surrogate.pysmo_surrogate: Decode surrogate. type=poly

===========================Polynomial Regression===============================================

The number of cross-validation cases (3) is used.
The default training/cross-validation split of 0.75 is used.
No iterations will be run.
Default parameter estimation method is used.
Parameter estimation method:  pyomo 

2026-08-25 13:58:38 [INFO] idaes.core.surrogate.pysmo_surrogate: Decode surrogate. type=poly

===========================Polynomial Regression===============================================

The number of cross-validation cases (3) is used.
The default training/cross-validation split of 0.75 is used.
No iterations will be run.
Default parameter estimation method is used.
Parameter estimation method:  pyomo 

2026-08-25 13:58:38 [INFO] idaes.core.surrogate.pysmo_surrogate: Decode surrogate. type=poly

===========================Polynomial Regression===============================================

The number of cross-validation cases (3) is used.
The default training/cross-validation split of 0.75 is used.
No iterations will be run.
Default parameter estimation method is used.
Parameter estimation method:  pyomo 

2026-08-25 13:58:38 [INFO] idaes.core.surrogate.pysmo_surrogate: Decode surrogate. type=poly

===========================Polynomial Regression===============================================

The number of cross-validation cases (3) is used.
The default training/cross-validation split of 0.75 is used.
No iterations will be run.
Default parameter estimation method is used.
Parameter estimation method:  pyomo 

2026-08-25 13:58:39 [INFO] idaes.apps.grid_integration.pricetaker.price_taker_model: Found minimum uptime/downtime data for pretreatment.uf_pumps[1] - Adding minimum uptime/downtime constraints.
2026-08-25 13:58:39 [INFO] idaes.apps.grid_integration.pricetaker.price_taker_model: Created startup/shutdown constraints for operation model  pretreatment.uf_pumps[1] at uf_pumps_1_startup_shutdown.
2026-08-25 13:58:39 [INFO] idaes.apps.grid_integration.pricetaker.price_taker_model: Found minimum uptime/downtime data for pretreatment.uf_pumps[2] - Adding minimum uptime/downtime constraints.
2026-08-25 13:58:39 [INFO] idaes.apps.grid_integration.pricetaker.price_taker_model: Created startup/shutdown constraints for operation model  pretreatment.uf_pumps[2] at uf_pumps_2_startup_shutdown.
2026-08-25 13:58:39 [INFO] idaes.apps.grid_integration.pricetaker.price_taker_model: Found minimum uptime/downtime data for pretreatment.uf_pumps[3] - Adding minimum uptime/downtime constraints.
2026-08-25 13:58:39 [INFO] idaes.apps.grid_integration.pricetaker.price_taker_model: Created startup/shutdown constraints for operation model  pretreatment.uf_pumps[3] at uf_pumps_3_startup_shutdown.
2026-08-25 13:58:39 [INFO] idaes.apps.grid_integration.pricetaker.price_taker_model: Found minimum uptime/downtime data for reverse_osmosis.ro_skid[1] - Adding minimum uptime/downtime constraints.
2026-08-25 13:58:39 [INFO] idaes.apps.grid_integration.pricetaker.price_taker_model: Created startup/shutdown constraints for operation model  reverse_osmosis.ro_skid[1] at ro_skid_1_startup_shutdown.
2026-08-25 13:58:39 [INFO] idaes.apps.grid_integration.pricetaker.price_taker_model: Found minimum uptime/downtime data for reverse_osmosis.ro_skid[2] - Adding minimum uptime/downtime constraints.
2026-08-25 13:58:39 [INFO] idaes.apps.grid_integration.pricetaker.price_taker_model: Created startup/shutdown constraints for operation model  reverse_osmosis.ro_skid[2] at ro_skid_2_startup_shutdown.
2026-08-25 13:58:39 [INFO] idaes.apps.grid_integration.pricetaker.price_taker_model: Found minimum uptime/downtime data for reverse_osmosis.ro_skid[3] - Adding minimum uptime/downtime constraints.
2026-08-25 13:58:39 [INFO] idaes.apps.grid_integration.pricetaker.price_taker_model: Created startup/shutdown constraints for operation model  reverse_osmosis.ro_skid[3] at ro_skid_3_startup_shutdown.
2026-08-25 13:58:39 [INFO] idaes.apps.grid_integration.pricetaker.price_taker_model: Found minimum uptime/downtime data for reverse_osmosis.ro_skid[4] - Adding minimum uptime/downtime constraints.
2026-08-25 13:58:39 [INFO] idaes.apps.grid_integration.pricetaker.price_taker_model: Created startup/shutdown constraints for operation model  reverse_osmosis.ro_skid[4] at ro_skid_4_startup_shutdown.
4364
Set parameter TokenServer to value "10.60.1.73"
Set parameter LogToConsole to value 1
Set parameter MIPGap to value 0.01
Gurobi Optimizer version 12.0.3 build v12.0.3rc0 (linux64 - "Red Hat Enterprise Linux 8.8 (Ootpa)")

CPU model: Intel(R) Xeon(R) Platinum 8470QL, instruction set [SSE2|AVX|AVX2|AVX512]
Thread count: 104 physical cores, 104 logical processors, using up to 32 threads

Non-default parameters:
MIPGap  0.01

Optimize a model with 18119 rows, 16467 columns and 50009 nonzeros
Model fingerprint: 0xf5a3b4e2
Model has 168 quadratic objective terms
Model has 2352 quadratic constraints
Variable types: 11259 continuous, 5208 integer (5208 binary)
Coefficient statistics:
  Matrix range     [5e-04, 2e+03]
  QMatrix range    [2e-07, 1e+00]
  QLMatrix range   [3e-04, 1e+00]
  Objective range  [7e-06, 1e-03]
  QObjective range [2e-04, 2e-04]
  Bounds range     [9e-01, 1e+03]
  RHS range        [5e-02, 2e+05]
  QRHS range       [3e-01, 3e-01]
Presolve removed 6959 rows and 7562 columns
Presolve time: 0.11s
Presolved: 20400 rows, 9410 columns, 55069 nonzeros
Presolved model has 336 SOS constraint(s)
Presolved model has 2352 bilinear constraint(s)

Solving non-convex MIQCP

Variable types: 5750 continuous, 3660 integer (3660 binary)
Found heuristic solution: objective 7.4096781

Root relaxation: unbounded, 0 iterations, 0.01 seconds (0.00 work units)

    Nodes    |    Current Node    |     Objective Bounds      |     Work
 Expl Unexpl |  Obj  Depth IntInf | Incumbent    BestBd   Gap | It/Node Time

     0     2  postponed    0         7.40968          -      -     -    3s
     3     8  postponed    2         7.40968          -      -  3283    5s
    27    34  postponed    5         7.40968          -      -  7532   11s
    47    54  postponed    6         7.40968          -      -  8596   15s
   117   144  postponed    8         7.40968          -      -  7996   21s
   179   379  postponed    9         7.40968          -      -  9451   26s
   548   728 infeasible   13         7.40968          -      -  3722   34s
  1097  1274 infeasible   19         7.40968          -      -  2247   46s
  2013  2016 infeasible   28         7.40968          -      -  1506   64s
  3243  2890  postponed   43         7.40968          -      -  1170   89s
  4885  3874  postponed   61         7.40968          -      -  1005  113s
H 5290  3874                       7.4096779          -      -  1014  113s
H 5290  3874                       7.4096779          -      -  1014  113s
  6759  5886 infeasible   80         7.40968          -      -   951  137s
  9412  7229 infeasible  102         7.40968          -      -   902  157s
 11360  8084  postponed  116         7.40968          -      -   896  176s
 12812  9065  postponed  129         7.40968          -      -   911  197s
 14306  9067    4.02623   95 2513    7.40968    4.02623  45.7%   914  231s
 14307  9068    7.23024  225 2605    7.40968    6.53655  11.8%   914  244s
 14308  9069    6.85098   76 2841    7.40968    6.85098  7.54%   914  258s
 14309  9069    6.99351  167 2822    7.40968    6.99351  5.62%   914  278s
 14310  9070    7.21415  256 2886    7.40968    7.02684  5.17%   914  288s
 14311  9071    7.15368   42 2876    7.40968    7.15368  3.45%   914  306s
 14312  9071    7.26531  195 2785    7.40968    7.16551  3.30%   914  314s
 14313  9072    7.19114  162 2794    7.40968    7.19114  2.95%   914  326s
 14314  9073    7.36258  405 2734    7.40968    7.19431  2.91%   914  334s
 14315  9073    7.20601  198 2722    7.40968    7.20601  2.75%   914  345s
 14316  9074    7.20720   98 2758    7.40968    7.20720  2.73%   914  353s
 14317  9075    7.20887  190 2693    7.40968    7.20887  2.71%   914  363s
 14318  9075    7.26841  341 2672    7.40968    7.20905  2.71%   914  369s
 14319  9076    7.21087   62 2702    7.40968    7.21087  2.68%   914  379s
 14320  9077    7.21103  109 2695    7.40968    7.21103  2.68%   914  387s
 14321  9077    7.21200   18 2692    7.40968    7.21200  2.67%   914  394s
 14322  9078    7.21200  145 2700    7.40968    7.21200  2.67%   913  398s
 14323  9079    7.21221  159 2682    7.40968    7.21221  2.66%   913  409s
 14324  9079    7.21221  225 2696    7.40968    7.21221  2.66%   913  410s
 14325  9080    7.21223   16 2706    7.40968    7.21223  2.66%   913  417s
 14326  9081    7.21223  135 2706    7.40968    7.21223  2.66%   913  438s
 14327  9081    7.21223  136 2706    7.40968    7.21223  2.66%   913  479s
 14328  9085    7.21263   15 4970    7.40968    7.21223  2.66%   939  750s
 14330  9088    7.21339   16 4957    7.40968    7.21263  2.66%   941  826s
 14334  9093    7.21414   17 4967    7.40968    7.21339  2.65%   950  870s
 14342  9096    7.21491   18 4972    7.40968    7.21414  2.64%   964  937s
 14356  9094    7.21563   19 4976    7.40968    7.21491  2.63%   986  971s
 14376  9093    7.21631   20 4985    7.40968    7.21563  2.62%  1015 1015s
 14398  9126    7.21636   21 4972    7.40968    7.21631  2.61%  1042 1053s
 14450  9130    7.33640   22 4794    7.40968    7.21857  2.58%  1100 1087s
 14523  9120    7.26099   23 4818    7.40968    7.21857  2.58%  1158 1118s
 14568  9126    7.26226   24 4812    7.40968    7.21857  2.58%  1201 1151s
 14625  9105     cutoff   27         7.40968    7.21857  2.58%  1260 1185s
 14669  9089     cutoff   25         7.40968    7.21857  2.58%  1303 1214s
 14715  9088    7.27686   23 4680    7.40968    7.21857  2.58%  1352 1244s
 14763  9080    7.29628   24 4611    7.40968    7.21857  2.58%  1392 1273s
 14807  9069    7.35734   25 4492    7.40968    7.21857  2.58%  1434 1303s
 14855  9072     cutoff   26         7.40968    7.21857  2.58%  1481 1333s
 14911  9047    7.40831   36 4502    7.40968    7.21857  2.58%  1532 1363s
 14981  9042     cutoff   38         7.40968    7.21857  2.58%  1580 1393s
 15046  9041    7.38998   35 4306    7.40968    7.21857  2.58%  1626 1421s
 15102  9027     cutoff   37         7.40968    7.21857  2.58%  1668 1448s
 15156  9003    7.32655   32 4447    7.40968    7.21857  2.58%  1714 1485s
 15212  8981    7.35595   33 4280    7.40968    7.21857  2.58%  1762 1520s
 15245  8995    7.40320   34 4297    7.40968    7.21857  2.58%  1797 1547s
 15302  9001    7.40413   36 4305    7.40968    7.22015  2.56%  1855 1577s
 15357  8970     cutoff   37         7.40968    7.22015  2.56%  1908 1609s
 15406  8980    7.28817   26 4704    7.40968    7.22015  2.56%  1974 1646s
 15476  8963     cutoff   27         7.40968    7.22015  2.56%  2035 1682s
 15533  8953    7.29149   28 4644    7.40968    7.22015  2.56%  2101 1722s
 15589  8949    7.29224   29 4673    7.40968    7.22015  2.56%  2170 1765s
 15647  8944    7.38218   29 4535    7.40968    7.22015  2.56%  2244 1806s
 15710  8938    7.38722   30 4536    7.40968    7.22015  2.56%  2313 1852s
 15777  8936    7.40647   32 4499    7.40968    7.22015  2.56%  2393 1898s
 15848  8928    7.40742   33 4460    7.40968    7.22842  2.45%  2461 1944s
 15942  8908     cutoff   36         7.40968    7.23130  2.41%  2559 1989s
 16032  8918    7.23436   27 4775    7.40968    7.23436  2.37%  2655 2035s
 16134  8922    7.36989   28 4659    7.40968    7.23436  2.37%  2745 2093s
 16255  8918    7.40808   30 4492    7.40968    7.23436  2.37%  2849 2148s
 16381  8924     cutoff   33         7.40968    7.23665  2.34%  2951 2202s
 16533  8909    7.38524   33 4606    7.40968    7.23665  2.34%  3075 2261s
 16660  8924    7.38782   34 4589    7.40968    7.23773  2.32%  3188 2315s
 16800  8953    7.39161   37 4503    7.40968    7.24216  2.26%  3306 2373s
 16952  8921    7.40073   47 4374    7.40968    7.24216  2.26%  3435 2438s
 17058  8932     cutoff   48         7.40968    7.24216  2.26%  3527 2502s
 17202  8971    7.30262   41 4565    7.40968    7.24494  2.22%  3668 2571s
 17353  8988    7.34764   44 4446    7.40968    7.24494  2.22%  3811 2637s
 17513  8963    7.35629   51 4280    7.40968    7.24592  2.21%  3971 2708s
 17668  8928    7.36483   55 4168    7.40968    7.24758  2.19%  4139 2785s
 17826  8960    7.35351   39 4289    7.40968    7.25296  2.12%  4286 2859s
H17857  8495                       7.4096775    7.25296  2.12%  4321 2859s
 18006  8522    7.39596   43 4163    7.40968    7.25296  2.12%  4433 2952s
 18197  8501     cutoff   45         7.40968    7.25296  2.12%  4601 3040s
 18437  8477     cutoff   44         7.40968    7.25308  2.11%  4781 3119s
 18673  8455    7.26185   49 4381    7.40968    7.25308  2.11%  4950 3206s
 18906  8511     cutoff   58         7.40968    7.25308  2.11%  5142 3295s
 19169  8466    7.32275   64 4001    7.40968    7.25308  2.11%  5333 3395s
 19464  8382     cutoff   75         7.40968    7.25308  2.11%  5517 3488s
 19577  8498    7.37096   75 3893    7.40968    7.25308  2.11%  5596 3589s
 19883  8596     cutoff   81         7.40968    7.25856  2.04%  5765 3694s
 20272  8775     cutoff   32         7.40968    7.29046  1.61%  5957 3799s
 20820  8855     cutoff   41         7.40968    7.29207  1.59%  6122 3901s
 21384  8941    7.31754   62 4112    7.40968    7.29897  1.49%  6304 4009s
 21933  9018     cutoff   67         7.40968    7.30719  1.38%  6516 4120s
 22436  9224     cutoff   71         7.40968    7.31065  1.34%  6661 4239s
 23097  9371    7.39544   77 3579    7.40968    7.31202  1.32%  6857 4364s
 23793  9475    7.37998   81 3447    7.40968    7.31320  1.30%  7045 4486s
 24520  9458    7.40323   88 3343    7.40968    7.31835  1.23%  7203 4609s
 25236  9493     cutoff   24         7.40968    7.32149  1.19%  7325 4747s
H25264  9052                       7.4096775    7.32163  1.19%  7343 4747s
 25730  9249    7.36021  109 3486    7.40968    7.32390  1.16%  7400 4885s
H26511  8579                       7.4096775    7.32581  1.13%  7503 4885s
 26546  8999     cutoff  128         7.40968    7.32740  1.11%  7507 5025s
 27356  9030     cutoff   97         7.40968    7.32954  1.08%  7621 5172s
 28279  9045    7.34125   58 3963    7.40968    7.33088  1.06%  7725 5312s
 29103  9020     cutoff   46         7.40968    7.33480  1.01%  7860 5491s
H29121  8625                       7.4096775    7.33480  1.01%  7867 5491s

Cutting planes:
  Learned: 512
  Gomory: 11
  Cover: 1170
  Implied bound: 523
  Projected implied bound: 378
  MIR: 993
  StrongCG: 1
  Flow cover: 1795
  GUB cover: 16
  Zero half: 9
  Network: 39
  RLT: 1348
  Relax-and-lift: 421
  BQP: 2

Explored 29974 nodes (240060380 simplex iterations) in 5491.22 seconds (14211.87 work units)
Thread count was 32 (of 104 available processors)

Solution count 4: 7.40968 7.40968 7.40968 7.40968 

Optimal solution found (tolerance 1.00e-02)
Best objective 7.409677472566e+00, best bound 7.337471771221e+00, gap 0.9745%
m.flow_changes_penalty(): 0.0
Total operational cost: 74096.77
Maximum power (kW): 734.45
Discharge energy capacity (kWh): 61748.41
Charge energy capacity (kWh): 0.00
Levelized Cost of Flexibility ($/kWh): 0.58
{'fixed_demand_cost': 3234.482136729438, 'variable_demand_cost': 1737.5862243185124, 'fixed_monthly_cost': 171938.17204301074, 'total_water_production': 188119.780821919, 'total_energy_cost': 12161.69777717386, 'total_demand_cost': 4972.06836104795, 'total_customer_cost': 0.0, 'total_feed_cost': 33895.45600394861, 'total_brine_cost': 10202.532257188172, 'total_chemical_cost': 12865.020326298854, 'total_water_revenue': 0.0, 'total_demand_response_revenue': 0.0, 'total_emissions_cost': 0.0, 'total_op_cost': 74096.77472565744, 'fixed_cost': 121551.98252688172, 'total_cost': 195648.75725253916, 'LCOW': 1.0400222475155196, 'degree_of_flex': 0.0, 'total_replacement_cost': 1409.837429595494, 'maximum_power': 734.44997153303, 'discharge_energy_capacity': 61748.410356120745, 'charge_energy_capacity': 0.0, 'discharge_power_capacity': 367.5500616435759, 'charge_power_capacity': nan, 'round_trip_efficiency': 0, 'LVOF': 0.5771547419473682}
Saved operation variable results to: /home/rchurchi/watertap_test/watertap/tutorials/flex_ro/wrd_result_both_winter_8000AF.csv
