

Running optimization for annual production of 12000 AF...
2026-08-24 21:24:26 [INFO] idaes.core.surrogate.pysmo_surrogate: Decode surrogate. type=poly

===========================Polynomial Regression===============================================

The number of cross-validation cases (3) is used.
The default training/cross-validation split of 0.75 is used.
No iterations will be run.
Default parameter estimation method is used.
Parameter estimation method:  pyomo 

2026-08-24 21:24:26 [INFO] idaes.core.surrogate.pysmo_surrogate: Decode surrogate. type=poly

===========================Polynomial Regression===============================================

The number of cross-validation cases (3) is used.
The default training/cross-validation split of 0.75 is used.
No iterations will be run.
Default parameter estimation method is used.
Parameter estimation method:  pyomo 

2026-08-24 21:24:26 [INFO] idaes.core.surrogate.pysmo_surrogate: Decode surrogate. type=poly

===========================Polynomial Regression===============================================

The number of cross-validation cases (3) is used.
The default training/cross-validation split of 0.75 is used.
No iterations will be run.
Default parameter estimation method is used.
Parameter estimation method:  pyomo 

2026-08-24 21:24:26 [INFO] idaes.core.surrogate.pysmo_surrogate: Decode surrogate. type=poly

===========================Polynomial Regression===============================================

The number of cross-validation cases (3) is used.
The default training/cross-validation split of 0.75 is used.
No iterations will be run.
Default parameter estimation method is used.
Parameter estimation method:  pyomo 

2026-08-24 21:24:27 [INFO] idaes.apps.grid_integration.pricetaker.price_taker_model: Found minimum uptime/downtime data for pretreatment.uf_pumps[1] - Adding minimum uptime/downtime constraints.
2026-08-24 21:24:27 [INFO] idaes.apps.grid_integration.pricetaker.price_taker_model: Created startup/shutdown constraints for operation model  pretreatment.uf_pumps[1] at uf_pumps_1_startup_shutdown.
2026-08-24 21:24:27 [INFO] idaes.apps.grid_integration.pricetaker.price_taker_model: Found minimum uptime/downtime data for pretreatment.uf_pumps[2] - Adding minimum uptime/downtime constraints.
2026-08-24 21:24:27 [INFO] idaes.apps.grid_integration.pricetaker.price_taker_model: Created startup/shutdown constraints for operation model  pretreatment.uf_pumps[2] at uf_pumps_2_startup_shutdown.
2026-08-24 21:24:27 [INFO] idaes.apps.grid_integration.pricetaker.price_taker_model: Found minimum uptime/downtime data for pretreatment.uf_pumps[3] - Adding minimum uptime/downtime constraints.
2026-08-24 21:24:27 [INFO] idaes.apps.grid_integration.pricetaker.price_taker_model: Created startup/shutdown constraints for operation model  pretreatment.uf_pumps[3] at uf_pumps_3_startup_shutdown.
2026-08-24 21:24:27 [INFO] idaes.apps.grid_integration.pricetaker.price_taker_model: Found minimum uptime/downtime data for reverse_osmosis.ro_skid[1] - Adding minimum uptime/downtime constraints.
2026-08-24 21:24:27 [INFO] idaes.apps.grid_integration.pricetaker.price_taker_model: Created startup/shutdown constraints for operation model  reverse_osmosis.ro_skid[1] at ro_skid_1_startup_shutdown.
2026-08-24 21:24:27 [INFO] idaes.apps.grid_integration.pricetaker.price_taker_model: Found minimum uptime/downtime data for reverse_osmosis.ro_skid[2] - Adding minimum uptime/downtime constraints.
2026-08-24 21:24:27 [INFO] idaes.apps.grid_integration.pricetaker.price_taker_model: Created startup/shutdown constraints for operation model  reverse_osmosis.ro_skid[2] at ro_skid_2_startup_shutdown.
2026-08-24 21:24:27 [INFO] idaes.apps.grid_integration.pricetaker.price_taker_model: Found minimum uptime/downtime data for reverse_osmosis.ro_skid[3] - Adding minimum uptime/downtime constraints.
2026-08-24 21:24:27 [INFO] idaes.apps.grid_integration.pricetaker.price_taker_model: Created startup/shutdown constraints for operation model  reverse_osmosis.ro_skid[3] at ro_skid_3_startup_shutdown.
2026-08-24 21:24:27 [INFO] idaes.apps.grid_integration.pricetaker.price_taker_model: Found minimum uptime/downtime data for reverse_osmosis.ro_skid[4] - Adding minimum uptime/downtime constraints.
2026-08-24 21:24:27 [INFO] idaes.apps.grid_integration.pricetaker.price_taker_model: Created startup/shutdown constraints for operation model  reverse_osmosis.ro_skid[4] at ro_skid_4_startup_shutdown.
4364
Set parameter TokenServer to value "10.60.1.73"
Set parameter LogToConsole to value 1
Set parameter MIPGap to value 0.01
Gurobi Optimizer version 12.0.3 build v12.0.3rc0 (linux64 - "Red Hat Enterprise Linux 8.8 (Ootpa)")

CPU model: Intel(R) Xeon(R) Platinum 8470QL, instruction set [SSE2|AVX|AVX2|AVX512]
Thread count: 104 physical cores, 104 logical processors, using up to 32 threads

Non-default parameters:
MIPGap  0.01

Optimize a model with 18119 rows, 16467 columns and 49999 nonzeros
Model fingerprint: 0x744533ff
Model has 168 quadratic objective terms
Model has 2352 quadratic constraints
Variable types: 11259 continuous, 5208 integer (5208 binary)
Coefficient statistics:
  Matrix range     [5e-04, 2e+03]
  QMatrix range    [2e-07, 1e+00]
  QLMatrix range   [3e-04, 1e+00]
  Objective range  [1e-05, 1e-03]
  QObjective range [2e-04, 2e-04]
  Bounds range     [9e-01, 1e+03]
  RHS range        [5e-02, 3e+05]
  QRHS range       [3e-01, 3e-01]
Presolve removed 6979 rows and 7572 columns
Presolve time: 0.11s
Presolved: 20380 rows, 9400 columns, 55029 nonzeros
Presolved model has 336 SOS constraint(s)
Presolved model has 2352 bilinear constraint(s)

Solving non-convex MIQCP

Variable types: 5740 continuous, 3660 integer (3660 binary)
Found heuristic solution: objective 12.0903187

Root relaxation: unbounded, 0 iterations, 0.01 seconds (0.00 work units)

    Nodes    |    Current Node    |     Objective Bounds      |     Work
 Expl Unexpl |  Obj  Depth IntInf | Incumbent    BestBd   Gap | It/Node Time

     0     2  postponed    0        12.09032          -      -     -    4s
     1     4  postponed    1        12.09032          -      -   0.0    6s
     7    12  postponed    3        12.09032          -      -  9637   10s
    47    54  postponed    6        12.09032          -      -  9926   17s
    79    86  postponed    7        12.09032          -      -  8658   20s
   184   356  postponed    9        12.09032          -      - 10262   29s
   487   756  postponed   12        12.09032          -      -  4597   36s
  1075  1304 infeasible   20        12.09032          -      -  2513   48s
  1931  2059 infeasible   31        12.09032          -      -  1838   67s
  3200  2999 infeasible   50        12.09032          -      -  1512   93s
H 4380  2999                      12.0903185          -      -  1404   93s
H 4423  2999                      12.0903185          -      -  1399   93s
  4925  4529 infeasible   78        12.09032          -      -  1335  117s
  7225  6825 infeasible   98        12.09032          -      -  1184  138s
H 8147  6825                      12.0903185          -      -  1150  138s
 10111  8750  postponed  120        12.09032          -      -  1062  157s
 12596 10036 infeasible  135        12.09032          -      -  1028  176s
 14394 11890 infeasible  149        12.09032          -      -  1020  193s
 16841 11891 -1.000e+100   90    0   12.09032          -      -   982  195s
 16843 11892    9.58194   54 2288   12.09032    9.58194  20.7%   982  234s
 16844 11893   11.74188  623 2189   12.09032   10.92583  9.63%   982  244s
 16845 11894   11.08351   77 2046   12.09032   11.08351  8.33%   982  253s
 16846 11894   11.19658  155 2183   12.09032   11.19658  7.39%   982  264s
 16847 11895   11.21121  411 2603   12.09032   11.21121  7.27%   982  268s
 16848 11896   11.23400  601 2497   12.09032   11.23400  7.08%   982  275s
 16850 11897   11.54288  853 2496   12.09032   11.26329  6.84%   982  283s
 16851 11898   11.26613   53 2551   12.09032   11.26613  6.82%   982  286s
 16852 11898   11.27152   23 2515   12.09032   11.27152  6.77%   982  291s
 16854 11900   12.04559  434 2474   12.09032   11.29056  6.61%   981  300s
 16856 11901   11.62351  359 2521   12.09032   11.30152  6.52%   981  309s
 16857 11902   11.30272   66 2524   12.09032   11.30272  6.51%   981  311s
 16858 11902   11.30424  331 2503   12.09032   11.30424  6.50%   981  315s
 16861 11904   11.30514   45 2535   12.09032   11.30514  6.49%   981  321s
 16864 11906   11.30540   47 2497   12.09032   11.30540  6.49%   981  325s
 16867 11908   11.30576  147 2501   12.09032   11.30576  6.49%   981  359s
 16868 11909   11.30576  121 2501   12.09032   11.30576  6.49%   981  378s
 16869 11913   11.34692   11 3800   12.09032   11.30576  6.49%   995  607s
 16871 11916   11.40573   12 3336   12.09032   11.32004  6.37%  1000  623s
 16875 11923   11.46577   13 3032   12.09032   11.36405  6.01%  1002  637s
 16883 11936   11.47576   14 3065   12.09032   11.37702  5.90%  1008  660s
 16899 11963   11.48805   15 2943   12.09032   11.42991  5.46%  1022  680s
 16931 11983   11.51838   16 2960   12.09032   11.44458  5.34%  1045  700s
 16962 12048   11.52032   17 3029   12.09032   11.44458  5.34%  1056  720s
 17037 12108   11.53819   19 3061   12.09032   11.44458  5.34%  1087  737s
 17122 12169   11.62494   21 2257   12.09032   11.44458  5.34%  1106  753s
 17216 12224   11.68470   23 2266   12.09032   11.44458  5.34%  1126  767s
 17306 12271   11.64250   26 2208   12.09032   11.44458  5.34%  1144  781s
 17389 12300   11.74687   28 1999   12.09032   11.44458  5.34%  1158  794s
 17456 12348   11.71208   31 2129   12.09032   11.44458  5.34%  1188  807s
 17542 12368   11.80992   33 2079   12.09032   11.44458  5.34%  1208  821s
 17602 12409   11.77914   35 1874   12.09032   11.44458  5.34%  1233  841s
 17677 12439   11.76651   37 2525   12.09032   11.44458  5.34%  1258  855s
 17750 12472   11.76603   39 1945   12.09032   11.44458  5.34%  1279  869s
 17823 12514   11.89957   40 1992   12.09032   11.44458  5.34%  1307  883s
 17898 12561   11.94876   42 2019   12.09032   11.44458  5.34%  1331  898s
 17990 12607   11.79217   44 1829   12.09032   11.46479  5.17%  1356  914s
 18080 12671   11.89377   44 1719   12.09032   11.46479  5.17%  1388  929s
 18194 12742   11.88389   48 1430   12.09032   11.46479  5.17%  1420  946s
 18320 12839   11.88454   50 1399   12.09032   11.46479  5.17%  1453  963s
 18476 12915   11.88818   55 1365   12.09032   11.46479  5.17%  1484  982s
 18637 13016   11.88850   57 1317   12.09032   11.46479  5.17%  1514  998s
 18815 13099   11.89273   63 1235   12.09032   11.46479  5.17%  1537 1019s
 18994 13234   11.89598   69 1235   12.09032   11.46479  5.17%  1561 1034s
 19231 13290   11.89827   76 1146   12.09032   11.46479  5.17%  1581 1053s
 19416 13426   11.89597   84 1047   12.09032   11.46479  5.17%  1602 1070s
 19647 13520   11.90287   84 1103   12.09032   11.46479  5.17%  1620 1090s
 19835 13669   11.89604   86 1056   12.09032   11.46479  5.17%  1656 1110s
 20071 13849   11.92182   89 1091   12.09032   11.46479  5.17%  1683 1128s
 20359 14040   11.90994   95  951   12.09032   11.46479  5.17%  1710 1147s
 20673 14313   11.89725   99 1059   12.09032   11.46479  5.17%  1737 1169s
H21061 13653                      12.0903182   11.46479  5.17%  1756 1188s
H21063 13086                      12.0903180   11.46479  5.17%  1756 1188s
H21065 12548                      12.0903158   11.46479  5.17%  1756 1188s
H21070 12035                      12.0903116   11.46479  5.17%  1756 1188s
 21135 12487   11.89650  106 1031   12.09031   11.46479  5.17%  1769 1215s
 21614 12800   11.89755  119 1031   12.09031   11.46479  5.17%  1771 1235s
H22111 11301                      11.9589627   11.46479  4.13%  1779 1256s
H22133  9225                      11.8628662   11.46479  3.36%  1779 1256s
H22142  8784                      11.7745995   11.46479  2.63%  1779 1256s
 22559  8094     cutoff  145        11.77460   11.46479  2.63%  1778 1284s
H22576  7672                      11.7745995   11.46479  2.63%  1781 1284s
H22594  7271                      11.7745995   11.46479  2.63%  1782 1284s
H22598  6894                      11.7745995   11.46479  2.63%  1782 1284s
H22674  6512                      11.7745668   11.46603  2.62%  1794 1284s
 22722  6538   11.65739   23 4198   11.77457   11.46603  2.62%  1804 1306s
 22802  6530   11.69085   24 4199   11.77457   11.46603  2.62%  1840 1327s
H22828  6183                      11.7745668   11.46603  2.62%  1846 1327s
H22855  5852                      11.7745668   11.46603  2.62%  1861 1327s
 22894  5848     cutoff   31        11.77457   11.46603  2.62%  1878 1355s
 23006  5805     cutoff   31        11.77457   11.46603  2.62%  1915 1380s
H23010  5498                      11.7745668   11.46603  2.62%  1916 1380s
H23044  5195                      11.7745668   11.46603  2.62%  1927 1380s
 23118  5140   11.52819   18 4554   11.77457   11.46603  2.62%  1952 1409s
 23195  5133   11.53007   19 4506   11.77457   11.46603  2.62%  1986 1436s
H23196  4857                      11.7745411   11.46603  2.62%  1986 1436s
H23214  4589                      11.7745296   11.46603  2.62%  1994 1436s
 23319  4585   11.53007   20 4506   11.77453   11.46603  2.62%  2030 1464s
 23442  4524   11.60921   29 4366   11.77453   11.46603  2.62%  2068 1494s
 23563  4477   11.61076   32 4393   11.77453   11.46603  2.62%  2112 1523s
 23663  4442   11.61195   34 4247   11.77453   11.46603  2.62%  2165 1551s
H23665  4192                      11.7745290   11.46603  2.62%  2167 1551s
H23700  3944                      11.7745283   11.46603  2.62%  2186 1551s
H23707  3716                      11.7744701   11.46603  2.62%  2188 1551s
 23777  3709   11.61696   35 4238   11.77447   11.46603  2.62%  2212 1577s
 23894  3649   11.62307   36 4232   11.77447   11.46603  2.62%  2258 1606s
 24004  3633   11.76639   38 3962   11.77447   11.46603  2.62%  2317 1635s
 24103  3642   11.65429   37 4101   11.77447   11.46603  2.62%  2373 1664s
H24116  3424                      11.7744701   11.46603  2.62%  2382 1664s
H24131  3216                      11.7744701   11.46603  2.62%  2388 1664s
H24163  3013                      11.7744697   11.46603  2.62%  2404 1664s
H24177  2825                      11.7744116   11.46603  2.62%  2408 1664s
H24192  2646                      11.7743168   11.46603  2.62%  2415 1664s
 24227  2608   11.76067   38 3992   11.77432   11.46603  2.62%  2432 1695s
 24346  2559   11.76752   41 3800   11.77432   11.46603  2.62%  2487 1726s
H24361  2389                      11.7743168   11.46603  2.62%  2491 1726s
H24369  2230                      11.7743168   11.46603  2.62%  2495 1726s
H24425  2062                      11.7743163   11.46603  2.62%  2538 1726s
 24451  2017     cutoff   43        11.77432   11.46603  2.62%  2548 1757s
 24572  1967     cutoff   37        11.77432   11.48806  2.43%  2607 1797s
H24587  1820                      11.7743163   11.48806  2.43%  2612 1797s
H24593  1710                      11.7743163   11.48806  2.43%  2613 1797s
H24608  1710                      11.7743163   11.48806  2.43%  2620 1797s
H24623  1710                      11.7742704   11.48806  2.43%  2624 1797s
H24665  1710                      11.7742596   11.48806  2.43%  2654 1797s
 24700  1768     cutoff   26        11.77426   11.48806  2.43%  2663 1832s
H24869  1791                      11.7742596   11.48919  2.42%  2719 1867s
H24943  1791                      11.7742534   11.48919  2.42%  2738 1867s
 25020  1791     cutoff   33        11.77425   11.48919  2.42%  2771 1904s
 25150  1826     cutoff   34        11.77425   11.48919  2.42%  2841 1944s
H25245  1826                      11.7742534   11.48919  2.42%  2868 1944s
H25275  1826                      11.7742106   11.48919  2.42%  2875 1944s
 25336  1897     cutoff   33        11.77421   11.48919  2.42%  2908 1980s
 25500  1987     cutoff   25        11.77421   11.49513  2.37%  2978 2017s
H25529  1987                      11.7742106   11.49513  2.37%  2990 2017s
H25543  1987                      11.7742105   11.49513  2.37%  3001 2017s
 25663  2067   11.66186   38 4118   11.77421   11.49513  2.37%  3055 2058s
 25842  2130     cutoff   47        11.77421   11.49895  2.34%  3124 2102s
H25856  2130                      11.7742105   11.49895  2.34%  3127 2102s
H25878  2130                      11.7742105   11.49895  2.34%  3140 2102s
H25909  2130                      11.7742105   11.49895  2.34%  3161 2102s
H25936  2130                      11.7742104   11.49895  2.34%  3180 2102s
 25989  2174     cutoff   52        11.77421   11.49895  2.34%  3207 2143s
 26156  2290   11.67023   33 4054   11.77421   11.50095  2.32%  3293 2184s
H26326  2288                      11.7741905   11.50212  2.31%  3360 2184s
 26341  2398   11.69041   41 3881   11.77419   11.50212  2.31%  3375 2233s
H26530  2515                      11.7741905   11.50500  2.29%  3457 2285s
H26554  2515                      11.7741904   11.50701  2.27%  3467 2285s
H26610  2515                      11.7741904   11.50701  2.27%  3485 2285s
 26737  2669   11.69660   55 3526   11.77419   11.50701  2.27%  3548 2331s
 26933  2827   11.69891   63 3429   11.77419   11.50701  2.27%  3640 2385s
H26983  2827                      11.7741714   11.50701  2.27%  3651 2385s
 27181  2972   11.72288   77 3072   11.77417   11.50701  2.27%  3732 2434s
 27433  3155     cutoff   81        11.77417   11.50775  2.26%  3822 2485s
H27436  3155                      11.7741322   11.50775  2.26%  3823 2485s
H27724  3207                      11.7741261   11.50898  2.25%  3913 2529s
H27790  3207                      11.7741205   11.51209  2.23%  3932 2529s
H27791  3203                      11.7731637   11.51209  2.22%  3932 2529s
H27818  3477                      11.7731637   11.51209  2.22%  3936 2581s
H28043  3477                      11.7731637   11.51209  2.22%  3986 2581s
 28181  3701   11.64359   80 3389   11.77316   11.51651  2.18%  4018 2635s
 28532  3975   11.68597  100 3059   11.77316   11.51651  2.18%  4122 2689s
H28599  3975                      11.7731637   11.51651  2.18%  4144 2689s
 28908  4245   11.67799   52 3941   11.77316   11.53189  2.05%  4226 2761s
 29265  5087   11.68744   64 3694   11.77316   11.53189  2.05%  4360 2865s
H30220  5680                      11.7704288   11.54066  1.95%  4550 2937s
H31004  5679                      11.7703294   11.54158  1.94%  4623 2937s
 31167  6079     cutoff   87        11.77033   11.54283  1.93%  4652 3001s
H31350  6079                      11.7703294   11.54283  1.93%  4667 3001s
H31447  6079                      11.7703294   11.54283  1.93%  4673 3001s
H31471  6079                      11.7703294   11.54283  1.93%  4682 3001s
H31502  6079                      11.7703294   11.54283  1.93%  4691 3001s
 31770  6631     cutoff   90        11.77033   11.54382  1.92%  4756 3066s
H32147  6631                      11.7703279   11.54470  1.92%  4779 3066s
 32509  7167   11.72862   94 2981   11.77033   11.54746  1.89%  4848 3132s
H33001  7167                      11.7703279   11.54799  1.89%  4893 3132s
H33369  7652                      11.7703278   11.55083  1.86%  4921 3200s
 33954  8617   11.58054  111 2803   11.77033   11.55148  1.86%  4947 3268s
 35002  9539   11.63470  179 2263   11.77033   11.55148  1.86%  4973 3341s
H35614  9539                      11.7703276   11.55228  1.85%  4964 3341s
H35980  9539                      11.7703273   11.55228  1.85%  4980 3341s
 36214 10371   11.76134  293 1995   11.77033   11.55228  1.85%  5002 3408s
 37292 11044   11.67196  112 2684   11.77033   11.55228  1.85%  5047 3478s
H37367 11038                      11.7699713   11.55228  1.85%  5050 3478s
 38202 11777   11.72685  166 2177   11.76997   11.55777  1.80%  5114 3554s
H38270 11777                      11.7699713   11.55777  1.80%  5117 3554s
H38718 11777                      11.7699712   11.55777  1.80%  5127 3554s
H39114 12473                      11.7699712   11.55854  1.80%  5187 3626s
H39503 12473                      11.7699712   11.55854  1.80%  5171 3626s
H39808 12473                      11.7699712   11.55854  1.80%  5186 3626s
 40012 13409   11.72394  126 2250   11.76997   11.55854  1.80%  5221 3706s
H40424 13409                      11.7699712   11.55854  1.80%  5195 3706s
 41145 14221   11.67984  115 2679   11.76997   11.55855  1.80%  5265 3785s
 42230 14893   11.76155  137 2106   11.76997   11.56001  1.78%  5330 3875s
H42264 14893                      11.7699712   11.56001  1.78%  5336 3875s
H42582 14893                      11.7699712   11.56001  1.78%  5339 3875s
H43078 14893                      11.7699711   11.56017  1.78%  5363 3875s
H43168 14893                      11.7699711   11.56040  1.78%  5371 3875s
 43282 16083   11.67424  100 3152   11.76997   11.56101  1.78%  5391 3954s
H44144 16083                      11.7699705   11.56101  1.78%  5380 3954s
 44777 17297   11.66283   33 4082   11.76997   11.56101  1.78%  5408 4036s
 46294 18615   11.74781   39 3882   11.76997   11.56306  1.76%  5425 4120s
 47954 20213 infeasible   54        11.76997   11.56322  1.76%  5415 4201s
 49899 21622     cutoff   60        11.76997   11.56347  1.75%  5376 4287s
 51773 23007     cutoff  140        11.76997   11.56521  1.74%  5362 4369s
 53621 23945   11.74635  116 2713   11.76997   11.56521  1.74%  5356 4454s
 54969 25060   11.76466  126 2271   11.76997   11.56673  1.73%  5388 4544s
 56540 26377   11.71492   30 4304   11.76997   11.56731  1.72%  5411 4632s
 58231 27017   11.74295  118 2671   11.76997   11.56865  1.71%  5424 4770s
H58369 27017                      11.7699451   11.56865  1.71%  5426 4770s
H58706 27017                      11.7699099   11.56865  1.71%  5453 4770s
H58759 27015                      11.7698441   11.56865  1.71%  5453 4770s
 59168 30459   11.57190   29 4201   11.76984   11.56942  1.70%  5491 5007s
 63578 31825   11.73327   60 3643   11.76984   11.56982  1.70%  5492 5117s
H64437 31825                      11.7697646   11.57023  1.70%  5508 5117s
H64730 31825                      11.7697645   11.57023  1.70%  5487 5117s
 65607 33506   11.73951   68 3343   11.76976   11.57054  1.69%  5504 5237s
 67871 34414   11.74897   81 2994   11.76976   11.57121  1.69%  5524 5360s
 69548 35804     cutoff   64        11.76976   11.57146  1.68%  5589 5484s
H69561 35804                      11.7697640   11.57146  1.68%  5591 5484s
H69988 35804                      11.7697639   11.57316  1.67%  5611 5484s
H70480 35804                      11.7697635   11.57316  1.67%  5626 5484s
H71635 37094                      11.7697635   11.57371  1.67%  5632 5611s
H71775 37094                      11.7697635   11.57371  1.67%  5637 5611s
H73077 37094                      11.7697635   11.57409  1.66%  5670 5611s
 73587 38203     cutoff  152        11.76976   11.57426  1.66%  5699 5743s
 75620 39605   11.76891  143 2145   11.76976   11.57434  1.66%  5764 5889s
 77838 42404   11.73916   69 3340   11.76976   11.57490  1.66%  5832 6041s
 81418 44624   11.58340  112 2921   11.76976   11.57589  1.65%  5819 6191s
H84449 44624                      11.7697635   11.57667  1.64%  5825 6191s
 84560 46802   11.76682  134 2194   11.76976   11.57674  1.64%  5831 6337s
 87593 50566   11.75812  149 2122   11.76976   11.57674  1.64%  5845 6535s
H89710 50566                      11.7697635   11.57748  1.63%  5814 6535s
 92099 53767   11.74407  133 2311   11.76976   11.57827  1.63%  5815 6673s
 96106 57133   11.59775  137 2526   11.76976   11.57862  1.62%  5751 6794s
 100193 60447   11.73956  134 2197   11.76976   11.57884  1.62%  5659 6908s
 104516 63615     cutoff  158        11.76976   11.57884  1.62%  5567 7007s
 108422 68323   11.76325  141 2255   11.76976   11.57966  1.62%  5490 7101s
 113673 73176   11.73446  125 2372   11.76976   11.57977  1.61%  5354 7187s
 119312 81794   11.73568  121 2414   11.76976   11.58022  1.61%  5204 7370s
 129293 86183   11.69290   22 4475   11.76976   11.58022  1.61%  5003 7434s
 134225 91244   11.74847   24 4444   11.76976   11.58022  1.61%  4884 7493s
 139933 94983     cutoff   22        11.76976   11.58065  1.61%  4740 7544s
 144403 97909   11.70137   30 4120   11.76976   11.58067  1.61%  4639 7591s
 148008 100452   11.70871   34 4059   11.76976   11.58067  1.61%  4568 7637s
 151108 104662   11.71106   36 4039   11.76976   11.58067  1.61%  4511 7783s
 156575 108926   11.61074  157 2188   11.76976   11.58131  1.60%  4483 7866s
H161183 108926                      11.7697635   11.58162  1.60%  4417 7866s
 161613 113082   11.65822  222 1757   11.76976   11.58162  1.60%  4416 7939s
 166344 116231   11.71381  597 1212   11.76976   11.58170  1.60%  4340 8010s
H167826 116231                      11.7697634   11.58170  1.60%  4317 8010s
 170088 119730   11.73441 1043 1011   11.76976   11.58195  1.60%  4291 8081s
 174411 122113   11.75191 1304 1157   11.76976   11.58199  1.60%  4228 8137s
 177536 124856   11.76089 1565 1021   11.76976   11.58224  1.59%  4187 8201s
 180977 129630   11.76259 1792  980   11.76976   11.58231  1.59%  4148 8336s
 187046 134100     cutoff 1917        11.76976   11.58290  1.59%  4105 8410s
 192223 138115   11.76806 2045  964   11.76976   11.58292  1.59%  4044 8472s
 196783 142246     cutoff  101        11.76976   11.58306  1.59%  3988 8528s
*198069 104625            4233      11.7497821   11.58306  1.42%  3973 8528s
 201490 104639     cutoff  142        11.74978   11.58306  1.42%  3929 8582s
H201493 80138                      11.7385211   11.58306  1.32%  3929 8582s
H201501 78704                      11.7377301   11.58306  1.32%  3929 8582s
H202272 78683                      11.7377128   11.58306  1.32%  3920 8582s
H202980 69929                      11.7317128   11.58326  1.27%  3928 8639s
H203729 69929                      11.7317128   11.58326  1.27%  3919 8639s
H204573 69929                      11.7317128   11.58326  1.27%  3923 8639s
 204843 72805   11.72246   27 4218   11.73171   11.58326  1.27%  3925 8696s
 208252 75501   11.61985  152 2340   11.73171   11.58349  1.26%  3896 8757s
H208637 75501                      11.7317128   11.58349  1.26%  3894 8757s
H209217 75501                      11.7317128   11.58349  1.26%  3887 8757s
 211363 80979   11.59431  137 2281   11.73171   11.58375  1.26%  3874 8878s
H211970 80680                      11.7315099   11.58375  1.26%  3876 8878s
 218017 82728   11.65154  165 2188   11.73151   11.58375  1.26%  3833 8941s
H219148 82725                      11.7315071   11.58375  1.26%  3827 8941s
 220771 83768   11.68206  187 2186   11.73151   11.58375  1.26%  3825 9012s
H222347 83655                      11.7314083   11.58448  1.25%  3834 9012s
 222494 84994   11.72983  233 2079   11.73141   11.58448  1.25%  3836 9086s
 224486 86311     cutoff  310        11.73141   11.58504  1.25%  3845 9171s
H224561 83828                      11.7297678   11.58504  1.23%  3847 9171s
 226402 85559     cutoff  139        11.72977   11.58504  1.23%  3850 9258s
H226601 85466                      11.7296939   11.58504  1.23%  3849 9258s
H227812 85169                      11.7294882   11.58504  1.23%  3853 9258s
H228513 85090                      11.7294345   11.58504  1.23%  3851 9258s
 228802 87179   11.69377  259 1768   11.72943   11.58504  1.23%  3855 9350s
H231394 94014                      11.7294341   11.58574  1.23%  3860 9450s
H237984 93896                      11.7293598   11.58608  1.22%  3802 9450s
 238759 99590     cutoff  252        11.72936   11.58610  1.22%  3797 9529s
 245058 104670   11.69040   26 4276   11.72936   11.58622  1.22%  3739 9652s
H250631 104635                      11.7293316   11.58624  1.22%  3710 9652s
H250928 102918                      11.7282324   11.58624  1.21%  3711 9652s
 251268 105996     cutoff  137        11.72823   11.58624  1.21%  3713 9720s
 254841 107823     cutoff  134        11.72823   11.58624  1.21%  3694 9787s
H254843 107823                      11.7282322   11.58624  1.21%  3694 9787s
H254871 107701                      11.7281535   11.58624  1.21%  3696 9787s
H255712 107676                      11.7281367   11.58624  1.21%  3693 9787s
 257262 109341   11.71984  133 2167   11.72814   11.58675  1.21%  3694 9860s
H258028 109287                      11.7281025   11.58675  1.21%  3692 9860s
 259511 110546   11.59868   24 4584   11.72810   11.58675  1.21%  3696 9940s
H259554 110537                      11.7280991   11.58675  1.21%  3698 9940s
H259591 110529                      11.7280953   11.58689  1.20%  3699 9940s
H259737 110503                      11.7280807   11.58689  1.20%  3698 9940s
H260682 110503                      11.7280804   11.58716  1.20%  3700 9940s
H260689 110503                      11.7280804   11.58716  1.20%  3701 9940s
 261344 113093     cutoff   31        11.72808   11.58716  1.20%  3705 10025s
 264588 115679   11.71979  129 2341   11.72808   11.58716  1.20%  3700 10112s
H264629 115679                      11.7280804   11.58716  1.20%  3701 10112s
H265055 115679                      11.7280804   11.58716  1.20%  3701 10112s
H267212 115679                      11.7280803   11.58766  1.20%  3698 10112s
 267713 117524   11.59813  131 2409   11.72808   11.58766  1.20%  3697 10194s
H267902 117524                      11.7280803   11.58766  1.20%  3697 10194s
H268289 117524                      11.7280802   11.58768  1.20%  3698 10194s
 270094 120194   11.59805  135 2188   11.72808   11.58784  1.20%  3696 10286s
H270201 120194                      11.7280800   11.58784  1.20%  3697 10286s
 273351 124095   11.64868  160 2276   11.72808   11.58807  1.19%  3692 10371s
H273552 124095                      11.7280799   11.58807  1.19%  3692 10371s
H274521 124095                      11.7280799   11.58812  1.19%  3687 10371s
 277761 130268   11.69046  195 2142   11.72808   11.58812  1.19%  3678 10484s
H282711 129864                      11.7279083   11.58818  1.19%  3660 10484s
 285046 132198     cutoff  138        11.72791   11.58818  1.19%  3647 10535s
 287731 134261   11.68614  189 2106   11.72791   11.58829  1.19%  3638 10594s
 290470 136899   11.65959  203 1989   11.72791   11.58831  1.19%  3636 10655s
 293748 139330     cutoff  141        11.72791   11.58831  1.19%  3624 10715s
 296727 142304   11.63423  168 2181   11.72791   11.58867  1.19%  3618 10778s
 300155 145240   11.59511  131 2372   11.72791   11.58871  1.19%  3605 10842s
H300339 145240                      11.7279083   11.58871  1.19%  3604 10842s
H300959 145240                      11.7279083   11.58871  1.19%  3601 10842s
 303464 148735   11.72638  285 1677   11.72791   11.58871  1.19%  3595 10905s
 307500 154918   11.60086  140 2286   11.72791   11.58871  1.19%  3579 11006s
 314682 158079   11.67288  254 1679   11.72791   11.58913  1.18%  3548 11058s
 318178 163886   11.68641  306 1649   11.72791   11.58921  1.18%  3532 11108s
 324360 169040   11.69125  492 1425   11.72791   11.58928  1.18%  3487 11147s
 329827 172562   11.69831  720 1434   11.72791   11.58930  1.18%  3448 11181s
 333730 175941   11.70057  953 1153   11.72791   11.58933  1.18%  3423 11214s
 337538 181911   11.71169 1084 1232   11.72791   11.58933  1.18%  3398 11314s
H337552 181911                      11.7279082   11.58933  1.18%  3398 11314s
 344941 183689   11.72450  268 1822   11.72791   11.58945  1.18%  3374 11361s
H345167 183687                      11.7279082   11.58947  1.18%  3374 11361s
 346973 186744     cutoff  278        11.72791   11.58951  1.18%  3366 11420s
H348333 186744                      11.7279081   11.58951  1.18%  3360 11420s
 350579 189453     cutoff  240        11.72791   11.58951  1.18%  3354 11487s
 353771 191970   11.72640  310 1232   11.72791   11.58951  1.18%  3345 11541s
 356864 194507   11.72344  258 1699   11.72791   11.58982  1.18%  3337 11592s
 359921 196794   11.64758  181 2165   11.72791   11.58982  1.18%  3329 11653s
 362794 199913   11.62289  149 2301   11.72791   11.58997  1.18%  3325 11712s
 366406 205980   11.72653  243 1710   11.72791   11.58997  1.18%  3314 11822s
 373539 208148   11.62240  150 2400   11.72791   11.59026  1.17%  3291 11870s
 376184 210553   11.72689  254 1715   11.72791   11.59026  1.17%  3287 11927s
H376720 210553                      11.7279081   11.59026  1.17%  3286 11927s
 379197 213102   11.60996  146 2318   11.72791   11.59031  1.17%  3282 11981s
 382108 215760     cutoff  275        11.72791   11.59038  1.17%  3274 12034s
 385438 218383   11.71790   28 4343   11.72791   11.59038  1.17%  3267 12090s
 388657 220959   11.72280   30 4183   11.72791   11.59048  1.17%  3260 12148s
 391718 223660     cutoff  136        11.72791   11.59059  1.17%  3255 12205s
 394924 226744   11.72311  306 1197   11.72791   11.59070  1.17%  3248 12263s
 398663 232363   11.62452  159 2235   11.72791   11.59090  1.17%  3240 12355s
 405271 235710   11.66857  217 1713   11.72791   11.59095  1.17%  3223 12403s
 409066 238955   11.71308  314 1388   11.72791   11.59095  1.17%  3210 12450s
 412756 240862   11.72041  386 1071   11.72791   11.59103  1.17%  3199 12495s
 415092 243351   11.72482  445 1087   11.72791   11.59105  1.17%  3195 12546s
 417799 247332 infeasible  472        11.72791   11.59105  1.17%  3191 12594s
 422088 251269   11.69325  249 1614   11.72791   11.59105  1.17%  3176 12639s
 426299 255323   11.61885  155 2274   11.72791   11.59111  1.17%  3161 12689s
 430639 261156     cutoff  251        11.72791   11.59122  1.17%  3143 12788s
 437170 264090   11.72661  283 1496   11.72791   11.59123  1.17%  3126 12841s
 440588 268806   11.61272  149 2348   11.72791   11.59127  1.17%  3118 12885s
H443027 263087                      11.7260306   11.59131  1.15%  3108 12885s
H443030 261270                      11.7255589   11.59131  1.14%  3108 12885s
H445589 259775                      11.7245589   11.59131  1.14%  3097 12925s
H445589 259743                      11.7245544   11.59131  1.14%  3097 12925s
H445630 255402                      11.7236171   11.59131  1.13%  3097 12925s
H446448 255342                      11.7236062   11.59131  1.13%  3094 12925s
H447080 253101                      11.7231238   11.59131  1.12%  3092 12925s
 449139 256949   11.63691  165 2259   11.72312   11.59134  1.12%  3084 12967s
 453530 260144   11.66008  208 2041   11.72312   11.59134  1.12%  3066 13003s
 457247 264302   11.67653  247 1874   11.72312   11.59134  1.12%  3055 13039s
 461712 269045   11.69256  282 1871   11.72312   11.59139  1.12%  3037 13123s
 467371 272288   11.71380  362 1706   11.72312   11.59143  1.12%  3029 13172s
 470903 276761   11.71831  388 1672   11.72312   11.59143  1.12%  3022 13218s
H471029 276660                      11.7230987   11.59143  1.12%  3022 13218s
 475575 279942   11.72148  418 1674   11.72310   11.59143  1.12%  3008 13261s
H475604 277740                      11.7226391   11.59143  1.12%  3008 13261s
H477944 277735                      11.7226380   11.59143  1.12%  3000 13261s
H478964 202227                      11.7063650   11.59143  0.98%  2996 13262s

Cutting planes:
  Learned: 491
  Gomory: 48
  Cover: 1563
  Implied bound: 464
  Projected implied bound: 119
  Clique: 2
  MIR: 816
  StrongCG: 3
  Flow cover: 1779
  GUB cover: 53
  Inf proof: 4
  Zero half: 4
  Network: 40
  RLT: 2212
  Relax-and-lift: 795
  BQP: 17

Explored 479043 nodes (1434944109 simplex iterations) in 13262.14 seconds (30872.50 work units)
Thread count was 32 (of 104 available processors)

Solution count 10: 11.7064 11.7064 11.7226 ... 11.7246

Optimal solution found (tolerance 1.00e-02)
Best objective 1.170636512612e+01, best bound 1.159142999484e+01, gap 0.9818%
m.flow_changes_penalty(): 640.0
Total operational cost: 116423.65
Maximum power (kW): 1179.39
Discharge energy capacity (kWh): 12705.82
Charge energy capacity (kWh): 10512.25
Levelized Cost of Flexibility ($/kWh): 0.18
{'fixed_demand_cost': 5278.707357788026, 'variable_demand_cost': 4906.139378856565, 'fixed_monthly_cost': 171938.17204301074, 'total_water_production': 282179.671232577, 'total_energy_cost': 19793.405782867165, 'total_demand_cost': 10184.846736644591, 'total_customer_cost': 0.0, 'total_feed_cost': 51100.15085047972, 'total_brine_cost': 15994.396781481795, 'total_chemical_cost': 19350.851109684467, 'total_water_revenue': 0.0, 'total_demand_response_revenue': 0.0, 'total_emissions_cost': 0.0, 'total_op_cost': 116423.65126115773, 'fixed_cost': 121551.98252688172, 'total_cost': 237975.63378803944, 'LCOW': 0.8433479022374227, 'degree_of_flex': 0.16167664670658682, 'total_replacement_cost': 1433.0057866247566, 'maximum_power': 1179.3939118506605, 'discharge_energy_capacity': 12705.818966426776, 'charge_energy_capacity': 10512.253416414074, 'discharge_power_capacity': 508.23275865707103, 'charge_power_capacity': 73.51226165324528, 'round_trip_efficiency': 0, 'LVOF': 0.17640287164014476}
Saved operation variable results to: /home/rchurchi/watertap_test/watertap/tutorials/flex_ro/wrd_result_both_summer_12000AF.csv


Running optimization for annual production of 14000 AF...
2026-08-25 01:05:33 [INFO] idaes.core.surrogate.pysmo_surrogate: Decode surrogate. type=poly

===========================Polynomial Regression===============================================

The number of cross-validation cases (3) is used.
The default training/cross-validation split of 0.75 is used.
No iterations will be run.
Default parameter estimation method is used.
Parameter estimation method:  pyomo 

2026-08-25 01:05:33 [INFO] idaes.core.surrogate.pysmo_surrogate: Decode surrogate. type=poly

===========================Polynomial Regression===============================================

The number of cross-validation cases (3) is used.
The default training/cross-validation split of 0.75 is used.
No iterations will be run.
Default parameter estimation method is used.
Parameter estimation method:  pyomo 

2026-08-25 01:05:33 [INFO] idaes.core.surrogate.pysmo_surrogate: Decode surrogate. type=poly

===========================Polynomial Regression===============================================

The number of cross-validation cases (3) is used.
The default training/cross-validation split of 0.75 is used.
No iterations will be run.
Default parameter estimation method is used.
Parameter estimation method:  pyomo 

2026-08-25 01:05:33 [INFO] idaes.core.surrogate.pysmo_surrogate: Decode surrogate. type=poly

===========================Polynomial Regression===============================================

The number of cross-validation cases (3) is used.
The default training/cross-validation split of 0.75 is used.
No iterations will be run.
Default parameter estimation method is used.
Parameter estimation method:  pyomo 

2026-08-25 01:05:35 [INFO] idaes.apps.grid_integration.pricetaker.price_taker_model: Found minimum uptime/downtime data for pretreatment.uf_pumps[1] - Adding minimum uptime/downtime constraints.
2026-08-25 01:05:35 [INFO] idaes.apps.grid_integration.pricetaker.price_taker_model: Created startup/shutdown constraints for operation model  pretreatment.uf_pumps[1] at uf_pumps_1_startup_shutdown.
2026-08-25 01:05:35 [INFO] idaes.apps.grid_integration.pricetaker.price_taker_model: Found minimum uptime/downtime data for pretreatment.uf_pumps[2] - Adding minimum uptime/downtime constraints.
2026-08-25 01:05:35 [INFO] idaes.apps.grid_integration.pricetaker.price_taker_model: Created startup/shutdown constraints for operation model  pretreatment.uf_pumps[2] at uf_pumps_2_startup_shutdown.
2026-08-25 01:05:35 [INFO] idaes.apps.grid_integration.pricetaker.price_taker_model: Found minimum uptime/downtime data for pretreatment.uf_pumps[3] - Adding minimum uptime/downtime constraints.
2026-08-25 01:05:35 [INFO] idaes.apps.grid_integration.pricetaker.price_taker_model: Created startup/shutdown constraints for operation model  pretreatment.uf_pumps[3] at uf_pumps_3_startup_shutdown.
2026-08-25 01:05:35 [INFO] idaes.apps.grid_integration.pricetaker.price_taker_model: Found minimum uptime/downtime data for reverse_osmosis.ro_skid[1] - Adding minimum uptime/downtime constraints.
2026-08-25 01:05:35 [INFO] idaes.apps.grid_integration.pricetaker.price_taker_model: Created startup/shutdown constraints for operation model  reverse_osmosis.ro_skid[1] at ro_skid_1_startup_shutdown.
2026-08-25 01:05:35 [INFO] idaes.apps.grid_integration.pricetaker.price_taker_model: Found minimum uptime/downtime data for reverse_osmosis.ro_skid[2] - Adding minimum uptime/downtime constraints.
2026-08-25 01:05:35 [INFO] idaes.apps.grid_integration.pricetaker.price_taker_model: Created startup/shutdown constraints for operation model  reverse_osmosis.ro_skid[2] at ro_skid_2_startup_shutdown.
2026-08-25 01:05:35 [INFO] idaes.apps.grid_integration.pricetaker.price_taker_model: Found minimum uptime/downtime data for reverse_osmosis.ro_skid[3] - Adding minimum uptime/downtime constraints.
2026-08-25 01:05:35 [INFO] idaes.apps.grid_integration.pricetaker.price_taker_model: Created startup/shutdown constraints for operation model  reverse_osmosis.ro_skid[3] at ro_skid_3_startup_shutdown.
2026-08-25 01:05:35 [INFO] idaes.apps.grid_integration.pricetaker.price_taker_model: Found minimum uptime/downtime data for reverse_osmosis.ro_skid[4] - Adding minimum uptime/downtime constraints.
2026-08-25 01:05:35 [INFO] idaes.apps.grid_integration.pricetaker.price_taker_model: Created startup/shutdown constraints for operation model  reverse_osmosis.ro_skid[4] at ro_skid_4_startup_shutdown.
4364
Set parameter LogToConsole to value 1
Set parameter MIPGap to value 0.01
Gurobi Optimizer version 12.0.3 build v12.0.3rc0 (linux64 - "Red Hat Enterprise Linux 8.8 (Ootpa)")

CPU model: Intel(R) Xeon(R) Platinum 8470QL, instruction set [SSE2|AVX|AVX2|AVX512]
Thread count: 104 physical cores, 104 logical processors, using up to 32 threads

Non-default parameters:
MIPGap  0.01

Optimize a model with 18119 rows, 16467 columns and 49999 nonzeros
Model fingerprint: 0x1bef32b2
Model has 168 quadratic objective terms
Model has 2352 quadratic constraints
Variable types: 11259 continuous, 5208 integer (5208 binary)
Coefficient statistics:
  Matrix range     [5e-04, 2e+03]
  QMatrix range    [2e-07, 1e+00]
  QLMatrix range   [3e-04, 1e+00]
  Objective range  [1e-05, 1e-03]
  QObjective range [2e-04, 2e-04]
  Bounds range     [9e-01, 1e+03]
  RHS range        [5e-02, 3e+05]
  QRHS range       [3e-01, 3e-01]
Presolve removed 6979 rows and 7572 columns
Presolve time: 0.10s
Presolved: 20380 rows, 9400 columns, 55029 nonzeros
Presolved model has 336 SOS constraint(s)
Presolved model has 2352 bilinear constraint(s)

Solving non-convex MIQCP

Variable types: 5740 continuous, 3660 integer (3660 binary)
Found heuristic solution: objective 19.1781505

Root relaxation: unbounded, 0 iterations, 0.01 seconds (0.00 work units)

    Nodes    |    Current Node    |     Objective Bounds      |     Work
 Expl Unexpl |  Obj  Depth IntInf | Incumbent    BestBd   Gap | It/Node Time

     0     2  postponed    0        19.17815          -      -     -    2s
     3     8  postponed    2        19.17815          -      -  4825    6s
    15    20  postponed    4        19.17815          -      -  7580   11s
    47    54  postponed    6        19.17815          -      -  9493   15s
   121   156  postponed    8        19.17815          -      -  8620   22s
   195   437  postponed    9        19.17815          -      -  9576   29s
   602  1011  postponed   13        19.17815          -      -  3756   38s
H 1194  1011                      15.5291903          -      -  2223   38s
  1432  2069  postponed   19        15.52919          -      -  1898   51s
H 2536  2069                      15.0328090          -      -  1377   51s
  3037  3160 infeasible   31        15.03281          -      -  1201   66s
H 3344  3160                      15.0105546          -      -  1222   66s
H 4480  3150                      14.9784045          -      -  1068   66s
  4704  5023 infeasible   47        14.97840          -      -  1061   82s
H 4956  4767                      14.5033780          -      -  1093   82s
H 6652  4693                      14.3782187          -      -   950   82s
  6901  5218  postponed   58        14.37822          -      -   939   98s
H 7297  5202                      14.3741073          -      -   965   98s
H 7517  5202                      14.3737568          -      -   949   98s
H 7875  5201                      14.3733409          -      -   938   98s
H 7999  5197                      14.3710432          -      -   928   98s
  8477  6171  postponed   70        14.37104          -      -   903  114s
H 8737  6029                      14.3207727          -      -   920  114s
H 8737  5826                      14.2353342          -      -   920  114s
  9838  6656 infeasible   81        14.23533          -      -   922  130s
 11216  8462  postponed   93        14.23533          -      -   938  145s
H11459  8456                      14.2340633          -      -   949  145s
H11665  8452                      14.2329088          -      -   954  145s
H11982  8452                      14.2327689          -      -   954  145s
H12212  8452                      14.2326066          -      -   954  145s
H12589  8451                      14.2319893          -      -   937  145s
H12692  8439                      14.2269786          -      -   935  145s
 13409  9950 infeasible  107        14.22698          -      -   909  161s
H14745  9901                      14.2163314          -      -   906  161s
 15438  9892 -1.000e+100   27    0   14.21633          -      -   903  167s
H15439  9398                      14.2143314   12.33869  13.2%   903  201s
 15441  9399   13.07373  121 2094   14.21433   13.07373  8.02%   903  211s
H15442  8930                      14.2091105   13.27790  6.55%   903  217s
 15445  8932   13.90322  304  920   14.20911   13.30437  6.37%   902  226s
H15446  8485                      14.2068368   13.31641  6.27%   902  232s
 15449  8487   13.32028   78 1106   14.20684   13.32028  6.24%   902  237s
H15450  8063                      14.2061748   13.32216  6.22%   902  242s
 15453  8065   13.32271  100  965   14.20617   13.32271  6.22%   902  246s
H15454  7663                      14.2023664   13.32322  6.19%   902  250s
H15454  7279                      14.2020641   13.32322  6.19%   902  250s
H15454  6915                      14.2019307   13.32322  6.19%   902  250s
H15454  6569                      14.2010472   13.32322  6.18%   902  250s
H15454  6240                      14.2009068   13.32322  6.18%   902  250s
H15458  5930                      14.1994140   13.32367  6.17%   902  255s
 15462  5933   13.54134  234 1039   14.19941   13.32367  6.17%   901  288s
 15463  5934   13.32367  156 1039   14.19941   13.32367  6.17%   901  299s
H15463  5639                      14.1969422   13.32367  6.15%   914  419s
 15464  5640   13.32701   11 2825   14.19694   13.32701  6.13%   914  438s
 15466  5644   13.42752   12 2776   14.19694   13.32701  6.13%   915  521s
 15470  5650   13.43600   13 2743   14.19694   13.37654  5.78%   919  568s
 15478  5663   13.44691   14 2569   14.19694   13.39068  5.68%   928  598s
H15493  5407                      14.1939610   13.40152  5.58%   939  611s
H15495  5137                      14.1800788   13.40152  5.49%   940  611s
H15504  4880                      13.9487571   13.40554  3.89%   944  611s
 15524  4903   13.64219   16 1615   13.94876   13.40554  3.89%   955  622s
H15556  4748                      13.9461466   13.40592  3.87%   968  638s
H15566  4514                      13.9408438   13.40592  3.84%   971  638s
H15609  4281                      13.9375552   13.40592  3.81%   986  638s
 15676  4328   13.78842   20 1431   13.93756   13.40592  3.81%  1010  650s
 15765  4349   13.79095   21 1434   13.93756   13.40595  3.81%  1033  670s
H15768  4141                      13.9375552   13.40619  3.81%  1034  670s
H15784  3939                      13.9369418   13.40619  3.81%  1037  670s
H15787  3750                      13.9328146   13.40619  3.78%  1037  670s
H15789  3572                      13.9310574   13.40619  3.77%  1038  670s
H15817  3394                      13.9230365   13.40619  3.71%  1049  670s
 15831  3455   13.89561   22 2114   13.92304   13.40619  3.71%  1058  682s
 15907  3491   13.79372   22 1419   13.92304   13.40619  3.71%  1089  694s
H15908  3329                      13.9228184   13.40619  3.71%  1089  694s
H15912  3175                      13.9221210   13.40619  3.71%  1090  694s
H15923  3027                      13.9218425   13.40619  3.70%  1092  694s
H15935  2885                      13.9216951   13.40619  3.70%  1093  694s
H15943  2752                      13.9193214   13.40619  3.69%  1095  694s
 15987  2796   13.79394   23 1406   13.91932   13.40619  3.69%  1114  709s
H16071  2709                      13.9172902   13.40619  3.67%  1136  720s
H16078  2589                      13.9148910   13.40619  3.66%  1139  720s
H16124  2461                      13.9145177   13.40619  3.65%  1153  720s
H16157  2343                      13.9144694   13.40619  3.65%  1163  720s
H16160  2296                      13.9134694   13.40619  3.65%  1166  732s
 16226  2327   13.79714   27 1378   13.91347   13.40619  3.65%  1202  747s
 16312  2362   13.79942   28 1387   13.91347   13.40619  3.65%  1234  759s
 16397  2402   13.91007   29 1974   13.91347   13.40619  3.65%  1265  772s
 16484  2448   13.79946   30 1362   13.91347   13.40619  3.65%  1291  785s
 16584  2498   13.80368   32 1293   13.91347   13.40619  3.65%  1324  797s
H16590  2400                      13.9115448   13.40619  3.63%  1333  797s
H16611  2302                      13.9105347   13.40619  3.63%  1339  797s
H16614  2214                      13.9103501   13.40619  3.62%  1340  797s
 16695  2255     cutoff   33        13.91035   13.40619  3.62%  1353  811s
 16799  2304   13.80677   34 1305   13.91035   13.40647  3.62%  1381  824s
H16865  2199                      13.9103501   13.40647  3.62%  1395  824s
 16919  2286   13.80759   36 1286   13.91035   13.40647  3.62%  1405  840s
 17048  2361   13.81349   39 1245   13.91035   13.40647  3.62%  1430  855s
H17142  2252                      13.9102603   13.40647  3.62%  1445  855s
H17167  2170                      13.9099391   13.40647  3.62%  1445  855s
 17199  2279     cutoff   41        13.90994   13.40647  3.62%  1454  868s
H17348  2301                      13.9099391   13.40647  3.62%  1480  883s
H17359  2231                      13.9099391   13.40647  3.62%  1484  883s
H17369  2163                      13.9099391   13.40647  3.62%  1486  883s
H17447  2077                      13.9082371   13.40647  3.61%  1488  883s
 17520  2213   13.82125   44 1217   13.90824   13.40647  3.61%  1501  896s
H17718  2215                      13.9079374   13.40647  3.61%  1523  918s
 17894  2322   13.82453   48 1166   13.90794   13.40647  3.61%  1558  934s
 18085  2440   13.82786   56 1147   13.90794   13.40647  3.61%  1583  953s
 18295  2617   13.84247   64 1140   13.90794   13.40852  3.59%  1614  975s
 18566  2728   13.84536   73 1151   13.90794   13.40914  3.59%  1630  993s
H18784  1981                      13.8064535   13.40914  2.88%  1669  993s
 18788  1804     cutoff   83        13.80645   13.40914  2.88%  1670 1012s
H18970  1852                      13.7936314   13.40914  2.79%  1705 1034s
H18999  1852                      13.7719525   13.40914  2.63%  1715 1034s
H19082  1852                      13.7709941   13.40914  2.63%  1736 1034s
H19089  1852                      13.7482735   13.40914  2.47%  1743 1034s
 19109  1842   13.56753   30 2237   13.74827   13.40914  2.47%  1745 1057s
H19273  1910                      13.7365145   13.40914  2.38%  1779 1079s
H19286  1910                      13.7236247   13.40914  2.29%  1779 1079s
H19350  1910                      13.7032795   13.40914  2.15%  1798 1079s
 19469  1801     cutoff   51        13.70328   13.40914  2.15%  1818 1102s
H19660  1824                      13.7018767   13.41323  2.11%  1854 1124s
H19711  1824                      13.6930630   13.41323  2.04%  1884 1124s
H19765  1824                      13.6844394   13.41323  1.98%  1897 1124s
 19782  1842   13.59001   37 2130   13.68444   13.41323  1.98%  1908 1144s
H19811  1842                      13.6823654   13.41323  1.97%  1907 1144s
H19958  1879                      13.6797616   13.41323  1.95%  1948 1166s
H19994  1879                      13.6787139   13.41323  1.94%  1949 1166s
H20006  1879                      13.6597646   13.41539  1.79%  1954 1166s
 20110  1855   13.59077   39 2740   13.65976   13.41539  1.79%  1989 1187s
 20281  1831   13.59087   42 2699   13.65976   13.41539  1.79%  2028 1210s
H20295  1831                      13.6596141   13.41539  1.79%  2038 1210s
H20334  1831                      13.6355356   13.41539  1.61%  2048 1210s
 20424  1811   13.59129   43 2759   13.63554   13.41539  1.61%  2069 1234s
H20600  1750                      13.5194165   13.42305  0.71%  2113 1261s

Cutting planes:
  Learned: 316
  Gomory: 42
  Cover: 953
  Implied bound: 273
  Projected implied bound: 147
  Clique: 13
  MIR: 631
  StrongCG: 2
  Flow cover: 1039
  GUB cover: 24
  Network: 28
  RLT: 2407
  Relax-and-lift: 755
  BQP: 34

Explored 20664 nodes (44435542 simplex iterations) in 1261.66 seconds (2369.26 work units)
Thread count was 32 (of 104 available processors)

Solution count 10: 13.5194 13.6355 13.6596 ... 13.7019

Optimal solution found (tolerance 1.00e-02)
Best objective 1.351941651656e+01, best bound 1.342305199617e+01, gap 0.7128%
m.flow_changes_penalty(): 680.0
Total operational cost: 134514.17
Maximum power (kW): 1459.80
Discharge energy capacity (kWh): 13933.35
Charge energy capacity (kWh): 44347.98
Levelized Cost of Flexibility ($/kWh): -1.14
{'fixed_demand_cost': 6533.737159820241, 'variable_demand_cost': 4872.852296605672, 'fixed_monthly_cost': 171938.17204301074, 'total_water_production': 329210.46374056325, 'total_energy_cost': 23209.55166458715, 'total_demand_cost': 11406.589456425912, 'total_customer_cost': 0.0, 'total_feed_cost': 59371.75842800792, 'total_brine_cost': 18001.10136682904, 'total_chemical_cost': 22525.164249769092, 'total_water_revenue': 0.0, 'total_demand_response_revenue': 0.0, 'total_emissions_cost': 0.0, 'total_op_cost': 134514.1651656191, 'fixed_cost': 121551.98252688172, 'total_cost': 256066.14769250085, 'LCOW': 0.7778189817632761, 'degree_of_flex': 0.16167664670658682, 'total_replacement_cost': 1433.0057866247566, 'maximum_power': 1459.798691555592, 'discharge_energy_capacity': 13933.345424370924, 'charge_energy_capacity': 44347.98381509737, 'discharge_power_capacity': 316.66694146297556, 'charge_power_capacity': 357.64503076691426, 'round_trip_efficiency': 0, 'LVOF': -1.1374993204806338}
Saved operation variable results to: /home/rchurchi/watertap_test/watertap/tutorials/flex_ro/wrd_result_both_summer_14000AF.csv


Running optimization for annual production of 15000 AF...
2026-08-25 01:26:39 [INFO] idaes.core.surrogate.pysmo_surrogate: Decode surrogate. type=poly

===========================Polynomial Regression===============================================

The number of cross-validation cases (3) is used.
The default training/cross-validation split of 0.75 is used.
No iterations will be run.
Default parameter estimation method is used.
Parameter estimation method:  pyomo 

2026-08-25 01:26:39 [INFO] idaes.core.surrogate.pysmo_surrogate: Decode surrogate. type=poly

===========================Polynomial Regression===============================================

The number of cross-validation cases (3) is used.
The default training/cross-validation split of 0.75 is used.
No iterations will be run.
Default parameter estimation method is used.
Parameter estimation method:  pyomo 

2026-08-25 01:26:39 [INFO] idaes.core.surrogate.pysmo_surrogate: Decode surrogate. type=poly

===========================Polynomial Regression===============================================

The number of cross-validation cases (3) is used.
The default training/cross-validation split of 0.75 is used.
No iterations will be run.
Default parameter estimation method is used.
Parameter estimation method:  pyomo 

2026-08-25 01:26:39 [INFO] idaes.core.surrogate.pysmo_surrogate: Decode surrogate. type=poly

===========================Polynomial Regression===============================================

The number of cross-validation cases (3) is used.
The default training/cross-validation split of 0.75 is used.
No iterations will be run.
Default parameter estimation method is used.
Parameter estimation method:  pyomo 

2026-08-25 01:26:41 [INFO] idaes.apps.grid_integration.pricetaker.price_taker_model: Found minimum uptime/downtime data for pretreatment.uf_pumps[1] - Adding minimum uptime/downtime constraints.
2026-08-25 01:26:41 [INFO] idaes.apps.grid_integration.pricetaker.price_taker_model: Created startup/shutdown constraints for operation model  pretreatment.uf_pumps[1] at uf_pumps_1_startup_shutdown.
2026-08-25 01:26:41 [INFO] idaes.apps.grid_integration.pricetaker.price_taker_model: Found minimum uptime/downtime data for pretreatment.uf_pumps[2] - Adding minimum uptime/downtime constraints.
2026-08-25 01:26:41 [INFO] idaes.apps.grid_integration.pricetaker.price_taker_model: Created startup/shutdown constraints for operation model  pretreatment.uf_pumps[2] at uf_pumps_2_startup_shutdown.
2026-08-25 01:26:41 [INFO] idaes.apps.grid_integration.pricetaker.price_taker_model: Found minimum uptime/downtime data for pretreatment.uf_pumps[3] - Adding minimum uptime/downtime constraints.
2026-08-25 01:26:41 [INFO] idaes.apps.grid_integration.pricetaker.price_taker_model: Created startup/shutdown constraints for operation model  pretreatment.uf_pumps[3] at uf_pumps_3_startup_shutdown.
2026-08-25 01:26:41 [INFO] idaes.apps.grid_integration.pricetaker.price_taker_model: Found minimum uptime/downtime data for reverse_osmosis.ro_skid[1] - Adding minimum uptime/downtime constraints.
2026-08-25 01:26:41 [INFO] idaes.apps.grid_integration.pricetaker.price_taker_model: Created startup/shutdown constraints for operation model  reverse_osmosis.ro_skid[1] at ro_skid_1_startup_shutdown.
2026-08-25 01:26:41 [INFO] idaes.apps.grid_integration.pricetaker.price_taker_model: Found minimum uptime/downtime data for reverse_osmosis.ro_skid[2] - Adding minimum uptime/downtime constraints.
2026-08-25 01:26:41 [INFO] idaes.apps.grid_integration.pricetaker.price_taker_model: Created startup/shutdown constraints for operation model  reverse_osmosis.ro_skid[2] at ro_skid_2_startup_shutdown.
2026-08-25 01:26:41 [INFO] idaes.apps.grid_integration.pricetaker.price_taker_model: Found minimum uptime/downtime data for reverse_osmosis.ro_skid[3] - Adding minimum uptime/downtime constraints.
2026-08-25 01:26:41 [INFO] idaes.apps.grid_integration.pricetaker.price_taker_model: Created startup/shutdown constraints for operation model  reverse_osmosis.ro_skid[3] at ro_skid_3_startup_shutdown.
2026-08-25 01:26:41 [INFO] idaes.apps.grid_integration.pricetaker.price_taker_model: Found minimum uptime/downtime data for reverse_osmosis.ro_skid[4] - Adding minimum uptime/downtime constraints.
2026-08-25 01:26:41 [INFO] idaes.apps.grid_integration.pricetaker.price_taker_model: Created startup/shutdown constraints for operation model  reverse_osmosis.ro_skid[4] at ro_skid_4_startup_shutdown.
4364
Set parameter LogToConsole to value 1
Set parameter MIPGap to value 0.01
Gurobi Optimizer version 12.0.3 build v12.0.3rc0 (linux64 - "Red Hat Enterprise Linux 8.8 (Ootpa)")

CPU model: Intel(R) Xeon(R) Platinum 8470QL, instruction set [SSE2|AVX|AVX2|AVX512]
Thread count: 104 physical cores, 104 logical processors, using up to 32 threads

Non-default parameters:
MIPGap  0.01

Optimize a model with 18119 rows, 16467 columns and 49999 nonzeros
Model fingerprint: 0x1a9713de
Model has 168 quadratic objective terms
Model has 2352 quadratic constraints
Variable types: 11259 continuous, 5208 integer (5208 binary)
Coefficient statistics:
  Matrix range     [5e-04, 2e+03]
  QMatrix range    [2e-07, 1e+00]
  QLMatrix range   [3e-04, 1e+00]
  Objective range  [1e-05, 1e-03]
  QObjective range [2e-04, 2e-04]
  Bounds range     [9e-01, 1e+03]
  RHS range        [5e-02, 4e+05]
  QRHS range       [3e-01, 3e-01]
Presolve removed 6979 rows and 7572 columns
Presolve time: 0.10s
Presolved: 20380 rows, 9400 columns, 55029 nonzeros
Presolved model has 336 SOS constraint(s)
Presolved model has 2352 bilinear constraint(s)

Solving non-convex MIQCP

Variable types: 5740 continuous, 3660 integer (3660 binary)
Found heuristic solution: objective 18.3823263

Root relaxation: unbounded, 0 iterations, 0.01 seconds (0.00 work units)

    Nodes    |    Current Node    |     Objective Bounds      |     Work
 Expl Unexpl |  Obj  Depth IntInf | Incumbent    BestBd   Gap | It/Node Time

     0     2  postponed    0        18.38233          -      -     -    1s
     7    12  postponed    3        18.38233          -      -  7623    6s
    27    34  postponed    5        18.38233          -      -  8337   10s
    79    88  postponed    7        18.38233          -      -  8048   17s
   123   163  postponed    8        18.38233          -      -  8652   21s
   220   466  postponed   10        18.38233          -      -  8537   26s
H  412   466                      16.2615814          -      -  5064   26s
   607   997 infeasible   14        16.26158          -      -  3656   31s
H  858   997                      16.2114019          -      -  2824   31s
  1351  1930 infeasible   19        16.21140          -      -  1844   39s
H 1701  1930                      15.9325512          -      -  1633   39s
  2658  2827 infeasible   25        15.93255          -      -  1075   49s
H 2886  2827                      15.3714044          -      -  1071   49s
  4258  3567  postponed   33        15.37140          -      -   822   59s
H 4447  3557                      15.1740020          -      -   852   59s
H 4447  3557                      15.1395914          -      -   852   59s
H 5014  3557                      15.1383321          -      -   818   59s
  5736  4617 infeasible   41        15.13833          -      -   773   70s
H 6083  4318                      14.9945698          -      -   804   70s
H 6426  4080                      14.7440514          -      -   778   70s
  7292  4540 infeasible   47        14.74405          -      -   754   81s
H 7488  4540                      14.7426708          -      -   775   81s
H 7835  4540                      14.7425715          -      -   769   81s
H 8435  4412                      14.5616497          -      -   741   81s
  8652  4887 infeasible   55        14.56165          -      -   737   93s
H 9450  4887                      14.5615947          -      -   746   93s
  9739  4887   13.74678   15 2030   14.56159   13.74678  5.60%   745  126s
  9740  4888   14.20044   28 1553   14.56159   14.20044  2.48%   745  131s
H 9741  4644                      14.5612205   14.35400  1.42%   745  138s
  9743  4645   14.50542  199  903   14.56122   14.37768  1.26%   744  141s
  9746  4647   14.39904  154  898   14.56122   14.39904  1.11%   744  148s
  9748  4648   14.40352  126  966   14.56122   14.40352  1.08%   744  151s
  9750  4650   14.40559  162  872   14.56122   14.40559  1.07%   744  155s
H 9750  4417                      14.5611523   14.40592  1.07%   744  156s
  9753  4419   14.40787  207  884   14.56115   14.40664  1.06%   744  160s
  9756  4421   14.40705  162  829   14.56115   14.40705  1.06%   743  165s
  9761  4424   14.40739   69  852   14.56115   14.40739  1.06%   743  170s
  9763  4425   14.40742   50  838   14.56115   14.40742  1.06%   743  199s
H 9763  4204                      14.5598214   14.40742  1.05%   743  208s
H 9764  3996                      14.5590231   14.40742  1.04%   761  351s
  9765  3998   14.54647   11 1485   14.55902   14.40742  1.04%   764  406s

Cutting planes:
  Learned: 45
  Gomory: 16
  Cover: 137
  Implied bound: 221
  Projected implied bound: 320
  Clique: 2
  MIR: 406
  StrongCG: 1
  Flow cover: 565
  GUB cover: 15
  Zero half: 2
  RLT: 1103
  Relax-and-lift: 418
  BQP: 7

Explored 9767 nodes (7472898 simplex iterations) in 406.58 seconds (801.51 work units)
Thread count was 32 (of 104 available processors)

Solution count 10: 14.559 14.5598 14.5612 ... 14.9946

Optimal solution found (tolerance 1.00e-02)
Best objective 1.455902305074e+01, best bound 1.441442500221e+01, gap 0.9932%
m.flow_changes_penalty(): 800.0
Total operational cost: 144790.23
Maximum power (kW): 1583.58
Discharge energy capacity (kWh): 13498.21
Charge energy capacity (kWh): 66426.40
Levelized Cost of Flexibility ($/kWh): -1.94
{'fixed_demand_cost': 7087.738500632824, 'variable_demand_cost': 5043.819959660763, 'fixed_monthly_cost': 171938.17204301074, 'total_water_production': 352809.2041134376, 'total_energy_cost': 25570.474362879624, 'total_demand_cost': 12131.558460293587, 'total_customer_cost': 0.0, 'total_feed_cost': 63635.19130307733, 'total_brine_cost': 19311.618858247308, 'total_chemical_cost': 24141.38752290512, 'total_water_revenue': 0.0, 'total_demand_response_revenue': 0.0, 'total_emissions_cost': 0.0, 'total_op_cost': 144790.23050740297, 'fixed_cost': 121551.98252688172, 'total_cost': 266342.2130342847, 'LCOW': 0.7549185506754765, 'degree_of_flex': 0.2155688622754491, 'total_replacement_cost': 1440.898719354024, 'maximum_power': 1583.5763111102235, 'discharge_energy_capacity': 13498.207040890467, 'charge_energy_capacity': 66426.40119149082, 'discharge_power_capacity': 465.45541520311957, 'charge_power_capacity': 477.88777835604907, 'round_trip_efficiency': 0, 'LVOF': -1.9360444796550547}
Saved operation variable results to: /home/rchurchi/watertap_test/watertap/tutorials/flex_ro/wrd_result_both_summer_15000AF.csv


Running optimization for annual production of 16000 AF...
2026-08-25 01:33:30 [INFO] idaes.core.surrogate.pysmo_surrogate: Decode surrogate. type=poly

===========================Polynomial Regression===============================================

The number of cross-validation cases (3) is used.
The default training/cross-validation split of 0.75 is used.
No iterations will be run.
Default parameter estimation method is used.
Parameter estimation method:  pyomo 

2026-08-25 01:33:30 [INFO] idaes.core.surrogate.pysmo_surrogate: Decode surrogate. type=poly

===========================Polynomial Regression===============================================

The number of cross-validation cases (3) is used.
The default training/cross-validation split of 0.75 is used.
No iterations will be run.
Default parameter estimation method is used.
Parameter estimation method:  pyomo 

2026-08-25 01:33:30 [INFO] idaes.core.surrogate.pysmo_surrogate: Decode surrogate. type=poly

===========================Polynomial Regression===============================================

The number of cross-validation cases (3) is used.
The default training/cross-validation split of 0.75 is used.
No iterations will be run.
Default parameter estimation method is used.
Parameter estimation method:  pyomo 

2026-08-25 01:33:30 [INFO] idaes.core.surrogate.pysmo_surrogate: Decode surrogate. type=poly

===========================Polynomial Regression===============================================

The number of cross-validation cases (3) is used.
The default training/cross-validation split of 0.75 is used.
No iterations will be run.
Default parameter estimation method is used.
Parameter estimation method:  pyomo 

2026-08-25 01:33:32 [INFO] idaes.apps.grid_integration.pricetaker.price_taker_model: Found minimum uptime/downtime data for pretreatment.uf_pumps[1] - Adding minimum uptime/downtime constraints.
2026-08-25 01:33:32 [INFO] idaes.apps.grid_integration.pricetaker.price_taker_model: Created startup/shutdown constraints for operation model  pretreatment.uf_pumps[1] at uf_pumps_1_startup_shutdown.
2026-08-25 01:33:32 [INFO] idaes.apps.grid_integration.pricetaker.price_taker_model: Found minimum uptime/downtime data for pretreatment.uf_pumps[2] - Adding minimum uptime/downtime constraints.
2026-08-25 01:33:32 [INFO] idaes.apps.grid_integration.pricetaker.price_taker_model: Created startup/shutdown constraints for operation model  pretreatment.uf_pumps[2] at uf_pumps_2_startup_shutdown.
2026-08-25 01:33:32 [INFO] idaes.apps.grid_integration.pricetaker.price_taker_model: Found minimum uptime/downtime data for pretreatment.uf_pumps[3] - Adding minimum uptime/downtime constraints.
2026-08-25 01:33:32 [INFO] idaes.apps.grid_integration.pricetaker.price_taker_model: Created startup/shutdown constraints for operation model  pretreatment.uf_pumps[3] at uf_pumps_3_startup_shutdown.
2026-08-25 01:33:32 [INFO] idaes.apps.grid_integration.pricetaker.price_taker_model: Found minimum uptime/downtime data for reverse_osmosis.ro_skid[1] - Adding minimum uptime/downtime constraints.
2026-08-25 01:33:32 [INFO] idaes.apps.grid_integration.pricetaker.price_taker_model: Created startup/shutdown constraints for operation model  reverse_osmosis.ro_skid[1] at ro_skid_1_startup_shutdown.
2026-08-25 01:33:32 [INFO] idaes.apps.grid_integration.pricetaker.price_taker_model: Found minimum uptime/downtime data for reverse_osmosis.ro_skid[2] - Adding minimum uptime/downtime constraints.
2026-08-25 01:33:32 [INFO] idaes.apps.grid_integration.pricetaker.price_taker_model: Created startup/shutdown constraints for operation model  reverse_osmosis.ro_skid[2] at ro_skid_2_startup_shutdown.
2026-08-25 01:33:32 [INFO] idaes.apps.grid_integration.pricetaker.price_taker_model: Found minimum uptime/downtime data for reverse_osmosis.ro_skid[3] - Adding minimum uptime/downtime constraints.
2026-08-25 01:33:32 [INFO] idaes.apps.grid_integration.pricetaker.price_taker_model: Created startup/shutdown constraints for operation model  reverse_osmosis.ro_skid[3] at ro_skid_3_startup_shutdown.
2026-08-25 01:33:32 [INFO] idaes.apps.grid_integration.pricetaker.price_taker_model: Found minimum uptime/downtime data for reverse_osmosis.ro_skid[4] - Adding minimum uptime/downtime constraints.
2026-08-25 01:33:32 [INFO] idaes.apps.grid_integration.pricetaker.price_taker_model: Created startup/shutdown constraints for operation model  reverse_osmosis.ro_skid[4] at ro_skid_4_startup_shutdown.
4364
Set parameter LogToConsole to value 1
Set parameter MIPGap to value 0.01
Gurobi Optimizer version 12.0.3 build v12.0.3rc0 (linux64 - "Red Hat Enterprise Linux 8.8 (Ootpa)")

CPU model: Intel(R) Xeon(R) Platinum 8470QL, instruction set [SSE2|AVX|AVX2|AVX512]
Thread count: 104 physical cores, 104 logical processors, using up to 32 threads

Non-default parameters:
MIPGap  0.01

Optimize a model with 18119 rows, 16467 columns and 49999 nonzeros
Model fingerprint: 0x8d5078de
Model has 168 quadratic objective terms
Model has 2352 quadratic constraints
Variable types: 11259 continuous, 5208 integer (5208 binary)
Coefficient statistics:
  Matrix range     [5e-04, 2e+03]
  QMatrix range    [2e-07, 1e+00]
  QLMatrix range   [3e-04, 1e+00]
  Objective range  [1e-05, 1e-03]
  QObjective range [2e-04, 2e-04]
  Bounds range     [9e-01, 1e+03]
  RHS range        [5e-02, 4e+05]
  QRHS range       [3e-01, 3e-01]
Presolve removed 6979 rows and 7572 columns
Presolve time: 0.10s
Presolved: 20380 rows, 9400 columns, 55029 nonzeros
Presolved model has 336 SOS constraint(s)
Presolved model has 2352 bilinear constraint(s)

Solving non-convex MIQCP

Variable types: 5740 continuous, 3660 integer (3660 binary)
Found heuristic solution: objective 17.5844690

Root relaxation: unbounded, 0 iterations, 0.01 seconds (0.00 work units)

    Nodes    |    Current Node    |     Objective Bounds      |     Work
 Expl Unexpl |  Obj  Depth IntInf | Incumbent    BestBd   Gap | It/Node Time

     0     2  postponed    0        17.58447          -      -     -    1s
    15    18  postponed    4        17.58447          -      -  6746    6s
    27    26  postponed    5        17.58447          -      -  7488   10s
H   37    26                      16.6730656          -      -  6996   10s
H   44    26                      16.5514074          -      -  6774   10s
H  152   148                      16.4957564          -      -  4120   14s
H  168   148                      16.4063617          -      -  3788   14s
H  196   148                      16.4037000          -      -  3401   14s
   246   221  postponed    8        16.40370          -      -  2754   16s
   585   455 infeasible   10        16.40370          -      -  1397   20s
H  631   455                      16.4021737          -      -  1324   20s
  1129   860  postponed   12        16.40217          -      -   864   25s
H 1848  1209                      16.4020330          -      -   623   29s
  1858  1352  postponed   15        16.40203          -      -   625   30s
H 2300  1541                      16.4020330          -      -   551   31s
H 2819  1969                      16.4020327          -      -   490   34s
  2897  2160  postponed   17        16.40203          -      -   484   35s
H 3399  2346                      16.4020327          -      -   445   36s
H 3609  2474                      16.4014413          -      -   441   38s
  3669  2476   16.36614   53  271   16.40144   15.34959  6.41%   445   58s
  3670  2477   16.26656   46  898   16.40144   15.53428  5.29%   445   61s
  3672  2478   16.24993   63 2069   16.40144   15.69995  4.28%   444   69s
  3673  2479   15.71263   34 2087   16.40144   15.71263  4.20%   444   71s
H 3673  2354                      16.1628964   15.71517  2.77%   444   73s
H 3675  2238                      16.1456403   15.71805  2.65%   444   74s
  3678  2240   16.14564   13  216   16.14564   15.71898  2.64%   444   75s
H 3679  2128                      16.1398329   15.71944  2.60%   444   76s
H 3681  2023                      15.9964170   15.71958  1.73%   443   76s
H 3681  1921                      15.9906231   15.71958  1.70%   443   76s
H 3681  1825                      15.9861828   15.71958  1.67%   443   76s
H 3681  1733                      15.9861824   15.71958  1.67%   443   76s
H 3681  1646                      15.9761002   15.71958  1.61%   443   76s
H 3681  1564                      15.9760998   15.71958  1.61%   443   76s
H 3681  1485                      15.9746865   15.71958  1.60%   443   76s
H 3681  1411                      15.9739613   15.71958  1.59%   443   76s
H 3681  1340                      15.9738625   15.71958  1.59%   443   76s
H 3681  1273                      15.9718625   15.71958  1.58%   443   76s
  3685  1276   15.97186   33  228   15.97186   15.71958  1.58%   443   94s
H 3685  1212                      15.9661153   15.71958  1.54%   443  100s
H 3686  1154                      15.9655095   15.71958  1.54%   473  133s
  3687  1155   15.72192   11 1445   15.96551   15.71958  1.54%   473  167s
  3689  1157   15.72390   12 1430   15.96551   15.72192  1.53%   480  178s
  3693  1157   15.72555   13 1457   15.96551   15.72390  1.51%   486  184s
  3699  1159   15.73002   14 1459   15.96551   15.72409  1.51%   489  192s
  3707  1161   15.74048   15 1451   15.96551   15.72866  1.48%   504  197s
H 3719  1109                      15.9634552   15.73055  1.46%   513  202s
H 3734  1049                      15.9630662   15.73273  1.44%   519  202s
  3735  1058   15.74687   17 1479   15.96307   15.73273  1.44%   520  228s
H 3761  1042                      15.9626516   15.73589  1.42%   566  243s
H 3766   991                      15.9625226   15.73589  1.42%   570  243s
H 3767   944                      15.9588913   15.73589  1.40%   570  243s
H 3777   895                      15.9363618   15.73589  1.26%   570  243s
  3822   956   15.75285   21 1474   15.93636   15.73707  1.25%   627  255s
H 3908   962                      15.9363323   15.73707  1.25%   641  268s
H 3908   922                      15.9359438   15.73707  1.25%   641  268s
H 3913   881                      15.9357265   15.73707  1.25%   641  268s
H 3944   835                      15.9323285   15.73707  1.23%   644  268s
H 3952   797                      15.8995083   15.73707  1.02%   645  268s
H 3953   764                      15.8970588   15.73707  1.01%   646  268s
  3993   786   15.76925   26 1478   15.89706   15.73707  1.01%   648  284s
H 4041   789                      15.8934392   15.73707  0.98%   681  297s
H 4052   756                      15.8904203   15.73707  0.97%   696  297s
H 4057   726                      15.8897988   15.73707  0.96%   696  297s
H 4069   695                      15.8840997   15.73707  0.93%   702  297s
H 4088   664                      15.8770204   15.73707  0.88%   711  297s

Cutting planes:
  Learned: 37
  Gomory: 21
  Cover: 255
  Implied bound: 382
  Projected implied bound: 371
  Clique: 1
  MIR: 223
  StrongCG: 1
  Flow cover: 522
  GUB cover: 74
  Zero half: 7
  RLT: 1173
  Relax-and-lift: 383
  BQP: 4
  PSD: 1

Explored 4101 nodes (2953846 simplex iterations) in 297.26 seconds (433.00 work units)
Thread count was 32 (of 104 available processors)

Solution count 10: 15.877 15.8841 15.8898 ... 15.9359

Optimal solution found (tolerance 1.00e-02)
Best objective 1.587702043307e+01, best bound 1.573707005303e+01, gap 0.8815%
m.flow_changes_penalty(): 780.0
Total operational cost: 157990.20
Maximum power (kW): 1594.75
Discharge energy capacity (kWh): 1026.69
Charge energy capacity (kWh): 70084.81
Levelized Cost of Flexibility ($/kWh): -38.29
{'fixed_demand_cost': 7137.7276404612785, 'variable_demand_cost': 8984.3291702988, 'fixed_monthly_cost': 171938.17204301074, 'total_water_production': 376239.5616438356, 'total_energy_cost': 27786.28891180249, 'total_demand_cost': 16122.05681076008, 'total_customer_cost': 0.0, 'total_feed_cost': 67830.9226454597, 'total_brine_cost': 20512.59310282193, 'total_chemical_cost': 25738.34285989189, 'total_water_revenue': 0.0, 'total_demand_response_revenue': 0.0, 'total_emissions_cost': 0.0, 'total_op_cost': 157990.20433073607, 'fixed_cost': 121551.98252688172, 'total_cost': 279542.1868576178, 'LCOW': 0.7429898802674141, 'degree_of_flex': 0.08982035928143713, 'total_replacement_cost': 1422.6154123410724, 'maximum_power': 1594.7451229446401, 'discharge_energy_capacity': 1026.6857876653144, 'charge_energy_capacity': 70084.81105016803, 'discharge_power_capacity': 41.06743150661257, 'charge_power_capacity': 490.1035737773988, 'round_trip_efficiency': 0, 'LVOF': -38.29294241276987}
Saved operation variable results to: /home/rchurchi/watertap_test/watertap/tutorials/flex_ro/wrd_result_both_summer_16000AF.csv
