

Running optimization for annual production of 9000 AF...
2026-08-20 11:38:53 [INFO] idaes.core.surrogate.pysmo_surrogate: Decode surrogate. type=poly

===========================Polynomial Regression===============================================

The number of cross-validation cases (3) is used.
The default training/cross-validation split of 0.75 is used.
No iterations will be run.
Default parameter estimation method is used.
Parameter estimation method:  pyomo 

2026-08-20 11:38:53 [INFO] idaes.core.surrogate.pysmo_surrogate: Decode surrogate. type=poly

===========================Polynomial Regression===============================================

The number of cross-validation cases (3) is used.
The default training/cross-validation split of 0.75 is used.
No iterations will be run.
Default parameter estimation method is used.
Parameter estimation method:  pyomo 

2026-08-20 11:38:53 [INFO] idaes.core.surrogate.pysmo_surrogate: Decode surrogate. type=poly

===========================Polynomial Regression===============================================

The number of cross-validation cases (3) is used.
The default training/cross-validation split of 0.75 is used.
No iterations will be run.
Default parameter estimation method is used.
Parameter estimation method:  pyomo 

2026-08-20 11:38:53 [INFO] idaes.core.surrogate.pysmo_surrogate: Decode surrogate. type=poly

===========================Polynomial Regression===============================================

The number of cross-validation cases (3) is used.
The default training/cross-validation split of 0.75 is used.
No iterations will be run.
Default parameter estimation method is used.
Parameter estimation method:  pyomo 

2026-08-20 11:38:54 [INFO] idaes.apps.grid_integration.pricetaker.price_taker_model: Found minimum uptime/downtime data for pretreatment.uf_pumps[1] - Adding minimum uptime/downtime constraints.
2026-08-20 11:38:54 [INFO] idaes.apps.grid_integration.pricetaker.price_taker_model: Created startup/shutdown constraints for operation model  pretreatment.uf_pumps[1] at uf_pumps_1_startup_shutdown.
2026-08-20 11:38:54 [INFO] idaes.apps.grid_integration.pricetaker.price_taker_model: Found minimum uptime/downtime data for pretreatment.uf_pumps[2] - Adding minimum uptime/downtime constraints.
2026-08-20 11:38:54 [INFO] idaes.apps.grid_integration.pricetaker.price_taker_model: Created startup/shutdown constraints for operation model  pretreatment.uf_pumps[2] at uf_pumps_2_startup_shutdown.
2026-08-20 11:38:54 [INFO] idaes.apps.grid_integration.pricetaker.price_taker_model: Found minimum uptime/downtime data for pretreatment.uf_pumps[3] - Adding minimum uptime/downtime constraints.
2026-08-20 11:38:54 [INFO] idaes.apps.grid_integration.pricetaker.price_taker_model: Created startup/shutdown constraints for operation model  pretreatment.uf_pumps[3] at uf_pumps_3_startup_shutdown.
2026-08-20 11:38:54 [INFO] idaes.apps.grid_integration.pricetaker.price_taker_model: Found minimum uptime/downtime data for reverse_osmosis.ro_skid[1] - Adding minimum uptime/downtime constraints.
2026-08-20 11:38:54 [INFO] idaes.apps.grid_integration.pricetaker.price_taker_model: Created startup/shutdown constraints for operation model  reverse_osmosis.ro_skid[1] at ro_skid_1_startup_shutdown.
2026-08-20 11:38:54 [INFO] idaes.apps.grid_integration.pricetaker.price_taker_model: Found minimum uptime/downtime data for reverse_osmosis.ro_skid[2] - Adding minimum uptime/downtime constraints.
2026-08-20 11:38:54 [INFO] idaes.apps.grid_integration.pricetaker.price_taker_model: Created startup/shutdown constraints for operation model  reverse_osmosis.ro_skid[2] at ro_skid_2_startup_shutdown.
2026-08-20 11:38:54 [INFO] idaes.apps.grid_integration.pricetaker.price_taker_model: Found minimum uptime/downtime data for reverse_osmosis.ro_skid[3] - Adding minimum uptime/downtime constraints.
2026-08-20 11:38:54 [INFO] idaes.apps.grid_integration.pricetaker.price_taker_model: Created startup/shutdown constraints for operation model  reverse_osmosis.ro_skid[3] at ro_skid_3_startup_shutdown.
2026-08-20 11:38:54 [INFO] idaes.apps.grid_integration.pricetaker.price_taker_model: Found minimum uptime/downtime data for reverse_osmosis.ro_skid[4] - Adding minimum uptime/downtime constraints.
2026-08-20 11:38:54 [INFO] idaes.apps.grid_integration.pricetaker.price_taker_model: Created startup/shutdown constraints for operation model  reverse_osmosis.ro_skid[4] at ro_skid_4_startup_shutdown.
4364
Set parameter TokenServer to value "10.60.1.73"
Set parameter LogToConsole to value 1
Set parameter MIPGap to value 0.01
Gurobi Optimizer version 12.0.3 build v12.0.3rc0 (linux64 - "Red Hat Enterprise Linux 8.8 (Ootpa)")

CPU model: Intel(R) Xeon(R) Platinum 8470QL, instruction set [SSE2|AVX|AVX2|AVX512]
Thread count: 104 physical cores, 104 logical processors, using up to 32 threads

Non-default parameters:
MIPGap  0.01

Optimize a model with 18127 rows, 16467 columns and 51343 nonzeros
Model fingerprint: 0x5c360149
Model has 168 quadratic objective terms
Model has 2352 quadratic constraints
Variable types: 11259 continuous, 5208 integer (5208 binary)
Coefficient statistics:
  Matrix range     [5e-04, 2e+03]
  QMatrix range    [2e-07, 1e+00]
  QLMatrix range   [3e-04, 1e+00]
  Objective range  [1e-05, 1e-03]
  QObjective range [2e-04, 2e-04]
  Bounds range     [9e-01, 1e+03]
  RHS range        [5e-02, 2e+05]
  QRHS range       [3e-01, 3e-01]
Presolve removed 6908 rows and 7238 columns
Presolve time: 0.10s
Presolved: 20459 rows, 9734 columns, 57065 nonzeros
Presolved model has 336 SOS constraint(s)
Presolved model has 2352 bilinear constraint(s)

Solving non-convex MIQCP

Variable types: 5740 continuous, 3994 integer (3994 binary)
Found heuristic solution: objective 10.2304238

Root relaxation: unbounded, 0 iterations, 0.01 seconds (0.00 work units)

    Nodes    |    Current Node    |     Objective Bounds      |     Work
 Expl Unexpl |  Obj  Depth IntInf | Incumbent    BestBd   Gap | It/Node Time

     0     2  postponed    0        10.23042          -      -     -    3s
     1     4  postponed    1        10.23042          -      -   0.0    5s
     7    12  postponed    3        10.23042          -      -  7311   10s
    27    34  postponed    5        10.23042          -      -  9410   15s
    79    80  postponed    7        10.23042          -      -  9279   21s
   115   144  postponed    8        10.23042          -      -  9735   26s
   179   496  postponed    9        10.23042          -      - 11350   35s
   713   997  postponed   15        10.23042          -      -  3586   46s
  1478  1829 infeasible   23        10.23042          -      -  2183   61s
H 2262  1829                      10.2304236          -      -  1717   61s
  2661  2893 infeasible   33        10.23042          -      -  1547   82s
  4194  3917  postponed   47        10.23042          -      -  1279  105s
  5709  5137 infeasible   61        10.23042          -      -  1190  129s
H 6194  5133                      10.1400854          -      -  1206  129s
H 6677  4895                       9.8906053          -      -  1180  129s
  7467  6892 infeasible   74         9.89061          -      -  1140  154s
H 7979  6889                       9.8889517          -      -  1149  154s
H 8147  6703                       9.6969991          -      -  1146  154s
H 9264  6687                       9.6727944          -      -  1108  154s
H 9264  6652                       9.6095345          -      -  1108  154s
 10258  8408 infeasible   86         9.60953          -      -  1082  173s
H10537  8399                       9.5887650          -      -  1089  173s
H10660  8399                       9.5882611          -      -  1095  173s
H10963  8399                       9.5869328          -      -  1089  173s
H12269  8399                       9.5862025          -      -  1048  173s
H12411  8399                       9.5859466          -      -  1052  173s
 12699  9915 infeasible   95         9.58595          -      -  1054  192s
 14886  9916 -1.000e+100   35    0    9.58595          -      -  1033  195s
 14888  9917    9.35277  597 1709    9.58595    6.93352  27.7%  1033  227s
 14889  9918    9.00836  217 2147    9.58595    7.19685  24.9%  1033  237s
 14890  9919    9.35428  333 2293    9.58595    7.42959  22.5%  1033  246s
H14890  9423                       9.5795206    7.98961  16.6%  1033  258s
 14892  9424    8.12387   91 2410    9.57952    8.12387  15.2%  1033  268s
 14893  9425    9.23658  482 2282    9.57952    8.28634  13.5%  1033  282s
 14894  9425    8.29945  166 2257    9.57952    8.29945  13.4%  1033  288s
 14895  9426    8.30870  129 2280    9.57952    8.30870  13.3%  1033  295s
H14896  8955                       9.5789382    8.32657  13.1%  1033  306s
H14896  8507                       9.5780711    8.32657  13.1%  1033  306s
 14898  8508    9.53181  521 2378    9.57807    8.32873  13.0%  1033  312s
H14898  8082                       9.5777897    8.34513  12.9%  1033  320s
H14900  7679                       9.5773677    8.35718  12.7%  1032  330s
 14902  7681    8.87125   69 2501    9.57737    8.35794  12.7%  1032  335s
H14902  7297                       9.5578993    8.37452  12.4%  1032  343s
 14904  7298    9.39026  322 2614    9.55790    8.37810  12.3%  1032  348s
 14905  7299    8.39221   12 2527    9.55790    8.39221  12.2%  1032  355s
H14906  6933                       9.5577586    8.40321  12.1%  1032  364s
 14908  6935    8.40390   40 2599    9.55776    8.40390  12.1%  1032  366s
 14909  6935    8.43988  172 2515    9.55776    8.43988  11.7%  1032  380s
 14910  6936    8.53791   79 2539    9.55776    8.44190  11.7%  1032  389s
H14910  6589                       9.5564228    8.45423  11.5%  1032  399s
 14912  6590    9.12063  228 2581    9.55642    8.45496  11.5%  1032  403s
 14913  6591    8.45571   35 2537    9.55642    8.45571  11.5%  1032  405s
 14914  6592    8.45590  122 2561    9.55642    8.45590  11.5%  1031  412s
H14914  6262                       9.5564228    8.45606  11.5%  1031  414s
 14916  6263    9.09048  284 2572    9.55642    8.45616  11.5%  1031  415s
 14918  6264    8.45627   35 2542    9.55642    8.45627  11.5%  1031  423s
 14919  6265    8.45712  181 2570    9.55642    8.45712  11.5%  1031  433s
 14921  6266    8.45735   84 2563    9.55642    8.45735  11.5%  1031  436s
 14924  6268    9.34515  407 2548    9.55642    8.45735  11.5%  1031  468s
 14925  6269    8.45735  133 2548    9.55642    8.45735  11.5%  1031  504s
 14926  6273    8.47011   12 4695    9.55642    8.45735  11.5%  1061  743s
 14928  6276    8.48733   13 4736    9.55642    8.47011  11.4%  1063  781s
 14932  6283    8.50742   14 4684    9.55642    8.48733  11.2%  1069  827s
 14940  6296    8.51568   15 4710    9.55642    8.50361  11.0%  1081  871s
H14956  6008                       9.5461532    8.51379  10.8%  1102  913s
H14957  5708                       9.5415342    8.51379  10.8%  1103  913s
H14958  5425                       9.5266303    8.51379  10.6%  1104  913s
H14973  5151                       9.5119178    8.51462  10.5%  1133  913s
H14987  4922                       9.5109178    8.51462  10.5%  1166  927s
 15019  4951    8.61601   18 4579    9.51092    8.51720  10.4%  1199  954s
H15022  4707                       9.5107012    8.51720  10.4%  1200  954s
H15024  4475                       9.4804514    8.51720  10.2%  1203  954s
H15058  4337                       9.4774514    8.51720  10.1%  1248  989s
H15151  4184                       9.4571441    8.51720  9.94%  1327 1014s
H15173  3978                       9.4428390    8.51720  9.80%  1335 1014s
 15237  4027    8.75012   23 4329    9.44284    8.51720  9.80%  1372 1037s
H15307  3906                       9.4408390    8.51720  9.78%  1408 1059s
H15307  3727                       9.4408390    8.51720  9.78%  1408 1059s
H15320  3553                       9.4406984    8.51720  9.78%  1414 1059s
H15377  3372                       9.4405577    8.51720  9.78%  1440 1059s
 15397  3461    8.73343   24 2959    9.44056    8.51720  9.78%  1452 1078s
 15492  3524    8.76248   26 2966    9.44056    8.51720  9.78%  1485 1096s
H15503  3367                       9.4371324    8.51720  9.75%  1487 1096s
 15587  3439    8.91560   28 2750    9.43713    8.51720  9.75%  1514 1113s
 15687  3494    8.88742   31 2710    9.43713    8.51720  9.75%  1537 1136s
 15777  3549    8.97838   33 2585    9.43713    8.51720  9.75%  1558 1156s
 15862  3619    8.93555   36 2639    9.43713    8.51720  9.75%  1585 1176s
H15913  3457                       9.4369918    8.51720  9.75%  1601 1176s
H15916  3317                       9.4335168    8.51720  9.71%  1604 1176s
 15960  3418    8.97040   39 2596    9.43352    8.51720  9.71%  1621 1193s
H16078  3360                       9.4115870    8.51720  9.50%  1651 1211s
H16157  3208                       9.4107512    8.51720  9.50%  1669 1211s
H16202  3185                       9.4097512    8.51720  9.49%  1680 1233s
 16326  3265    9.26887   47 3635    9.40975    8.53042  9.34%  1709 1253s
 16467  3342    9.23231   49 2339    9.40975    8.53042  9.34%  1736 1270s
 16600  3418    9.27339   53 2357    9.40975    8.53042  9.34%  1772 1289s
H16716  3266                       9.3904662    8.53751  9.08%  1808 1289s
 16737  3391    9.33831   58 2050    9.39047    8.53751  9.08%  1814 1306s
H16900  3366                       9.3901774    8.53751  9.08%  1863 1328s
H16949  3247                       9.3896820    8.53751  9.08%  1872 1328s
H16962  3147                       9.3895261    8.53751  9.07%  1872 1328s
H17027  3033                       9.3895189    8.53751  9.07%  1883 1328s
 17069  3164    9.29897   76 2093    9.38952    8.53751  9.07%  1895 1348s
 17263  3256    9.23277   66 1263    9.38952    8.53751  9.07%  1932 1370s
 17452  3375    9.25809   73 1193    9.38952    8.53751  9.07%  1980 1397s
 17680  3488    9.26979   89 1189    9.38952    8.53751  9.07%  2019 1421s
H17692  3397                       9.3893219    8.53751  9.07%  2020 1421s
H17709  3308                       9.3891679    8.53751  9.07%  2020 1421s
H17875  3175                       9.3891678    8.53751  9.07%  2053 1421s
 17905  3338    9.28282  100 1161    9.38917    8.53751  9.07%  2063 1445s
 18118  3502    9.30355  112 1134    9.38917    8.53751  9.07%  2120 1470s
 18388  3676    9.31156  132 1137    9.38917    8.53751  9.07%  2160 1497s
 18706  3819    9.31980  153 1042    9.38917    8.53751  9.07%  2194 1521s
H19002  3943                       9.3875055    8.53751  9.05%  2246 1550s
H19022  3896                       9.3875047    8.53751  9.05%  2252 1550s
H19132  3896                       9.3874837    8.53751  9.05%  2257 1550s
H19240  3896                       9.3873878    8.53751  9.05%  2264 1550s
 19367  4175    9.35143  179 1064    9.38739    8.53751  9.05%  2283 1574s
 19724  4514    9.35792  207 1043    9.38739    8.53944  9.03%  2320 1605s
H20102  2027                       8.9768736    8.53944  4.87%  2346 1632s
 20378  1778     cutoff  254         8.97687    8.53944  4.87%  2342 1661s
H20382  1778                       8.9718736    8.53944  4.82%  2341 1661s
H20382  1778                       8.9707924    8.53944  4.81%  2341 1661s
 20606  1835    8.69033   28 4300    8.97079    8.53944  4.81%  2371 1691s
 20809  1864    8.78389   31 4154    8.97079    8.53944  4.81%  2417 1722s
H20837  1864                       8.9697008    8.55082  4.67%  2422 1722s
 21019  1864    8.93090   39 3956    8.96970    8.55082  4.67%  2461 1752s
 21229  1917    8.75411   28 4331    8.96970    8.55699  4.60%  2506 1783s
H21292  1913                       8.9686197    8.55699  4.59%  2522 1783s
H21346  1912                       8.9682085    8.55699  4.59%  2540 1783s
 21433  2042    8.80942   31 4298    8.96821    8.55699  4.59%  2558 1816s
 21654  2198    8.91815   36 3963    8.96821    8.57068  4.43%  2609 1850s
H21694  2191                       8.9672567    8.57068  4.42%  2612 1850s
H21700  2191                       8.9671169    8.57068  4.42%  2614 1850s
H21709  2188                       8.9667161    8.57068  4.42%  2615 1850s
H21736  2188                       8.9665763    8.57068  4.42%  2622 1850s
H21781  2187                       8.9657644    8.57068  4.41%  2629 1850s
 21904  2339    8.76146   26 3989    8.96576    8.57068  4.41%  2664 1885s
H22128  2339                       8.9657637    8.57364  4.37%  2703 1885s
 22177  2485    8.91333   36 3843    8.96576    8.57364  4.37%  2716 1921s
H22203  2485                       8.9657637    8.57364  4.37%  2720 1921s
H22217  2485                       8.9657629    8.57364  4.37%  2719 1921s
H22249  2481                       8.9643940    8.57364  4.36%  2723 1921s
H22453  2481                       8.9640294    8.57364  4.36%  2769 1921s
 22463  2680     cutoff   49         8.96403    8.57364  4.36%  2775 1960s
 22742  2823    8.65463   25 3418    8.96403    8.57364  4.36%  2836 2001s
 22985  3000    8.92228   43 1830    8.96403    8.59177  4.15%  2903 2042s
H23047  2994                       8.9629882    8.59177  4.14%  2916 2042s
H23179  2990                       8.9627187    8.59177  4.14%  2947 2042s
 23241  3166    8.73336   31 3393    8.96272    8.59177  4.14%  2963 2083s
H23508  3357                       8.9618963    8.59365  4.11%  3020 2128s
H23550  3356                       8.9617469    8.59365  4.11%  3027 2128s
 23802  3507     cutoff   49         8.96175    8.60060  4.03%  3086 2172s
 24041  3688    8.69824   23 4406    8.96175    8.60801  3.95%  3149 2216s
 24318  3902    8.77002   28 4418    8.96175    8.60801  3.95%  3210 2262s
H24617  3900                       8.9613357    8.60961  3.92%  3278 2262s
 24620  4136    8.83004   34 4166    8.96134    8.60961  3.92%  3279 2309s
 24986  4358    8.95714   39 3895    8.96134    8.61153  3.90%  3345 2358s
 25362  4594    8.68777   26 3628    8.96134    8.61259  3.89%  3418 2410s
 25800  4621    8.93565   42 3064    8.96134    8.61259  3.89%  3489 2459s
H25803  4512                       8.9509470    8.61259  3.78%  3489 2459s
H25832  4427                       8.9454476    8.61259  3.72%  3499 2459s
 25868  4640     cutoff   43         8.94545    8.61259  3.72%  3507 2514s
 26289  4877    8.94168   46 1618    8.94545    8.61259  3.72%  3578 2572s
H26624  4877                       8.9454476    8.62502  3.58%  3646 2572s
 26702  5134    8.92799   24 4100    8.94545    8.62502  3.58%  3656 2630s
 27146  5356     cutoff   25         8.94545    8.62819  3.55%  3720 2691s
 27604  5603    8.70296   23 4308    8.94545    8.62819  3.55%  3794 2747s
H27670  5595                       8.9450224    8.62819  3.54%  3806 2747s
 28028  5838    8.93723   32 3321    8.94502    8.63066  3.51%  3872 2823s
H28409  5838                       8.9450224    8.63377  3.48%  3931 2823s
 28493  6170    8.85314   27 4194    8.94502    8.63377  3.48%  3947 2888s
 29102  6474    8.92944   41 3050    8.94502    8.63377  3.48%  4018 2963s
 29679  6662    8.94055   30 2017    8.94502    8.63392  3.48%  4107 3044s
H29788  6638                       8.9438948    8.63392  3.47%  4130 3044s
H29944  6634                       8.9436956    8.63392  3.46%  4160 3044s
H29976  6634                       8.9436945    8.63392  3.46%  4167 3044s
H30147  6634                       8.9436925    8.63392  3.46%  4201 3044s
 30187  6892    8.90959   30 3164    8.94369    8.63392  3.46%  4214 3135s
 30832  7206    8.67223   22 4493    8.94369    8.64519  3.34%  4320 3244s
 31578  7323     cutoff   38         8.94369    8.64880  3.30%  4437 3338s
H31579  7280                       8.9412980    8.64880  3.27%  4437 3338s
 31774  7659    8.70579   21 4353    8.94130    8.64885  3.27%  4463 3440s
 32508  7974    8.88672   23 4325    8.94130    8.64900  3.27%  4575 3539s
 33229  8303     cutoff   26         8.94130    8.65396  3.21%  4696 3654s
H33233  8303                       8.9412844    8.65396  3.21%  4697 3654s
H33322  8301                       8.9409590    8.65396  3.21%  4712 3654s
H33347  8301                       8.9409583    8.65396  3.21%  4716 3654s
H33473  8301                       8.9409582    8.65396  3.21%  4735 3654s
H34002  8301                       8.9409582    8.65620  3.18%  4808 3654s
 34016  8721    8.86694   31 4120    8.94096    8.65620  3.18%  4815 3768s
 34891  9103    8.93630   45 1734    8.94096    8.65698  3.18%  4930 3899s
 35688  9581     cutoff   32         8.94096    8.66047  3.14%  5026 4015s
 36624  9984     cutoff   36         8.94096    8.66257  3.11%  5127 4140s
H36625  9984                       8.9409582    8.66257  3.11%  5127 4140s
 37609 10463    8.90750   35 3864    8.94096    8.66422  3.10%  5224 4272s
 38609 10853     cutoff   42         8.94096    8.67014  3.03%  5335 4409s
 39539 11360    8.92165   31 4032    8.94096    8.67242  3.00%  5442 4554s
 40647 11857    8.89534   28 4128    8.94096    8.67525  2.97%  5550 4704s
 41813 12384 infeasible   40         8.94096    8.67807  2.94%  5654 4861s
 42989 12716    8.91235   33 3161    8.94096    8.67991  2.92%  5776 5019s
 43962 13228     cutoff   36         8.94096    8.68348  2.88%  5913 5186s
 45155 13668    8.72740   20 4473    8.94096    8.68348  2.88%  6042 5359s
 46455 14377    8.79593   51 3828    8.94096    8.68698  2.84%  6155 5539s
 47934 15089    8.88234   83 3034    8.94096    8.69245  2.78%  6266 5719s
 49501 15643    8.92622   33 1872    8.94096    8.69556  2.74%  6380 5905s
 50981 16063    8.85941   29 3322    8.94096    8.69871  2.71%  6479 6095s
H51206 16063                       8.9409573    8.69871  2.71%  6486 6095s
 52033 16601    8.93918   32 4108    8.94096    8.69959  2.70%  6540 6299s
 53240 17410    8.92525   24 4213    8.94096    8.70188  2.67%  6618 6519s
H53414 17410                       8.9409566    8.70188  2.67%  6627 6519s
H53483 17410                       8.9409566    8.70188  2.67%  6629 6519s
 55258 18217    8.81675   29 4185    8.94096    8.70454  2.64%  6703 6734s
 57086 18524    8.85113   27 4274    8.94096    8.70804  2.61%  6797 6967s
 58880 19276    8.83766   27 4065    8.94096    8.70825  2.60%  6897 7193s
 60809 19898    8.88386   73 3464    8.94096    8.70859  2.60%  6983 7409s
 62378 20646    8.86999   29 3108    8.94096    8.71146  2.57%  7059 7656s
 64374 21305    8.92362   35 3238    8.94096    8.71368  2.54%  7141 7912s
 66437 22311     cutoff   31         8.94096    8.71464  2.53%  7243 8178s
 68578 23234    8.79928   21 4094    8.94096    8.71631  2.51%  7333 8456s
 70640 24216    8.90083   30 3360    8.94096    8.71819  2.49%  7435 8750s
 73126 24928    8.92462   32 3166    8.94096    8.72001  2.47%  7506 9062s
 75400 25906    8.82319   34 3119    8.94096    8.72290  2.44%  7605 9375s
 77782 27219    8.79833   67 3751    8.94096    8.72476  2.42%  7711 9702s
 80385 28410     cutoff   67         8.94096    8.72720  2.39%  7815 10044s
 83142 29546    8.88092   89 3116    8.94096    8.72891  2.37%  7912 10384s
 85845 30722    8.92650   29 4022    8.94096    8.73182  2.34%  8006 10751s
 88543 32134     cutoff   33         8.94096    8.73254  2.33%  8062 11121s
 91509 33784    8.88790   32 3785    8.94096    8.73488  2.30%  8127 11494s
 95167 34907    8.91821   27 4014    8.94096    8.73709  2.28%  8154 11848s
 98595 36022    8.89873   34 3278    8.94096    8.73989  2.25%  8180 12194s
 101530 38299    8.92738   68 2689    8.94096    8.74125  2.23%  8235 12553s
 105301 40002     cutoff   71         8.94096    8.74428  2.20%  8226 12905s
 108434 41265    8.78169   26 4357    8.94096    8.74494  2.19%  8210 13259s
 111633 42130    8.80201   36 3272    8.94096    8.74640  2.18%  8237 13609s
 114237 43312    8.90298   30 3317    8.94096    8.74878  2.15%  8291 13968s
 117173 44552    8.89711   34 1815    8.94096    8.75049  2.13%  8346 14333s
 120164 45799    8.89505   32 3166    8.94096    8.75210  2.11%  8401 14728s
 123547 46702    8.87405   41 3097    8.94096    8.75420  2.09%  8438 15115s
 126118 48823    8.93365   50 3770    8.94096    8.75523  2.08%  8497 15534s
 130264 50018    8.89876   30 4011    8.94096    8.75595  2.07%  8497 15907s
 133052 51260     cutoff   30         8.94096    8.75703  2.06%  8533 16295s
 136271 53421     cutoff   31         8.94096    8.75811  2.04%  8575 16689s
 140005 54409    8.89218   36 3119    8.94096    8.75982  2.03%  8585 17081s
 142762 55854     cutoff   32         8.94096    8.76098  2.01%  8643 17470s
 146108 56940    8.80507   28 3389    8.94096    8.76248  2.00%  8670 17854s
 148926 58068    8.86802   30 3901    8.94096    8.76335  1.99%  8705 18252s
 152079 59214    8.85791   29 4177    8.94096    8.76446  1.97%  8750 18658s
 155360 60643    8.88530   35 3122    8.94096    8.76662  1.95%  8782 19045s
 158740 61684     cutoff   34         8.94096    8.76809  1.93%  8801 19435s
 161633 63515    8.93022   23 4039    8.94096    8.76905  1.92%  8845 19842s
 165356 65983     cutoff   35         8.94096    8.77025  1.91%  8849 20230s
H166252 65983                       8.9409566    8.77032  1.91%  8854 20230s
H167128 61495                       8.9312266    8.77037  1.80%  8832 20230s
H169315 61809                       8.9310838    8.77084  1.79%  8784 20590s
H169541 61753                       8.9309414    8.77084  1.79%  8786 20590s
H169608 61752                       8.9309332    8.77084  1.79%  8788 20590s
 172317 62924    8.84717   29 3494    8.93093    8.77205  1.78%  8813 20964s
H172976 62922                       8.9309260    8.77216  1.78%  8821 20964s
H173231 62918                       8.9309201    8.77216  1.78%  8823 20964s
 175599 63611     cutoff   26         8.93092    8.77313  1.77%  8824 21320s
H177819 63611                       8.9309199    8.77373  1.76%  8847 21320s
 177978 64774    8.92582  108 2458    8.93092    8.77429  1.75%  8850 21702s
 181189 65903     cutoff   43         8.93092    8.77507  1.75%  8873 22085s
 184432 66626    8.89932   46 3067    8.93092    8.77610  1.73%  8896 22470s
 187179 67796    8.89033  122 2387    8.93092    8.77722  1.72%  8933 22897s
 190560 69087    8.84715   29 4115    8.93092    8.77853  1.71%  8966 23307s
 194052 69913     cutoff   38         8.93092    8.77927  1.70%  8986 23721s
 197221 70937     cutoff   33         8.93092    8.78053  1.68%  9015 24129s
 200202 71741     cutoff   33         8.93092    8.78074  1.68%  9054 24556s
 203347 73761    8.90384   32 3033    8.93092    8.78229  1.66%  9087 24978s
 207564 74742    8.83282   34 3059    8.93092    8.78298  1.66%  9063 25380s
 210849 75249     cutoff   28         8.93092    8.78380  1.65%  9080 25824s
 212662 76686    8.90232   42 3156    8.93092    8.78437  1.64%  9091 26516s
 217993 77499    8.84274   27 3460    8.93092    8.78610  1.62%  9135 26992s
 221676 78480    8.86712   39 3787    8.93092    8.78710  1.61%  9168 27449s
 225330 79200     cutoff   30         8.93092    8.78782  1.60%  9192 27900s
 228737 80308    8.93000   33 3923    8.93092    8.78903  1.59%  9220 28334s
 232509 81945     cutoff   30         8.93092    8.78980  1.58%  9233 28763s
H232749 79773                       8.9277368    8.78984  1.54%  9235 28763s
 236487 81154    8.91037   30 3820    8.92774    8.79057  1.54%  9208 29154s
H236837 80886                       8.9275624    8.79057  1.53%  9204 29154s
 240438 82562     cutoff   36         8.92756    8.79147  1.52%  9197 29552s
H240439 82562                       8.9275619    8.79147  1.52%  9197 29552s
H240550 82562                       8.9275604    8.79147  1.52%  9198 29552s
H240669 82556                       8.9275588    8.79153  1.52%  9202 29552s
H242004 82551                       8.9275534    8.79163  1.52%  9178 29552s
 244308 83357     cutoff   44         8.92755    8.79231  1.51%  9190 29901s
H244602 83357                       8.9275528    8.79237  1.51%  9194 29901s
H245118 83357                       8.9275525    8.79239  1.51%  9198 29901s
H245336 83356                       8.9275520    8.79239  1.51%  9199 29901s
H246541 83354                       8.9275519    8.79259  1.51%  9195 29901s
 246780 84175    8.92657   36 1070    8.92755    8.79278  1.51%  9197 30262s
 249655 86644     cutoff  116         8.92755    8.79336  1.50%  9215 30660s
H250089 86644                       8.9275519    8.79336  1.50%  9221 30660s
 254450 87588    8.89407  122 2474    8.92755    8.79442  1.49%  9177 31002s
H254773 87588                       8.9275518    8.79442  1.49%  9180 31002s
 257382 88229     cutoff   41         8.92755    8.79513  1.48%  9185 31343s
H257383 88229                       8.9275517    8.79513  1.48%  9185 31343s
H257651 88229                       8.9275517    8.79513  1.48%  9187 31343s
H258958 88229                       8.9275516    8.79533  1.48%  9192 31343s
 259769 89309     cutoff   38         8.92755    8.79587  1.48%  9197 31703s
 263017 90557     cutoff   40         8.92755    8.79653  1.47%  9204 32063s
 266568 92179    8.86796   23 4478    8.92755    8.79722  1.46%  9201 32419s
 270175 93744    8.91916   37 4001    8.92755    8.79767  1.45%  9190 32803s
 274122 95690     cutoff   28         8.92755    8.79839  1.45%  9178 33131s
 278313 96849     cutoff   30         8.92755    8.79867  1.44%  9137 33410s
H278318 96849                       8.9275515    8.79867  1.44%  9137 33410s
H278458 96849                       8.9275514    8.79867  1.44%  9137 33410s
H278830 96849                       8.9275513    8.79867  1.44%  9140 33410s
H278836 96849                       8.9275512    8.79867  1.44%  9140 33410s
H278879 96803                       8.9275065    8.79867  1.44%  9141 33410s
H280895 97963                       8.9275007    8.79954  1.43%  9128 33717s
H281003 97959                       8.9274958    8.79954  1.43%  9130 33717s
H282136 97954                       8.9274904    8.79954  1.43%  9134 33717s
H282669 97954                       8.9274904    8.79954  1.43%  9135 33717s
 283592 98906    8.87293   35 3361    8.92749    8.79992  1.43%  9123 34031s
 286675 99881    8.89028   56 2342    8.92749    8.80037  1.42%  9121 34350s
H286947 99874                       8.9274860    8.80037  1.42%  9119 34350s
 289651 102550     cutoff  127         8.92749    8.80097  1.42%  9119 34679s
H290012 102550                       8.9274859    8.80097  1.42%  9117 34679s
H292576 102550                       8.9274859    8.80107  1.42%  9077 34679s
 294428 103846    8.92253   41 3159    8.92749    8.80166  1.41%  9071 34973s
H296498 103846                       8.9274859    8.80188  1.41%  9069 34973s
 297537 104250    8.87880   30 3447    8.92749    8.80211  1.40%  9062 35271s
H297757 104250                       8.9274859    8.80215  1.40%  9062 35271s
H297925 104250                       8.9274857    8.80219  1.40%  9064 35271s
H298695 104243                       8.9274799    8.80222  1.40%  9061 35271s
 299944 107481    8.86670   28 3475    8.92748    8.80251  1.40%  9070 35665s
H300809 107481                       8.9274798    8.80251  1.40%  9052 35665s
H304304 107481                       8.9274797    8.80265  1.40%  9019 35665s
H305741 108949                       8.9274797    8.80282  1.40%  9017 35903s
H305923 108949                       8.9274797    8.80282  1.40%  9017 35903s
H305966 108949                       8.9274797    8.80282  1.40%  9017 35903s
H306657 108949                       8.9274797    8.80287  1.40%  9009 35903s
H307610 108949                       8.9274797    8.80295  1.39%  8992 35903s
H307738 108949                       8.9274794    8.80295  1.39%  8992 35903s
 308342 109425     cutoff   32         8.92748    8.80328  1.39%  8992 36140s
 310130 110420     cutoff   71         8.92748    8.80352  1.39%  9004 36412s
 312810 112934    8.92471   33 3310    8.92748    8.80405  1.38%  9001 36692s
H315267 112934                       8.9274791    8.80408  1.38%  8972 36692s
 317259 114790     cutoff  142         8.92748    8.80448  1.38%  8959 36948s
 320970 116272    8.90676  233 1844    8.92748    8.80485  1.37%  8928 37197s
 324114 118350     cutoff   36         8.92748    8.80511  1.37%  8908 37446s
 328005 120488    8.82641   27 3410    8.92748    8.80544  1.37%  8869 37697s
 331688 123065    8.82820   36 3934    8.92748    8.80584  1.36%  8832 38085s
 336892 123579    8.87032   38 3239    8.92748    8.80628  1.36%  8796 38483s
H336893 123579                       8.9274791    8.80628  1.36%  8796 38483s
 338036 125901     cutoff   32         8.92748    8.80636  1.36%  8790 38788s
H339923 125900                       8.9274789    8.80646  1.36%  8763 38788s
H341721 125900                       8.9274788    8.80663  1.35%  8750 38788s
 342141 127853    8.81730  114 2709    8.92748    8.80674  1.35%  8751 39053s
 346068 129925    8.87712   55 3784    8.92748    8.80711  1.35%  8722 39308s
 350009 132018    8.90174  240 1766    8.92748    8.80743  1.34%  8692 39556s
 353722 134678     cutoff   44         8.92748    8.80774  1.34%  8662 39805s
 357969 137570    8.89983  226 1645    8.92748    8.80800  1.34%  8621 40035s
 362560 141544     cutoff   35         8.92748    8.80832  1.33%  8573 40422s
H363371 141544                       8.9274787    8.80835  1.33%  8574 40422s
H366346 141544                       8.9274786    8.80835  1.33%  8547 40422s
 369334 144230    8.91454   33 3014    8.92748    8.80854  1.33%  8510 40613s
H370945 144230                       8.9274786    8.80861  1.33%  8497 40613s
 373491 145086    8.92541  141 2021    8.92748    8.80883  1.33%  8466 40784s
 375572 146611     cutoff  145         8.92748    8.80902  1.33%  8459 40971s
 378469 150739    8.89258   31 3375    8.92748    8.80942  1.32%  8441 41174s
 383901 152408    8.91203  249 1697    8.92748    8.80943  1.32%  8370 41327s
 386725 154343    8.92153   50 3401    8.92748    8.80974  1.32%  8345 41491s
 389891 156339    8.92395   34 3031    8.92748    8.80988  1.32%  8317 41664s
 393332 161374    8.92298   70 3551    8.92748    8.81010  1.31%  8290 42032s
 401476 163459     cutoff   30         8.92748    8.81042  1.31%  8210 42191s
 404867 164561    8.91482   55 3763    8.92748    8.81055  1.31%  8179 42337s
 407118 166499    8.87625   42 4092    8.92748    8.81073  1.31%  8167 42503s
 410271 169483     cutoff   33         8.92748    8.81100  1.30%  8142 42680s
 414616 172335    8.89381  208 1796    8.92748    8.81119  1.30%  8099 42829s
 418941 174787     cutoff   38         8.92748    8.81129  1.30%  8053 42980s
 422656 181252    8.88504  223 1667    8.92748    8.81137  1.30%  8020 43327s
 431876 184249     cutoff   32         8.92748    8.81186  1.30%  7931 43465s
 435891 185852    8.90485   34 3771    8.92748    8.81196  1.29%  7889 43593s
 438281 189293    8.85800  176 2111    8.92748    8.81216  1.29%  7871 43727s
 442959 192639    8.87294   38 3383    8.92748    8.81228  1.29%  7821 43848s
 447133 195691    8.88838   34 3138    8.92748    8.81233  1.29%  7777 43970s
 451265 197021    8.87070   26 4407    8.92748    8.81247  1.29%  7730 44083s
 453332 209385     cutoff   44         8.92748    8.81260  1.29%  7717 44416s
 468105 210872     cutoff  148         8.92748    8.81276  1.29%  7547 44501s
 470321 213274    8.90342  221 1510    8.92748    8.81278  1.28%  7530 44595s
 473574 215172    8.91127   33 3241    8.92748    8.81297  1.28%  7497 44684s
 475988 217811    8.91445   41 3104    8.92748    8.81304  1.28%  7476 44788s
 479619 219421     cutoff   38         8.92748    8.81305  1.28%  7440 44882s
 482081 221049    8.90222   53 3593    8.92748    8.81313  1.28%  7421 44979s
 484665 231118    8.91355   63 3476    8.92748    8.81313  1.28%  7404 45318s
H496758 231118                       8.9274786    8.81335  1.28%  7292 45318s
 498291 232556    8.82387  151 2145    8.92748    8.81349  1.28%  7278 45404s
 500106 233967    8.86627  184 1998    8.92748    8.81349  1.28%  7262 45495s
 502234 235838    8.90372  239 1510    8.92748    8.81355  1.28%  7249 45592s
 504959 237694    8.92570  214 1821    8.92748    8.81369  1.27%  7230 45697s
 507715 239442    8.86495   49 3647    8.92748    8.81382  1.27%  7211 45800s
 510467 242156     cutoff   74         8.92748    8.81389  1.27%  7193 45912s
 513946 251696    8.89140  230 1741    8.92748    8.81389  1.27%  7165 46225s
 526069 254616    8.89064  203 1907    8.92748    8.81417  1.27%  7066 46312s
 529755 257027    8.86463  190 1904    8.92748    8.81423  1.27%  7036 46403s
 533102 259350    8.90772  281 1692    8.92748    8.81429  1.27%  7010 46490s
 536283 261274    8.86061   30 3293    8.92748    8.81435  1.27%  6988 46587s
 539076 263487    8.92486   28 4051    8.92748    8.81435  1.27%  6970 46676s
 542323 265619    8.83602  166 1970    8.92748    8.81447  1.27%  6946 46772s
 545309 274503    8.89383  206 1935    8.92748    8.81452  1.27%  6925 47081s
 557176 276761    8.82091  149 2263    8.92748    8.81474  1.26%  6840 47172s
 560494 279212    8.87211   25 3170    8.92748    8.81488  1.26%  6818 47259s
 563800 281047    8.88084  194 1988    8.92748    8.81489  1.26%  6795 47342s
 566561 283587    8.91348  228 1709    8.92748    8.81498  1.26%  6779 47434s
 569894 286018    8.89394  211 1927    8.92748    8.81504  1.26%  6758 47529s
 573357 288249     cutoff   39         8.92748    8.81513  1.26%  6735 47628s
 576523 296752    8.83567   31 3413    8.92748    8.81520  1.26%  6716 47914s
 587598 299758    8.91831  237 1856    8.92748    8.81529  1.26%  6644 48009s
 591419 303331     cutoff   43         8.92748    8.81549  1.25%  6619 48101s
 596099 305478    8.88095  191 2115    8.92748    8.81555  1.25%  6585 48180s
 599018 309346     cutoff  218         8.92748    8.81563  1.25%  6569 48263s
 603905 312346    8.92346   71 3667    8.92748    8.81565  1.25%  6534 48335s
 607913 319770     cutoff  139         8.92748    8.81570  1.25%  6504 48612s
 618535 323901    8.82914  152 2053    8.92748    8.81583  1.25%  6445 48707s
 623849 326568    8.89279  236 1690    8.92748    8.81589  1.25%  6410 48789s
 627518 329462    8.85997  177 2111    8.92748    8.81594  1.25%  6387 48871s
 631388 331843    8.91232  244 1429    8.92748    8.81603  1.25%  6362 48942s
 634543 333627     cutoff   31         8.92748    8.81609  1.25%  6344 49014s
 637076 341733     cutoff   34         8.92748    8.81616  1.25%  6331 49288s
 647935 345415    8.91358   44 3628    8.92748    8.81622  1.25%  6272 49373s
 652497 348686    8.88025   29 4036    8.92748    8.81629  1.25%  6243 49451s
 656554 353556    8.87359  201 1919    8.92748    8.81639  1.24%  6217 49537s
 662018 356529    8.91851  301 1701    8.92748    8.81639  1.24%  6179 49608s
 665789 358252    8.90143  232 1596    8.92748    8.81639  1.24%  6156 49669s
 668328 366189     cutoff   30         8.92748    8.81649  1.24%  6143 49944s
 679013 369327    8.92561   38 2932    8.92748    8.81664  1.24%  6089 50034s
 682915 371615    8.92140   49 3743    8.92748    8.81668  1.24%  6070 50114s
 685937 374468     cutoff   50         8.92748    8.81673  1.24%  6051 50203s
 689432 377664    8.85831  174 2210    8.92748    8.81681  1.24%  6032 50286s
 693660 380187    8.90337   35 3162    8.92748    8.81684  1.24%  6011 50363s
 697080 383259    8.87314  201 1947    8.92748    8.81693  1.24%  5993 50446s
 701031 390894    8.88990  235 1732    8.92748    8.81693  1.24%  5972 50698s
 711263 393510    8.91381  292 1496    8.92748    8.81706  1.24%  5929 50782s
 714830 396236    8.89495  204 1921    8.92748    8.81710  1.24%  5914 50868s
 718440 399200    8.83849  150 1993    8.92748    8.81715  1.24%  5896 50950s
 722147 403895    8.89129  242 1506    8.92748    8.81723  1.23%  5881 51029s
 728011 406347     cutoff   39         8.92748    8.81725  1.23%  5848 51098s
 731146 415608    8.89963   38 3864    8.92748    8.81729  1.23%  5834 51367s
 743241 417993    8.92186  232 1874    8.92748    8.81739  1.23%  5779 51440s
 746288 420051     cutoff   39         8.92748    8.81745  1.23%  5767 51514s
 749047 422568     cutoff  193         8.92748    8.81746  1.23%  5754 51590s
 752266 425743    8.92430  326 1526    8.92748    8.81750  1.23%  5741 51668s
 756145 430102    8.90847  252 1685    8.92748    8.81756  1.23%  5724 51740s
 761181 442013    8.92485   42 2882    8.92748    8.81758  1.23%  5698 51975s
 775739 445538    8.91532  309 1647    8.92748    8.81769  1.23%  5632 52034s
 779098 445538    8.87071   27 4082    8.92748    8.81769  1.23%  5616 52035s
 779924 447974     cutoff   34         8.92748    8.81769  1.23%  5612 52092s
 782818 452129    8.82479  150 1992    8.92748    8.81769  1.23%  5600 52151s
 787572 454334    8.82230  139 1945    8.92748    8.81774  1.23%  5575 52208s
 790167 464987    8.86730  182 2011    8.92748    8.81777  1.23%  5563 52443s
 803483 467316    8.85803   34 3349    8.92748    8.81789  1.23%  5511 52506s
 806560 469665     cutoff   37         8.92748    8.81794  1.23%  5498 52578s
 809545 472775    8.86506   37 3159    8.92748    8.81794  1.23%  5486 52646s
 813369 474434    8.90295  218 1630    8.92748    8.81794  1.23%  5469 52714s
 815715 477644    8.88574  187 2106    8.92748    8.81794  1.23%  5462 52784s
 819720 486509    8.83423  162 2012    8.92748    8.81802  1.23%  5445 53004s
 831094 490620    8.89712  252 1626    8.92748    8.81814  1.22%  5406 53076s
 835941 492615     cutoff  144         8.92748    8.81817  1.22%  5385 53140s
 838368 495087    8.90454  215 1653    8.92748    8.81818  1.22%  5375 53204s
 841658 497245    8.92302  222 2006    8.92748    8.81820  1.22%  5362 53276s
 844556 498852    8.88154  200 2032    8.92748    8.81825  1.22%  5353 53342s
 846931 501398    8.88443  190 1898    8.92748    8.81826  1.22%  5347 53422s
 850436 509351     cutoff  148         8.92748    8.81829  1.22%  5336 53648s
 860846 513266    8.86004  182 2071    8.92748    8.81836  1.22%  5303 53729s
 865648 517525     cutoff  294         8.92748    8.81844  1.22%  5285 53796s
 870676 521481    8.89882   30 2888    8.92748    8.81846  1.22%  5266 53864s
 875469 523572    8.90305   35 3134    8.92748    8.81847  1.22%  5246 53922s
 878212 525509    8.89738   84 2882    8.92748    8.81847  1.22%  5237 53977s
 880784 534166    8.82008  146 2147    8.92748    8.81849  1.22%  5229 54188s
 892017 536271    8.92585  233 1733    8.92748    8.81855  1.22%  5195 54259s
 894969 539497    8.86806  190 2125    8.92748    8.81860  1.22%  5188 54331s
 899056 542585     cutoff  288         8.92748    8.81860  1.22%  5174 54397s
 903116 544702    8.83905  162 2016    8.92748    8.81866  1.22%  5160 54458s
 905878 547622    8.87928  206 1899    8.92748    8.81871  1.22%  5153 54525s
 909468 551633    8.91262  336 1623    8.92748    8.81875  1.22%  5141 54600s
 914018 563568    8.88789  198 2026    8.92748    8.81878  1.22%  5124 54808s
 928767 566224     cutoff   33         8.92748    8.81883  1.22%  5074 54862s
 931919 568245    8.88848  199 2030    8.92748    8.81885  1.22%  5063 54912s
 934486 570507    8.85742  177 2260    8.92748    8.81886  1.22%  5055 54971s
 937389 572870    8.89887   30 1880    8.92748    8.81888  1.22%  5045 55026s
 940447 575064     cutoff   32         8.92748    8.81888  1.22%  5036 55087s
 943466 583170    8.90798  234 1829    8.92748    8.81891  1.22%  5028 55287s
 954048 586025    8.86737  191 1911    8.92748    8.81899  1.22%  5000 55360s
 957471 588769    8.89853  252 1572    8.92748    8.81908  1.21%  4990 55434s
 960905 591507    8.90599  269 1534    8.92748    8.81908  1.21%  4981 55508s
 964528 594664    8.88439  199 1996    8.92748    8.81915  1.21%  4970 55578s
 968420 596977    8.90135  193 1872    8.92748    8.81917  1.21%  4959 55646s
 971379 598731     cutoff  285         8.92748    8.81920  1.21%  4951 55719s
 973865 606839    8.86471  192 2091    8.92748    8.81921  1.21%  4946 55924s
 984425 609458    8.90235  222 1776    8.92748    8.81927  1.21%  4919 55988s
 987704 612865    8.86846  189 2112    8.92748    8.81927  1.21%  4909 56059s
 991833 615025    8.89302  216 1809    8.92748    8.81927  1.21%  4896 56120s
 994637 619120    8.88097  201 1847    8.92748    8.81927  1.21%  4890 56182s
 999217 622816    8.92410  308 1658    8.92748    8.81934  1.21%  4876 56247s
 1003608 629519    8.82473  148 2059    8.92748    8.81938  1.21%  4863 56435s
 1012685 633885    8.84141  164 2272    8.92748    8.81946  1.21%  4844 56516s
 1017916 636416    8.85325   24 3945    8.92748    8.81948  1.21%  4828 56583s
 1021081 640056    8.85521   36 3690    8.92748    8.81948  1.21%  4821 56647s
 1025565 642850     cutoff   46         8.92748    8.81952  1.21%  4808 56704s
 1029043 644414    8.92190   50 3336    8.92748    8.81953  1.21%  4799 56762s
 1031263 646403    8.88973  205 2128    8.92748    8.81955  1.21%  4795 56832s
 1034242 653865    8.82835  162 2011    8.92748    8.81962  1.21%  4789 57020s
 1044306 656345    8.82264  148 2054    8.92748    8.81968  1.21%  4768 57086s
 1047101 659946     cutoff   43         8.92748    8.81968  1.21%  4759 57161s
 1051314 662712    8.90015  213 1987    8.92748    8.81973  1.21%  4748 57229s
 1054928 663132    8.89041  205 2024    8.92748    8.81973  1.21%  4740 57454s
 1055614 665957    8.90132  216 1890    8.92748    8.81973  1.21%  4738 57532s
 1059500 669410    8.82278  155 2231    8.92748    8.81979  1.21%  4730 57599s
 1063641 678631    8.84043  162 1961    8.92748    8.81982  1.21%  4720 57793s
 1075126 681391    8.86856  189 2080    8.92748    8.81985  1.21%  4692 57853s
 1078593 683928    8.89547  200 1881    8.92748    8.81987  1.21%  4683 57911s
 1081820 686496     cutoff   39         8.92748    8.81990  1.21%  4676 57966s
 1085187 688456    8.88953  210 1983    8.92748    8.81994  1.20%  4668 58026s
 1087870 691517    8.82885  153 2020    8.92748    8.81996  1.20%  4663 58087s
 1091395 695587    8.89260  232 1552    8.92748    8.81998  1.20%  4655 58147s
 1096226 704888    8.92554  365 1302    8.92748    8.82001  1.20%  4641 58330s
 1107739 708667    8.85601  179 2124    8.92748    8.82005  1.20%  4616 58394s
 1112044 712870    8.87792  192 2049    8.92748    8.82007  1.20%  4605 58454s
 1116895 715711    8.92213  221 1501    8.92748    8.82008  1.20%  4591 58503s
 1120214 719464     cutoff   35         8.92748    8.82010  1.20%  4584 58555s
 1124252 724412    8.83730  160 2023    8.92748    8.82010  1.20%  4573 58601s
 1129474 737717    8.92231  270 1800    8.92748    8.82010  1.20%  4557 58786s
 1144851 742417     cutoff   43         8.92748    8.82018  1.20%  4517 58832s
 1149836 744300     cutoff   33         8.92748    8.82021  1.20%  4501 58871s
 1151995 746675     cutoff   33         8.92748    8.82021  1.20%  4495 58922s
 1154894 748878    8.82301  145 2142    8.92748    8.82021  1.20%  4488 58962s
 1157522 750989    8.88939  204 1892    8.92748    8.82021  1.20%  4482 59011s
 1159961 761995    8.91640   25 3349    8.92748    8.82021  1.20%  4476 59190s
 1173679 764450     cutoff   27         8.92748    8.82029  1.20%  4445 59240s
 1176663 766735    8.86685  177 1953    8.92748    8.82029  1.20%  4439 59293s
 1179675 769055    8.82540  154 2058    8.92748    8.82031  1.20%  4433 59340s
 1182593 772512    8.87783  191 1963    8.92748    8.82031  1.20%  4428 59386s
 1186555 776181    8.91481  253 1436    8.92748    8.82033  1.20%  4419 59437s
 1190598 791279    8.86867  193 2099    8.92748    8.82033  1.20%  4410 59615s
 1207592 793400    8.85603  177 2165    8.92748    8.82038  1.20%  4367 59651s
 1210101 795254 infeasible  257         8.92748    8.82038  1.20%  4362 59695s
 1212446 797140    8.88798  209 1934    8.92748    8.82039  1.20%  4358 59737s
 1214989 799411    8.92559  268 1554    8.92748    8.82040  1.20%  4353 59782s
 1217757 801605    8.88291  202 2108    8.92748    8.82040  1.20%  4348 59833s
 1220584 808963     cutoff   32         8.92748    8.82044  1.20%  4343 60005s
 1230338 811461     cutoff  258         8.92748    8.82050  1.20%  4327 60066s
 1233534 814006     cutoff  287         8.92748    8.82051  1.20%  4322 60124s
 1236908 816829     cutoff  226         8.92748    8.82054  1.20%  4317 60186s
 1240373 822262    8.89562  207 2019    8.92748    8.82058  1.20%  4312 60254s
 1246195 826707    8.82246  139 2013    8.92748    8.82059  1.20%  4298 60312s
 1251057 835473    8.91530  249 1650    8.92748    8.82059  1.20%  4286 60481s
 1261903 838284    8.87884  207 1890    8.92748    8.82064  1.20%  4267 60533s
 1265187 841574    8.88053  209 1897    8.92748    8.82065  1.20%  4260 60590s
 1269256 844165    8.89568  244 1742    8.92748    8.82065  1.20%  4252 60647s
 1272528 846667    8.90284  254 1704    8.92748    8.82066  1.20%  4246 60698s
 1275616 849229    8.92437  325 1577    8.92748    8.82066  1.20%  4241 60753s
 1278761 852000    8.91697  231 1762    8.92748    8.82073  1.20%  4236 60807s
 1281969 861096    8.84799  167 2073    8.92748    8.82073  1.20%  4230 60971s
 1293214 863567    8.83922  160 2054    8.92748    8.82079  1.20%  4210 61028s
 1296352 866082    8.82751  143 2054    8.92748    8.82079  1.20%  4205 61085s
 1299517 868514    8.82606  151 2078    8.92748    8.82083  1.19%  4200 61141s
 1302671 871264    8.83792  163 1931    8.92748    8.82083  1.19%  4195 61194s
 1305787 875845    8.88097  199 1973    8.92748    8.82086  1.19%  4191 61254s
 1310732 879357     cutoff  297         8.92748    8.82087  1.19%  4179 61311s
 1314821 887173    8.89580   34 3272    8.92748    8.82087  1.19%  4170 61471s
 1324809 889207    8.88870  208 1718    8.92748    8.82092  1.19%  4156 61525s
 1327520 892175    8.92711  255 1759    8.92748    8.82092  1.19%  4154 61583s
 1331378 895237    8.83355  164 2192    8.92748    8.82092  1.19%  4148 61641s
 1335415 898027    8.87102  193 1973    8.92748    8.82093  1.19%  4141 61695s
 1339227 899603     cutoff  366         8.92748    8.82093  1.19%  4134 61749s
 1341507 901915     cutoff  234         8.92748    8.82096  1.19%  4132 61813s
 1344433 908913     cutoff   32         8.92748    8.82097  1.19%  4128 61969s
 1353685 910981    8.84210  162 2091    8.92748    8.82102  1.19%  4117 62031s
 1356412 913276     cutoff  245         8.92748    8.82104  1.19%  4114 62094s
 1359631 915424    8.87958  191 2153    8.92748    8.82107  1.19%  4110 62164s
 1362776 917670 infeasible  151         8.92748    8.82109  1.19%  4107 62226s
 1366069 919865    8.84854  164 1987    8.92748    8.82112  1.19%  4103 62286s
 1369016 923451    8.86802  188 2037    8.92748    8.82112  1.19%  4101 62355s
 1373455 931961    8.88867  201 1831    8.92748    8.82115  1.19%  4094 62521s
 1384176 933670    8.82634  147 2012    8.92748    8.82116  1.19%  4078 62577s
 1386615 935595     cutoff  238         8.92748    8.82119  1.19%  4076 62637s
 1389300 937990    8.82521  154 1971    8.92748    8.82122  1.19%  4074 62695s
 1392473 940298    8.83978  166 2062    8.92748    8.82122  1.19%  4070 62751s
 1395803 942560     cutoff  189         8.92748    8.82122  1.19%  4067 62807s
 1398515 946843    8.88671  200 1798    8.92748    8.82122  1.19%  4064 62873s
 1403402 957539    8.91471  234 1500    8.92748    8.82123  1.19%  4055 63034s
 1415892 960000    8.83364  156 2023    8.92748    8.82130  1.19%  4034 63080s
 1418938 963316    8.84154  159 2087    8.92748    8.82130  1.19%  4030 63124s
 1422783 965204     cutoff  270         8.92748    8.82130  1.19%  4023 63167s
 1425523 966940    8.89555  207 1988    8.92748    8.82131  1.19%  4020 63216s
 1427955 968531    8.87082  189 2169    8.92748    8.82132  1.19%  4017 63268s
 1430089 970922    8.88016  195 2138    8.92748    8.82136  1.19%  4015 63322s
 1433156 980006    8.83924  158 1919    8.92748    8.82136  1.19%  4012 63486s
 1444477 981640     cutoff  145         8.92748    8.82138  1.19%  3996 63533s
 1446501 983835    8.91807  213 1794    8.92748    8.82138  1.19%  3993 63588s
 1449327 987077    8.91919  265 1651    8.92748    8.82138  1.19%  3990 63646s
 1453137 989956     cutoff  273         8.92748    8.82145  1.19%  3985 63702s
 1456810 992220    8.83466  158 1965    8.92748    8.82146  1.19%  3980 63759s
 1459854 994465    8.88941  194 1699    8.92748    8.82146  1.19%  3976 63809s
 1462947 1004862    8.92319  267 1496    8.92748    8.82148  1.19%  3973 63959s
 1475519 1007670    8.89755  218 1614    8.92748    8.82151  1.19%  3954 64004s
 1478749 1010504    8.86520  180 1995    8.92748    8.82151  1.19%  3949 64055s
 1482027 1013957    8.88137  217 1917    8.92748    8.82152  1.19%  3944 64096s
 1485899 1017586    8.88824  235 1727    8.92748    8.82152  1.19%  3938 64138s
 1490080 1019954    8.90050  266 1547    8.92748    8.82154  1.19%  3931 64178s
 1492990 1029016    8.90887  296 1460    8.92748    8.82154  1.19%  3927 64328s
 1504091 1031473     cutoff  149         8.92748    8.82157  1.19%  3912 64373s
 1507137 1033886    8.91575  286 1798    8.92748    8.82159  1.19%  3909 64422s
 1510174 1037028     cutoff  220         8.92748    8.82159  1.19%  3906 64473s
 1513915 1040004    8.88178  192 1886    8.92748    8.82161  1.19%  3900 64523s
 1517602 1043073     cutoff   31         8.92748    8.82161  1.19%  3895 64569s
 1521477 1045016    8.92557   34 2908    8.92748    8.82163  1.19%  3890 64614s
 1523884 1051735    8.86155  183 2096    8.92748    8.82163  1.19%  3887 64760s
 1532612 1055452    8.87193  189 1938    8.92748    8.82164  1.19%  3879 64823s
 1537214 1058064    8.88285  195 1833    8.92748    8.82167  1.19%  3872 64877s
 1540683 1060071    8.89476  209 1637    8.92748    8.82167  1.19%  3868 64927s
 1543511 1062417    8.90051  217 1623    8.92748    8.82168  1.19%  3865 64983s
 1546702 1065163 infeasible  265         8.92748    8.82171  1.18%  3862 65045s
 1550033 1068031     cutoff  148         8.92748    8.82171  1.18%  3859 65096s
 1553708 1074961     cutoff  269         8.92748    8.82174  1.18%  3855 65257s
 1563372 1076845    8.92612  237 1410    8.92748    8.82177  1.18%  3845 65317s
 1565934 1079037    8.91885  291 1720    8.92748    8.82177  1.18%  3843 65370s
 1568750 1081804 infeasible  246         8.92748    8.82179  1.18%  3841 65423s
 1572316 1084788    8.89251   46 4080    8.92748    8.82180  1.18%  3837 65482s
 1576049 1086291    8.91660   48 3731    8.92748    8.82180  1.18%  3833 65534s
 1578171 1088346    8.87838  183 1878    8.92748    8.82181  1.18%  3832 65589s
 1581091 1091369    8.89528  211 1821    8.92748    8.82181  1.18%  3829 65645s
 1584995 1098201    8.82795  157 1963    8.92748    8.82184  1.18%  3824 65788s
 1593965 1101515    8.82902  154 2079    8.92748    8.82188  1.18%  3816 65840s
 1597868 1105182    8.85868  181 2204    8.92748    8.82190  1.18%  3812 65895s
 1602179 1107342    8.82659  153 1965    8.92748    8.82190  1.18%  3806 65943s
 1604861 1109676    8.91508  250 1669    8.92748    8.82190  1.18%  3803 65994s
 1608009 1113490    8.82416  151 2054    8.92748    8.82194  1.18%  3800 66049s
 1612493 1116932     cutoff  177         8.92748    8.82194  1.18%  3794 66097s
 1616603 1124915    8.89640  205 1791    8.92748    8.82194  1.18%  3789 66245s
 1627140 1126994    8.83655  157 1992    8.92748    8.82198  1.18%  3778 66303s
 1629776 1129118    8.87889  182 1827    8.92748    8.82198  1.18%  3776 66351s
 1632625 1131972    8.88563  192 1745    8.92748    8.82199  1.18%  3774 66400s
 1636338 1132453    8.84937  168 2056    8.92748    8.82199  1.18%  3769 66562s
 1637020 1134050    8.85959  178 1999    8.92748    8.82200  1.18%  3769 66622s
 1639126 1136558     cutoff  250         8.92748    8.82201  1.18%  3767 66683s
 1642582 1139286    8.92584  223 1787    8.92748    8.82202  1.18%  3765 66745s
 1646237 1147471    8.82440  152 2012    8.92748    8.82204  1.18%  3762 66888s
 1656243 1151083    8.91267  300 1679    8.92748    8.82205  1.18%  3751 66940s
 1660599 1153480    8.89345  202 2020    8.92748    8.82205  1.18%  3746 66983s
 1663648 1155812    8.82522  148 2131    8.92748    8.82207  1.18%  3743 67026s
 1666811 1158627    8.85067  171 2076    8.92748    8.82207  1.18%  3740 67072s
 1670128 1162123     cutoff  178         8.92748    8.82207  1.18%  3736 67125s
 1674270 1164414    8.88425  190 2009    8.92748    8.82207  1.18%  3731 67171s
 1677060 1172083    8.90455  195 1652    8.92748    8.82212  1.18%  3728 67309s
 1686486 1175939    8.82462  147 2147    8.92748    8.82215  1.18%  3718 67363s
 1690885 1178803    8.92541  246 1762    8.92748    8.82216  1.18%  3712 67412s
H1691278 1178803                       8.9274786    8.82216  1.18%  3712 67412s
 1694060 1181477     cutoff  151         8.92748    8.82217  1.18%  3707 67461s
 1697428 1182899    8.91935  253 1776    8.92748    8.82217  1.18%  3704 67508s
 1699669 1184454    8.85212  175 1970    8.92748    8.82218  1.18%  3703 67558s
 1701662 1187812    8.87881  211 1840    8.92748    8.82218  1.18%  3702 67611s
 1705483 1190941    8.90940  264 1713    8.92748    8.82218  1.18%  3697 67668s
 1709287 1201240     cutoff   36         8.92748    8.82218  1.18%  3693 67806s
 1721061 1204746    8.91004  195 1722    8.92748    8.82222  1.18%  3679 67853s
 1725193 1206961    8.88617  197 1861    8.92748    8.82222  1.18%  3673 67893s
 1727916 1209215    8.84524  175 1967    8.92748    8.82223  1.18%  3671 67934s
 1730491 1211489    8.87480  207 1891    8.92748    8.82225  1.18%  3669 67980s
 1733451 1214550    8.88077  214 1955    8.92748    8.82225  1.18%  3667 68024s
 1737016 1217705    8.91939  317 1526    8.92748    8.82228  1.18%  3663 68073s
 1740749 1224083    8.86296  184 2135    8.92748    8.82228  1.18%  3658 68209s
 1749210 1227162    8.82504  150 2079    8.92748    8.82230  1.18%  3651 68264s
 1752871 1231404    8.89400  234 1741    8.92748    8.82231  1.18%  3647 68319s
 1757766 1234217    8.82956  151 1995    8.92748    8.82232  1.18%  3642 68372s
 1761146 1236144     cutoff  266         8.92748    8.82234  1.18%  3638 68422s
 1763696 1238379    8.88050  205 1921    8.92748    8.82235  1.18%  3637 68477s
 1766553 1240612    8.82789  152 2046    8.92748    8.82236  1.18%  3634 68533s
 1769449 1243276    8.92668  225 1511    8.92748    8.82236  1.18%  3632 68586s
 1772828 1249832    8.82632  147 1973    8.92748    8.82239  1.18%  3630 68729s
 1781231 1252578    8.90214  210 1882    8.92748    8.82240  1.18%  3623 68785s
 1784578 1255046    8.89571  226 1908    8.92748    8.82243  1.18%  3620 68837s
 1787655 1258391     cutoff  149         8.92748    8.82245  1.18%  3618 68897s
 1791797 1260760    8.85762  182 2199    8.92748    8.82246  1.18%  3614 68953s
 1795082 1263259    8.82619  145 2027    8.92748    8.82247  1.18%  3612 69012s
 1798264 1266926    8.92612  267 1529    8.92748    8.82248  1.18%  3609 69065s
 1802408 1275775    8.90437  208 1805    8.92748    8.82249  1.18%  3605 69193s
 1813245 1277265    8.84960  176 2120    8.92748    8.82252  1.18%  3593 69235s
 1815529 1279028     cutoff  153         8.92748    8.82252  1.18%  3592 69281s
 1817899 1281513    8.91901  236 1634    8.92748    8.82252  1.18%  3590 69335s
 1821224 1283525    8.92606  289 1353    8.92748    8.82254  1.18%  3587 69382s
 1823942 1285774    8.87070  186 1884    8.92748    8.82258  1.18%  3586 69434s
 1826724 1288382    8.84459  169 1980    8.92748    8.82258  1.17%  3584 69485s
 1829765 1292471    8.88238  213 1862    8.92748    8.82258  1.17%  3582 69538s
 1834873 1298944    8.90929  273 1577    8.92748    8.82259  1.17%  3576 69670s
 1843277 1302608     cutoff  188         8.92748    8.82262  1.17%  3571 69721s
 1847525 1306679    8.92115  243 1541    8.92748    8.82262  1.17%  3566 69771s
 1852387 1308798    8.86503  178 2127    8.92748    8.82262  1.17%  3561 69818s
 1855094 1311412    8.92492  222 1787    8.92748    8.82263  1.17%  3558 69870s
 1858244 1314234    8.90047  220 1797    8.92748    8.82263  1.17%  3556 69923s
 1861624 1316456    8.87480  194 2113    8.92748    8.82265  1.17%  3553 69969s
 1864522 1328260    8.83827  158 1999    8.92748    8.82266  1.17%  3551 70097s
 1877733 1331188    8.90623  219 1595    8.92748    8.82267  1.17%  3537 70140s
 1881160 1334088    8.92464  253 1515    8.92748    8.82267  1.17%  3533 70174s
 1884401 1337176    8.87556  181 2021    8.92748    8.82268  1.17%  3530 70212s
 1888037 1338935 infeasible  288         8.92748    8.82268  1.17%  3525 70245s
 1890315 1339747    8.82652  152 2141    8.92748    8.82269  1.17%  3524 70280s
 1891448 1341612    8.87715  210 1858    8.92748    8.82269  1.17%  3523 70324s
 1893855 1347966 infeasible  282         8.92748    8.82271  1.17%  3522 70454s
 1901956 1351394    8.89659  208 1682    8.92748    8.82271  1.17%  3518 70509s
 1906228 1353967    8.91264  230 1607    8.92748    8.82271  1.17%  3514 70560s
 1909560 1357300    8.88169  193 2044    8.92748    8.82274  1.17%  3511 70614s
 1913609 1360295    8.84007  161 1859    8.92748    8.82275  1.17%  3508 70663s
 1917238 1362934    8.87682  194 1892    8.92748    8.82277  1.17%  3504 70711s
 1920754 1365543    8.91381  266 1658    8.92748    8.82277  1.17%  3502 70762s
 1924068 1372257    8.84812  175 2002    8.92748    8.82279  1.17%  3499 70886s
 1932271 1373847     cutoff   32         8.92748    8.82280  1.17%  3493 70940s
 1934127 1376444    8.92480   32 4073    8.92748    8.82282  1.17%  3492 71002s
 1937488 1379840     cutoff   33         8.92748    8.82282  1.17%  3489 71064s
 1941550 1383673    8.82753  145 1921    8.92748    8.82283  1.17%  3486 71126s
 1946187 1385990    8.82894  146 1982    8.92748    8.82283  1.17%  3482 71181s
 1949361 1387978     cutoff  147         8.92748    8.82283  1.17%  3480 71231s
 1951969 1391929    8.87373  187 2064    8.92748    8.82285  1.17%  3479 71285s
 1956514 1401101    8.84518  162 2068    8.92748    8.82285  1.17%  3475 71408s
 1968128 1402810    8.86772  201 1913    8.92748    8.82288  1.17%  3464 71447s
 1970439 1404363    8.87336  179 1930    8.92748    8.82289  1.17%  3462 71489s
 1972782 1406698 infeasible  156         8.92748    8.82290  1.17%  3462 71531s
 1975748 1408933    8.92384  227 1823    8.92748    8.82290  1.17%  3460 71577s
 1978738 1411466    8.84083   37 4097    8.92748    8.82290  1.17%  3458 71623s
 1981731 1415088     cutoff   43         8.92748    8.82290  1.17%  3457 71677s
 1986188 1424698    8.92548  244 1714    8.92748    8.82292  1.17%  3452 71799s
 1997639 1426913     cutoff  151         8.92748    8.82293  1.17%  3442 71841s
 2000444 1429257    8.84103  166 2030    8.92748    8.82293  1.17%  3440 71881s
 2003408 1431579    8.86313  180 2074    8.92748    8.82296  1.17%  3437 71921s
 2006526 1434062    8.87985  191 1751    8.92748    8.82296  1.17%  3435 71961s
 2009559 1436266    8.89769  203 1627    8.92748    8.82296  1.17%  3433 72001s
 2012378 1438410     cutoff  152         8.92748    8.82298  1.17%  3431 72045s
 2015335 1446651    8.83982  166 2004    8.92748    8.82298  1.17%  3430 72167s
 2025167 1450323    8.92107   30 4011    8.92748    8.82300  1.17%  3422 72210s
 2029315 1452793    8.82752  150 2127    8.92748    8.82301  1.17%  3418 72255s
 2032659 1455398    8.88712   31 3339    8.92748    8.82301  1.17%  3416 72295s
 2035758 1457653     cutoff  148         8.92748    8.82302  1.17%  3413 72335s
 2038398 1457692    8.87061  195 1933    8.92748    8.82302  1.17%  3411 72509s
 2038479 1462887    8.86902  195 1933    8.92748    8.82302  1.17%  3412 72559s
 2044022 1467354    8.89017  233 1708    8.92748    8.82305  1.17%  3405 72604s
 2048987 1476223    8.90502  270 1581    8.92748    8.82305  1.17%  3400 72732s
 2059314 1479629    8.88680  230 1715    8.92748    8.82308  1.17%  3391 72780s
 2062993 1483147    8.90377  266 1570    8.92748    8.82308  1.17%  3388 72825s
 2067126 1485275     cutoff  351         8.92748    8.82309  1.17%  3383 72862s
 2069816 1487312    8.90964  229 1758    8.92748    8.82309  1.17%  3382 72901s
 2072369 1490076    8.85759  176 2087    8.92748    8.82309  1.17%  3380 72942s
 2075522 1494640    8.90741  255 1620    8.92748    8.82309  1.17%  3378 72988s
 2080683 1503612     cutoff  147         8.92748    8.82312  1.17%  3372 73111s
 2091519 1506354    8.92513  435 1318    8.92748    8.82313  1.17%  3363 73150s
 2094676 1508672     cutoff   31         8.92748    8.82314  1.17%  3361 73192s
 2097311 1512325     cutoff   31         8.92748    8.82315  1.17%  3359 73233s
 2101630 1514631    8.85256  177 2113    8.92748    8.82315  1.17%  3355 73275s
 2104407 1516401    8.92164  244 1667    8.92748    8.82315  1.17%  3353 73315s
 2106805 1518215    8.84445  164 2070    8.92748    8.82316  1.17%  3351 73355s
 2108938 1520854    8.88047  222 1611    8.92748    8.82316  1.17%  3350 73403s
 2112211 1528284    8.91198  345 1526    8.92748    8.82317  1.17%  3348 73520s
 2121415 1530895    8.89697  222 1842    8.92748    8.82318  1.17%  3342 73567s
 2124734 1533573    8.89486  216 1743    8.92748    8.82318  1.17%  3340 73618s
 2128069 1535704    8.83317  166 1988    8.92748    8.82319  1.17%  3338 73667s
 2130833 1537926    8.91389  251 1722    8.92748    8.82322  1.17%  3336 73714s
 2133843 1540848     cutoff  148         8.92748    8.82322  1.17%  3335 73767s
 2137457 1543393    8.89409  216 1763    8.92748    8.82322  1.17%  3333 73814s
 2140409 1549078    8.85488  175 2230    8.92748    8.82324  1.17%  3331 73864s
 2146541 1558724    8.87221   27 4102    8.92748    8.82325  1.17%  3325 73991s
 2157988 1560829     cutoff   30         8.92748    8.82326  1.17%  3315 74034s
 2160564 1563530     cutoff   44         8.92748    8.82327  1.17%  3313 74078s
 2163510 1567130     cutoff   44         8.92748    8.82328  1.17%  3311 74120s
 2167675 1568945    8.92642   43 3050    8.92748    8.82329  1.17%  3307 74161s
 2169990 1571513    8.88422  192 1985    8.92748    8.82330  1.17%  3305 74206s
 2173135 1573355     cutoff  185         8.92748    8.82330  1.17%  3303 74247s
 2175580 1580165     cutoff  275         8.92748    8.82330  1.17%  3302 74369s
 2184324 1582361    8.87432  189 1924    8.92748    8.82331  1.17%  3298 74415s
 2187058 1585337    8.88973  205 1735    8.92748    8.82331  1.17%  3297 74462s
 2190849 1588843    8.91905  248 1596    8.92748    8.82333  1.17%  3294 74507s
 2194877 1592501    8.88103  198 2035    8.92748    8.82334  1.17%  3291 74552s
 2199295 1595229    8.82856  145 2122    8.92748    8.82335  1.17%  3288 74596s
 2202615 1597348    8.89199  211 1712    8.92748    8.82335  1.17%  3285 74635s
 2205507 1605000    8.85349  176 1950    8.92748    8.82336  1.17%  3284 74757s
 2215125 1606536    8.88087  202 1848    8.92748    8.82338  1.17%  3277 74805s
 2217032 1608967     cutoff  153         8.92748    8.82338  1.17%  3276 74854s
 2220123 1611411    8.82693  153 2025    8.92748    8.82338  1.17%  3274 74908s
 2223217 1613858    8.91643  258 1591    8.92748    8.82338  1.17%  3273 74956s
 2226299 1615447    8.84804  171 1980    8.92748    8.82338  1.17%  3271 75008s
 2228577 1617928    8.86575  185 2037    8.92748    8.82342  1.17%  3270 75063s
 2231828 1620431    8.89074  198 1877    8.92748    8.82342  1.17%  3268 75114s
 2235138 1626512     cutoff  221         8.92748    8.82345  1.17%  3267 75225s
 2242852 1629536    8.89683  208 1964    8.92748    8.82347  1.16%  3263 75276s
 2246378 1633841    8.83925  166 1966    8.92748    8.82347  1.16%  3261 75325s
 2251342 1636145    8.82592  150 2289    8.92748    8.82348  1.16%  3257 75369s
 2254170 1638415    8.92618  233 1827    8.92748    8.82349  1.16%  3256 75418s
 2256897 1640958    8.88327  204 1998    8.92748    8.82349  1.16%  3254 75466s
 2260035 1643432    8.87853  195 1990    8.92748    8.82350  1.16%  3252 75514s
 2263286 1645958    8.88731  118 2512    8.92748    8.82350  1.16%  3251 75564s
 2266511 1651747     cutoff  120         8.92748    8.82353  1.16%  3249 75674s
 2274065 1654104     cutoff   30         8.92748    8.82356  1.16%  3245 75726s
 2277124 1656219    8.91308  239 1625    8.92748    8.82356  1.16%  3244 75781s
 2279611 1658769    8.89305  200 1864    8.92748    8.82357  1.16%  3243 75838s
 2283048 1661340     cutoff  250         8.92748    8.82357  1.16%  3241 75898s
 2286191 1663758    8.92531  225 1831    8.92748    8.82358  1.16%  3240 75954s
 2289847 1666698    8.85945  182 2001    8.92748    8.82359  1.16%  3239 76015s
 2293481 1670769    8.89642  233 1719    8.92748    8.82360  1.16%  3238 76067s
 2298386 1677670    8.86549  181 1939    8.92748    8.82360  1.16%  3234 76183s
 2306983 1679934    8.88170  200 1949    8.92748    8.82362  1.16%  3229 76232s
 2309685 1683649    8.85796  183 2090    8.92748    8.82363  1.16%  3228 76283s
 2313871 1687654    8.83866  163 1898    8.92748    8.82363  1.16%  3225 76335s
 2318619 1690437     cutoff  145         8.92748    8.82363  1.16%  3221 76375s
 2322050 1693180    8.86666  183 1923    8.92748    8.82364  1.16%  3219 76419s
 2325296 1696201    8.88356  209 1883    8.92748    8.82364  1.16%  3217 76459s
 2328754 1703034    8.92335  302 1461    8.92748    8.82364  1.16%  3215 76570s
 2337116 1704234    8.90307   30 3220    8.92748    8.82367  1.16%  3210 76615s
 2338636 1706700     cutoff   31         8.92748    8.82367  1.16%  3209 76665s
 2341782 1709814    8.91040  251 1515    8.92748    8.82367  1.16%  3208 76720s
 2345333 1715416    8.91330  239 1798    8.92748    8.82368  1.16%  3206 76776s
 2351644 1717465    8.92698  224 1787    8.92748    8.82369  1.16%  3201 76818s
 2354510 1719584    8.88212  189 1978    8.92748    8.82370  1.16%  3199 76859s
 2357108 1721927    8.87373  190 2092    8.92748    8.82371  1.16%  3199 76901s
 2360098 1727569    8.84448  170 2030    8.92748    8.82371  1.16%  3197 77010s
 2367749 1730431    8.86682  183 1992    8.92748    8.82373  1.16%  3195 77065s
 2371204 1734053    8.90368  211 1547    8.92748    8.82373  1.16%  3193 77114s
 2375605 1736262    8.92598  246 1499    8.92748    8.82373  1.16%  3190 77163s
 2378391 1738475 infeasible  263         8.92748    8.82373  1.16%  3189 77209s
 2381444 1740673    8.88240  196 2120    8.92748    8.82373  1.16%  3188 77263s
 2384655 1742925    8.86265  194 2012    8.92748    8.82373  1.16%  3187 77310s
 2387681 1745160    8.88203  199 2021    8.92748    8.82376  1.16%  3186 77367s
 2390714 1751971    8.90177  209 1763    8.92748    8.82376  1.16%  3185 77474s
 2399102 1754550    8.90400  226 1735    8.92748    8.82376  1.16%  3180 77518s
 2402297 1756966    8.89447  214 1922    8.92748    8.82378  1.16%  3179 77561s
 2405373 1760222     cutoff  151         8.92748    8.82379  1.16%  3178 77608s
 2409549 1762565    8.88274  191 1752    8.92748    8.82379  1.16%  3175 77657s
 2412621 1764073    8.89269  210 1654    8.92748    8.82380  1.16%  3174 77702s
 2414573 1767637    8.91035  228 1648    8.92748    8.82381  1.16%  3174 77750s
 2418901 1769630    8.84709  171 1984    8.92748    8.82381  1.16%  3171 77801s
 2421843 1775710     cutoff  262         8.92748    8.82382  1.16%  3170 77907s
 2429553 1778510    8.83055  162 1922    8.92748    8.82382  1.16%  3167 77958s
 2433148 1781801     cutoff  195         8.92748    8.82382  1.16%  3165 78007s
 2437229 1784358    8.82593  151 2053    8.92748    8.82384  1.16%  3163 78057s
 2440538 1786614     cutoff  292         8.92748    8.82386  1.16%  3161 78099s
 2443424 1788953     cutoff   32         8.92748    8.82386  1.16%  3160 78144s
 2446229 1791804     cutoff   32         8.92748    8.82387  1.16%  3159 78191s
 2449979 1793761     cutoff  149         8.92748    8.82387  1.16%  3157 78240s
 2452920 1799963    8.88737  196 2012    8.92748    8.82387  1.16%  3156 78354s
 2460527 1802899    8.88849  195 1747    8.92748    8.82388  1.16%  3153 78409s
 2464186 1806256    8.87729   30 3919    8.92748    8.82389  1.16%  3151 78455s
 2468361 1809029    8.88011  200 1970    8.92748    8.82389  1.16%  3148 78498s
 2471744 1812485    8.87017  183 2019    8.92748    8.82389  1.16%  3147 78546s
 2475551 1816815     cutoff  154         8.92748    8.82389  1.16%  3144 78587s
 2480333 1819648    8.92572  230 1751    8.92748    8.82389  1.16%  3140 78626s
 2483760 1826396    8.87865   37 3796    8.92748    8.82392  1.16%  3138 78736s
 2491854 1829176    8.88820   47 3478    8.92748    8.82393  1.16%  3135 78781s
 2495084 1832781    8.89107   48 3361    8.92748    8.82393  1.16%  3133 78832s
 2499362 1834909    8.87406  189 1973    8.92748    8.82394  1.16%  3130 78878s
 2502060 1838408    8.82538  149 2055    8.92748    8.82394  1.16%  3129 78926s
 2505997 1841231    8.88011  198 1712    8.92748    8.82394  1.16%  3126 78968s
 2509432 1843257    8.89640  231 1611    8.92748    8.82396  1.16%  3125 79017s
 2511934 1846056    8.89816  236 1557    8.92748    8.82396  1.16%  3123 79062s
 2515292 1852096    8.82868  146 2139    8.92748    8.82397  1.16%  3122 79168s
 2522929 1854505    8.85416  176 2137    8.92748    8.82398  1.16%  3119 79217s
 2525929 1858459 infeasible  151         8.92748    8.82399  1.16%  3118 79266s
 2530433 1862044    8.83056  152 1944    8.92748    8.82400  1.16%  3115 79317s
 2534659 1864635    8.90919  251 1527    8.92748    8.82400  1.16%  3112 79360s
 2537874 1867046    8.88140  204 2050    8.92748    8.82400  1.16%  3111 79408s
 2540896 1869767    8.86671  186 2231    8.92748    8.82402  1.16%  3109 79453s
 2544208 1875374     cutoff  214         8.92748    8.82403  1.16%  3108 79563s
 2551461 1878450    8.90569  232 1539    8.92748    8.82403  1.16%  3105 79613s
 2555251 1880706    8.87919  198 1981    8.92748    8.82404  1.16%  3103 79664s
 2558073 1882860    8.89790  222 1752    8.92748    8.82405  1.16%  3102 79716s
 2560820 1885322     cutoff  148         8.92748    8.82406  1.16%  3101 79766s
 2564130 1888264     cutoff  155         8.92748    8.82407  1.16%  3100 79818s
 2567836 1891532    8.89361  203 1912    8.92748    8.82408  1.16%  3099 79868s
 2571862 1894326    8.88731  204 2011    8.92748    8.82408  1.16%  3097 79915s
 2575565 1899588    8.85317  162 2029    8.92748    8.82408  1.16%  3095 80018s
 2582488 1902819    8.92437  226 1602    8.92748    8.82409  1.16%  3093 80074s
 2586599 1905293    8.87384  189 1769    8.92748    8.82409  1.16%  3091 80121s
 2589944 1908050    8.85665  178 2055    8.92748    8.82409  1.16%  3090 80167s
 2593221 1912128    8.87660  196 1906    8.92748    8.82411  1.16%  3089 80222s
 2597822 1915380    8.92528  283 1381    8.92748    8.82411  1.16%  3086 80268s
 2601731 1916304    8.91255  232 1776    8.92748    8.82411  1.16%  3084 80308s
H2602932 1907544                       8.9263678    8.82411  1.15%  3083 80308s
 2603028 1910106     cutoff  263         8.92637    8.82411  1.15%  3083 80355s
H2603171 1910106                       8.9263678    8.82411  1.15%  3083 80355s
H2603270 1910106                       8.9263678    8.82411  1.15%  3083 80355s
H2603757 1910106                       8.9263677    8.82411  1.15%  3083 80355s
H2606220 1916612                       8.9263677    8.82411  1.15%  3082 80463s
H2607321 1909217                       8.9259349    8.82411  1.14%  3082 80463s
H2607952 1902472                       8.9256418    8.82411  1.14%  3081 80463s
H2610017 1871032                       8.9245843    8.82413  1.13%  3080 80463s
H2610997 1813784                       8.9230722    8.82413  1.11%  3080 80464s
H2611995 1794767                       8.9225952    8.82413  1.10%  3079 80464s
 2614265 1796943     cutoff  268         8.92260    8.82414  1.10%  3078 80507s
 2617345 1799086    8.82494  157 1984    8.92260    8.82415  1.10%  3077 80557s
 2620142 1801906     cutoff  272         8.92260    8.82416  1.10%  3076 80607s
H2622841 1801830                       8.9225933    8.82416  1.10%  3076 80607s
H2623594 1804944                       8.9225933    8.82416  1.10%  3075 80653s
H2625850 1804944                       8.9225933    8.82416  1.10%  3074 80653s
 2627355 1808691    8.83223  155 2001    8.92259    8.82416  1.10%  3074 80698s
H2627504 1808688                       8.9225932    8.82416  1.10%  3073 80698s
H2630934 1808686                       8.9225932    8.82416  1.10%  3071 80698s
 2631806 1810809    8.83559  154 2037    8.92259    8.82417  1.10%  3071 80738s
 2634829 1812607    8.84801  171 2029    8.92259    8.82418  1.10%  3070 80791s
 2637304 1818327     cutoff  145         8.92259    8.82418  1.10%  3069 80892s
 2644669 1818480    8.86712  186 2135    8.92259    8.82420  1.10%  3067 81003s
 2644928 1818996    8.86833  187 2100    8.92259    8.82420  1.10%  3067 81050s
H2644934 1818994                       8.9225931    8.82420  1.10%  3067 81050s
 2645585 1821919    8.88090  204 2057    8.92259    8.82420  1.10%  3067 81107s
 2649367 1825101    8.86288  179 2118    8.92259    8.82422  1.10%  3066 81161s
 2653488 1827433    8.91286  207 1928    8.92259    8.82423  1.10%  3064 81221s
 2656645 1829877    8.89249  204 2013    8.92259    8.82423  1.10%  3063 81278s
 2659754 1832800    8.90517  210 1866    8.92259    8.82423  1.10%  3063 81334s
 2663456 1836297     cutoff   35         8.92259    8.82424  1.10%  3061 81387s
 2667378 1842897    8.90281   36 3182    8.92259    8.82425  1.10%  3060 81488s
 2675674 1845086    8.88025  207 1965    8.92259    8.82426  1.10%  3056 81530s
 2678553 1846747    8.85870  181 2208    8.92259    8.82427  1.10%  3055 81575s
 2680935 1848946     cutoff  229         8.92259    8.82427  1.10%  3055 81621s
 2683732 1851316    8.88179  201 2099    8.92259    8.82428  1.10%  3054 81670s
 2686933 1853827    8.82776  157 1920    8.92259    8.82430  1.10%  3053 81720s
 2690135 1857317    8.84667  173 2114    8.92259    8.82430  1.10%  3052 81778s
 2694348 1859684    8.85342  175 2199    8.92259    8.82430  1.10%  3050 81829s
 2697348 1863939     cutoff  262         8.92259    8.82431  1.10%  3049 81929s
 2703178 1866885    8.87860  194 2114    8.92259    8.82433  1.10%  3048 81988s
 2707004 1869546    8.82832  152 2094    8.92259    8.82433  1.10%  3047 82042s
 2710386 1872231     cutoff  230         8.92259    8.82433  1.10%  3046 82094s
 2713857 1874298    8.87295  194 1987    8.92259    8.82433  1.10%  3045 82150s
 2717037 1876766     cutoff  163         8.92259    8.82435  1.10%  3045 82205s
 2720260 1879693    8.88214  191 1788    8.92259    8.82436  1.10%  3044 82263s
 2724150 1882990    8.83209  157 2031    8.92259    8.82436  1.10%  3044 82321s
 2728222 1888685     cutoff  179         8.92259    8.82437  1.10%  3042 82425s
 2735570 1890349    8.91736   33 3755    8.92259    8.82437  1.10%  3039 82477s
 2738080 1892294     cutoff   34         8.92259    8.82438  1.10%  3039 82531s
 2740686 1894424     cutoff   33         8.92259    8.82438  1.10%  3039 82583s
 2743593 1897816    8.87709  189 1836    8.92259    8.82440  1.10%  3039 82637s
 2747909 1899786    8.92142  302 1510    8.92259    8.82440  1.10%  3037 82688s
 2750480 1903370     cutoff  229         8.92259    8.82440  1.10%  3037 82738s
 2754854 1906090    8.90745  228 1865    8.92259    8.82440  1.10%  3035 82794s
 2758350 1914458 infeasible   29         8.92259    8.82440  1.10%  3034 82894s
 2767945 1917724    8.90513  215 1905    8.92259    8.82440  1.10%  3029 82933s
 2771588 1919980    8.85146  165 1992    8.92259    8.82443  1.10%  3026 82970s
 2774311 1921902    8.89520  237 1610    8.92259    8.82443  1.10%  3025 83009s
H2774572 1921902                       8.9225931    8.82443  1.10%  3025 83009s
 2776491 1924561    8.91224  307 1546    8.92259    8.82444  1.10%  3024 83051s
H2777436 1924561                       8.9225930    8.82444  1.10%  3024 83052s
 2779833 1927127    8.92072  364 1446    8.92259    8.82444  1.10%  3023 83092s
 2782996 1929564    8.87669  207 2024    8.92259    8.82444  1.10%  3021 83135s
H2783230 1929561                       8.9225930    8.82444  1.10%  3021 83135s
H2784255 1929561                       8.9225930    8.82444  1.10%  3021 83136s
 2785790 1932249    8.89751  223 1872    8.92259    8.82444  1.10%  3020 83180s
 2789028 1937143    8.89007  209 1866    8.92259    8.82444  1.10%  3018 83288s
H2794748 1937115                       8.9225924    8.82446  1.10%  3017 83288s
 2795322 1939937    8.86821  181 2079    8.92259    8.82446  1.10%  3017 83342s
 2798806 1944162    8.85096  176 2149    8.92259    8.82447  1.10%  3016 83395s
H2798946 1944161                       8.9225924    8.82447  1.10%  3016 83395s
H2800621 1944160                       8.9225924    8.82447  1.10%  3015 83396s
 2803875 1947008    8.87591  198 2043    8.92259    8.82448  1.10%  3013 83441s
H2807134 1947008                       8.9225924    8.82448  1.10%  3012 83441s
 2807406 1949473     cutoff  271         8.92259    8.82448  1.10%  3012 83487s
 2810720 1951922    8.86556  187 1866    8.92259    8.82449  1.10%  3011 83532s
 2813819 1955646    8.89154  248 1599    8.92259    8.82450  1.10%  3010 83577s
 2818228 1961080    8.87553  191 2069    8.92259    8.82450  1.10%  3008 83680s
 2825454 1963188     cutoff  252         8.92259    8.82452  1.10%  3006 83724s
H2828291 1963184                       8.9225923    8.82452  1.10%  3005 83724s
 2828299 1966106    8.86637  186 2037    8.92259    8.82452  1.10%  3005 83772s
H2831809 1970226                       8.9225923    8.82454  1.10%  3004 83820s
H2833882 1970225                       8.9225922    8.82454  1.10%  3002 83821s
 2836717 1972882    8.83563  169 1903    8.92259    8.82454  1.10%  3001 83864s
H2837031 1972882                       8.9225922    8.82454  1.10%  3001 83865s
H2838730 1972879                       8.9225921    8.82454  1.10%  3000 83865s
 2839820 1974444    8.87561  203 1991    8.92259    8.82454  1.10%  3000 83910s
 2842096 1977300    8.89646  228 1742    8.92259    8.82454  1.10%  3000 83957s
 2845678 1979833    8.82802  153 2037    8.92259    8.82454  1.10%  2998 84001s
 2848924 1987770    8.82939  149 2034    8.92259    8.82455  1.10%  2997 84112s
 2858339 1989312    8.90958  261 1657    8.92259    8.82455  1.10%  2993 84155s
 2860505 1991227     cutoff  299         8.92259    8.82455  1.10%  2992 84195s
 2862986 1993753    8.88639  200 2040    8.92259    8.82457  1.10%  2992 84237s
 2866184 1996395    8.85521  178 2036    8.92259    8.82457  1.10%  2991 84279s
 2869235 1999922    8.87723  216 1838    8.92259    8.82457  1.10%  2990 84323s
 2873296 2002861    8.90331  293 1637    8.92259    8.82459  1.10%  2988 84365s
 2876883 2004962     cutoff  147         8.92259    8.82459  1.10%  2986 84404s
 2879688 2011717    8.92032  237 1754    8.92259    8.82459  1.10%  2985 84509s
 2887666 2016266    8.85131  175 2130    8.92259    8.82461  1.10%  2982 84552s
 2892695 2018593    8.87060  188 1999    8.92259    8.82461  1.10%  2979 84596s
 2895514 2022037    8.87641  193 1985    8.92259    8.82461  1.10%  2978 84633s
 2899407 2024759    8.89554  218 1651    8.92259    8.82461  1.10%  2976 84675s
 2902690 2026896    8.91904  250 1618    8.92259    8.82461  1.10%  2975 84716s
 2905219 2029371    8.83010  151 2256    8.92259    8.82462  1.10%  2974 84755s
 2908136 2031770    8.88016  199 2072    8.92259    8.82463  1.10%  2972 84794s
 2910949 2038473    8.87053  192 2012    8.92259    8.82463  1.10%  2972 84893s
 2918868 2040614     cutoff   40         8.92259    8.82465  1.10%  2968 84936s
 2921653 2042979     cutoff  239         8.92259    8.82465  1.10%  2968 84980s
 2924614 2045625     cutoff  208         8.92259    8.82465  1.10%  2967 85026s
 2927894 2048284    8.88575  202 1975    8.92259    8.82466  1.10%  2966 85080s
 2931342 2050993    8.84902  174 1994    8.92259    8.82466  1.10%  2965 85132s
 2934982 2053475     cutoff  155         8.92259    8.82467  1.10%  2963 85178s
 2938226 2055274    8.86816  193 1830    8.92259    8.82468  1.10%  2962 85225s
 2940433 2062692    8.87810  206 1923    8.92259    8.82468  1.10%  2962 85331s
 2949246 2064433    8.90918  232 1594    8.92259    8.82469  1.10%  2958 85372s
 2951672 2066554    8.88225  199 1891    8.92259    8.82469  1.10%  2957 85418s
 2954652 2068704    8.84041  165 2127    8.92259    8.82470  1.10%  2956 85461s
 2957440 2072332    8.86570  187 2144    8.92259    8.82471  1.10%  2956 85504s
 2961658 2075523    8.90049  238 1626    8.92259    8.82471  1.10%  2954 85549s
 2965544 2077990     cutoff  142         8.92259    8.82472  1.10%  2952 85590s
 2968700 2079758    8.85040  176 2224    8.92259    8.82472  1.10%  2951 85632s
 2971130 2085137    8.87589  196 2056    8.92259    8.82473  1.10%  2951 85726s
 2977977 2087811    8.92105  274 1341    8.92259    8.82474  1.10%  2949 85774s
 2981294 2090669    8.90259  208 2066    8.92259    8.82474  1.10%  2948 85822s
 2984897 2092943    8.88212  197 2079    8.92259    8.82475  1.10%  2947 85868s
 2987975 2095947    8.85370  177 2162    8.92259    8.82475  1.10%  2946 85919s
 2991587 2098599    8.90539  252 1744    8.92259    8.82475  1.10%  2944 85973s
 2995014 2100716    8.91266  226 1747    8.92259    8.82477  1.10%  2943 86025s
 2997834 2103063    8.91042  226 1846    8.92259    8.82477  1.10%  2943 86073s
 3000567 2110284    8.87703  202 1861    8.92259    8.82477  1.10%  2943 86167s
 3009165 2112467    8.88181  202 1973    8.92259    8.82478  1.10%  2939 86211s
 3011799 2114874    8.91922  263 1688    8.92259    8.82479  1.10%  2938 86255s
 3014722 2118236    8.88954  211 1841    8.92259    8.82479  1.10%  2937 86297s
 3018614 2121114    8.88528  201 1902    8.92259    8.82479  1.10%  2936 86340s
 3021998 2123827    8.87366  192 2220    8.92259    8.82480  1.10%  2934 86379s
 3025321 2126299    8.83280  153 2103    8.92259    8.82480  1.10%  2933 86420s
 3028362 2129178    8.85537  173 2086    8.92259    8.82481  1.10%  2932 86462s
 3031978 2135761     cutoff  196         8.92259    8.82481  1.10%  2931 86563s
 3039944 2139378    8.89705  224 1813    8.92259    8.82482  1.10%  2928 86604s
 3044075 2141650    8.83326  153 2095    8.92259    8.82483  1.10%  2926 86648s
 3046976 2143524    8.90371  218 1880    8.92259    8.82483  1.10%  2925 86689s
 3049548 2145602    8.85862  182 1974    8.92259    8.82483  1.10%  2925 86732s
 3052228 2148682    8.87490  203 1960    8.92259    8.82483  1.10%  2925 86773s
 3056067 2150789    8.90169  256 1645    8.92259    8.82484  1.10%  2923 86818s
 3058680 2152746    8.92223  314 1583    8.92259    8.82484  1.10%  2922 86871s
 3061472 2158582    8.86580  186 1917    8.92259    8.82485  1.10%  2922 86967s
 3068677 2160753    8.87267  190 2034    8.92259    8.82486  1.10%  2919 87012s
 3071535 2162962    8.82936  154 1946    8.92259    8.82487  1.10%  2919 87058s
 3074405 2165698     cutoff  242         8.92259    8.82487  1.10%  2918 87106s
 3077792 2167889    8.91986  283 1739    8.92259    8.82487  1.10%  2917 87157s
 3080626 2170437     cutoff   42         8.92259    8.82488  1.10%  2917 87215s
 3083881 2173756    8.87669  199 2074    8.92259    8.82488  1.10%  2916 87265s
 3087823 2177653    8.88060   34 3173    8.92259    8.82489  1.10%  2915 87314s
 3092559 2182221    8.82840  158 2052    8.92259    8.82489  1.10%  2913 87410s
 3098349 2186455     cutoff  190         8.92259    8.82489  1.10%  2912 87471s
 3103424 2190500    8.88341  198 1748    8.92259    8.82489  1.09%  2910 87518s
 3108258 2194029    8.90417  232 1657    8.92259    8.82490  1.09%  2908 87559s
 3112640 2195829     cutoff  264         8.92259    8.82491  1.09%  2906 87599s
H3114138 2195829                       8.9225921    8.82491  1.09%  2905 87599s
 3114985 2197634    8.87495   37 3274    8.92259    8.82491  1.09%  2905 87637s
 3117466 2199818    8.85463  172 2295    8.92259    8.82491  1.09%  2905 87678s
 3120112 2201863    8.82931  157 1953    8.92259    8.82491  1.09%  2904 87721s
 3122896 2206570    8.82734  160 2042    8.92259    8.82493  1.09%  2904 87812s
 3129249 2209386    8.91987  248 1746    8.92259    8.82494  1.09%  2902 87860s
 3132831 2212441    8.88699  211 2049    8.92259    8.82494  1.09%  2902 87914s
 3136511 2215145    8.92098  244 1689    8.92259    8.82494  1.09%  2901 87960s
