

Running optimization for annual production of 2398 AF...
2026-08-21 14:22:51 [INFO] idaes.core.surrogate.pysmo_surrogate: Decode surrogate. type=poly

===========================Polynomial Regression===============================================

The number of cross-validation cases (3) is used.
The default training/cross-validation split of 0.75 is used.
No iterations will be run.
Default parameter estimation method is used.
Parameter estimation method:  pyomo 

2026-08-21 14:22:51 [INFO] idaes.core.surrogate.pysmo_surrogate: Decode surrogate. type=poly

===========================Polynomial Regression===============================================

The number of cross-validation cases (3) is used.
The default training/cross-validation split of 0.75 is used.
No iterations will be run.
Default parameter estimation method is used.
Parameter estimation method:  pyomo 

2026-08-21 14:22:51 [INFO] idaes.core.surrogate.pysmo_surrogate: Decode surrogate. type=poly

===========================Polynomial Regression===============================================

The number of cross-validation cases (3) is used.
The default training/cross-validation split of 0.75 is used.
No iterations will be run.
Default parameter estimation method is used.
Parameter estimation method:  pyomo 

2026-08-21 14:22:51 [INFO] idaes.core.surrogate.pysmo_surrogate: Decode surrogate. type=poly

===========================Polynomial Regression===============================================

The number of cross-validation cases (3) is used.
The default training/cross-validation split of 0.75 is used.
No iterations will be run.
Default parameter estimation method is used.
Parameter estimation method:  pyomo 

2026-08-21 14:22:53 [INFO] idaes.apps.grid_integration.pricetaker.price_taker_model: Found minimum uptime/downtime data for pretreatment.uf_pumps[1] - Adding minimum uptime/downtime constraints.
2026-08-21 14:22:53 [INFO] idaes.apps.grid_integration.pricetaker.price_taker_model: Created startup/shutdown constraints for operation model  pretreatment.uf_pumps[1] at uf_pumps_1_startup_shutdown.
2026-08-21 14:22:53 [INFO] idaes.apps.grid_integration.pricetaker.price_taker_model: Found minimum uptime/downtime data for pretreatment.uf_pumps[2] - Adding minimum uptime/downtime constraints.
2026-08-21 14:22:53 [INFO] idaes.apps.grid_integration.pricetaker.price_taker_model: Created startup/shutdown constraints for operation model  pretreatment.uf_pumps[2] at uf_pumps_2_startup_shutdown.
2026-08-21 14:22:53 [INFO] idaes.apps.grid_integration.pricetaker.price_taker_model: Found minimum uptime/downtime data for pretreatment.uf_pumps[3] - Adding minimum uptime/downtime constraints.
2026-08-21 14:22:53 [INFO] idaes.apps.grid_integration.pricetaker.price_taker_model: Created startup/shutdown constraints for operation model  pretreatment.uf_pumps[3] at uf_pumps_3_startup_shutdown.
2026-08-21 14:22:53 [INFO] idaes.apps.grid_integration.pricetaker.price_taker_model: Found minimum uptime/downtime data for reverse_osmosis.ro_skid[1] - Adding minimum uptime/downtime constraints.
2026-08-21 14:22:53 [INFO] idaes.apps.grid_integration.pricetaker.price_taker_model: Created startup/shutdown constraints for operation model  reverse_osmosis.ro_skid[1] at ro_skid_1_startup_shutdown.
2026-08-21 14:22:53 [INFO] idaes.apps.grid_integration.pricetaker.price_taker_model: Found minimum uptime/downtime data for reverse_osmosis.ro_skid[2] - Adding minimum uptime/downtime constraints.
2026-08-21 14:22:53 [INFO] idaes.apps.grid_integration.pricetaker.price_taker_model: Created startup/shutdown constraints for operation model  reverse_osmosis.ro_skid[2] at ro_skid_2_startup_shutdown.
2026-08-21 14:22:53 [INFO] idaes.apps.grid_integration.pricetaker.price_taker_model: Found minimum uptime/downtime data for reverse_osmosis.ro_skid[3] - Adding minimum uptime/downtime constraints.
2026-08-21 14:22:53 [INFO] idaes.apps.grid_integration.pricetaker.price_taker_model: Created startup/shutdown constraints for operation model  reverse_osmosis.ro_skid[3] at ro_skid_3_startup_shutdown.
2026-08-21 14:22:53 [INFO] idaes.apps.grid_integration.pricetaker.price_taker_model: Found minimum uptime/downtime data for reverse_osmosis.ro_skid[4] - Adding minimum uptime/downtime constraints.
2026-08-21 14:22:53 [INFO] idaes.apps.grid_integration.pricetaker.price_taker_model: Created startup/shutdown constraints for operation model  reverse_osmosis.ro_skid[4] at ro_skid_4_startup_shutdown.
4244
Set parameter TokenServer to value "10.60.1.73"
Set parameter LogToConsole to value 1
Set parameter MIPGap to value 0.01
Gurobi Optimizer version 12.0.3 build v12.0.3rc0 (linux64 - "Red Hat Enterprise Linux 8.8 (Ootpa)")

CPU model: Intel(R) Xeon(R) Platinum 8470QL, instruction set [SSE2|AVX|AVX2|AVX512]
Thread count: 104 physical cores, 104 logical processors, using up to 32 threads

Non-default parameters:
MIPGap  0.01

Optimize a model with 18239 rows, 16467 columns and 50129 nonzeros
Model fingerprint: 0xee36baa7
Model has 168 quadratic objective terms
Model has 2352 quadratic constraints
Variable types: 11259 continuous, 5208 integer (5208 binary)
Coefficient statistics:
  Matrix range     [5e-04, 2e+03]
  QMatrix range    [2e-07, 1e+00]
  QLMatrix range   [3e-04, 1e+00]
  Objective range  [7e-06, 1e-03]
  QObjective range [2e-04, 2e-04]
  Bounds range     [9e-01, 1e+03]
  RHS range        [5e-02, 2e+05]
  QRHS range       [3e-01, 3e-01]
Presolve removed 15125 rows and 13988 columns
Presolve time: 0.07s
Presolved: 5706 rows, 2624 columns, 15550 nonzeros
Presolved model has 96 SOS constraint(s)
Presolved model has 660 bilinear constraint(s)

Solving non-convex MIQCP

Variable types: 1611 continuous, 1013 integer (1013 binary)
Found heuristic solution: objective 3.7161630

Root relaxation: unbounded, 0 iterations, 0.00 seconds (0.00 work units)

    Nodes    |    Current Node    |     Objective Bounds      |     Work
 Expl Unexpl |  Obj  Depth IntInf | Incumbent    BestBd   Gap | It/Node Time

     0     2  postponed    0         3.71616          -      -     -    0s
   376   591  postponed   12         3.71616          -      -  2063    6s
H  937  1236                       3.4989896          -      -  1092    8s
H 1677  1236                       3.3750537          -      -   774    8s
H 1926  2725                       3.3750537          -      -   715   10s
H 1994  2725                       3.2877214          -      -   697   10s
H 2437  2725                       3.2133467          -      -   651   10s
H 2443  2725                       3.1726378          -      -   650   10s
H 3883  3528                       3.1697783          -      -   525   12s
H 3883  3523                       3.1502557          -      -   525   12s
H 4685  3523                       3.1497978          -      -   491   12s
H 5192  3523                       3.1480457          -      -   470   12s
  6973  5363 infeasible   25         3.14805          -      -   443   16s
H 7010  5362                       3.1477567          -      -   441   16s
H 7042  5089                       3.0913913          -      -   442   16s
H 7287  5042                       3.0819163          -      -   440   16s
H 8056  4751                       3.0799163    1.55400  49.5%   438   18s
  8058  4752    2.85813  222  731    3.07992    2.49684  18.9%   438   20s
H 8059  4516                       3.0799163    2.55842  16.9%   438   21s
H 8063  4292                       3.0772252    2.58419  16.0%   438   24s
  8065  4294    2.93057  122  787    3.07723    2.58564  16.0%   438   25s
H 8068  4081                       3.0649527    2.58862  15.5%   437   27s
H 8070  3877                       3.0645393    2.58892  15.5%   437   28s
H 8073  3685                       3.0645393    2.59459  15.3%   437   30s
H 8073  3500                       3.0632706    2.59459  15.3%   437   30s
H 8073  3325                       3.0631488    2.59459  15.3%   437   30s
H 8073  3158                       3.0617084    2.59459  15.3%   437   30s
H 8078  3003                       3.0617084    2.59634  15.2%   437   32s
H 8079  2853                       3.0617084    2.59688  15.2%   437   32s
  8087  2858    3.00494  217  728    3.06171    2.59714  15.2%   436   36s
  8089  2863    2.61881   12 1339    3.06171    2.59714  15.2%   445   59s
  8091  2866    2.62350   13 1316    3.06171    2.61627  14.5%   445   62s
  8095  2873    2.66880   14 1087    3.06171    2.62050  14.4%   447   65s
H 8131  2766                       3.0612163    2.62078  14.4%   463   69s
  8151  2791    2.90124   17  605    3.06122    2.62085  14.4%   468   70s
  8297  2872    2.62799   18 1199    3.06122    2.62133  14.4%   507   75s
H 8404  2751                       3.0605845    2.62133  14.4%   528   76s
H 8440  2610                       3.0588127    2.62133  14.3%   531   76s
  8557  2644    2.64115   20 1174    3.05881    2.62799  14.1%   549   82s
H 8572  2516                       3.0581808    2.62799  14.1%   550   82s
  8708  2538    2.68948   19 1095    3.05818    2.62799  14.1%   577   85s
H 8711  2420                       3.0529170    2.62799  13.9%   577   85s
H 8927  2348                       3.0501832    2.62799  13.8%   600   89s
  8929  2399    2.75465   25  978    3.05018    2.62799  13.8%   600   91s
H 9013  2326                       3.0498007    2.62799  13.8%   609   92s
H 9024  2222                       3.0497069    2.62799  13.8%   610   92s
H 9044  2120                       3.0496312    2.62799  13.8%   611   92s
H 9071  2020                       3.0492415    2.62799  13.8%   617   92s
H 9073  1934                       3.0321795    2.62799  13.3%   618   92s
H 9170  1867                       3.0219967    2.62799  13.0%   625   94s
H 9173  1850                       3.0206795    2.62799  13.0%   625   95s
H 9188  1772                       3.0205515    2.62799  13.0%   626   95s
H 9198  1699                       3.0205234    2.62799  13.0%   628   95s
H 9369  1713                       3.0195064    2.65190  12.2%   642   98s
H 9376  1648                       3.0188167    2.65190  12.2%   642   98s
H 9401  1579                       2.9529337    2.65568  10.1%   646   98s
  9452  1575    2.88496   34  697    2.95293    2.65568  10.1%   653  100s
H 9595  1518                       2.9509128    2.65568  10.0%   667  101s
H 9604  1461                       2.9508009    2.65956  9.87%   669  101s
H 9761  1526                       2.9498324    2.66349  9.71%   688  105s
H 9778  1472                       2.9498247    2.66349  9.71%   689  105s
H 9807  1416                       2.9497806    2.66349  9.71%   689  105s
H 9832  1364                       2.9487125    2.66349  9.67%   689  105s
H10029  1446                       2.9485753    2.66349  9.67%   704  108s
H10046  1400                       2.9475159    2.66349  9.64%   703  108s
 10157  1490     cutoff   41         2.94752    2.66349  9.64%   712  111s
H10370  1566                       2.9466988    2.66349  9.61%   717  112s
 10739  1940    2.73461   21  999    2.94670    2.66349  9.61%   725  115s
H10770  1940                       2.9445609    2.66349  9.55%   724  115s
H11059  1927                       2.9434408    2.68854  8.66%   728  117s
H11401  1910                       2.9434408    2.68944  8.63%   735  119s
 11534  2032    2.90186   27  873    2.94344    2.68944  8.63%   739  121s
H11800  2204                       2.9434408    2.69107  8.57%   747  123s
H11857  2188                       2.9424384    2.69107  8.54%   753  123s
 12031  2383    2.84554   24 1001    2.94244    2.69191  8.51%   757  125s
H12165  2383                       2.9424384    2.69198  8.51%   761  125s
H12448  2704                       2.9424382    2.69198  8.51%   765  127s
 13148  3539    2.93556   44  656    2.94244    2.69198  8.51%   759  130s
H13697  3705                       2.9377677    2.69198  8.37%   755  132s
H13975  3702                       2.9376869    2.69198  8.36%   751  132s
H14166  3591                       2.9306869    2.69198  8.15%   747  134s
H14556  3591                       2.9306867    2.69994  7.87%   745  134s
 14591  3647    2.79299   23 1025    2.93069    2.69994  7.87%   747  136s
H14595  1826                       2.8653789    2.69994  5.77%   747  136s
H14610  1826                       2.8238045    2.69994  4.39%   748  136s
H14691  1749                       2.8228045    2.69994  4.35%   746  138s
 14972  1826     cutoff   25         2.82280    2.69994  4.35%   755  140s
H14999  1826                       2.8228045    2.69994  4.35%   756  140s
H15026  1826                       2.8228044    2.69994  4.35%   759  140s
H15203  1826                       2.8228044    2.69994  4.35%   763  140s
H15577  1998                       2.8227461    2.70221  4.27%   767  142s
H15777  2126                       2.8227461    2.70221  4.27%   768  144s
H15940  2126                       2.8223094    2.70221  4.26%   768  144s
 16286  2211    2.73709   44  698    2.82231    2.70221  4.26%   769  146s
H16398  2211                       2.8223094    2.70296  4.23%   768  146s
H16454  2211                       2.8214437    2.70296  4.20%   767  146s
H17752  3313                       2.8214437    2.70296  4.20%   750  150s
H17911  3313                       2.8214437    2.70777  4.03%   745  150s
H18100  3199                       2.8173675    2.70777  3.89%   741  150s
H18171  3185                       2.8166762    2.71210  3.71%   739  150s
H18656  4133                       2.8146762    2.71377  3.59%   730  152s
H18656  4133                       2.8146722    2.71377  3.58%   730  152s
H19945  4290                       2.8146722    2.71377  3.58%   704  154s
H19961  2792                       2.7963882    2.71377  2.95%   703  154s
H20089  2339                       2.7824018    2.71377  2.47%   700  154s
H20129  2262                       2.7794397    2.71377  2.36%   699  154s
 20179  2979    2.75608  223  478    2.77944    2.71377  2.36%   698  156s
H20278  2979                       2.7794395    2.71377  2.36%   695  156s
H20359  2979                       2.7794391    2.71377  2.36%   693  156s
H20441  2950                       2.7784479    2.71377  2.33%   693  156s
H21755  3790                       2.7784479    2.71562  2.26%   671  158s
H21871  3789                       2.7784397    2.71562  2.26%   670  158s
 22641  4821    2.75952  279  444    2.77844    2.71562  2.26%   661  161s
H22732  4821                       2.7784394    2.71562  2.26%   658  161s
H23105  4821                       2.7784393    2.71894  2.14%   652  161s
H23413  4821                       2.7784391    2.71922  2.13%   653  161s
H24008  5767                       2.7784388    2.71922  2.13%   643  162s
H25141  5767                       2.7784386    2.71922  2.13%   629  162s
 25420  6869    2.76885  341  438    2.77844    2.71922  2.13%   626  165s
H25551  6869                       2.7784386    2.72113  2.06%   623  165s
H26834  6869                       2.7784386    2.72228  2.02%   611  165s
H26928  7901                       2.7784384    2.72228  2.02%   610  167s
H27040  7901                       2.7784382    2.72228  2.02%   609  167s
H27182  7901                       2.7784380    2.72228  2.02%   607  167s
H27226  7896                       2.7783533    2.72228  2.02%   607  167s
H27592  7896                       2.7783532    2.72228  2.02%   602  167s
H28525  9002                       2.7783531    2.72431  1.95%   593  169s
H28594  9002                       2.7783529    2.72431  1.95%   592  169s
H28625  9002                       2.7783528    2.72431  1.95%   593  169s
H28773  9002                       2.7783528    2.72488  1.92%   592  169s
H28961  9002                       2.7783525    2.72505  1.92%   589  169s
H30092 10383                       2.7783524    2.72505  1.92%   578  172s
H30092 10383                       2.7783522    2.72505  1.92%   578  172s
H30180 10383                       2.7783521    2.72505  1.92%   577  172s
H30370 10364                       2.7780950    2.72535  1.90%   576  172s
H30808 10364                       2.7780948    2.72584  1.88%   573  172s
H31060 10364                       2.7780947    2.72584  1.88%   572  172s
H32064 10364                       2.7780946    2.72587  1.88%   564  172s
H32298 11465                       2.7780946    2.72660  1.85%   564  174s
H32657 11465                       2.7780946    2.72698  1.84%   562  174s
 33468 12817    2.75437   98  528    2.77809    2.72698  1.84%   554  176s
 39300 17960     cutoff  220         2.77809    2.72698  1.84%   499  180s
H48088 23399                       2.7780945    2.72768  1.81%   430  186s
H48090 23399                       2.7780945    2.72768  1.81%   430  186s
H48348 23385                       2.7780919    2.72768  1.81%   428  186s
H49060 25328                       2.7780919    2.72768  1.81%   425  187s
H49465 25328                       2.7780919    2.72768  1.81%   422  187s
*50827 25043             934       2.7780407    2.72768  1.81%   412  187s
*50829 25041             935       2.7780407    2.72768  1.81%   412  187s
H51470 27158                       2.7780391    2.72819  1.79%   408  188s
H51672 27004                       2.7777364    2.72819  1.78%   407  188s
H53386 26445                       2.7766802    2.72819  1.75%   397  188s
H54036 27401                       2.7756802    2.72819  1.71%   393  190s
H56621 24407                       2.7718853    2.72843  1.57%   380  192s
H56891 24180                       2.7715761    2.72843  1.56%   379  192s
H58317 23768                       2.7711638    2.72843  1.54%   372  192s
H58715 21749                       2.7681638    2.72843  1.44%   370  193s
H58715 21749                       2.7681637    2.72843  1.44%   370  193s
H60545 24560                       2.7681276    2.72899  1.41%   363  197s
H61266 24509                       2.7680745    2.72899  1.41%   362  197s
H63048 24493                       2.7680586    2.72910  1.41%   357  197s
 64657 26551    2.73560   58  673    2.76806    2.72934  1.40%   354  200s
*65096 25638            1154       2.7674622    2.72934  1.38%   352  200s
*65876 23441            1244       2.7665145    2.72986  1.32%   349  200s
H67327 21288                       2.7655145    2.72986  1.29%   346  203s
H67327 20115                       2.7649559    2.72986  1.27%   346  203s
H67363 20070                       2.7649218    2.72999  1.26%   347  203s
H68240 20050                       2.7648949    2.72999  1.26%   345  203s
H69374 17886                       2.7618949    2.72999  1.16%   343  206s
H71580 18312                       2.7609105    2.73025  1.11%   340  208s
H72442 17932                       2.7605694    2.73025  1.10%   339  208s
 74059 19080    2.73852   56  586    2.76057    2.73066  1.08%   337  211s
H74192 18739                       2.7603094    2.73066  1.07%   337  211s
H74362 18739                       2.7603090    2.73080  1.07%   337  211s
H74551 18739                       2.7603089    2.73080  1.07%   337  211s
H75030 17724                       2.7595812    2.73080  1.04%   337  211s
H76931 18982                       2.7595223    2.73135  1.02%   337  214s
H78140 20217                       2.7592930    2.73146  1.01%   337  217s
H78251 20189                       2.7592724    2.73146  1.01%   337  217s
H78762 20163                       2.7592531    2.73156  1.00%   337  217s

Cutting planes:
  Learned: 122
  Gomory: 23
  Cover: 436
  Implied bound: 154
  Projected implied bound: 68
  Clique: 1
  MIR: 437
  Flow cover: 615
  GUB cover: 14
  Mod-K: 1
  RLT: 476
  Relax-and-lift: 136
  BQP: 9

Explored 80404 nodes (27104494 simplex iterations) in 217.51 seconds (452.88 work units)
Thread count was 32 (of 104 available processors)

Solution count 10: 2.75925 2.75927 2.75929 ... 2.76091

Optimal solution found (tolerance 1.00e-02)
Best objective 2.759253059568e+00, best bound 2.731696560500e+00, gap 0.9987%
m.flow_changes_penalty(): 240.0
Total operational cost: 27352.53
Maximum power (kW): 884.04
Discharge energy capacity (kWh): 148699.07
Charge energy capacity (kWh): 0.00
Levelized Cost of Flexibility ($/kWh): 0.55
{'fixed_demand_cost': 3893.279167561122, 'variable_demand_cost': 1394.54472520715, 'fixed_monthly_cost': 171938.17204301074, 'total_water_production': 56388.90430040865, 'total_energy_cost': 3492.072441241641, 'total_demand_cost': 5287.823892768272, 'total_customer_cost': 0.0, 'total_feed_cost': 10272.519814514655, 'total_brine_cost': 4291.834818999087, 'total_chemical_cost': 4008.2796281577935, 'total_water_revenue': 0.0, 'total_demand_response_revenue': 0.0, 'total_emissions_cost': 0.0, 'total_op_cost': 27352.53059568145, 'fixed_cost': 121551.98252688172, 'total_cost': 148904.51312256316, 'LCOW': 2.640670446960326, 'degree_of_flex': 0.0718562874251497, 'total_replacement_cost': 1420.0413193151237, 'maximum_power': 884.0422215707649, 'discharge_energy_capacity': 148699.06848605737, 'charge_energy_capacity': 0.0, 'discharge_power_capacity': 885.1135028931986, 'charge_power_capacity': nan, 'round_trip_efficiency': 0, 'LVOF': 0.553953894423535}
Saved operation variable results to: /home/rchurchi/watertap_test/watertap/tutorials/flex_ro/wrd_result_both_winter_2398AF.csv


Running optimization for annual production of 1798 AF...
2026-08-21 14:26:33 [INFO] idaes.core.surrogate.pysmo_surrogate: Decode surrogate. type=poly

===========================Polynomial Regression===============================================

The number of cross-validation cases (3) is used.
The default training/cross-validation split of 0.75 is used.
No iterations will be run.
Default parameter estimation method is used.
Parameter estimation method:  pyomo 

2026-08-21 14:26:33 [INFO] idaes.core.surrogate.pysmo_surrogate: Decode surrogate. type=poly

===========================Polynomial Regression===============================================

The number of cross-validation cases (3) is used.
The default training/cross-validation split of 0.75 is used.
No iterations will be run.
Default parameter estimation method is used.
Parameter estimation method:  pyomo 

2026-08-21 14:26:33 [INFO] idaes.core.surrogate.pysmo_surrogate: Decode surrogate. type=poly

===========================Polynomial Regression===============================================

The number of cross-validation cases (3) is used.
The default training/cross-validation split of 0.75 is used.
No iterations will be run.
Default parameter estimation method is used.
Parameter estimation method:  pyomo 

2026-08-21 14:26:33 [INFO] idaes.core.surrogate.pysmo_surrogate: Decode surrogate. type=poly

===========================Polynomial Regression===============================================

The number of cross-validation cases (3) is used.
The default training/cross-validation split of 0.75 is used.
No iterations will be run.
Default parameter estimation method is used.
Parameter estimation method:  pyomo 

2026-08-21 14:26:35 [INFO] idaes.apps.grid_integration.pricetaker.price_taker_model: Found minimum uptime/downtime data for pretreatment.uf_pumps[1] - Adding minimum uptime/downtime constraints.
2026-08-21 14:26:35 [INFO] idaes.apps.grid_integration.pricetaker.price_taker_model: Created startup/shutdown constraints for operation model  pretreatment.uf_pumps[1] at uf_pumps_1_startup_shutdown.
2026-08-21 14:26:35 [INFO] idaes.apps.grid_integration.pricetaker.price_taker_model: Found minimum uptime/downtime data for pretreatment.uf_pumps[2] - Adding minimum uptime/downtime constraints.
2026-08-21 14:26:35 [INFO] idaes.apps.grid_integration.pricetaker.price_taker_model: Created startup/shutdown constraints for operation model  pretreatment.uf_pumps[2] at uf_pumps_2_startup_shutdown.
2026-08-21 14:26:35 [INFO] idaes.apps.grid_integration.pricetaker.price_taker_model: Found minimum uptime/downtime data for pretreatment.uf_pumps[3] - Adding minimum uptime/downtime constraints.
2026-08-21 14:26:35 [INFO] idaes.apps.grid_integration.pricetaker.price_taker_model: Created startup/shutdown constraints for operation model  pretreatment.uf_pumps[3] at uf_pumps_3_startup_shutdown.
2026-08-21 14:26:35 [INFO] idaes.apps.grid_integration.pricetaker.price_taker_model: Found minimum uptime/downtime data for reverse_osmosis.ro_skid[1] - Adding minimum uptime/downtime constraints.
2026-08-21 14:26:35 [INFO] idaes.apps.grid_integration.pricetaker.price_taker_model: Created startup/shutdown constraints for operation model  reverse_osmosis.ro_skid[1] at ro_skid_1_startup_shutdown.
2026-08-21 14:26:35 [INFO] idaes.apps.grid_integration.pricetaker.price_taker_model: Found minimum uptime/downtime data for reverse_osmosis.ro_skid[2] - Adding minimum uptime/downtime constraints.
2026-08-21 14:26:35 [INFO] idaes.apps.grid_integration.pricetaker.price_taker_model: Created startup/shutdown constraints for operation model  reverse_osmosis.ro_skid[2] at ro_skid_2_startup_shutdown.
2026-08-21 14:26:35 [INFO] idaes.apps.grid_integration.pricetaker.price_taker_model: Found minimum uptime/downtime data for reverse_osmosis.ro_skid[3] - Adding minimum uptime/downtime constraints.
2026-08-21 14:26:35 [INFO] idaes.apps.grid_integration.pricetaker.price_taker_model: Created startup/shutdown constraints for operation model  reverse_osmosis.ro_skid[3] at ro_skid_3_startup_shutdown.
2026-08-21 14:26:35 [INFO] idaes.apps.grid_integration.pricetaker.price_taker_model: Found minimum uptime/downtime data for reverse_osmosis.ro_skid[4] - Adding minimum uptime/downtime constraints.
2026-08-21 14:26:35 [INFO] idaes.apps.grid_integration.pricetaker.price_taker_model: Created startup/shutdown constraints for operation model  reverse_osmosis.ro_skid[4] at ro_skid_4_startup_shutdown.
4244
Set parameter LogToConsole to value 1
Set parameter MIPGap to value 0.01
Gurobi Optimizer version 12.0.3 build v12.0.3rc0 (linux64 - "Red Hat Enterprise Linux 8.8 (Ootpa)")

CPU model: Intel(R) Xeon(R) Platinum 8470QL, instruction set [SSE2|AVX|AVX2|AVX512]
Thread count: 104 physical cores, 104 logical processors, using up to 32 threads

Non-default parameters:
MIPGap  0.01

Optimize a model with 18239 rows, 16467 columns and 50129 nonzeros
Model fingerprint: 0xa73261ae
Model has 168 quadratic objective terms
Model has 2352 quadratic constraints
Variable types: 11259 continuous, 5208 integer (5208 binary)
Coefficient statistics:
  Matrix range     [5e-04, 2e+03]
  QMatrix range    [2e-07, 1e+00]
  QLMatrix range   [3e-04, 1e+00]
  Objective range  [7e-06, 1e-03]
  QObjective range [2e-04, 2e-04]
  Bounds range     [9e-01, 1e+03]
  RHS range        [5e-02, 2e+05]
  QRHS range       [3e-01, 3e-01]
Presolve removed 15125 rows and 13988 columns
Presolve time: 0.05s
Presolved: 5706 rows, 2624 columns, 15550 nonzeros
Presolved model has 96 SOS constraint(s)
Presolved model has 660 bilinear constraint(s)

Solving non-convex MIQCP

Variable types: 1611 continuous, 1013 integer (1013 binary)
Found heuristic solution: objective 3.1648668

Root relaxation: unbounded, 0 iterations, 0.00 seconds (0.00 work units)

    Nodes    |    Current Node    |     Objective Bounds      |     Work
 Expl Unexpl |  Obj  Depth IntInf | Incumbent    BestBd   Gap | It/Node Time

     0     2  postponed    0         3.16487          -      -     -    0s
   304   326  postponed   10         3.16487          -      -  1323    5s
H 1357  1570                       3.0999834          -      -   858    9s
H 1930  1570                       2.9564889          -      -   693    9s
H 1930  1570                       2.6592587          -      -   693    9s
  2401  3224 infeasible   28         2.65926          -      -   634   12s
H 2402  3224                       2.6576181          -      -   633   12s
H 2727  3224                       2.5629456          -      -   608   12s
H 4562  3610                       2.5549982          -      -   466   14s
H 4562  3577                       2.5346011          -      -   466   14s
H 4849  3575                       2.5340608          -      -   459   14s
H 5504  3566                       2.5230002          -      -   443   14s
  5682  4417  postponed   38         2.52300          -      -   439   16s
H 5920  4224                       2.4450515          -      -   447   16s
H 7074  3851                       2.4335777    0.92040  62.2%   438   18s
H 7075  3658                       2.4242483    1.75239  27.7%   438   19s
H 7077  3477                       2.4228653    1.88464  22.2%   438   21s
H 7081  3305                       2.4175188    1.93309  20.0%   438   23s
  7087  3309    1.93798   62  749    2.41752    1.93798  19.8%   437   25s
H 7089  3145                       2.4175188    1.93900  19.8%   437   26s
H 7089  2988                       2.4162476    1.93900  19.8%   437   26s
H 7092  2840                       2.4108818    1.93924  19.6%   437   27s
H 7092  2697                       2.4092086    1.93924  19.5%   437   27s
H 7093  2562                       2.4089665    1.93930  19.5%   437   28s
  7099  2566    1.94107   11  755    2.40897    1.94107  19.4%   436   30s
H 7101  2439                       2.4063530    1.94181  19.3%   436   31s
H 7103  2318                       2.4061223    1.94181  19.3%   436   31s
H 7107  2204                       2.4055079    1.94188  19.3%   436   34s
  7109  2208    1.95839   12 1289    2.40551    1.94188  19.3%   445   52s
  7111  2211    1.95859   13 1281    2.40551    1.95839  18.6%   445   55s
  7123  2231    1.96546   15 1249    2.40551    1.96041  18.5%   452   60s
H 7139  2147                       2.4042009    1.96085  18.4%   460   62s
H 7140  2042                       2.4039845    1.96085  18.4%   460   62s
H 7142  1941                       2.4036953    1.96085  18.4%   461   62s
H 7145  1845                       2.3978241    1.96085  18.2%   462   62s
H 7171  1778                       2.3958241    1.96192  18.1%   476   63s
H 7203  1775                       2.3956679    1.96192  18.1%   489   65s
H 7210  1691                       2.3955720    1.96192  18.1%   491   65s
H 7212  1613                       2.3954078    1.96192  18.1%   492   65s
H 7233  1533                       2.3951857    1.96192  18.1%   498   65s
H 7284  1446                       2.3948830    1.96192  18.1%   513   65s
H 7291  1376                       2.3946744    1.96192  18.1%   517   65s
  7588  1632    2.21445   25  764    2.39467    1.96192  18.1%   555   70s
  7945  1715    2.25661   30  739    2.39467    1.97984  17.3%   580   76s
H 7950  1651                       2.3945800    1.97984  17.3%   580   76s
H 7963  1586                       2.3945673    1.97984  17.3%   581   76s
H 7989  1522                       2.3937281    1.98073  17.3%   584   76s
H 8094  1566                       2.3932908    1.99298  16.7%   597   79s
H 8100  1513                       2.3929203    1.99298  16.7%   597   79s
H 8110  1460                       2.3928290    1.99298  16.7%   598   79s
H 8121  1411                       2.3857300    1.99298  16.5%   599   79s
  8184  1471    2.33688   34  589    2.38573    1.99298  16.5%   604   80s
H 8227  1412                       2.3692324    1.99298  15.9%   606   80s
H 8291  1435                       2.3665244    1.99298  15.8%   611   81s
H 8297  1393                       2.3649962    1.99298  15.7%   613   81s
H 8301  1355                       2.3643545    1.99298  15.7%   613   81s
H 8306  1317                       2.3638056    1.99298  15.7%   614   81s
H 8322  1278                       2.3632707    1.99298  15.7%   615   81s
H 8326  1243                       2.3619131    1.99298  15.6%   615   81s
H 8336  1210                       2.3594179    1.99298  15.5%   615   81s
H 8386  1163                       2.3579551    1.99298  15.5%   617   81s
H 8508  1297                       2.3509206    1.99298  15.2%   625   84s
H 8532  1262                       2.3501529    1.99298  15.2%   627   84s
H 8537  1248                       2.3440137    1.99298  15.0%   628   84s
H 8641  1336                       2.3430137    1.99823  14.7%   630   85s
H 8776  1443                       2.3300834    1.99995  14.2%   635   87s
H 9045  1652                       2.3282330    1.99995  14.1%   650   89s
H 9061  1652                       2.3231072    1.99995  13.9%   652   89s
H 9066  1652                       2.2922518    1.99995  12.8%   652   89s
  9199  1757    2.13396   22 1024    2.29225    2.00533  12.5%   656   91s
H 9374  1866                       2.2893158    2.00533  12.4%   664   92s
H 9478  1866                       2.2865361    2.00533  12.3%   667   92s
H 9483  1866                       2.2826486    2.00533  12.1%   668   92s
H 9496  1866                       2.2804879    2.00533  12.1%   668   92s
H 9518  1866                       2.1350104    2.00533  6.07%   670   92s
H 9670  1725                       2.1350094    2.01041  5.84%   675   94s
  9675  1725    2.05003   23 1181    2.13501    2.01041  5.84%   675   96s
H 9771  1750                       2.1347496    2.01326  5.69%   687   97s
H 9884  1750                       2.1320466    2.01326  5.57%   698   97s
 10009  1755     cutoff   22         2.13205    2.01601  5.44%   711  100s
H10016  1755                       2.1314217    2.01601  5.41%   711  100s
H10072  1755                       2.1312387    2.01601  5.41%   720  100s
H10245  1799                       2.1305121    2.01911  5.23%   736  105s
H10259  1799                       2.1279757    2.01911  5.12%   738  105s
H10555  1794                       2.1256628    2.01911  5.01%   763  109s
 10733  1760     cutoff   23         2.12566    2.01911  5.01%   774  111s
H10893  1760                       2.1250827    2.03579  4.20%   781  111s
H10924  1739                       2.1250671    2.03905  4.05%   785  113s
H10944  1739                       2.1250209    2.03905  4.05%   788  113s
H10944  1739                       2.1250000    2.03905  4.04%   788  113s
H10977  1739                       2.1249592    2.03905  4.04%   794  113s
 11064  1726    2.10513   31  886    2.12496    2.03905  4.04%   801  115s
H11264  1758                       2.1249375    2.03905  4.04%   810  117s
H11264  1758                       2.1248765    2.03905  4.04%   810  117s
H11318  1758                       2.1248745    2.04425  3.79%   812  117s
 11436  1800    2.11455   62  482    2.12487    2.04425  3.79%   824  120s
H11826  1800                       2.1248128    2.04425  3.79%   830  122s
H11902  1800                       2.1238293    2.04831  3.56%   834  122s
 12308  1906     cutoff   23         2.12383    2.04831  3.56%   841  126s
H13148  1835                       2.1208516    2.06176  2.79%   838  131s
H13169  1835                       2.1208511    2.06356  2.70%   837  131s
H13371  1835                       2.1208511    2.06617  2.58%   843  131s
H13524  1726                       2.1168511    2.06819  2.30%   841  134s
 13788  1744    2.11364   35  743    2.11685    2.06819  2.30%   856  136s
[2026-08-21T14:28:58.915] error: *** JOB 16404903 ON x1002c3s5b0n0 CANCELLED AT 2026-08-21T14:28:58 DUE to SIGNAL Terminated ***
