

Running optimization for annual production of 10000 AF...
2026-08-25 13:58:32 [INFO] idaes.core.surrogate.pysmo_surrogate: Decode surrogate. type=poly

===========================Polynomial Regression===============================================

The number of cross-validation cases (3) is used.
The default training/cross-validation split of 0.75 is used.
No iterations will be run.
Default parameter estimation method is used.
Parameter estimation method:  pyomo 

2026-08-25 13:58:32 [INFO] idaes.core.surrogate.pysmo_surrogate: Decode surrogate. type=poly

===========================Polynomial Regression===============================================

The number of cross-validation cases (3) is used.
The default training/cross-validation split of 0.75 is used.
No iterations will be run.
Default parameter estimation method is used.
Parameter estimation method:  pyomo 

2026-08-25 13:58:32 [INFO] idaes.core.surrogate.pysmo_surrogate: Decode surrogate. type=poly

===========================Polynomial Regression===============================================

The number of cross-validation cases (3) is used.
The default training/cross-validation split of 0.75 is used.
No iterations will be run.
Default parameter estimation method is used.
Parameter estimation method:  pyomo 

2026-08-25 13:58:32 [INFO] idaes.core.surrogate.pysmo_surrogate: Decode surrogate. type=poly

===========================Polynomial Regression===============================================

The number of cross-validation cases (3) is used.
The default training/cross-validation split of 0.75 is used.
No iterations will be run.
Default parameter estimation method is used.
Parameter estimation method:  pyomo 

2026-08-25 13:58:34 [INFO] idaes.apps.grid_integration.pricetaker.price_taker_model: Found minimum uptime/downtime data for pretreatment.uf_pumps[1] - Adding minimum uptime/downtime constraints.
2026-08-25 13:58:34 [INFO] idaes.apps.grid_integration.pricetaker.price_taker_model: Created startup/shutdown constraints for operation model  pretreatment.uf_pumps[1] at uf_pumps_1_startup_shutdown.
2026-08-25 13:58:34 [INFO] idaes.apps.grid_integration.pricetaker.price_taker_model: Found minimum uptime/downtime data for pretreatment.uf_pumps[2] - Adding minimum uptime/downtime constraints.
2026-08-25 13:58:34 [INFO] idaes.apps.grid_integration.pricetaker.price_taker_model: Created startup/shutdown constraints for operation model  pretreatment.uf_pumps[2] at uf_pumps_2_startup_shutdown.
2026-08-25 13:58:34 [INFO] idaes.apps.grid_integration.pricetaker.price_taker_model: Found minimum uptime/downtime data for pretreatment.uf_pumps[3] - Adding minimum uptime/downtime constraints.
2026-08-25 13:58:34 [INFO] idaes.apps.grid_integration.pricetaker.price_taker_model: Created startup/shutdown constraints for operation model  pretreatment.uf_pumps[3] at uf_pumps_3_startup_shutdown.
2026-08-25 13:58:34 [INFO] idaes.apps.grid_integration.pricetaker.price_taker_model: Found minimum uptime/downtime data for reverse_osmosis.ro_skid[1] - Adding minimum uptime/downtime constraints.
2026-08-25 13:58:34 [INFO] idaes.apps.grid_integration.pricetaker.price_taker_model: Created startup/shutdown constraints for operation model  reverse_osmosis.ro_skid[1] at ro_skid_1_startup_shutdown.
2026-08-25 13:58:34 [INFO] idaes.apps.grid_integration.pricetaker.price_taker_model: Found minimum uptime/downtime data for reverse_osmosis.ro_skid[2] - Adding minimum uptime/downtime constraints.
2026-08-25 13:58:34 [INFO] idaes.apps.grid_integration.pricetaker.price_taker_model: Created startup/shutdown constraints for operation model  reverse_osmosis.ro_skid[2] at ro_skid_2_startup_shutdown.
2026-08-25 13:58:34 [INFO] idaes.apps.grid_integration.pricetaker.price_taker_model: Found minimum uptime/downtime data for reverse_osmosis.ro_skid[3] - Adding minimum uptime/downtime constraints.
2026-08-25 13:58:34 [INFO] idaes.apps.grid_integration.pricetaker.price_taker_model: Created startup/shutdown constraints for operation model  reverse_osmosis.ro_skid[3] at ro_skid_3_startup_shutdown.
2026-08-25 13:58:34 [INFO] idaes.apps.grid_integration.pricetaker.price_taker_model: Found minimum uptime/downtime data for reverse_osmosis.ro_skid[4] - Adding minimum uptime/downtime constraints.
2026-08-25 13:58:34 [INFO] idaes.apps.grid_integration.pricetaker.price_taker_model: Created startup/shutdown constraints for operation model  reverse_osmosis.ro_skid[4] at ro_skid_4_startup_shutdown.
4364
Set parameter TokenServer to value "10.60.1.73"
Set parameter LogToConsole to value 1
Set parameter MIPGap to value 0.01
Gurobi Optimizer version 12.0.3 build v12.0.3rc0 (linux64 - "Red Hat Enterprise Linux 8.8 (Ootpa)")

CPU model: Intel(R) Xeon(R) Platinum 8470QL, instruction set [SSE2|AVX|AVX2|AVX512]
Thread count: 104 physical cores, 104 logical processors, using up to 32 threads

Non-default parameters:
MIPGap  0.01

Optimize a model with 18119 rows, 16467 columns and 49999 nonzeros
Model fingerprint: 0x1873c08a
Model has 168 quadratic objective terms
Model has 2352 quadratic constraints
Variable types: 11259 continuous, 5208 integer (5208 binary)
Coefficient statistics:
  Matrix range     [5e-04, 2e+03]
  QMatrix range    [2e-07, 1e+00]
  QLMatrix range   [3e-04, 1e+00]
  Objective range  [1e-05, 1e-03]
  QObjective range [2e-04, 2e-04]
  Bounds range     [9e-01, 1e+03]
  RHS range        [5e-02, 2e+05]
  QRHS range       [3e-01, 3e-01]
Presolve removed 6979 rows and 7572 columns
Presolve time: 0.12s
Presolved: 20380 rows, 9400 columns, 55029 nonzeros
Presolved model has 336 SOS constraint(s)
Presolved model has 2352 bilinear constraint(s)

Solving non-convex MIQCP

Variable types: 5740 continuous, 3660 integer (3660 binary)
Found heuristic solution: objective 10.2304238

Root relaxation: unbounded, 0 iterations, 0.01 seconds (0.00 work units)

    Nodes    |    Current Node    |     Objective Bounds      |     Work
 Expl Unexpl |  Obj  Depth IntInf | Incumbent    BestBd   Gap | It/Node Time

     0     2  postponed    0        10.23042          -      -     -    4s
     3     8  postponed    2        10.23042          -      -  3790    7s
    15    20  postponed    4        10.23042          -      -  7517   12s
    47    54  postponed    6        10.23042          -      -  9455   18s
    79    86  postponed    7        10.23042          -      -  8451   21s
   121   151  postponed    8        10.23042          -      -  9176   25s
   186   248  postponed    9        10.23042          -      - 10410   32s
   345   718 infeasible   11        10.23042          -      - 10281   42s
  1067  1426  postponed   20        10.23042          -      -  4011   56s
  2243  2318 infeasible   38        10.23042          -      -  2276   77s
  3711  3273 infeasible   61        10.23042          -      -  1694  103s
  5520  4828 infeasible   83        10.23042          -      -  1405  127s
H 5907  4828                      10.2304236          -      -  1397  127s
  8074  6020 infeasible   98        10.23042          -      -  1214  148s
  9836  7171 infeasible  110        10.23042          -      -  1145  169s
 11409  7172 -1.000e+100   17    0   10.23042          -      -  1128  171s
 11411  7173    6.87897   33 2395   10.23042    6.87897  32.8%  1128  211s
 11412  7174    8.92008  164 2002   10.23042    8.92008  12.8%  1128  222s
 11413  7175    9.16980   88 2345   10.23042    9.16980  10.4%  1128  231s
 11414  7175   10.00974  341 2574   10.23042    9.25524  9.53%  1128  239s
 11415  7176    9.29622   34 2583   10.23042    9.29622  9.13%  1128  244s
 11416  7177    9.31201   26 2552   10.23042    9.31201  8.98%  1127  249s
 11417  7177    9.31522    7 2546   10.23042    9.31522  8.95%  1127  252s
 11418  7178    9.32477  152 2575   10.23042    9.32477  8.85%  1127  257s
 11419  7179    9.32625   20 2539   10.23042    9.32625  8.84%  1127  260s
 11420  7179   10.04259  184 2487   10.23042    9.34200  8.68%  1127  266s
 11422  7181    9.35719   64 2470   10.23042    9.35719  8.54%  1127  272s
 11424  7182    9.36647   26 2548   10.23042    9.36647  8.44%  1127  278s
 11425  7183    9.46341  191 2588   10.23042    9.36706  8.44%  1127  280s
 11427  7184    9.97078  216 2539   10.23042    9.36958  8.41%  1126  285s
 11429  7185   10.09952  195 2564   10.23042    9.37131  8.40%  1126  293s
 11430  7186    9.37170   89 2547   10.23042    9.37170  8.39%  1126  296s
 11433  7188    9.97755  274 2563   10.23042    9.37218  8.39%  1126  301s
 11435  7189    9.37287   47 2602   10.23042    9.37287  8.38%  1126  305s
 11438  7191    9.37309  192 2610   10.23042    9.37309  8.38%  1125  310s
 11441  7193    9.37311  107 2619   10.23042    9.37311  8.38%  1125  349s
 11442  7194   10.09390  187 2619   10.23042    9.37311  8.38%  1125  377s
 11443  7198    9.40121   11 4735   10.23042    9.37311  8.38%  1148  591s
 11445  7201    9.42974   12 4691   10.23042    9.38639  8.25%  1149  614s
 11449  7208    9.43689   13 4645   10.23042    9.42392  7.88%  1153  633s
 11457  7221    9.46478   14 4635   10.23042    9.43689  7.76%  1162  652s
 11473  7248    9.47945   15 3076   10.23042    9.45496  7.58%  1182  660s
 11505  7268    9.49914   16 3943   10.23042    9.47612  7.37%  1199  680s
 11536  7341    9.50748   17 3430   10.23042    9.47612  7.37%  1233  701s
 11619  7409    9.53496   20 3044   10.23042    9.47612  7.37%  1280  719s
 11715  7474    9.61925   22 2808   10.23042    9.47612  7.37%  1322  735s
 11812  7525    9.57971   25 3209   10.23042    9.47612  7.37%  1347  750s
 11895  7576    9.58134   26 3245   10.23042    9.47612  7.37%  1375  765s
 11974  7623    9.59951   27 3024   10.23042    9.47612  7.37%  1411  782s
 12047  7660    9.69176   28 2834   10.23042    9.47612  7.37%  1445  802s
 12109  7711    9.74772   29 3080   10.23042    9.47612  7.37%  1481  816s
 12182  7772    9.75758   31 2784   10.23042    9.47612  7.37%  1520  830s
 12276  7812    9.76620   33 2667   10.23042    9.47612  7.37%  1552  844s
 12355  7862    9.86064   35 2708   10.23042    9.47612  7.37%  1596  859s
 12463  7931    9.89809   37 2710   10.23042    9.47612  7.37%  1618  876s
 12580  7966    9.91560   39 1490   10.23042    9.47612  7.37%  1658  891s
 12683  8008    9.96850   40 1505   10.23042    9.47612  7.37%  1695  904s
 12783  8093    9.91975   42 1666   10.23042    9.47612  7.37%  1748  923s
 12920  8179    9.95035   44 1561   10.23042    9.47612  7.37%  1782  938s
 13079  8223   10.02302   47 1392   10.23042    9.47612  7.37%  1833  954s
 13198  8282   10.19925   49 1858   10.23042    9.47612  7.37%  1894  973s
 13324  8357     cutoff   50        10.23042    9.47612  7.37%  1939  989s
 13475  8435   10.08470   51 1398   10.23042    9.47612  7.37%  1996 1007s
 13639  8521   10.08729   53 1344   10.23042    9.47612  7.37%  2040 1024s
 13817  8565   10.08935   57 1345   10.23042    9.50528  7.09%  2095 1042s
 13964  8576   10.09036   59 1337   10.23042    9.51618  6.98%  2154 1062s
 14053  8736   10.09068   61 1304   10.23042    9.51732  6.97%  2188 1081s
 14267  8898   10.09542   67 1215   10.23042    9.51732  6.97%  2231 1100s
 14523  9082   10.09776   75 1218   10.23042    9.51732  6.97%  2266 1120s
 14815  9286   10.10411   82 1172   10.23042    9.51732  6.97%  2294 1144s
 15156  9449   10.09607   88 1237   10.23042    9.51732  6.97%  2327 1163s
 15482  9677   10.09618   91 1220   10.23042    9.52133  6.93%  2365 1184s
 15847  9838   10.10224  103 1220   10.23042    9.52133  6.93%  2388 1205s
 16160 10088   10.10044  111 1120   10.23042    9.52133  6.93%  2440 1228s
 16567 10216   10.10150  126 1133   10.23042    9.52133  6.93%  2470 1254s
H16592  7171                       9.9347186    9.52133  4.16%  2469 1254s
 16845  6760     cutoff  139         9.93472    9.52133  4.16%  2479 1277s
 17038  6831    9.58579   22 3334    9.93472    9.53167  4.06%  2506 1306s
H17142  6454                       9.9347186    9.53167  4.06%  2529 1306s
H17162  6122                       9.9347164    9.53167  4.06%  2536 1306s
 17211  6099    9.75795   28 1856    9.93472    9.53167  4.06%  2547 1331s
 17379  5958    9.89320   35 1682    9.93472    9.53167  4.06%  2611 1356s
H17437  5630                       9.9347136    9.53167  4.06%  2638 1356s
 17507  5577 infeasible   37         9.93471    9.53167  4.06%  2680 1384s
 17655  5587    9.62158   17 4640    9.93471    9.53167  4.06%  2746 1410s
H17677  5287                       9.9347128    9.53167  4.06%  2757 1410s
 17837  5304    9.72201   22 3268    9.93471    9.53167  4.06%  2812 1437s
H17839  5025                       9.9344912    9.53167  4.05%  2813 1437s
H18023  4698                       9.9329241    9.55204  3.83%  2870 1437s
 18037  4732    9.73727   23 3078    9.93292    9.55204  3.83%  2873 1465s
H18078  4466                       9.9329227    9.55204  3.83%  2893 1465s
 18212  4526    9.84171   27 4150    9.93292    9.55204  3.83%  2954 1496s
 18397  4569    9.87878   27 3177    9.93292    9.55204  3.83%  3025 1526s
 18585  4629    9.86714   28 4058    9.93292    9.55204  3.83%  3085 1557s
 18789  4623     cutoff   32         9.93292    9.57535  3.60%  3149 1589s
 18971  4706    9.64158   22 1958    9.93292    9.57535  3.60%  3232 1623s
 19167  4789    9.81703   31 2944    9.93292    9.57539  3.60%  3304 1657s
H19175  4547                       9.9327071    9.57539  3.60%  3307 1657s
H19178  4319                       9.9319445    9.57539  3.59%  3310 1657s
 19399  4367 infeasible   37         9.93194    9.57539  3.59%  3384 1691s
H19424  4143                       9.9319445    9.58256  3.52%  3393 1691s
H19492  3916                       9.9319444    9.58256  3.52%  3413 1691s
 19648  4004    9.90486   20 4329    9.93194    9.58256  3.52%  3442 1728s
 19934  4020    9.62907   20 3737    9.93194    9.58314  3.51%  3502 1765s
 20146  4086 infeasible   30         9.93194    9.58609  3.48%  3577 1803s
 20435  4148    9.66433   21 4232    9.93194    9.58819  3.46%  3649 1843s
H20450  3948                       9.9319444    9.58819  3.46%  3654 1843s
 20728  3997    9.79037   30 3115    9.93194    9.58976  3.45%  3724 1885s
 21007  4068    9.70499   30 3619    9.93194    9.59345  3.41%  3820 1930s
 21291  4140     cutoff   39         9.93194    9.59416  3.40%  3901 1970s
 21620  4218    9.85225   27 1851    9.93194    9.59790  3.36%  3985 2007s
H21625  4031                       9.9318839    9.59790  3.36%  3986 2007s
 21929  3975    9.86785   31 3317    9.93188    9.60043  3.34%  4060 2048s
H21935  3968                       9.9317630    9.60043  3.34%  4063 2048s
H21937  3965                       9.9310252    9.60043  3.33%  4063 2048s
H21974  3961                       9.9306080    9.60390  3.29%  4071 2048s
H21985  3790                       9.9120622    9.60390  3.11%  4077 2048s
 22030  3969     cutoff   35         9.91206    9.60390  3.11%  4088 2094s
 22398  4094    9.90742   33 3204    9.91206    9.60631  3.08%  4171 2142s
 22737  4295    9.85727   32 4309    9.91206    9.60661  3.08%  4279 2194s
H22920  4282                       9.9108764    9.60661  3.07%  4318 2194s
 23115  4427    9.90244   41 3961    9.91088    9.60661  3.07%  4373 2247s
H23355  4427                       9.9108764    9.60661  3.07%  4454 2247s
 23476  4561    9.90768   48 3792    9.91088    9.60661  3.07%  4486 2298s
H23848  4561                       9.9108720    9.60857  3.05%  4609 2298s
H23850  4561                       9.9108549    9.60857  3.05%  4609 2298s
 23857  4748    9.84103   30 4111    9.91085    9.60857  3.05%  4611 2359s
H24115  4744                       9.9105366    9.61202  3.01%  4694 2359s
H24163  4730                       9.9091213    9.61254  2.99%  4703 2359s
 24235  4946    9.86720   34 3850    9.90912    9.61271  2.99%  4713 2418s
H24264  4835                       9.9019139    9.61271  2.92%  4720 2418s
 24603  5062     cutoff   30         9.90191    9.61345  2.91%  4821 2477s
 25053  5337    9.69319   21 3325    9.90191    9.61345  2.91%  4923 2534s
H25176  5309                       9.8999140    9.61744  2.85%  4935 2534s
 25580  5576     cutoff   36         9.89991    9.61837  2.84%  5017 2598s
H25793  5576                       9.8998407    9.61837  2.84%  5060 2598s
H26077  5805                       9.8995332    9.62036  2.82%  5113 2664s
H26310  5805                       9.8994642    9.62036  2.82%  5175 2664s
H26339  5774                       9.8979740    9.62036  2.80%  5183 2664s
H26427  5771                       9.8977732    9.62187  2.79%  5206 2664s
 26541  5964     cutoff   34         9.89777    9.62322  2.77%  5233 2732s
H26576  5964                       9.8977732    9.62322  2.77%  5245 2732s
H26598  5962                       9.8977284    9.62322  2.77%  5246 2732s
H26630  5959                       9.8974626    9.62322  2.77%  5254 2732s
H26917  5959                       9.8974527    9.62413  2.76%  5334 2732s
 27000  6180    9.82476   34 2553    9.89745    9.62618  2.74%  5356 2804s
H27050  6180                       9.8974150    9.62618  2.74%  5363 2804s
H27162  6178                       9.8973918    9.62618  2.74%  5393 2804s
 27504  6269    9.80714   25 2840    9.89739    9.62667  2.74%  5471 2876s
H27515  6267                       9.8972745    9.62667  2.73%  5473 2876s
H27715  6267                       9.8972360    9.62667  2.73%  5512 2876s
H27774  6264                       9.8970147    9.62667  2.73%  5521 2876s
 27783  6525     cutoff   28         9.89701    9.62933  2.70%  5524 2948s
H27851  6525                       9.8969888    9.62933  2.70%  5542 2948s
H27902  6525                       9.8969738    9.62953  2.70%  5548 2948s
 28376  6783     cutoff   24         9.89697    9.63057  2.69%  5628 3035s
H28391  6783                       9.8969331    9.63057  2.69%  5630 3035s
H28566  6783                       9.8969019    9.63057  2.69%  5660 3035s
 28985  7106    9.79766   55 3886    9.89690    9.63057  2.69%  5738 3123s
H29256  7105                       9.8968723    9.63057  2.69%  5788 3123s
H29468  7105                       9.8968649    9.63057  2.69%  5808 3123s
 29637  7429    9.80740   69 3573    9.89686    9.63057  2.69%  5852 3227s
H29934  7429                       9.8968611    9.63402  2.66%  5902 3227s
H30035  7429                       9.8968570    9.63402  2.66%  5921 3227s
H30190  7429                       9.8968411    9.63402  2.66%  5949 3227s
 30396  7880    9.86136  127 3084    9.89684    9.63402  2.66%  5997 3328s
H30494  7878                       9.8967769    9.63402  2.65%  6015 3328s
 31284  8373    9.81235   31 1890    9.89678    9.63682  2.63%  6101 3431s
 32199  8793     cutoff   31         9.89678    9.63788  2.62%  6216 3531s
H32226  8793                       9.8967769    9.63788  2.62%  6220 3531s
H32256  8792                       9.8967648    9.64007  2.59%  6223 3531s
H32371  8595                       9.8913888    9.64062  2.54%  6235 3531s
H33122  8852                       9.8903888    9.64151  2.52%  6323 3635s
H33146  8852                       9.8903888    9.64151  2.52%  6322 3635s
H33185  8766                       9.8885019    9.64151  2.50%  6325 3635s
H33267  8703                       9.8875126    9.64178  2.49%  6334 3635s
 33779  9262    9.86975   27 4017    9.88751    9.64382  2.46%  6378 3752s
H33796  9258                       9.8874680    9.64382  2.46%  6381 3752s
H33814  9258                       9.8874653    9.64382  2.46%  6387 3752s
H34070  9257                       9.8874456    9.64382  2.46%  6433 3752s
 34745 10044    9.87955   30 4178    9.88745    9.64521  2.45%  6500 3875s
H34833 10044                       9.8874455    9.64521  2.45%  6519 3875s
 35864 10957    9.72020   22 3322    9.88745    9.64918  2.41%  6591 3999s
H36024 10957                       9.8874449    9.64918  2.41%  6607 3999s
H36265 10956                       9.8873661    9.64918  2.41%  6620 3999s
 37048 11846    9.74496   81 3405    9.88737    9.65060  2.39%  6653 4126s
H38109 11846                       9.8873584    9.65066  2.39%  6712 4126s
 38426 12592    9.86404  108 2825    9.88736    9.65149  2.39%  6727 4248s
 39726 13363    9.73037   24 4326    9.88736    9.65316  2.37%  6802 4371s
H39812 13363                       9.8873583    9.65316  2.37%  6806 4371s
H40375 13363                       9.8873583    9.65413  2.36%  6814 4371s
H40478 13359                       9.8872670    9.65413  2.36%  6824 4371s
 40948 13860    9.79415   42 3958    9.88727    9.65413  2.36%  6874 4502s
H41102 13860                       9.8872670    9.65413  2.36%  6898 4502s
H41170 13860                       9.8872670    9.65413  2.36%  6905 4502s
H42070 14640                       9.8872670    9.65716  2.33%  6982 4642s
H42291 14640                       9.8872632    9.65743  2.32%  6998 4642s
 43370 15386    9.72487   22 4227    9.88726    9.65786  2.32%  7082 4786s
H43434 15386                       9.8872631    9.65786  2.32%  7089 4786s
H43659 15386                       9.8872631    9.65786  2.32%  7106 4786s
H43689 15386                       9.8872469    9.65786  2.32%  7111 4786s
H44003 15384                       9.8872227    9.65786  2.32%  7133 4786s
 44710 16186    9.69799   41 4093    9.88722    9.66026  2.30%  7186 4945s
 46072 16975     cutoff   77         9.88722    9.66234  2.27%  7281 5101s
H46112 16975                       9.8872227    9.66234  2.27%  7285 5101s
H46287 16975                       9.8871957    9.66234  2.27%  7289 5101s
H46509 16915                       9.8864820    9.66234  2.27%  7312 5101s
H46743 16909                       9.8864397    9.66234  2.27%  7316 5101s
H46903 16582                       9.8838307    9.66234  2.24%  7330 5101s
 47632 17248    9.86040   27 2312    9.88383    9.66582  2.21%  7359 5260s
H47635 17248                       9.8838307    9.66582  2.21%  7360 5260s
H48541 17247                       9.8838288    9.66582  2.21%  7429 5260s
 49001 17892     cutoff   31         9.88383    9.66663  2.20%  7466 5426s
 50440 18538     cutoff   37         9.88383    9.67017  2.16%  7576 5597s
H50441 18538                       9.8838288    9.67017  2.16%  7576 5597s
H50561 18430                       9.8828969    9.67017  2.15%  7581 5597s
H51611 18428                       9.8828762    9.67100  2.14%  7624 5597s
 51744 19084    9.87925  135 2655    9.88288    9.67153  2.14%  7633 5779s
H52608 19084                       9.8828760    9.67222  2.13%  7687 5779s
 53355 19688     cutoff   27         9.88288    9.67222  2.13%  7748 5974s
 55075 20364     cutoff   91         9.88288    9.67400  2.11%  7858 6172s
H55376 20322                       9.8825211    9.67400  2.11%  7880 6172s
 56793 21100     cutoff   29         9.88252    9.67706  2.08%  7957 6403s
H56797 21051                       9.8821693    9.67706  2.08%  7957 6403s
H57232 21048                       9.8821500    9.67842  2.06%  7981 6403s
H57379 20991                       9.8817952    9.67856  2.06%  7981 6403s
 58518 21904     cutoff   76         9.88180    9.68042  2.04%  8055 6610s
H58520 21725                       9.8807952    9.68042  2.03%  8054 6610s
 60398 22790     cutoff   27         9.88080    9.68128  2.02%  8132 6833s
H60524 22786                       9.8807671    9.68128  2.02%  8136 6833s
 62606 23542    9.84183   94 2962    9.88077    9.68372  1.99%  8194 7055s
H63258 23542                       9.8807671    9.68450  1.99%  8228 7055s
 64642 24764    9.75986   24 4132    9.88077    9.68468  1.98%  8283 7296s
H64909 24764                       9.8807668    9.68468  1.98%  8294 7296s
H66893 25823                       9.8807668    9.68719  1.96%  8355 7548s
H67164 25823                       9.8807660    9.68719  1.96%  8373 7548s
 68966 26976    9.85544   29 2074    9.88077    9.68900  1.94%  8407 7802s
H69718 26976                       9.8807659    9.68900  1.94%  8429 7802s
H70844 26976                       9.8807659    9.69009  1.93%  8469 7802s
 71425 28284     cutoff  132         9.88077    9.69090  1.92%  8480 8058s
H74233 29428                       9.8807639    9.69180  1.91%  8533 8323s
H75108 29428                       9.8807636    9.69251  1.91%  8547 8323s
 76893 31330    9.73945   23 3227    9.88076    9.69521  1.88%  8602 8598s
H77398 31327                       9.8807494    9.69521  1.88%  8609 8598s
H77450 31325                       9.8807349    9.69521  1.88%  8614 8598s
 80109 32855    9.85522   44 3741    9.88073    9.69593  1.87%  8600 8873s
H80426 32855                       9.8807349    9.69593  1.87%  8601 8873s
H81618 32855                       9.8807348    9.69721  1.86%  8637 8873s
H81850 32855                       9.8807328    9.69741  1.86%  8643 8873s
H83086 34809                       9.8807327    9.69964  1.83%  8634 9153s
 86722 36144    9.86056   36 3812    9.88073    9.70057  1.82%  8607 9437s
H89476 36143                       9.8807317    9.70272  1.80%  8648 9437s
 89550 38096     cutoff   33         9.88073    9.70272  1.80%  8651 9768s
H89831 37860                       9.8797317    9.70320  1.79%  8656 9768s
 92961 41056    9.77887   42 3820    9.87973    9.70399  1.78%  8652 10077s
H94502 41056                       9.8797317    9.70416  1.78%  8635 10077s
 97758 42653    9.75793   21 2697    9.87973    9.70549  1.76%  8558 10321s
H98853 42653                       9.8797315    9.70591  1.76%  8591 10321s
 101095 43920     cutoff   26         9.87973    9.70714  1.75%  8528 10555s
 103753 44810 infeasible   28         9.87973    9.70865  1.73%  8556 10803s
 106304 46788    9.86746  134 2392    9.87973    9.70965  1.72%  8607 11064s
H106999 46788                       9.8797313    9.70985  1.72%  8625 11064s
 109687 50336    9.87286   45 3752    9.87973    9.71020  1.72%  8594 11327s
 114674 53550    9.74794   70 3691    9.87973    9.71099  1.71%  8457 11561s
 119421 57634     cutoff  125         9.87973    9.71159  1.70%  8297 11868s
H120400 57634                       9.8797313    9.71159  1.70%  8312 11868s
H121341 57634                       9.8797313    9.71218  1.70%  8271 11868s
H125278 57634                       9.8797312    9.71258  1.69%  8140 11868s
H125687 58292                       9.8797312    9.71300  1.69%  8151 12025s
 126995 60675    9.85406   54 3725    9.87973    9.71388  1.68%  8151 12225s
H127081 60675                       9.8797312    9.71388  1.68%  8150 12225s
 130668 61843    9.85800   27 4150    9.87973    9.71494  1.67%  8046 12407s
 133186 62594    9.86139   71 3362    9.87973    9.71494  1.67%  8042 12595s
 135041 63660    9.86958   29 1652    9.87973    9.71621  1.66%  8080 12803s
 137496 64756    9.80061   24 2708    9.87973    9.71736  1.64%  8090 13015s
 140008 66834    9.82776   30 1843    9.87973    9.71792  1.64%  8111 13241s
 143421 68980    9.81110   25 3237    9.87973    9.71872  1.63%  8088 13461s
 147020 74028     cutoff   26         9.87973    9.71939  1.62%  8055 13687s
H147788 74028                       9.8797312    9.71941  1.62%  8060 13687s
 153772 79479    9.85828   90 3120    9.87973    9.71948  1.62%  7850 13964s
 161156 82841    9.87507   28 2325    9.87973    9.72030  1.61%  7637 14092s
 165689 83985     cutoff   29         9.87973    9.72161  1.60%  7508 14206s
 167794 85018    9.84095   88 3119    9.87973    9.72206  1.60%  7482 14316s
 169618 85844     cutoff   31         9.87973    9.72263  1.59%  7475 14448s
 171339 88387    9.76102   24 3249    9.87973    9.72290  1.59%  7485 14592s
 174710 92518     cutoff   30         9.87973    9.72367  1.58%  7424 14734s
H174988 92518                       9.8797312    9.72367  1.58%  7429 14734s
H179284 90306                       9.8768284    9.72370  1.55%  7304 14734s
 179814 93582     cutoff   52         9.87683    9.72407  1.55%  7298 14857s
H179816 87580                       9.8718284    9.72407  1.50%  7299 14857s
H179816 87533                       9.8717898    9.72407  1.50%  7299 14857s
H179836 82270                       9.8671364    9.72407  1.45%  7299 14857s
H179884 80988                       9.8658246    9.72420  1.44%  7300 14857s
 183939 84196     cutoff  140         9.86582    9.72421  1.44%  7183 15117s
H183955 83905                       9.8655778    9.72421  1.43%  7184 15117s
H185203 70836                       9.8535642    9.72425  1.31%  7157 15117s
H188913 70709                       9.8534440    9.72436  1.31%  7121 15117s
 189547 75207    9.74854  153 2574    9.85344    9.72517  1.30%  7122 15277s
H191116 75191                       9.8534256    9.72534  1.30%  7086 15277s
 195994 78987     cutoff   71         9.85343    9.72576  1.30%  6983 15389s
H196077 78905                       9.8533296    9.72576  1.29%  6984 15389s
 200640 82668     cutoff   27         9.85333    9.72614  1.29%  6880 15489s
H202206 82606                       9.8532669    9.72622  1.29%  6850 15489s
 205377 83277    9.79380   37 4120    9.85327    9.72642  1.29%  6778 15578s
 206649 86767     cutoff   27         9.85327    9.72691  1.28%  6777 15681s
H206824 85589                       9.8522797    9.72699  1.27%  6779 15681s
 210947 89538    9.84393   30 3021    9.85228    9.72734  1.27%  6696 15776s
H211242 89538                       9.8522797    9.72734  1.27%  6688 15776s
H214800 89529                       9.8522740    9.72734  1.27%  6618 15776s
 215712 97768    9.83409  425 1649    9.85227    9.72734  1.27%  6597 16019s
H222647 97768                       9.8522740    9.72738  1.27%  6466 16019s
H226092 100370                       9.8522740    9.72795  1.26%  6422 16101s
H228038 100370                       9.8522740    9.72826  1.26%  6386 16101s
H228707 100370                       9.8522739    9.72826  1.26%  6373 16101s
 229289 102482     cutoff   77         9.85227    9.72826  1.26%  6367 16185s
 232048 105978    9.74854  152 2532    9.85227    9.72858  1.26%  6329 16274s
H232363 105978                       9.8522739    9.72858  1.26%  6322 16274s
 236181 108215     cutoff  432         9.85227    9.72886  1.25%  6256 16353s
H237311 108215                       9.8522738    9.72902  1.25%  6248 16353s
 238997 111577    9.80451   47 3979    9.85227    9.72924  1.25%  6220 16436s
 243053 115147    9.80787   51 3877    9.85227    9.72929  1.25%  6163 16513s
 247313 128564     cutoff   60         9.85227    9.72952  1.25%  6099 16727s
H249034 128540                       9.8522533    9.72965  1.24%  6082 16728s
 262707 132873    9.80912   38 4199    9.85225    9.72974  1.24%  5839 16778s
H265763 132873                       9.8522533    9.72975  1.24%  5786 16778s
 267583 135269    9.78513   24 3065    9.85225    9.72980  1.24%  5753 16828s
 270341 138002     cutoff   27         9.85225    9.72986  1.24%  5712 16874s
 273334 142929     cutoff  217         9.85225    9.72999  1.24%  5671 16928s
H276600 142929                       9.8522533    9.73009  1.24%  5618 16928s
 278755 157750    9.81243  143 2260    9.85225    9.73009  1.24%  5585 17121s
H280595 157744                       9.8522437    9.73031  1.24%  5560 17121s
 295177 163731    9.77175  220 1849    9.85224    9.73034  1.24%  5357 17164s
 301866 166390    9.84169  544 1674    9.85224    9.73042  1.24%  5254 17201s
H304895 168849                       9.8522418    9.73042  1.24%  5214 17239s
 307567 170952    9.84196   91 3104    9.85224    9.73042  1.24%  5181 17276s
H307570 170952                       9.8522417    9.73042  1.24%  5181 17276s
H308679 170943                       9.8522398    9.73069  1.23%  5166 17276s
H308679 170941                       9.8522379    9.73069  1.23%  5166 17276s
H308945 169367                       9.8512051    9.73069  1.22%  5163 17276s
H309599 152217                       9.8449566    9.73069  1.16%  5155 17276s
 309931 160055     cutoff   92         9.84496    9.73069  1.16%  5151 17458s
H309932 160055                       9.8449566    9.73069  1.16%  5151 17458s
H310258 159798                       9.8448432    9.73069  1.16%  5148 17458s
H319992 151888                       9.8411229    9.73119  1.12%  5065 17527s
H320111 151463                       9.8409734    9.73119  1.12%  5064 17527s
H320436 151400                       9.8409471    9.73133  1.11%  5061 17527s
H320719 151394                       9.8409462    9.73133  1.11%  5058 17527s
H321507 151184                       9.8408667    9.73137  1.11%  5053 17527s
H322967 151256                       9.8398667    9.73140  1.10%  5042 17598s
 326451 154643     cutoff  467         9.83987    9.73148  1.10%  5015 17662s
H326511 153416                       9.8394377    9.73148  1.10%  5015 17662s
H329807 153246                       9.8393685    9.73148  1.10%  4984 17662s
 330420 156018    9.75199  160 2577    9.83937    9.73148  1.10%  4980 17724s
H331710 156018                       9.8393685    9.73165  1.09%  4975 17724s
H333859 159011                       9.8393685    9.73171  1.09%  4959 17792s
H335892 158740                       9.8392766    9.73171  1.09%  4946 17792s
H337476 160500                       9.8382766    9.73171  1.08%  4934 17855s
H337476 160500                       9.8382766    9.73171  1.08%  4934 17855s
H339956 160500                       9.8382766    9.73171  1.08%  4911 17855s
H342682 175847                       9.8382766    9.73171  1.08%  4884 18027s
H345386 175847                       9.8382765    9.73171  1.08%  4852 18027s
H354762 175847                       9.8382765    9.73192  1.08%  4756 18027s
 359798 178837    9.74289  156 2429    9.83828    9.73199  1.08%  4707 18067s
H361810 178837                       9.8382765    9.73200  1.08%  4685 18067s
H362654 178837                       9.8382765    9.73200  1.08%  4677 18067s
 363119 182378    9.78207  248 1887    9.83828    9.73200  1.08%  4673 18108s
 367134 184613     cutoff  455         9.83828    9.73207  1.08%  4634 18140s
 369881 186070    9.80439   23 2677    9.83828    9.73207  1.08%  4611 18174s
 371547 198292    9.74023  147 2821    9.83828    9.73221  1.08%  4600 18337s
 385644 200788    9.82970  235 1531    9.83828    9.73248  1.08%  4498 18381s
H386041 200788                       9.8382764    9.73249  1.08%  4495 18381s
 388481 201162    9.83274  240 1458    9.83828    9.73249  1.08%  4480 18420s
H388565 201144                       9.8382735    9.73249  1.08%  4479 18420s
H388919 201016                       9.8382449    9.73265  1.07%  4478 18420s
 388923 205392    9.73864  141 2634    9.83824    9.73265  1.07%  4478 18468s
 393871 207176    9.78814  272 1849    9.83824    9.73280  1.07%  4441 18510s
 396085 210088    9.82240   74 3551    9.83824    9.73280  1.07%  4434 18553s
H397063 210088                       9.8382449    9.73280  1.07%  4426 18554s
 399491 213928    9.80777  156 2009    9.83824    9.73282  1.07%  4413 18601s
H400309 213117                       9.8380049    9.73282  1.07%  4406 18601s
 403685 225199    9.74286  148 2678    9.83800    9.73282  1.07%  4381 18755s
H404611 225199                       9.8380049    9.73282  1.07%  4372 18755s
H406822 225199                       9.8380049    9.73298  1.07%  4363 18755s
H407942 225199                       9.8380049    9.73298  1.07%  4356 18755s
H416070 225199                       9.8380049    9.73307  1.07%  4300 18755s
 417287 229863    9.81648  626 1369    9.83800    9.73307  1.07%  4291 18802s
H418908 229863                       9.8380048    9.73307  1.07%  4277 18802s
 422363 233508    9.83530 1008 1282    9.83800    9.73307  1.07%  4252 18839s
 426439 236621    9.82663   30 3142    9.83800    9.73307  1.07%  4223 18877s
 429935 239060    9.74037  151 2581    9.83800    9.73327  1.06%  4200 18918s
 432863 248135    9.76649  187 2298    9.83800    9.73328  1.06%  4183 19071s
 443747 250670     cutoff  258         9.83800    9.73355  1.06%  4131 19117s
 446801 252994    9.81292   28 2146    9.83800    9.73355  1.06%  4119 19173s
 449712 256208     cutoff   24         9.83800    9.73363  1.06%  4108 19224s
 453421 259765    9.74492  152 2638    9.83800    9.73363  1.06%  4089 19273s
 457458 261819    9.77358  209 2052    9.83800    9.73385  1.06%  4068 19320s
 460170 261973     cutoff   27         9.83800    9.73389  1.06%  4062 19540s
 460447 264534    9.81655   26 3144    9.83800    9.73393  1.06%  4063 19600s
 463509 274636     cutoff   25         9.83800    9.73400  1.06%  4053 19746s
H468960 274636                       9.8380048    9.73403  1.06%  4030 19746s
 475462 277068    9.81077  103 2685    9.83800    9.73410  1.06%  4001 19789s
H475465 277068                       9.8380047    9.73410  1.06%  4001 19789s
H477529 271037                       9.8365688    9.73414  1.04%  3990 19789s
 478276 274048    9.81751  105 2605    9.83657    9.73414  1.04%  3987 19838s
 481962 276744    9.81284  190 1704    9.83657    9.73418  1.04%  3970 19883s
H483853 263701                       9.8343609    9.73422  1.02%  3964 19883s
 485090 266128    9.74042  146 2556    9.83436    9.73424  1.02%  3958 19927s
H485096 265934                       9.8343344    9.73424  1.02%  3959 19927s
H485257 265119                       9.8342108    9.73424  1.02%  3958 19927s
H486187 263975                       9.8340262    9.73424  1.01%  3955 19927s
H487303 262894                       9.8338635    9.73424  1.01%  3949 19927s
 487917 265155    9.74138  149 2465    9.83386    9.73424  1.01%  3946 19980s
 490589 268601     cutoff  165         9.83386    9.73424  1.01%  3941 20027s
H490927 268427                       9.8338325    9.73424  1.01%  3940 20027s
 494383 282719    9.77076  198 2163    9.83383    9.73424  1.01%  3925 20161s
H494847 282718                       9.8338323    9.73424  1.01%  3923 20161s
H497777 282634                       9.8338153    9.73424  1.01%  3904 20161s
H499421 282481                       9.8337901    9.73424  1.01%  3895 20161s
 510153 286365    9.81914  430 1523    9.83379    9.73424  1.01%  3845 20195s
 514503 289733    9.82089  460 1504    9.83379    9.73449  1.01%  3822 20224s
 518436 290672    9.83113  559 1442    9.83379    9.73449  1.01%  3802 20257s
H518462 290672                       9.8337901    9.73449  1.01%  3802 20257s
H518468 290672                       9.8337901    9.73449  1.01%  3802 20257s
 519707 292579     cutoff  569         9.83379    9.73449  1.01%  3799 20289s
H519812 292579                       9.8337901    9.73449  1.01%  3799 20289s
H520825 292578                       9.8337901    9.73449  1.01%  3793 20289s
 521922 294879    9.80317   32 4172    9.83379    9.73449  1.01%  3791 20325s
 524599 301845    9.80650  150 2116    9.83379    9.73456  1.01%  3781 20454s
H527198 301845                       9.8337901    9.73456  1.01%  3779 20454s
 533150 305297    9.75120  159 2503    9.83379    9.73463  1.01%  3759 20508s
H535163 305297                       9.8337901    9.73467  1.01%  3752 20508s
 537281 310171    9.83366  317 1909    9.83379    9.73467  1.01%  3746 20559s
H542676 313097                       9.8337901    9.73479  1.01%  3722 20604s
H542995 313097                       9.8337901    9.73479  1.01%  3720 20604s
H543457 273184                       9.8280585    9.73479  0.95%  3718 20604s

Cutting planes:
  Learned: 550
  Gomory: 60
  Cover: 1795
  Implied bound: 804
  Projected implied bound: 128
  MIR: 955
  StrongCG: 8
  Flow cover: 2173
  GUB cover: 47
  Inf proof: 9
  Zero half: 15
  Mod-K: 1
  Network: 50
  RLT: 1765
  Relax-and-lift: 694
  BQP: 12

Explored 546052 nodes (2024716006 simplex iterations) in 20604.80 seconds (49981.82 work units)
Thread count was 32 (of 104 available processors)

Solution count 10: 9.82806 9.82806 9.83379 ... 9.83386

Optimal solution found (tolerance 1.00e-02)
Best objective 9.828058525251e+00, best bound 9.734788867689e+00, gap 0.9490%
m.flow_changes_penalty(): 570.0
Total operational cost: 97710.59
Maximum power (kW): 1025.30
Discharge energy capacity (kWh): 34054.61
Charge energy capacity (kWh): 0.00
Levelized Cost of Flexibility ($/kWh): 0.62
{'fixed_demand_cost': 4589.019508632412, 'variable_demand_cost': 4874.228017467764, 'fixed_monthly_cost': 171938.17204301074, 'total_water_production': 235149.72602739555, 'total_energy_cost': 16362.727098568008, 'total_demand_cost': 9463.247526100176, 'total_customer_cost': 0.0, 'total_feed_cost': 42544.12100454076, 'total_brine_cost': 13222.943008010083, 'total_chemical_cost': 16117.546615291469, 'total_water_revenue': 0.0, 'total_demand_response_revenue': 0.0, 'total_emissions_cost': 0.0, 'total_op_cost': 97710.5852525105, 'fixed_cost': 121551.98252688172, 'total_cost': 219262.56777939224, 'LCOW': 0.9324381171247785, 'degree_of_flex': 0.10778443113772455, 'total_replacement_cost': 1425.1988543731686, 'maximum_power': 1025.300603509913, 'discharge_energy_capacity': 34054.60886377514, 'charge_energy_capacity': 0.0, 'discharge_power_capacity': 202.7060051415187, 'charge_power_capacity': nan, 'round_trip_efficiency': 0, 'LVOF': 0.6155471048564718}
Saved operation variable results to: /home/rchurchi/watertap_test/watertap/tutorials/flex_ro/wrd_result_both_summer_10000AF.csv


Running optimization for annual production of 13000 AF...
2026-08-25 19:42:02 [INFO] idaes.core.surrogate.pysmo_surrogate: Decode surrogate. type=poly

===========================Polynomial Regression===============================================

The number of cross-validation cases (3) is used.
The default training/cross-validation split of 0.75 is used.
No iterations will be run.
Default parameter estimation method is used.
Parameter estimation method:  pyomo 

2026-08-25 19:42:02 [INFO] idaes.core.surrogate.pysmo_surrogate: Decode surrogate. type=poly

===========================Polynomial Regression===============================================

The number of cross-validation cases (3) is used.
The default training/cross-validation split of 0.75 is used.
No iterations will be run.
Default parameter estimation method is used.
Parameter estimation method:  pyomo 

2026-08-25 19:42:02 [INFO] idaes.core.surrogate.pysmo_surrogate: Decode surrogate. type=poly

===========================Polynomial Regression===============================================

The number of cross-validation cases (3) is used.
The default training/cross-validation split of 0.75 is used.
No iterations will be run.
Default parameter estimation method is used.
Parameter estimation method:  pyomo 

2026-08-25 19:42:02 [INFO] idaes.core.surrogate.pysmo_surrogate: Decode surrogate. type=poly

===========================Polynomial Regression===============================================

The number of cross-validation cases (3) is used.
The default training/cross-validation split of 0.75 is used.
No iterations will be run.
Default parameter estimation method is used.
Parameter estimation method:  pyomo 

2026-08-25 19:42:04 [INFO] idaes.apps.grid_integration.pricetaker.price_taker_model: Found minimum uptime/downtime data for pretreatment.uf_pumps[1] - Adding minimum uptime/downtime constraints.
2026-08-25 19:42:04 [INFO] idaes.apps.grid_integration.pricetaker.price_taker_model: Created startup/shutdown constraints for operation model  pretreatment.uf_pumps[1] at uf_pumps_1_startup_shutdown.
2026-08-25 19:42:04 [INFO] idaes.apps.grid_integration.pricetaker.price_taker_model: Found minimum uptime/downtime data for pretreatment.uf_pumps[2] - Adding minimum uptime/downtime constraints.
2026-08-25 19:42:04 [INFO] idaes.apps.grid_integration.pricetaker.price_taker_model: Created startup/shutdown constraints for operation model  pretreatment.uf_pumps[2] at uf_pumps_2_startup_shutdown.
2026-08-25 19:42:04 [INFO] idaes.apps.grid_integration.pricetaker.price_taker_model: Found minimum uptime/downtime data for pretreatment.uf_pumps[3] - Adding minimum uptime/downtime constraints.
2026-08-25 19:42:04 [INFO] idaes.apps.grid_integration.pricetaker.price_taker_model: Created startup/shutdown constraints for operation model  pretreatment.uf_pumps[3] at uf_pumps_3_startup_shutdown.
2026-08-25 19:42:04 [INFO] idaes.apps.grid_integration.pricetaker.price_taker_model: Found minimum uptime/downtime data for reverse_osmosis.ro_skid[1] - Adding minimum uptime/downtime constraints.
2026-08-25 19:42:04 [INFO] idaes.apps.grid_integration.pricetaker.price_taker_model: Created startup/shutdown constraints for operation model  reverse_osmosis.ro_skid[1] at ro_skid_1_startup_shutdown.
2026-08-25 19:42:04 [INFO] idaes.apps.grid_integration.pricetaker.price_taker_model: Found minimum uptime/downtime data for reverse_osmosis.ro_skid[2] - Adding minimum uptime/downtime constraints.
2026-08-25 19:42:04 [INFO] idaes.apps.grid_integration.pricetaker.price_taker_model: Created startup/shutdown constraints for operation model  reverse_osmosis.ro_skid[2] at ro_skid_2_startup_shutdown.
2026-08-25 19:42:04 [INFO] idaes.apps.grid_integration.pricetaker.price_taker_model: Found minimum uptime/downtime data for reverse_osmosis.ro_skid[3] - Adding minimum uptime/downtime constraints.
2026-08-25 19:42:04 [INFO] idaes.apps.grid_integration.pricetaker.price_taker_model: Created startup/shutdown constraints for operation model  reverse_osmosis.ro_skid[3] at ro_skid_3_startup_shutdown.
2026-08-25 19:42:04 [INFO] idaes.apps.grid_integration.pricetaker.price_taker_model: Found minimum uptime/downtime data for reverse_osmosis.ro_skid[4] - Adding minimum uptime/downtime constraints.
2026-08-25 19:42:04 [INFO] idaes.apps.grid_integration.pricetaker.price_taker_model: Created startup/shutdown constraints for operation model  reverse_osmosis.ro_skid[4] at ro_skid_4_startup_shutdown.
4364
Set parameter LogToConsole to value 1
Set parameter MIPGap to value 0.01
Gurobi Optimizer version 12.0.3 build v12.0.3rc0 (linux64 - "Red Hat Enterprise Linux 8.8 (Ootpa)")

CPU model: Intel(R) Xeon(R) Platinum 8470QL, instruction set [SSE2|AVX|AVX2|AVX512]
Thread count: 104 physical cores, 104 logical processors, using up to 32 threads

Non-default parameters:
MIPGap  0.01

Optimize a model with 18119 rows, 16467 columns and 49999 nonzeros
Model fingerprint: 0x8d0fb90a
Model has 168 quadratic objective terms
Model has 2352 quadratic constraints
Variable types: 11259 continuous, 5208 integer (5208 binary)
Coefficient statistics:
  Matrix range     [5e-04, 2e+03]
  QMatrix range    [2e-07, 1e+00]
  QLMatrix range   [3e-04, 1e+00]
  Objective range  [1e-05, 1e-03]
  QObjective range [2e-04, 2e-04]
  Bounds range     [9e-01, 1e+03]
  RHS range        [5e-02, 3e+05]
  QRHS range       [3e-01, 3e-01]
Presolve removed 6979 rows and 7572 columns
Presolve time: 0.10s
Presolved: 20380 rows, 9400 columns, 55029 nonzeros
Presolved model has 336 SOS constraint(s)
Presolved model has 2352 bilinear constraint(s)

Solving non-convex MIQCP

Variable types: 5740 continuous, 3660 integer (3660 binary)
Found heuristic solution: objective 19.9706158

Root relaxation: unbounded, 0 iterations, 0.01 seconds (0.00 work units)

    Nodes    |    Current Node    |     Objective Bounds      |     Work
 Expl Unexpl |  Obj  Depth IntInf | Incumbent    BestBd   Gap | It/Node Time

     0     2  postponed    0        19.97062          -      -     -    3s
     1     4  postponed    1        19.97062          -      -   0.0    5s
     7    12  postponed    3        19.97062          -      -  9336   11s
    27    34  postponed    5        19.97062          -      -  8793   17s
    47    54  postponed    6        19.97062          -      -  9919   20s
   119   149  postponed    8        19.97062          -      -  8916   26s
   188   442  postponed    9        19.97062          -      -  9944   32s
   615   910 infeasible   13        19.97062          -      -  3742   41s
  1299  1634 infeasible   22        19.97062          -      -  2177   55s
  2367  2695  postponed   33        19.97062          -      -  1530   77s
H 2990  2695                      18.3968772          -      -  1489   77s
H 3234  2695                      14.3710558          -      -  1436   77s
  4052  4087 infeasible   53        14.37106          -      -  1252   99s
H 4658  4087                      14.3691695          -      -  1227   99s
H 4919  4087                      14.3690894          -      -  1228   99s
H 5111  4087                      14.3689495          -      -  1199   99s
H 5995  4087                      13.8810476          -      -  1073   99s
  6224  5818 infeasible   76        13.88105          -      -  1060  120s
H 6571  5818                      12.9268290          -      -  1065  120s
  8684  6994 infeasible   96        12.92683          -      -   954  138s
H 8969  6993                      12.9260314          -      -   968  138s
H 9201  6993                      12.9256092          -      -   966  138s
H 9364  6993                      12.9255061          -      -   962  138s
H 9693  6990                      12.9240934          -      -   962  138s
 10548  8269 infeasible  109        12.92409          -      -   928  155s
H10821  8267                      12.9221192          -      -   937  155s
H11597  8264                      12.9209458          -      -   940  155s
H11774  8263                      12.9203698          -      -   935  155s
 12416  8888 infeasible  122        12.92037          -      -   927  172s
H12700  8887                      12.9199649          -      -   933  172s
 13767  9471 infeasible  138        12.91996          -      -   932  190s
H14287  9227                      12.8636142          -      -   931  190s
H14506  8918                      12.7764082          -      -   935  190s
H14837  8743                      12.7180454          -      -   935  190s
 14992  8698   10.95964  134 2349   12.71805   10.95964  13.8%   940  218s
 14993  8699   12.10140   73 1877   12.71805   12.10140  4.85%   940  227s
 14994  8700   12.14427   22 1338   12.71805   12.14427  4.51%   940  231s
 14995  8700   12.20973   63 1174   12.71805   12.20973  4.00%   940  237s
 14996  8701   12.21749  143 1756   12.71805   12.21749  3.94%   940  242s
 14997  8702   12.23515  319 1936   12.71805   12.23515  3.80%   940  250s
 14999  8703   12.25868   57 1678   12.71805   12.25868  3.61%   940  262s
 15001  8704   12.26845   90 2074   12.71805   12.26845  3.54%   940  269s
 15002  8705   12.27318   10 2245   12.71805   12.27318  3.50%   940  272s
 15003  8706   12.27582  112 2063   12.71805   12.27582  3.48%   940  276s
H15003  8270                      12.7167116   12.27643  3.46%   940  277s
 15005  8271   12.51375  409 2084   12.71671   12.27725  3.46%   940  280s
H15006  7858                      12.7122032   12.27809  3.41%   940  284s
H15007  7465                      12.7103790   12.27824  3.40%   939  285s
 15010  7467   12.35138  431 2057   12.71038   12.27882  3.40%   939  290s
 15014  7470   12.28057  167 2079   12.71038   12.28057  3.38%   939  295s
 15018  7473   12.28067  141 2049   12.71038   12.28067  3.38%   939  318s
 15019  7473   12.28067   76 2049   12.71038   12.28067  3.38%   939  337s
 15020  7477   12.35298   11 2925   12.71038   12.28067  3.38%   953  530s
 15022  7480   12.44670   12 3064   12.71038   12.35298  2.81%   955  556s
 15026  7487   12.53206   13 2651   12.71038   12.36251  2.74%   955  590s
 15034  7500   12.53605   14 2554   12.71038   12.40557  2.40%   970  621s
 15050  7525   12.66124   15 2698   12.71038   12.42108  2.28%   990  644s
H15054  7150                      12.7094106   12.42108  2.27%   994  644s
H15055  6793                      12.6980994   12.42108  2.18%   995  644s
 15082  6807 infeasible   16        12.69810   12.43222  2.09%  1026  660s
 15114  6876   12.55061   17 4555   12.69810   12.43222  2.09%  1046  681s
H15115  6538                      12.6838952   12.43222  1.98%  1046  681s
 15222  6529   12.55146   18 4523   12.68390   12.43222  1.98%  1084  696s
H15290  6217                      12.6838183   12.43330  1.98%  1123  711s
H15300  5909                      12.6837499   12.43330  1.97%  1132  711s
H15313  5614                      12.6833251   12.43406  1.97%  1140  711s
H15325  5335                      12.6753672   12.43406  1.90%  1143  711s
 15352  5344   12.65561   22 2613   12.67537   12.43406  1.90%  1156  727s
H15422  5073                      12.6752916   12.43406  1.90%  1184  742s
H15436  4820                      12.6747636   12.43406  1.90%  1193  742s
 15471  4832   12.61286   23 4320   12.67476   12.43406  1.90%  1216  759s
 15527  4833     cutoff   23        12.67476   12.43406  1.90%  1254  776s
H15529  4596                      12.6670473   12.43406  1.84%  1254  776s
H15542  4368                      12.6670286   12.43406  1.84%  1263  776s
 15583  4371   12.64826   25 4251   12.66703   12.43406  1.84%  1288  796s
 15649  4360   12.56818   29 4218   12.66703   12.45386  1.68%  1325  811s
 15702  4372   12.64831   26 4265   12.66703   12.45386  1.68%  1350  827s
 15758  4370     cutoff   28        12.66703   12.45386  1.68%  1385  843s
H15760  4156                      12.6667054   12.45386  1.68%  1385  843s
 15816  4159     cutoff   26        12.66671   12.45459  1.67%  1413  858s
 15872  4160   12.49640   27 4310   12.66671   12.45459  1.67%  1448  874s
H15903  3948                      12.6658737   12.45459  1.67%  1458  874s
 15939  3942   12.54036   29 4126   12.66587   12.45459  1.67%  1481  898s
 16007  3927   12.60318   31 4031   12.66587   12.45459  1.67%  1517  915s
 16074  3922     cutoff   34        12.66587   12.45459  1.67%  1546  933s
 16142  3919   12.61959   33 4075   12.66587   12.45611  1.66%  1587  951s
 16217  3934   12.56831   32 4282   12.66587   12.45611  1.66%  1629  970s
 16292  3943     cutoff   34        12.66587   12.45611  1.66%  1669  992s
H16298  3749                      12.6658737   12.45659  1.65%  1672  992s
H16306  3563                      12.6658737   12.45659  1.65%  1676  992s
H16336  3380                      12.6647344   12.45659  1.64%  1693  992s
 16379  3389   12.61794   37 4296   12.66473   12.45659  1.64%  1721 1011s
 16464  3393   12.62718   38 4282   12.66473   12.45659  1.64%  1765 1032s
H16481  3222                      12.6647344   12.45872  1.63%  1778 1032s
 16552  3215     cutoff   41        12.66473   12.45872  1.63%  1812 1055s
 16646  3215   12.64184   39 2785   12.66473   12.45872  1.63%  1858 1077s
H16726  3032                      12.6647344   12.45872  1.63%  1907 1077s
 16734  3055     cutoff   42        12.66473   12.45872  1.63%  1916 1101s
 16857  3012     cutoff   42        12.66473   12.45878  1.63%  1967 1123s
H16933  2837                      12.6647344   12.45878  1.63%  2016 1123s
 16959  2877   12.56498   57 3767   12.66473   12.45878  1.63%  2035 1147s
 17076  2859   12.58004   59 2297   12.66473   12.45878  1.63%  2103 1175s
 17159  2869   12.62997   62 1925   12.66473   12.45925  1.62%  2177 1200s
 17254  2871   12.63326   68 1908   12.66473   12.45925  1.62%  2242 1231s
H17258  2729                      12.6647344   12.45925  1.62%  2249 1231s
H17278  2588                      12.6645436   12.45925  1.62%  2269 1231s
 17352  2596   12.64942   71 1803   12.66454   12.45925  1.62%  2323 1260s
H17452  2498                      12.6645436   12.45925  1.62%  2384 1293s
H17490  2365                      12.6645436   12.45969  1.62%  2397 1293s
H17517  2241                      12.6644825   12.45969  1.62%  2407 1293s
H17545  2121                      12.6644194   12.45969  1.62%  2428 1293s
 17584  2141   12.62459   38 4346   12.66442   12.45969  1.62%  2444 1322s
 17729  2138     cutoff   38        12.66442   12.46351  1.59%  2518 1353s
H17747  2029                      12.6643422   12.46351  1.59%  2527 1353s
H17750  1929                      12.6643419   12.46351  1.59%  2530 1353s
H17801  1818                      12.6643291   12.46351  1.59%  2554 1353s
 17854  1855     cutoff   42        12.66433   12.46351  1.59%  2596 1385s
 17985  1860     cutoff   44        12.66433   12.46410  1.58%  2686 1425s
H17987  1770                      12.6629301   12.46410  1.57%  2686 1425s
H18033  1671                      12.6608225   12.46410  1.55%  2711 1425s
H18054  1583                      12.6590976   12.46410  1.54%  2719 1425s
 18119  1594     cutoff   39        12.65910   12.46636  1.52%  2778 1461s
 18256  1576   12.60729   48 4001   12.65910   12.46636  1.52%  2870 1496s
 18411  1582     cutoff   50        12.65910   12.46636  1.52%  2977 1536s
 18593  1586     cutoff   51        12.65910   12.46683  1.52%  3078 1576s
H18633  1497                      12.6590976   12.46733  1.51%  3104 1576s
 18754  1544   12.58291   51 4052   12.65910   12.46733  1.51%  3191 1617s
 18941  1548   12.64407   58 3570   12.65910   12.46997  1.49%  3314 1658s
 19091  1562     cutoff   59        12.65910   12.47050  1.49%  3414 1709s
 19282  1596   12.63838   63 3684   12.65910   12.47164  1.48%  3549 1759s
H19357  1578                      12.6590975   12.47264  1.47%  3587 1759s
 19491  1666   12.63992   65 3674   12.65910   12.47264  1.47%  3684 1805s
 19700  1734     cutoff   77        12.65910   12.47280  1.47%  3829 1856s
H19757  1734                      12.6590825   12.47280  1.47%  3868 1856s
H19788  1734                      12.6590479   12.47280  1.47%  3886 1856s
 19941  1796   12.62300   79 3453   12.65905   12.47622  1.44%  3980 1906s
 20148  1816 infeasible   81        12.65905   12.47814  1.43%  4097 1954s
H20151  1816                      12.6590479   12.47814  1.43%  4096 1954s
H20158  1816                      12.6590479   12.47814  1.43%  4100 1954s
H20194  1816                      12.6590016   12.47814  1.43%  4124 1954s
 20213  1948   12.51492   79 3462   12.65900   12.47814  1.43%  4135 2012s
 20493  2121   12.53764   87 3057   12.65900   12.47814  1.43%  4303 2066s
H20524  2121                      12.6588234   12.47814  1.43%  4312 2066s
H20561  2120                      12.6588094   12.47977  1.41%  4338 2066s
 20801  2346   12.61753  101 2664   12.65881   12.48006  1.41%  4476 2121s
 21211  2555   12.64846   60 1946   12.65881   12.48425  1.38%  4632 2173s
 21628  2814   12.55868   97 3087   12.65881   12.48612  1.36%  4797 2232s
H21633  2475                      12.6481361   12.48612  1.28%  4804 2232s
H21673  2465                      12.6478354   12.48612  1.28%  4817 2232s
H21953  2440                      12.6473634   12.48612  1.27%  4903 2232s
H22070  2679                      12.6453634   12.48612  1.26%  4960 2292s
H22070  2677                      12.6453540   12.48612  1.26%  4960 2292s
H22384  2676                      12.6453272   12.48699  1.25%  5036 2292s
H22650  2672                      12.6452325   12.48997  1.23%  5068 2292s
 22667  3032     cutoff  119        12.64523   12.48997  1.23%  5082 2354s
H23108  2821                      12.6388145   12.49104  1.17%  5159 2354s
H23263  3364                      12.6388094   12.49700  1.12%  5212 2414s
H23300  3364                      12.6388066   12.49700  1.12%  5223 2414s
H23334  3364                      12.6388055   12.49700  1.12%  5232 2414s
H23366  3321                      12.6378242   12.49700  1.11%  5241 2414s
H23660  3320                      12.6378148   12.49744  1.11%  5247 2414s
 24078  4235     cutoff  108        12.63781   12.49744  1.11%  5290 2472s
 25189  5594   12.51962  126 2417   12.63781   12.49744  1.11%  5288 2531s
H25281  5594                      12.6378147   12.49744  1.11%  5279 2531s
H25472  5556                      12.6365350   12.49744  1.10%  5253 2531s
H25610  5547                      12.6363185   12.49744  1.10%  5238 2531s
 26663  6875     cutoff  134        12.63632   12.49744  1.10%  5172 2586s
H26664  6875                      12.6362981   12.49744  1.10%  5172 2586s
H26695  6869                      12.6361152   12.49744  1.10%  5170 2586s
H26787  6627                      12.6312428   12.49744  1.06%  5164 2586s
H26936  6386                      12.6250793   12.49744  1.01%  5150 2586s
H27009  6283                      12.6220337   12.49744  0.99%  5137 2586s

Cutting planes:
  Learned: 433
  Gomory: 31
  Cover: 1167
  Implied bound: 375
  Projected implied bound: 168
  MIR: 691
  StrongCG: 16
  Flow cover: 1383
  GUB cover: 34
  Zero half: 10
  Network: 36
  RLT: 2077
  Relax-and-lift: 709
  BQP: 13

Explored 28120 nodes (141294954 simplex iterations) in 2586.96 seconds (5758.67 work units)
Thread count was 32 (of 104 available processors)

Solution count 10: 12.622 12.6251 12.6312 ... 12.6378

Optimal solution found (tolerance 1.00e-02)
Best objective 1.262203374788e+01, best bound 1.249743544989e+01, gap 0.9871%
m.flow_changes_penalty(): 670.0
Total operational cost: 125550.34
Maximum power (kW): 1322.92
Discharge energy capacity (kWh): 13043.70
Charge energy capacity (kWh): 23519.80
Levelized Cost of Flexibility ($/kWh): -0.53
{'fixed_demand_cost': 5921.1134206192755, 'variable_demand_cost': 4883.6202508865, 'fixed_monthly_cost': 171938.17204301074, 'total_water_production': 305694.6438356164, 'total_energy_cost': 21131.935370607483, 'total_demand_cost': 10804.733671505775, 'total_customer_cost': 0.0, 'total_feed_cost': 55349.379031353725, 'total_brine_cost': 17302.75929744808, 'total_chemical_cost': 20961.530107910057, 'total_water_revenue': 0.0, 'total_demand_response_revenue': 0.0, 'total_emissions_cost': 0.0, 'total_op_cost': 125550.33747882512, 'fixed_cost': 121551.98252688172, 'total_cost': 247102.32000570686, 'LCOW': 0.8083305513804917, 'degree_of_flex': 0.1437125748502994, 'total_replacement_cost': 1430.3939899298148, 'maximum_power': 1322.9233763988796, 'discharge_energy_capacity': 13043.698015582648, 'charge_energy_capacity': 23519.80394335015, 'discharge_power_capacity': 213.8311150095516, 'charge_power_capacity': 219.81125180701076, 'round_trip_efficiency': 0, 'LVOF': -0.5276671892075764}
Saved operation variable results to: /home/rchurchi/watertap_test/watertap/tutorials/flex_ro/wrd_result_both_summer_13000AF.csv
